[INFO] config parse success
80
8080
8081
======================================
size: 3
80
[INFO] localhost Port number : 80
8080
[INFO] localhost Port number : 8080
8081
[INFO] localhost Port number : 8081
newEventCount: 1
processReadEvent currEvent: ident : 4 filter : READ flags : 0x5 data: 1

acceptClient
newEventCount: 1
processReadEvent currEvent: ident : 8 filter : READ flags : 0x5 data: 85

8 = RECV currEvent.ident
[RECV] DONE 0
8, 0x607000007170 = RecvEventBean::runBeanEvent
----------------check2-----------------
[INFO] complete parse request line
[INFO] complete parse headers
[INFO] complete parse params
=============== [Request line] ===============
method: GET
path: /
query string: 
=============== [Request Header] ==============
ACCEPT-ENCODING: gzip
HOST: localhost:80
USER-AGENT: Go-http-client/1.1
=============== [Request Body] ===============
=============== [Request Body Length] ===============
0
===============================================
8: this->socketfd
80
80, / = getController
MyController::service
this->masking : 1, GET
----------------check2-----------------
/
----------------check2-----------------
----------------check2-----------------
.
..
fail.html
hello.html
index.html
upload.html
welcome.html
[RET] 0
[INFO] RET0
newEventCount: 1
processWriteEvent currEventident : 8 filter : WRITE flags : 0x9 data: 146988

write buffer size: 146988
0x607000007170 = SendEventBean::runBeanEvent
WRITE RETURN: 244
[HTTP/1.1 200 OK
Content-Length: 146
Content-Type: text/html
Keep-Alive: timeout=60, max=999

File name : .
File name : ..
File name : fail.html
File name : hello.html
File name : index.html
File name : upload.html
File name : welcome.html
]
================== SEND DONE ============================
newEventCount: 1
processReadEvent currEvent: ident : 8 filter : READ flags : 0x5 data: 36

8 = RECV currEvent.ident
[RECV] DONE 0
8, 0x607000007170 = RecvEventBean::runBeanEvent
----------------check2-----------------
[INFO] complete parse request line
[INFO] complete parse headers
<======== request end ===========================>
----------------check2-----------------
=============== [Request line] ===============
method: POST
path: /
query string: 
=============== [Request Header] ==============
ACCEPT-ENCODING: gzip
CONTENT-LENGTH: 0
CONTENT-TYPE: test/file
HOST: localhost:80
TRANSFER-ENCODING: chunked
USER-AGENT: Go-http-client/1.1
=============== [Request Body] ===============
=============== [Request Body Length] ===============
0
===============================================
8: this->socketfd
80
80, / = getController
MyController::service
this->masking : 1, POST
405: handle
erorr_code : 405
9, ./static/html/fail.html: status code = 405
errorHandling done
[RET] 0
[INFO] RET0
newEventCount: 1
processReadEvent currEvent: ident : 9 filter : READ flags : 0x5 data: 966

9 = READ currEvent.ident
ReadEventBean::runBeanEvent = 0
966, 966 = result
966 = Content-Length
newEventCount: 1
processWriteEvent currEventident : 8 filter : WRITE flags : 0x9 data: 146988

write buffer size: 146988
0x607000007170 = SendEventBean::runBeanEvent
WRITE RETURN: 1111
[HTTP/1.1 405 Method Not Allowed
Content-Length: 966
Date: Fri, 01 Mar 2024 19:03:21 GMT
Keep-Alive: timeout=60, max=999
Server: localhost

<!DOCTYPE html>
<html lang="en">
<head>
    <link rel="icon" href="static/favicon.ico" type="image/x-icon">
    <meta charset="UTF-8">
    <meta name="viewport" content="width=device-width, initial-scale=1.0">
    <title>404 Not Found</title>
    <style>
        body {
            font-family: 'Comic Sans MS', cursive, sans-serif;
            background-color: #ffeb3b;
            text-align: center;
            padding: 50px;
        }

        h1 {
            font-size: 120px;
            color: #795548;
            margin-bottom: 20px;
        }

        p {
            font-size: 24px;
            color: #333333;
        }

        a {
            color: #2196f3;
            text-decoration: none;
            font-weight: bold;
        }

        a:hover {
            text-decoration: underline;
        }
    </style>
</head>
<body>
    <h1>404</h1>
    <p>NOT FOUND 😢</p>
    <p>THIS IS JAIL</p>
    <p><a href="/">REBORN</a></p>
</body>
</html>]
================== SEND DONE ============================
newEventCount: 1
processReadEvent currEvent: ident : 8 filter : READ flags : 0x5 data: 45

8 = RECV currEvent.ident
[RECV] DONE 0
8, 0x607000007170 = RecvEventBean::runBeanEvent
----------------check2-----------------
[INFO] complete parse request line
[INFO] complete parse headers
[INFO] complete parse params
=============== [Request line] ===============
method: HEAD
path: /
query string: 
=============== [Request Header] ==============
HOST: localhost:80
USER-AGENT: Go-http-client/1.1
=============== [Request Body] ===============
=============== [Request Body Length] ===============
0
===============================================
8: this->socketfd
80
80, / = getController
MyController::service
this->masking : 1, HEAD
405: handle
erorr_code : 405
10, ./static/html/fail.html: status code = 405
errorHandling done
[RET] 0
[INFO] RET0
newEventCount: 1
processReadEvent currEvent: ident : 10 filter : READ flags : 0x5 data: 966

10 = READ currEvent.ident
ReadEventBean::runBeanEvent = 9
966, 966 = result
966 = Content-Length
newEventCount: 1
processWriteEvent currEventident : 8 filter : WRITE flags : 0x9 data: 146988

write buffer size: 146988
0x607000007170 = SendEventBean::runBeanEvent
WRITE RETURN: 1111
[HTTP/1.1 405 Method Not Allowed
Content-Length: 966
Date: Fri, 01 Mar 2024 19:03:21 GMT
Keep-Alive: timeout=60, max=999
Server: localhost

<!DOCTYPE html>
<html lang="en">
<head>
    <link rel="icon" href="static/favicon.ico" type="image/x-icon">
    <meta charset="UTF-8">
    <meta name="viewport" content="width=device-width, initial-scale=1.0">
    <title>404 Not Found</title>
    <style>
        body {
            font-family: 'Comic Sans MS', cursive, sans-serif;
            background-color: #ffeb3b;
            text-align: center;
            padding: 50px;
        }

        h1 {
            font-size: 120px;
            color: #795548;
            margin-bottom: 20px;
        }

        p {
            font-size: 24px;
            color: #333333;
        }

        a {
            color: #2196f3;
            text-decoration: none;
            font-weight: bold;
        }

        a:hover {
            text-decoration: underline;
        }
    </style>
</head>
<body>
    <h1>404</h1>
    <p>NOT FOUND 😢</p>
    <p>THIS IS JAIL</p>
    <p><a href="/">REBORN</a></p>
</body>
</html>]
================== SEND DONE ============================
newEventCount: 1
processReadEvent currEvent: ident : 8 filter : READ flags : 0x8005 data: 0

8 = RECV currEvent.ident
[RECV] DONE 32768
8: disconnectClient
newEventCount: 1
processReadEvent currEvent: ident : 4 filter : READ flags : 0x5 data: 1

acceptClient
newEventCount: 1
processReadEvent currEvent: ident : 8 filter : READ flags : 0x5 data: 83

8 = RECV currEvent.ident
[RECV] DONE 0
8, 0x607000007170 = RecvEventBean::runBeanEvent
----------------check2-----------------
[INFO] complete parse request line
[INFO] complete parse headers
[INFO] complete parse params
=============== [Request line] ===============
method: GET
path: /directory
query string: 
=============== [Request Header] ==============
ACCEPT-ENCODING: gzip
HOST: localhost:80
USER-AGENT: Go-http-client/1.1
=============== [Request Body] ===============
=============== [Request Body Length] ===============
0
===============================================
8: this->socketfd
80
80, /directory = getController
MyController::service
this->masking : 3, GET
----------------check2-----------------
/directory
----------------check2-----------------
----------------check2-----------------
----------------check2-----------------
MyController::findFullPath: [YoupiBanane], [youpi.bad_extension]
staticPath: YoupiBanane/youpi.bad_extension
YoupiBanane/youpi.bad_extension = staticPath
extension: bad_extension
ResponseConfig::getContentType: text/plain
12, YoupiBanane/youpi.bad_extension: status code = 200
[RET] 0
[INFO] RET0
newEventCount: 1
processReadEvent currEvent: ident : 12 filter : READ flags : 0x5 data: 19

12 = READ currEvent.ident
ReadEventBean::runBeanEvent = 10
19, 19 = result
19 = Content-Length
newEventCount: 1
processWriteEvent currEventident : 8 filter : WRITE flags : 0x9 data: 146988

write buffer size: 146988
0x607000007170 = SendEventBean::runBeanEvent
WRITE RETURN: 173
[HTTP/1.1 200 OK
Content-Length: 19
Content-Type: text/plain
Date: Fri, 01 Mar 2024 19:03:21 GMT
Keep-Alive: timeout=60, max=999
Server: localhost

youpi.bad_extension]
================== SEND DONE ============================
newEventCount: 1
processReadEvent currEvent: ident : 8 filter : READ flags : 0x5 data: 72

8 = RECV currEvent.ident
[RECV] DONE 0
8, 0x607000007170 = RecvEventBean::runBeanEvent
----------------check2-----------------
[INFO] complete parse request line
[INFO] complete parse headers
[INFO] complete parse params
=============== [Request line] ===============
method: GET
path: /directory/youpi.bad_extension
query string: 
=============== [Request Header] ==============
ACCEPT-ENCODING: gzip
HOST: localhost:80
USER-AGENT: Go-http-client/1.1
=============== [Request Body] ===============
=============== [Request Body Length] ===============
0
===============================================
8: this->socketfd
80
80, /directory = getController
MyController::service
this->masking : 3, GET
----------------check2-----------------
/directory
----------------check2-----------------
----------------check2-----------------
----------------check2-----------------
----------------check2-----------------
youpi.bad_extension = pendingElements
MyController::findFullPath: [YoupiBanane], [youpi.bad_extension]
YoupiBanane/youpi.bad_extension = staticPath
extension: bad_extension
ResponseConfig::getContentType: text/plain
14, YoupiBanane/youpi.bad_extension: status code = 200
[RET] 0
[INFO] RET0
newEventCount: 1
processReadEvent currEvent: ident : 14 filter : READ flags : 0x5 data: 19

14 = READ currEvent.ident
ReadEventBean::runBeanEvent = 12
19, 19 = result
19 = Content-Length
newEventCount: 1
processWriteEvent currEventident : 8 filter : WRITE flags : 0x9 data: 146988

write buffer size: 146988
0x607000007170 = SendEventBean::runBeanEvent
WRITE RETURN: 173
[HTTP/1.1 200 OK
Content-Length: 19
Content-Type: text/plain
Date: Fri, 01 Mar 2024 19:03:21 GMT
Keep-Alive: timeout=60, max=999
Server: localhost

youpi.bad_extension]
================== SEND DONE ============================
newEventCount: 1
processReadEvent currEvent: ident : 8 filter : READ flags : 0x5 data: 9

8 = RECV currEvent.ident
[RECV] DONE 0
8, 0x607000007170 = RecvEventBean::runBeanEvent
----------------check2-----------------
[INFO] complete parse request line
[INFO] complete parse headers
[INFO] complete parse params
=============== [Request line] ===============
method: GET
path: /directory/youpi.bla
query string: 
=============== [Request Header] ==============
ACCEPT-ENCODING: gzip
HOST: localhost:80
USER-AGENT: Go-http-client/1.1
=============== [Request Body] ===============
=============== [Request Body Length] ===============
0
===============================================
8: this->socketfd
80
80, /directory = getController
MyController::service
this->masking : 3, GET
----------------check2-----------------
/directory
----------------check2-----------------
----------------check2-----------------
----------------check2-----------------
----------------check2-----------------
youpi.bla = pendingElements
MyController::findFullPath: [YoupiBanane], [youpi.bla]
YoupiBanane/youpi.bla = staticPath
extension: bla
ResponseConfig::getContentType: text/plain
16, YoupiBanane/youpi.bla: status code = 200
[RET] 0
[INFO] RET0
newEventCount: 1
processReadEvent currEvent: ident : 16 filter : READ flags : 0x5 data: 10

16 = READ currEvent.ident
ReadEventBean::runBeanEvent = 14
10, 10 = result
10 = Content-Length
newEventCount: 1
processWriteEvent currEventident : 8 filter : WRITE flags : 0x9 data: 146988

write buffer size: 146988
0x607000007170 = SendEventBean::runBeanEvent
WRITE RETURN: 164
[HTTP/1.1 200 OK
Content-Length: 10
Content-Type: text/plain
Date: Fri, 01 Mar 2024 19:03:21 GMT
Keep-Alive: timeout=60, max=999
Server: localhost

youpi.bal
]
================== SEND DONE ============================
newEventCount: 1
processReadEvent currEvent: ident : 8 filter : READ flags : 0x5 data: 23

8 = RECV currEvent.ident
[RECV] DONE 0
8, 0x607000007170 = RecvEventBean::runBeanEvent
----------------check2-----------------
[INFO] complete parse request line
[INFO] complete parse headers
[INFO] complete parse params
=============== [Request line] ===============
method: GET
path: /directory/oulalala
query string: 
=============== [Request Header] ==============
ACCEPT-ENCODING: gzip
HOST: localhost:80
USER-AGENT: Go-http-client/1.1
=============== [Request Body] ===============
=============== [Request Body Length] ===============
0
===============================================
8: this->socketfd
80
80, /directory = getController
MyController::service
this->masking : 3, GET
----------------check2-----------------
/directory
----------------check2-----------------
----------------check2-----------------
----------------check2-----------------
----------------check2-----------------
oulalala = pendingElements
MyController::findFullPath: [YoupiBanane], [oulalala]
404: handle
erorr_code : 404
18, ./static/html/fail.html: status code = 404
errorHandling done
[RET] 0
[INFO] RET0
newEventCount: 1
processReadEvent currEvent: ident : 18 filter : READ flags : 0x5 data: 966

18 = READ currEvent.ident
ReadEventBean::runBeanEvent = 16
966, 966 = result
966 = Content-Length
newEventCount: 1
processWriteEvent currEventident : 8 filter : WRITE flags : 0x9 data: 146988

write buffer size: 146988
0x607000007170 = SendEventBean::runBeanEvent
WRITE RETURN: 1102
[HTTP/1.1 404 Not Found
Content-Length: 966
Date: Fri, 01 Mar 2024 19:03:21 GMT
Keep-Alive: timeout=60, max=999
Server: localhost

<!DOCTYPE html>
<html lang="en">
<head>
    <link rel="icon" href="static/favicon.ico" type="image/x-icon">
    <meta charset="UTF-8">
    <meta name="viewport" content="width=device-width, initial-scale=1.0">
    <title>404 Not Found</title>
    <style>
        body {
            font-family: 'Comic Sans MS', cursive, sans-serif;
            background-color: #ffeb3b;
            text-align: center;
            padding: 50px;
        }

        h1 {
            font-size: 120px;
            color: #795548;
            margin-bottom: 20px;
        }

        p {
            font-size: 24px;
            color: #333333;
        }

        a {
            color: #2196f3;
            text-decoration: none;
            font-weight: bold;
        }

        a:hover {
            text-decoration: underline;
        }
    </style>
</head>
<body>
    <h1>404</h1>
    <p>NOT FOUND 😢</p>
    <p>THIS IS JAIL</p>
    <p><a href="/">REBORN</a></p>
</body>
</html>]
================== SEND DONE ============================
newEventCount: 1
processReadEvent currEvent: ident : 8 filter : READ flags : 0x5 data: 8

8 = RECV currEvent.ident
[RECV] DONE 0
8, 0x607000007170 = RecvEventBean::runBeanEvent
----------------check2-----------------
[INFO] complete parse request line
[INFO] complete parse headers
[INFO] complete parse params
=============== [Request line] ===============
method: GET
path: /directory/nop
query string: 
=============== [Request Header] ==============
ACCEPT-ENCODING: gzip
HOST: localhost:80
USER-AGENT: Go-http-client/1.1
=============== [Request Body] ===============
=============== [Request Body Length] ===============
0
===============================================
8: this->socketfd
80
80, /directory = getController
MyController::service
this->masking : 3, GET
----------------check2-----------------
/directory
----------------check2-----------------
----------------check2-----------------
----------------check2-----------------
----------------check2-----------------
nop = pendingElements
MyController::findFullPath: [YoupiBanane], [nop]
YoupiBanane/nop/youpi.bad_extension = staticPath
extension: bad_extension
ResponseConfig::getContentType: text/plain
20, YoupiBanane/nop/youpi.bad_extension: status code = 200
[RET] 0
[INFO] RET0
newEventCount: 1
processReadEvent currEvent: ident : 20 filter : READ flags : 0x5 data: 19

20 = READ currEvent.ident
ReadEventBean::runBeanEvent = 18
19, 19 = result
19 = Content-Length
newEventCount: 1
processWriteEvent currEventident : 8 filter : WRITE flags : 0x9 data: 146988

write buffer size: 146988
0x607000007170 = SendEventBean::runBeanEvent
WRITE RETURN: 173
[HTTP/1.1 200 OK
Content-Length: 19
Content-Type: text/plain
Date: Fri, 01 Mar 2024 19:03:21 GMT
Keep-Alive: timeout=60, max=999
Server: localhost

youpi.bad_extension]
================== SEND DONE ============================
newEventCount: 1
processReadEvent currEvent: ident : 8 filter : READ flags : 0x5 data: 12

8 = RECV currEvent.ident
[RECV] DONE 0
8, 0x607000007170 = RecvEventBean::runBeanEvent
----------------check2-----------------
[INFO] complete parse request line
[INFO] complete parse headers
[INFO] complete parse params
=============== [Request line] ===============
method: GET
path: /directory/nop/
query string: 
=============== [Request Header] ==============
ACCEPT-ENCODING: gzip
HOST: localhost:80
USER-AGENT: Go-http-client/1.1
=============== [Request Body] ===============
=============== [Request Body Length] ===============
0
===============================================
8: this->socketfd
80
80, /directory = getController
MyController::service
this->masking : 3, GET
----------------check2-----------------
/directory
----------------check2-----------------
----------------check2-----------------
----------------check2-----------------
----------------check2-----------------
nop/ = pendingElements
MyController::findFullPath: [YoupiBanane], [nop]
YoupiBanane/nop/youpi.bad_extension = staticPath
extension: bad_extension
ResponseConfig::getContentType: text/plain
22, YoupiBanane/nop/youpi.bad_extension: status code = 200
[RET] 0
[INFO] RET0
newEventCount: 1
processReadEvent currEvent: ident : 22 filter : READ flags : 0x5 data: 19

22 = READ currEvent.ident
ReadEventBean::runBeanEvent = 20
19, 19 = result
19 = Content-Length
newEventCount: 1
processWriteEvent currEventident : 8 filter : WRITE flags : 0x9 data: 146988

write buffer size: 146988
0x607000007170 = SendEventBean::runBeanEvent
WRITE RETURN: 173
[HTTP/1.1 200 OK
Content-Length: 19
Content-Type: text/plain
Date: Fri, 01 Mar 2024 19:03:21 GMT
Keep-Alive: timeout=60, max=999
Server: localhost

youpi.bad_extension]
================== SEND DONE ============================
newEventCount: 1
processReadEvent currEvent: ident : 8 filter : READ flags : 0x5 data: 91

8 = RECV currEvent.ident
[RECV] DONE 0
8, 0x607000007170 = RecvEventBean::runBeanEvent
----------------check2-----------------
[INFO] complete parse request line
[INFO] complete parse headers
[INFO] complete parse params
=============== [Request line] ===============
method: GET
path: /directory/nop/other.pouic
query string: 
=============== [Request Header] ==============
ACCEPT-ENCODING: gzip
HOST: localhost:80
USER-AGENT: Go-http-client/1.1
=============== [Request Body] ===============
=============== [Request Body Length] ===============
0
===============================================
8: this->socketfd
80
80, /directory = getController
MyController::service
this->masking : 3, GET
----------------check2-----------------
/directory
----------------check2-----------------
----------------check2-----------------
----------------check2-----------------
----------------check2-----------------
nop/other.pouic = pendingElements
MyController::findFullPath: [YoupiBanane/nop], [other.pouic]
YoupiBanane/nop/other.pouic = staticPath
extension: pouic
ResponseConfig::getContentType: text/plain
24, YoupiBanane/nop/other.pouic: status code = 200
[RET] 0
[INFO] RET0
newEventCount: 1
processReadEvent currEvent: ident : 24 filter : READ flags : 0x5 data: 11

24 = READ currEvent.ident
ReadEventBean::runBeanEvent = 22
11, 11 = result
11 = Content-Length
newEventCount: 1
processWriteEvent currEventident : 8 filter : WRITE flags : 0x9 data: 146988

write buffer size: 146988
0x607000007170 = SendEventBean::runBeanEvent
WRITE RETURN: 165
[HTTP/1.1 200 OK
Content-Length: 11
Content-Type: text/plain
Date: Fri, 01 Mar 2024 19:03:22 GMT
Keep-Alive: timeout=60, max=999
Server: localhost

other.pouic]
================== SEND DONE ============================
newEventCount: 1
processReadEvent currEvent: ident : 8 filter : READ flags : 0x5 data: 59

8 = RECV currEvent.ident
[RECV] DONE 0
8, 0x607000007170 = RecvEventBean::runBeanEvent
----------------check2-----------------
[INFO] complete parse request line
[INFO] complete parse headers
[INFO] complete parse params
=============== [Request line] ===============
method: GET
path: /directory/nop/other.pouac
query string: 
=============== [Request Header] ==============
ACCEPT-ENCODING: gzip
HOST: localhost:80
USER-AGENT: Go-http-client/1.1
=============== [Request Body] ===============
=============== [Request Body Length] ===============
0
===============================================
8: this->socketfd
80
80, /directory = getController
MyController::service
this->masking : 3, GET
----------------check2-----------------
/directory
----------------check2-----------------
----------------check2-----------------
----------------check2-----------------
----------------check2-----------------
nop/other.pouac = pendingElements
MyController::findFullPath: [YoupiBanane/nop], [other.pouac]
404: handle
erorr_code : 404
26, ./static/html/fail.html: status code = 404
errorHandling done
[RET] 0
[INFO] RET0
newEventCount: 1
processReadEvent currEvent: ident : 26 filter : READ flags : 0x5 data: 966

26 = READ currEvent.ident
ReadEventBean::runBeanEvent = 24
966, 966 = result
966 = Content-Length
newEventCount: 1
processWriteEvent currEventident : 8 filter : WRITE flags : 0x9 data: 146988

write buffer size: 146988
0x607000007170 = SendEventBean::runBeanEvent
WRITE RETURN: 1102
[HTTP/1.1 404 Not Found
Content-Length: 966
Date: Fri, 01 Mar 2024 19:03:22 GMT
Keep-Alive: timeout=60, max=999
Server: localhost

<!DOCTYPE html>
<html lang="en">
<head>
    <link rel="icon" href="static/favicon.ico" type="image/x-icon">
    <meta charset="UTF-8">
    <meta name="viewport" content="width=device-width, initial-scale=1.0">
    <title>404 Not Found</title>
    <style>
        body {
            font-family: 'Comic Sans MS', cursive, sans-serif;
            background-color: #ffeb3b;
            text-align: center;
            padding: 50px;
        }

        h1 {
            font-size: 120px;
            color: #795548;
            margin-bottom: 20px;
        }

        p {
            font-size: 24px;
            color: #333333;
        }

        a {
            color: #2196f3;
            text-decoration: none;
            font-weight: bold;
        }

        a:hover {
            text-decoration: underline;
        }
    </style>
</head>
<body>
    <h1>404</h1>
    <p>NOT FOUND 😢</p>
    <p>THIS IS JAIL</p>
    <p><a href="/">REBORN</a></p>
</body>
</html>]
================== SEND DONE ============================
newEventCount: 1
processReadEvent currEvent: ident : 8 filter : READ flags : 0x5 data: 50

8 = RECV currEvent.ident
[RECV] DONE 0
8, 0x607000007170 = RecvEventBean::runBeanEvent
----------------check2-----------------
[INFO] complete parse request line
[INFO] complete parse headers
[INFO] complete parse params
=============== [Request line] ===============
method: GET
path: /directory/Yeah
query string: 
=============== [Request Header] ==============
ACCEPT-ENCODING: gzip
HOST: localhost:80
USER-AGENT: Go-http-client/1.1
=============== [Request Body] ===============
=============== [Request Body Length] ===============
0
===============================================
8: this->socketfd
80
80, /directory = getController
MyController::service
this->masking : 3, GET
----------------check2-----------------
/directory
----------------check2-----------------
----------------check2-----------------
----------------check2-----------------
----------------check2-----------------
Yeah = pendingElements
MyController::findFullPath: [YoupiBanane], [Yeah]
YoupiBanane/Yeah/youpi.bad_extension = staticPath
extension: bad_extension
ResponseConfig::getContentType: text/plain
-1, GET, YoupiBanane/Yeah/youpi.bad_extension, 200
404: handle
erorr_code : 404
28, ./static/html/fail.html: status code = 404
errorHandling done
[RET] 0
[INFO] RET0
newEventCount: 1
processReadEvent currEvent: ident : 28 filter : READ flags : 0x5 data: 966

28 = READ currEvent.ident
ReadEventBean::runBeanEvent = 26
966, 966 = result
966 = Content-Length
newEventCount: 1
processWriteEvent currEventident : 8 filter : WRITE flags : 0x9 data: 146988

write buffer size: 146988
0x607000007170 = SendEventBean::runBeanEvent
WRITE RETURN: 1102
[HTTP/1.1 404 Not Found
Content-Length: 966
Date: Fri, 01 Mar 2024 19:03:22 GMT
Keep-Alive: timeout=60, max=999
Server: localhost

<!DOCTYPE html>
<html lang="en">
<head>
    <link rel="icon" href="static/favicon.ico" type="image/x-icon">
    <meta charset="UTF-8">
    <meta name="viewport" content="width=device-width, initial-scale=1.0">
    <title>404 Not Found</title>
    <style>
        body {
            font-family: 'Comic Sans MS', cursive, sans-serif;
            background-color: #ffeb3b;
            text-align: center;
            padding: 50px;
        }

        h1 {
            font-size: 120px;
            color: #795548;
            margin-bottom: 20px;
        }

        p {
            font-size: 24px;
            color: #333333;
        }

        a {
            color: #2196f3;
            text-decoration: none;
            font-weight: bold;
        }

        a:hover {
            text-decoration: underline;
        }
    </style>
</head>
<body>
    <h1>404</h1>
    <p>NOT FOUND 😢</p>
    <p>THIS IS JAIL</p>
    <p><a href="/">REBORN</a></p>
</body>
</html>]
================== SEND DONE ============================
newEventCount: 1
processReadEvent currEvent: ident : 8 filter : READ flags : 0x5 data: 52

8 = RECV currEvent.ident
[RECV] DONE 0
8, 0x607000007170 = RecvEventBean::runBeanEvent
----------------check2-----------------
[INFO] complete parse request line
[INFO] complete parse headers
[INFO] complete parse params
=============== [Request line] ===============
method: GET
path: /directory/Yeah/not_happy.bad_extension
query string: 
=============== [Request Header] ==============
ACCEPT-ENCODING: gzip
HOST: localhost:80
USER-AGENT: Go-http-client/1.1
=============== [Request Body] ===============
=============== [Request Body Length] ===============
0
===============================================
8: this->socketfd
80
80, /directory = getController
MyController::service
this->masking : 3, GET
----------------check2-----------------
/directory
----------------check2-----------------
----------------check2-----------------
----------------check2-----------------
----------------check2-----------------
Yeah/not_happy.bad_extension = pendingElements
MyController::findFullPath: [YoupiBanane/Yeah], [not_happy.bad_extension]
YoupiBanane/Yeah/not_happy.bad_extension = staticPath
extension: bad_extension
ResponseConfig::getContentType: text/plain
30, YoupiBanane/Yeah/not_happy.bad_extension: status code = 200
[RET] 0
[INFO] RET0
newEventCount: 1
processReadEvent currEvent: ident : 30 filter : READ flags : 0x5 data: 23

30 = READ currEvent.ident
ReadEventBean::runBeanEvent = 28
23, 23 = result
23 = Content-Length
newEventCount: 1
processWriteEvent currEventident : 8 filter : WRITE flags : 0x9 data: 146988

write buffer size: 146988
0x607000007170 = SendEventBean::runBeanEvent
WRITE RETURN: 177
[HTTP/1.1 200 OK
Content-Length: 23
Content-Type: text/plain
Date: Fri, 01 Mar 2024 19:03:22 GMT
Keep-Alive: timeout=60, max=999
Server: localhost

not_happy.bad_extension]
================== SEND DONE ============================
newEventCount: 1
processReadEvent currEvent: ident : 8 filter : READ flags : 0x5 data: 40

8 = RECV currEvent.ident
[RECV] DONE 0
8, 0x607000007170 = RecvEventBean::runBeanEvent
----------------check2-----------------
[INFO] complete parse request line
[INFO] complete parse headers
<======== request end ===========================>
----------------check2-----------------
<======== request end ===========================>
----------------check2-----------------
<======== request end ===========================>
----------------check2-----------------
<======== request end ===========================>
----------------check2-----------------
<======== request end ===========================>
----------------check2-----------------
<======== request end ===========================>
----------------check2-----------------
<======== request end ===========================>
----------------check2-----------------
[RET] -1
[INFO] RET-1
newEventCount: 1
processReadEvent currEvent: ident : 8 filter : READ flags : 0x5 data: 263439

8 = RECV currEvent.ident
[RECV] DONE 0
8, 0x607000007170 = RecvEventBean::runBeanEvent
----------------check2-----------------
----------------check2-----------------
<======== request end ===========================>
----------------check2-----------------
<======== request end ===========================>
----------------check2-----------------
<======== request end ===========================>
----------------check2-----------------
<======== request end ===========================>
----------------check2-----------------
<======== request end ===========================>
----------------check2-----------------
<======== request end ===========================>
----------------check2-----------------
<======== request end ===========================>
----------------check2-----------------
<======== request end ===========================>
----------------check2-----------------
<======== request end ===========================>
----------------check2-----------------
<======== request end ===========================>
----------------check2-----------------
<======== request end ===========================>
----------------check2-----------------
<======== request end ===========================>
----------------check2-----------------
<======== request end ===========================>
----------------check2-----------------
<======== request end ===========================>
----------------check2-----------------
[RET] -1
[INFO] RET-1
newEventCount: 1
processReadEvent currEvent: ident : 8 filter : READ flags : 0x5 data: 448478

8 = RECV currEvent.ident
[RECV] DONE 0
8, 0x607000007170 = RecvEventBean::runBeanEvent
----------------check2-----------------
----------------check2-----------------
<======== request end ===========================>
----------------check2-----------------
<======== request end ===========================>
----------------check2-----------------
<======== request end ===========================>
----------------check2-----------------
<======== request end ===========================>
----------------check2-----------------
<======== request end ===========================>
----------------check2-----------------
<======== request end ===========================>
----------------check2-----------------
<======== request end ===========================>
----------------check2-----------------
<======== request end ===========================>
----------------check2-----------------
<======== request end ===========================>
----------------check2-----------------
<======== request end ===========================>
----------------check2-----------------
<======== request end ===========================>
----------------check2-----------------
<======== request end ===========================>
----------------check2-----------------
<======== request end ===========================>
----------------check2-----------------
<======== request end ===========================>
----------------check2-----------------
<======== request end ===========================>
----------------check2-----------------
<======== request end ===========================>
----------------check2-----------------
<======== request end ===========================>
----------------check2-----------------
<======== request end ===========================>
----------------check2-----------------
<======== request end ===========================>
----------------check2-----------------
[RET] -1
[INFO] RET-1
newEventCount: 1
processReadEvent currEvent: ident : 8 filter : READ flags : 0x5 data: 454032

8 = RECV currEvent.ident
[RECV] DONE 0
8, 0x607000007170 = RecvEventBean::runBeanEvent
----------------check2-----------------
----------------check2-----------------
<======== request end ===========================>
----------------check2-----------------
<======== request end ===========================>
----------------check2-----------------
<======== request end ===========================>
----------------check2-----------------
<======== request end ===========================>
----------------check2-----------------
<======== request end ===========================>
----------------check2-----------------
<======== request end ===========================>
----------------check2-----------------
<======== request end ===========================>
----------------check2-----------------
<======== request end ===========================>
----------------check2-----------------
<======== request end ===========================>
----------------check2-----------------
<======== request end ===========================>
----------------check2-----------------
<======== request end ===========================>
----------------check2-----------------
<======== request end ===========================>
----------------check2-----------------
<======== request end ===========================>
----------------check2-----------------
<======== request end ===========================>
----------------check2-----------------
<======== request end ===========================>
----------------check2-----------------
<======== request end ===========================>
----------------check2-----------------
<======== request end ===========================>
----------------check2-----------------
<======== request end ===========================>
----------------check2-----------------
<======== request end ===========================>
----------------check2-----------------
[RET] -1
[INFO] RET-1
newEventCount: 1
processReadEvent currEvent: ident : 8 filter : READ flags : 0x5 data: 389215

8 = RECV currEvent.ident
[RECV] DONE 0
8, 0x607000007170 = RecvEventBean::runBeanEvent
----------------check2-----------------
----------------check2-----------------
<======== request end ===========================>
----------------check2-----------------
<======== request end ===========================>
----------------check2-----------------
<======== request end ===========================>
----------------check2-----------------
<======== request end ===========================>
----------------check2-----------------
<======== request end ===========================>
----------------check2-----------------
<======== request end ===========================>
----------------check2-----------------
<======== request end ===========================>
----------------check2-----------------
<======== request end ===========================>
----------------check2-----------------
<======== request end ===========================>
----------------check2-----------------
<======== request end ===========================>
----------------check2-----------------
<======== request end ===========================>
----------------check2-----------------
<======== request end ===========================>
----------------check2-----------------
<======== request end ===========================>
----------------check2-----------------
<======== request end ===========================>
----------------check2-----------------
<======== request end ===========================>
----------------check2-----------------
<======== request end ===========================>
----------------check2-----------------
<======== request end ===========================>
----------------check2-----------------
[RET] -1
[INFO] RET-1
newEventCount: 1
processReadEvent currEvent: ident : 8 filter : READ flags : 0x5 data: 426089

8 = RECV currEvent.ident
[RECV] DONE 0
8, 0x607000007170 = RecvEventBean::runBeanEvent
----------------check2-----------------
----------------check2-----------------
<======== request end ===========================>
----------------check2-----------------
<======== request end ===========================>
----------------check2-----------------
<======== request end ===========================>
----------------check2-----------------
<======== request end ===========================>
----------------check2-----------------
<======== request end ===========================>
----------------check2-----------------
<======== request end ===========================>
----------------check2-----------------
<======== request end ===========================>
----------------check2-----------------
<======== request end ===========================>
----------------check2-----------------
<======== request end ===========================>
----------------check2-----------------
<======== request end ===========================>
----------------check2-----------------
<======== request end ===========================>
----------------check2-----------------
<======== request end ===========================>
----------------check2-----------------
<======== request end ===========================>
----------------check2-----------------
<======== request end ===========================>
----------------check2-----------------
<======== request end ===========================>
----------------check2-----------------
<======== request end ===========================>
----------------check2-----------------
<======== request end ===========================>
----------------check2-----------------
<======== request end ===========================>
----------------check2-----------------
<======== request end ===========================>
----------------check2-----------------
<======== request end ===========================>
----------------check2-----------------
[RET] -1
[INFO] RET-1
newEventCount: 1
processReadEvent currEvent: ident : 8 filter : READ flags : 0x5 data: 373899

8 = RECV currEvent.ident
[RECV] DONE 0
8, 0x607000007170 = RecvEventBean::runBeanEvent
----------------check2-----------------
----------------check2-----------------
<======== request end ===========================>
----------------check2-----------------
<======== request end ===========================>
----------------check2-----------------
<======== request end ===========================>
----------------check2-----------------
<======== request end ===========================>
----------------check2-----------------
<======== request end ===========================>
----------------check2-----------------
<======== request end ===========================>
----------------check2-----------------
<======== request end ===========================>
----------------check2-----------------
<======== request end ===========================>
----------------check2-----------------
<======== request end ===========================>
----------------check2-----------------
<======== request end ===========================>
----------------check2-----------------
<======== request end ===========================>
----------------check2-----------------
<======== request end ===========================>
----------------check2-----------------
<======== request end ===========================>
----------------check2-----------------
<======== request end ===========================>
----------------check2-----------------
<======== request end ===========================>
----------------check2-----------------
<======== request end ===========================>
----------------check2-----------------
<======== request end ===========================>
----------------check2-----------------
[RET] -1
[INFO] RET-1
newEventCount: 1
processReadEvent currEvent: ident : 8 filter : READ flags : 0x5 data: 360577

8 = RECV currEvent.ident
[RECV] DONE 0
8, 0x607000007170 = RecvEventBean::runBeanEvent
----------------check2-----------------
----------------check2-----------------
<======== request end ===========================>
----------------check2-----------------
<======== request end ===========================>
----------------check2-----------------
<======== request end ===========================>
----------------check2-----------------
<======== request end ===========================>
----------------check2-----------------
<======== request end ===========================>
----------------check2-----------------
<======== request end ===========================>
----------------check2-----------------
<======== request end ===========================>
----------------check2-----------------
<======== request end ===========================>
----------------check2-----------------
<======== request end ===========================>
----------------check2-----------------
<======== request end ===========================>
----------------check2-----------------
<======== request end ===========================>
----------------check2-----------------
<======== request end ===========================>
----------------check2-----------------
<======== request end ===========================>
----------------check2-----------------
<======== request end ===========================>
----------------check2-----------------
<======== request end ===========================>
----------------check2-----------------
<======== request end ===========================>
----------------check2-----------------
<======== request end ===========================>
----------------check2-----------------
<======== request end ===========================>
----------------check2-----------------
[RET] -1
[INFO] RET-1
newEventCount: 1
processReadEvent currEvent: ident : 8 filter : READ flags : 0x5 data: 430185

8 = RECV currEvent.ident
[RECV] DONE 0
8, 0x607000007170 = RecvEventBean::runBeanEvent
----------------check2-----------------
----------------check2-----------------
<======== request end ===========================>
----------------check2-----------------
<======== request end ===========================>
----------------check2-----------------
<======== request end ===========================>
----------------check2-----------------
<======== request end ===========================>
----------------check2-----------------
<======== request end ===========================>
----------------check2-----------------
<======== request end ===========================>
----------------check2-----------------
<======== request end ===========================>
----------------check2-----------------
<======== request end ===========================>
----------------check2-----------------
<======== request end ===========================>
----------------check2-----------------
<======== request end ===========================>
----------------check2-----------------
<======== request end ===========================>
----------------check2-----------------
<======== request end ===========================>
----------------check2-----------------
<======== request end ===========================>
----------------check2-----------------
<======== request end ===========================>
----------------check2-----------------
<======== request end ===========================>
----------------check2-----------------
<======== request end ===========================>
----------------check2-----------------
<======== request end ===========================>
----------------check2-----------------
<======== request end ===========================>
----------------check2-----------------
<======== request end ===========================>
----------------check2-----------------
<======== request end ===========================>
----------------check2-----------------
[RET] -1
[INFO] RET-1
newEventCount: 1
processReadEvent currEvent: ident : 8 filter : READ flags : 0x5 data: 429398

8 = RECV currEvent.ident
[RECV] DONE 0
8, 0x607000007170 = RecvEventBean::runBeanEvent
----------------check2-----------------
----------------check2-----------------
<======== request end ===========================>
----------------check2-----------------
<======== request end ===========================>
----------------check2-----------------
<======== request end ===========================>
----------------check2-----------------
<======== request end ===========================>
----------------check2-----------------
<======== request end ===========================>
----------------check2-----------------
<======== request end ===========================>
----------------check2-----------------
<======== request end ===========================>
----------------check2-----------------
<======== request end ===========================>
----------------check2-----------------
<======== request end ===========================>
----------------check2-----------------
<======== request end ===========================>
----------------check2-----------------
<======== request end ===========================>
----------------check2-----------------
<======== request end ===========================>
----------------check2-----------------
<======== request end ===========================>
----------------check2-----------------
<======== request end ===========================>
----------------check2-----------------
<======== request end ===========================>
----------------check2-----------------
<======== request end ===========================>
----------------check2-----------------
<======== request end ===========================>
----------------check2-----------------
<======== request end ===========================>
----------------check2-----------------
<======== request end ===========================>
----------------check2-----------------
<======== request end ===========================>
----------------check2-----------------
[RET] -1
[INFO] RET-1
newEventCount: 1
processReadEvent currEvent: ident : 8 filter : READ flags : 0x5 data: 419353

8 = RECV currEvent.ident
[RECV] DONE 0
8, 0x607000007170 = RecvEventBean::runBeanEvent
----------------check2-----------------
----------------check2-----------------
<======== request end ===========================>
----------------check2-----------------
<======== request end ===========================>
----------------check2-----------------
<======== request end ===========================>
----------------check2-----------------
<======== request end ===========================>
----------------check2-----------------
<======== request end ===========================>
----------------check2-----------------
<======== request end ===========================>
----------------check2-----------------
<======== request end ===========================>
----------------check2-----------------
<======== request end ===========================>
----------------check2-----------------
<======== request end ===========================>
----------------check2-----------------
<======== request end ===========================>
----------------check2-----------------
<======== request end ===========================>
----------------check2-----------------
<======== request end ===========================>
----------------check2-----------------
<======== request end ===========================>
----------------check2-----------------
<======== request end ===========================>
----------------check2-----------------
<======== request end ===========================>
----------------check2-----------------
<======== request end ===========================>
----------------check2-----------------
<======== request end ===========================>
----------------check2-----------------
<======== request end ===========================>
----------------check2-----------------
[RET] -1
[INFO] RET-1
newEventCount: 1
processReadEvent currEvent: ident : 8 filter : READ flags : 0x5 data: 421991

8 = RECV currEvent.ident
[RECV] DONE 0
8, 0x607000007170 = RecvEventBean::runBeanEvent
----------------check2-----------------
----------------check2-----------------
<======== request end ===========================>
----------------check2-----------------
<======== request end ===========================>
----------------check2-----------------
<======== request end ===========================>
----------------check2-----------------
<======== request end ===========================>
----------------check2-----------------
<======== request end ===========================>
----------------check2-----------------
<======== request end ===========================>
----------------check2-----------------
<======== request end ===========================>
----------------check2-----------------
<======== request end ===========================>
----------------check2-----------------
<======== request end ===========================>
----------------check2-----------------
<======== request end ===========================>
----------------check2-----------------
<======== request end ===========================>
----------------check2-----------------
<======== request end ===========================>
----------------check2-----------------
<======== request end ===========================>
----------------check2-----------------
<======== request end ===========================>
----------------check2-----------------
<======== request end ===========================>
----------------check2-----------------
<======== request end ===========================>
----------------check2-----------------
<======== request end ===========================>
----------------check2-----------------
<======== request end ===========================>
----------------check2-----------------
<======== request end ===========================>
----------------check2-----------------
[RET] -1
[INFO] RET-1
newEventCount: 1
processReadEvent currEvent: ident : 8 filter : READ flags : 0x5 data: 430468

8 = RECV currEvent.ident
[RECV] DONE 0
8, 0x607000007170 = RecvEventBean::runBeanEvent
----------------check2-----------------
----------------check2-----------------
<======== request end ===========================>
----------------check2-----------------
<======== request end ===========================>
----------------check2-----------------
<======== request end ===========================>
----------------check2-----------------
<======== request end ===========================>
----------------check2-----------------
<======== request end ===========================>
----------------check2-----------------
<======== request end ===========================>
----------------check2-----------------
<======== request end ===========================>
----------------check2-----------------
<======== request end ===========================>
----------------check2-----------------
<======== request end ===========================>
----------------check2-----------------
<======== request end ===========================>
----------------check2-----------------
<======== request end ===========================>
----------------check2-----------------
<======== request end ===========================>
----------------check2-----------------
<======== request end ===========================>
----------------check2-----------------
<======== request end ===========================>
----------------check2-----------------
<======== request end ===========================>
----------------check2-----------------
<======== request end ===========================>
----------------check2-----------------
<======== request end ===========================>
----------------check2-----------------
<======== request end ===========================>
----------------check2-----------------
<======== request end ===========================>
----------------check2-----------------
<======== request end ===========================>
----------------check2-----------------
[RET] -1
[INFO] RET-1
newEventCount: 1
processReadEvent currEvent: ident : 8 filter : READ flags : 0x5 data: 400027

8 = RECV currEvent.ident
[RECV] DONE 0
8, 0x607000007170 = RecvEventBean::runBeanEvent
----------------check2-----------------
----------------check2-----------------
<======== request end ===========================>
----------------check2-----------------
<======== request end ===========================>
----------------check2-----------------
<======== request end ===========================>
----------------check2-----------------
<======== request end ===========================>
----------------check2-----------------
<======== request end ===========================>
----------------check2-----------------
<======== request end ===========================>
----------------check2-----------------
<======== request end ===========================>
----------------check2-----------------
<======== request end ===========================>
----------------check2-----------------
<======== request end ===========================>
----------------check2-----------------
<======== request end ===========================>
----------------check2-----------------
<======== request end ===========================>
----------------check2-----------------
<======== request end ===========================>
----------------check2-----------------
<======== request end ===========================>
----------------check2-----------------
<======== request end ===========================>
----------------check2-----------------
<======== request end ===========================>
----------------check2-----------------
<======== request end ===========================>
----------------check2-----------------
<======== request end ===========================>
----------------check2-----------------
<======== request end ===========================>
----------------check2-----------------
<======== request end ===========================>
----------------check2-----------------
<======== request end ===========================>
----------------check2-----------------
[RET] -1
[INFO] RET-1
newEventCount: 1
processReadEvent currEvent: ident : 8 filter : READ flags : 0x5 data: 433978

8 = RECV currEvent.ident
[RECV] DONE 0
8, 0x607000007170 = RecvEventBean::runBeanEvent
----------------check2-----------------
----------------check2-----------------
<======== request end ===========================>
----------------check2-----------------
<======== request end ===========================>
----------------check2-----------------
<======== request end ===========================>
----------------check2-----------------
<======== request end ===========================>
----------------check2-----------------
<======== request end ===========================>
----------------check2-----------------
<======== request end ===========================>
----------------check2-----------------
<======== request end ===========================>
----------------check2-----------------
<======== request end ===========================>
----------------check2-----------------
<======== request end ===========================>
----------------check2-----------------
<======== request end ===========================>
----------------check2-----------------
<======== request end ===========================>
----------------check2-----------------
<======== request end ===========================>
----------------check2-----------------
<======== request end ===========================>
----------------check2-----------------
<======== request end ===========================>
----------------check2-----------------
<======== request end ===========================>
----------------check2-----------------
<======== request end ===========================>
----------------check2-----------------
<======== request end ===========================>
----------------check2-----------------
<======== request end ===========================>
----------------check2-----------------
[RET] -1
[INFO] RET-1
newEventCount: 1
processReadEvent currEvent: ident : 8 filter : READ flags : 0x5 data: 589860

8 = RECV currEvent.ident
[RECV] DONE 0
8, 0x607000007170 = RecvEventBean::runBeanEvent
----------------check2-----------------
----------------check2-----------------
<======== request end ===========================>
----------------check2-----------------
<======== request end ===========================>
----------------check2-----------------
<======== request end ===========================>
----------------check2-----------------
<======== request end ===========================>
----------------check2-----------------
<======== request end ===========================>
----------------check2-----------------
<======== request end ===========================>
----------------check2-----------------
<======== request end ===========================>
----------------check2-----------------
<======== request end ===========================>
----------------check2-----------------
<======== request end ===========================>
----------------check2-----------------
<======== request end ===========================>
----------------check2-----------------
<======== request end ===========================>
----------------check2-----------------
<======== request end ===========================>
----------------check2-----------------
<======== request end ===========================>
----------------check2-----------------
<======== request end ===========================>
----------------check2-----------------
<======== request end ===========================>
----------------check2-----------------
<======== request end ===========================>
----------------check2-----------------
<======== request end ===========================>
----------------check2-----------------
<======== request end ===========================>
----------------check2-----------------
<======== request end ===========================>
----------------check2-----------------
<======== request end ===========================>
----------------check2-----------------
[RET] -1
[INFO] RET-1
newEventCount: 1
processReadEvent currEvent: ident : 8 filter : READ flags : 0x5 data: 529794

8 = RECV currEvent.ident
[RECV] DONE 0
8, 0x607000007170 = RecvEventBean::runBeanEvent
----------------check2-----------------
----------------check2-----------------
<======== request end ===========================>
----------------check2-----------------
<======== request end ===========================>
----------------check2-----------------
<======== request end ===========================>
----------------check2-----------------
<======== request end ===========================>
----------------check2-----------------
<======== request end ===========================>
----------------check2-----------------
<======== request end ===========================>
----------------check2-----------------
<======== request end ===========================>
----------------check2-----------------
<======== request end ===========================>
----------------check2-----------------
<======== request end ===========================>
----------------check2-----------------
<======== request end ===========================>
----------------check2-----------------
<======== request end ===========================>
----------------check2-----------------
<======== request end ===========================>
----------------check2-----------------
<======== request end ===========================>
----------------check2-----------------
<======== request end ===========================>
----------------check2-----------------
<======== request end ===========================>
----------------check2-----------------
<======== request end ===========================>
----------------check2-----------------
<======== request end ===========================>
----------------check2-----------------
<======== request end ===========================>
----------------check2-----------------
<======== request end ===========================>
----------------check2-----------------
<======== request end ===========================>
----------------check2-----------------
[RET] -1
[INFO] RET-1
newEventCount: 1
processReadEvent currEvent: ident : 8 filter : READ flags : 0x5 data: 500359

8 = RECV currEvent.ident
[RECV] DONE 0
8, 0x607000007170 = RecvEventBean::runBeanEvent
----------------check2-----------------
----------------check2-----------------
<======== request end ===========================>
----------------check2-----------------
<======== request end ===========================>
----------------check2-----------------
<======== request end ===========================>
----------------check2-----------------
<======== request end ===========================>
----------------check2-----------------
<======== request end ===========================>
----------------check2-----------------
<======== request end ===========================>
----------------check2-----------------
<======== request end ===========================>
----------------check2-----------------
<======== request end ===========================>
----------------check2-----------------
<======== request end ===========================>
----------------check2-----------------
<======== request end ===========================>
----------------check2-----------------
<======== request end ===========================>
----------------check2-----------------
<======== request end ===========================>
----------------check2-----------------
<======== request end ===========================>
----------------check2-----------------
<======== request end ===========================>
----------------check2-----------------
<======== request end ===========================>
----------------check2-----------------
<======== request end ===========================>
----------------check2-----------------
<======== request end ===========================>
----------------check2-----------------
<======== request end ===========================>
----------------check2-----------------
<======== request end ===========================>
----------------check2-----------------
<======== request end ===========================>
----------------check2-----------------
[RET] -1
[INFO] RET-1
newEventCount: 1
processReadEvent currEvent: ident : 8 filter : READ flags : 0x5 data: 466356

8 = RECV currEvent.ident
[RECV] DONE 0
8, 0x607000007170 = RecvEventBean::runBeanEvent
----------------check2-----------------
----------------check2-----------------
<======== request end ===========================>
----------------check2-----------------
<======== request end ===========================>
----------------check2-----------------
<======== request end ===========================>
----------------check2-----------------
<======== request end ===========================>
----------------check2-----------------
<======== request end ===========================>
----------------check2-----------------
<======== request end ===========================>
----------------check2-----------------
<======== request end ===========================>
----------------check2-----------------
<======== request end ===========================>
----------------check2-----------------
<======== request end ===========================>
----------------check2-----------------
<======== request end ===========================>
----------------check2-----------------
<======== request end ===========================>
----------------check2-----------------
<======== request end ===========================>
----------------check2-----------------
<======== request end ===========================>
----------------check2-----------------
<======== request end ===========================>
----------------check2-----------------
<======== request end ===========================>
----------------check2-----------------
<======== request end ===========================>
----------------check2-----------------
<======== request end ===========================>
----------------check2-----------------
<======== request end ===========================>
----------------check2-----------------
<======== request end ===========================>
----------------check2-----------------
<======== request end ===========================>
----------------check2-----------------
[RET] -1
[INFO] RET-1
newEventCount: 1
processReadEvent currEvent: ident : 8 filter : READ flags : 0x5 data: 427207

8 = RECV currEvent.ident
[RECV] DONE 0
8, 0x607000007170 = RecvEventBean::runBeanEvent
----------------check2-----------------
----------------check2-----------------
<======== request end ===========================>
----------------check2-----------------
<======== request end ===========================>
----------------check2-----------------
<======== request end ===========================>
----------------check2-----------------
<======== request end ===========================>
----------------check2-----------------
<======== request end ===========================>
----------------check2-----------------
<======== request end ===========================>
----------------check2-----------------
<======== request end ===========================>
----------------check2-----------------
<======== request end ===========================>
----------------check2-----------------
<======== request end ===========================>
----------------check2-----------------
<======== request end ===========================>
----------------check2-----------------
<======== request end ===========================>
----------------check2-----------------
<======== request end ===========================>
----------------check2-----------------
<======== request end ===========================>
----------------check2-----------------
<======== request end ===========================>
----------------check2-----------------
<======== request end ===========================>
----------------check2-----------------
<======== request end ===========================>
----------------check2-----------------
<======== request end ===========================>
----------------check2-----------------
<======== request end ===========================>
----------------check2-----------------
<======== request end ===========================>
----------------check2-----------------
<======== request end ===========================>
----------------check2-----------------
[RET] -1
[INFO] RET-1
newEventCount: 1
processReadEvent currEvent: ident : 8 filter : READ flags : 0x5 data: 422029

8 = RECV currEvent.ident
[RECV] DONE 0
8, 0x607000007170 = RecvEventBean::runBeanEvent
----------------check2-----------------
----------------check2-----------------
<======== request end ===========================>
----------------check2-----------------
<======== request end ===========================>
----------------check2-----------------
<======== request end ===========================>
----------------check2-----------------
<======== request end ===========================>
----------------check2-----------------
<======== request end ===========================>
----------------check2-----------------
<======== request end ===========================>
----------------check2-----------------
<======== request end ===========================>
----------------check2-----------------
<======== request end ===========================>
----------------check2-----------------
<======== request end ===========================>
----------------check2-----------------
<======== request end ===========================>
----------------check2-----------------
<======== request end ===========================>
----------------check2-----------------
<======== request end ===========================>
----------------check2-----------------
<======== request end ===========================>
----------------check2-----------------
<======== request end ===========================>
----------------check2-----------------
<======== request end ===========================>
----------------check2-----------------
<======== request end ===========================>
----------------check2-----------------
<======== request end ===========================>
----------------check2-----------------
<======== request end ===========================>
----------------check2-----------------
[RET] -1
[INFO] RET-1
newEventCount: 1
processReadEvent currEvent: ident : 8 filter : READ flags : 0x5 data: 366495

8 = RECV currEvent.ident
[RECV] DONE 0
8, 0x607000007170 = RecvEventBean::runBeanEvent
----------------check2-----------------
----------------check2-----------------
<======== request end ===========================>
----------------check2-----------------
<======== request end ===========================>
----------------check2-----------------
<======== request end ===========================>
----------------check2-----------------
<======== request end ===========================>
----------------check2-----------------
<======== request end ===========================>
----------------check2-----------------
<======== request end ===========================>
----------------check2-----------------
<======== request end ===========================>
----------------check2-----------------
<======== request end ===========================>
----------------check2-----------------
<======== request end ===========================>
----------------check2-----------------
<======== request end ===========================>
----------------check2-----------------
<======== request end ===========================>
----------------check2-----------------
<======== request end ===========================>
----------------check2-----------------
<======== request end ===========================>
----------------check2-----------------
<======== request end ===========================>
----------------check2-----------------
<======== request end ===========================>
----------------check2-----------------
<======== request end ===========================>
----------------check2-----------------
<======== request end ===========================>
----------------check2-----------------
<======== request end ===========================>
----------------check2-----------------
[RET] -1
[INFO] RET-1
newEventCount: 1
processReadEvent currEvent: ident : 8 filter : READ flags : 0x5 data: 331863

8 = RECV currEvent.ident
[RECV] DONE 0
8, 0x607000007170 = RecvEventBean::runBeanEvent
----------------check2-----------------
----------------check2-----------------
<======== request end ===========================>
----------------check2-----------------
<======== request end ===========================>
----------------check2-----------------
<======== request end ===========================>
----------------check2-----------------
<======== request end ===========================>
----------------check2-----------------
<======== request end ===========================>
----------------check2-----------------
<======== request end ===========================>
----------------check2-----------------
<======== request end ===========================>
----------------check2-----------------
<======== request end ===========================>
----------------check2-----------------
<======== request end ===========================>
----------------check2-----------------
<======== request end ===========================>
----------------check2-----------------
<======== request end ===========================>
----------------check2-----------------
<======== request end ===========================>
----------------check2-----------------
<======== request end ===========================>
----------------check2-----------------
<======== request end ===========================>
----------------check2-----------------
<======== request end ===========================>
----------------check2-----------------
<======== request end ===========================>
----------------check2-----------------
<======== request end ===========================>
----------------check2-----------------
[RET] -1
[INFO] RET-1
newEventCount: 1
processReadEvent currEvent: ident : 8 filter : READ flags : 0x5 data: 331848

8 = RECV currEvent.ident
[RECV] DONE 0
8, 0x607000007170 = RecvEventBean::runBeanEvent
----------------check2-----------------
----------------check2-----------------
<======== request end ===========================>
----------------check2-----------------
<======== request end ===========================>
----------------check2-----------------
<======== request end ===========================>
----------------check2-----------------
<======== request end ===========================>
----------------check2-----------------
<======== request end ===========================>
----------------check2-----------------
<======== request end ===========================>
----------------check2-----------------
<======== request end ===========================>
----------------check2-----------------
<======== request end ===========================>
----------------check2-----------------
<======== request end ===========================>
----------------check2-----------------
<======== request end ===========================>
----------------check2-----------------
<======== request end ===========================>
----------------check2-----------------
<======== request end ===========================>
----------------check2-----------------
<======== request end ===========================>
----------------check2-----------------
<======== request end ===========================>
----------------check2-----------------
<======== request end ===========================>
----------------check2-----------------
<======== request end ===========================>
----------------check2-----------------
<======== request end ===========================>
----------------check2-----------------
[RET] -1
[INFO] RET-1
newEventCount: 1
processReadEvent currEvent: ident : 8 filter : READ flags : 0x5 data: 355884

8 = RECV currEvent.ident
[RECV] DONE 0
8, 0x607000007170 = RecvEventBean::runBeanEvent
----------------check2-----------------
----------------check2-----------------
<======== request end ===========================>
----------------check2-----------------
<======== request end ===========================>
----------------check2-----------------
<======== request end ===========================>
----------------check2-----------------
<======== request end ===========================>
----------------check2-----------------
<======== request end ===========================>
----------------check2-----------------
<======== request end ===========================>
----------------check2-----------------
<======== request end ===========================>
----------------check2-----------------
<======== request end ===========================>
----------------check2-----------------
<======== request end ===========================>
----------------check2-----------------
<======== request end ===========================>
----------------check2-----------------
<======== request end ===========================>
----------------check2-----------------
<======== request end ===========================>
----------------check2-----------------
<======== request end ===========================>
----------------check2-----------------
<======== request end ===========================>
----------------check2-----------------
<======== request end ===========================>
----------------check2-----------------
<======== request end ===========================>
----------------check2-----------------
[RET] -1
[INFO] RET-1
newEventCount: 1
processReadEvent currEvent: ident : 8 filter : READ flags : 0x5 data: 360537

8 = RECV currEvent.ident
[RECV] DONE 0
8, 0x607000007170 = RecvEventBean::runBeanEvent
----------------check2-----------------
----------------check2-----------------
<======== request end ===========================>
----------------check2-----------------
<======== request end ===========================>
----------------check2-----------------
<======== request end ===========================>
----------------check2-----------------
<======== request end ===========================>
----------------check2-----------------
<======== request end ===========================>
----------------check2-----------------
<======== request end ===========================>
----------------check2-----------------
<======== request end ===========================>
----------------check2-----------------
<======== request end ===========================>
----------------check2-----------------
<======== request end ===========================>
----------------check2-----------------
<======== request end ===========================>
----------------check2-----------------
<======== request end ===========================>
----------------check2-----------------
<======== request end ===========================>
----------------check2-----------------
<======== request end ===========================>
----------------check2-----------------
<======== request end ===========================>
----------------check2-----------------
<======== request end ===========================>
----------------check2-----------------
<======== request end ===========================>
----------------check2-----------------
<======== request end ===========================>
----------------check2-----------------
<======== request end ===========================>
----------------check2-----------------
<======== request end ===========================>
----------------check2-----------------
[RET] -1
[INFO] RET-1
newEventCount: 1
processReadEvent currEvent: ident : 8 filter : READ flags : 0x5 data: 422045

8 = RECV currEvent.ident
[RECV] DONE 0
8, 0x607000007170 = RecvEventBean::runBeanEvent
----------------check2-----------------
----------------check2-----------------
<======== request end ===========================>
----------------check2-----------------
<======== request end ===========================>
----------------check2-----------------
<======== request end ===========================>
----------------check2-----------------
<======== request end ===========================>
----------------check2-----------------
<======== request end ===========================>
----------------check2-----------------
<======== request end ===========================>
----------------check2-----------------
<======== request end ===========================>
----------------check2-----------------
<======== request end ===========================>
----------------check2-----------------
<======== request end ===========================>
----------------check2-----------------
<======== request end ===========================>
----------------check2-----------------
<======== request end ===========================>
----------------check2-----------------
<======== request end ===========================>
----------------check2-----------------
<======== request end ===========================>
----------------check2-----------------
<======== request end ===========================>
----------------check2-----------------
<======== request end ===========================>
----------------check2-----------------
<======== request end ===========================>
----------------check2-----------------
<======== request end ===========================>
----------------check2-----------------
<======== request end ===========================>
----------------check2-----------------
<======== request end ===========================>
----------------check2-----------------
[RET] -1
[INFO] RET-1
newEventCount: 1
processReadEvent currEvent: ident : 8 filter : READ flags : 0x5 data: 396396

8 = RECV currEvent.ident
[RECV] DONE 0
8, 0x607000007170 = RecvEventBean::runBeanEvent
----------------check2-----------------
----------------check2-----------------
<======== request end ===========================>
----------------check2-----------------
<======== request end ===========================>
----------------check2-----------------
<======== request end ===========================>
----------------check2-----------------
<======== request end ===========================>
----------------check2-----------------
<======== request end ===========================>
----------------check2-----------------
<======== request end ===========================>
----------------check2-----------------
<======== request end ===========================>
----------------check2-----------------
<======== request end ===========================>
----------------check2-----------------
<======== request end ===========================>
----------------check2-----------------
<======== request end ===========================>
----------------check2-----------------
<======== request end ===========================>
----------------check2-----------------
<======== request end ===========================>
----------------check2-----------------
<======== request end ===========================>
----------------check2-----------------
<======== request end ===========================>
----------------check2-----------------
<======== request end ===========================>
----------------check2-----------------
<======== request end ===========================>
----------------check2-----------------
<======== request end ===========================>
----------------check2-----------------
<======== request end ===========================>
----------------check2-----------------
<======== request end ===========================>
----------------check2-----------------
[RET] -1
[INFO] RET-1
newEventCount: 1
processReadEvent currEvent: ident : 8 filter : READ flags : 0x5 data: 395424

8 = RECV currEvent.ident
[RECV] DONE 0
8, 0x607000007170 = RecvEventBean::runBeanEvent
----------------check2-----------------
----------------check2-----------------
<======== request end ===========================>
----------------check2-----------------
<======== request end ===========================>
----------------check2-----------------
<======== request end ===========================>
----------------check2-----------------
<======== request end ===========================>
----------------check2-----------------
<======== request end ===========================>
----------------check2-----------------
<======== request end ===========================>
----------------check2-----------------
<======== request end ===========================>
----------------check2-----------------
<======== request end ===========================>
----------------check2-----------------
<======== request end ===========================>
----------------check2-----------------
<======== request end ===========================>
----------------check2-----------------
<======== request end ===========================>
----------------check2-----------------
<======== request end ===========================>
----------------check2-----------------
<======== request end ===========================>
----------------check2-----------------
<======== request end ===========================>
----------------check2-----------------
<======== request end ===========================>
----------------check2-----------------
<======== request end ===========================>
----------------check2-----------------
<======== request end ===========================>
----------------check2-----------------
<======== request end ===========================>
----------------check2-----------------
[RET] -1
[INFO] RET-1
newEventCount: 1
processReadEvent currEvent: ident : 8 filter : READ flags : 0x5 data: 643677

8 = RECV currEvent.ident
[RECV] DONE 0
8, 0x607000007170 = RecvEventBean::runBeanEvent
----------------check2-----------------
----------------check2-----------------
<======== request end ===========================>
----------------check2-----------------
<======== request end ===========================>
----------------check2-----------------
<======== request end ===========================>
----------------check2-----------------
<======== request end ===========================>
----------------check2-----------------
<======== request end ===========================>
----------------check2-----------------
<======== request end ===========================>
----------------check2-----------------
<======== request end ===========================>
----------------check2-----------------
<======== request end ===========================>
----------------check2-----------------
<======== request end ===========================>
----------------check2-----------------
<======== request end ===========================>
----------------check2-----------------
<======== request end ===========================>
----------------check2-----------------
<======== request end ===========================>
----------------check2-----------------
<======== request end ===========================>
----------------check2-----------------
<======== request end ===========================>
----------------check2-----------------
<======== request end ===========================>
----------------check2-----------------
<======== request end ===========================>
----------------check2-----------------
<======== request end ===========================>
----------------check2-----------------
<======== request end ===========================>
----------------check2-----------------
<======== request end ===========================>
----------------check2-----------------
<======== request end ===========================>
----------------check2-----------------
[RET] -1
[INFO] RET-1
newEventCount: 1
processReadEvent currEvent: ident : 8 filter : READ flags : 0x5 data: 506411

8 = RECV currEvent.ident
[RECV] DONE 0
8, 0x607000007170 = RecvEventBean::runBeanEvent
----------------check2-----------------
----------------check2-----------------
<======== request end ===========================>
----------------check2-----------------
<======== request end ===========================>
----------------check2-----------------
<======== request end ===========================>
----------------check2-----------------
<======== request end ===========================>
----------------check2-----------------
<======== request end ===========================>
----------------check2-----------------
<======== request end ===========================>
----------------check2-----------------
<======== request end ===========================>
----------------check2-----------------
<======== request end ===========================>
----------------check2-----------------
<======== request end ===========================>
----------------check2-----------------
<======== request end ===========================>
----------------check2-----------------
<======== request end ===========================>
----------------check2-----------------
<======== request end ===========================>
----------------check2-----------------
<======== request end ===========================>
----------------check2-----------------
<======== request end ===========================>
----------------check2-----------------
<======== request end ===========================>
----------------check2-----------------
<======== request end ===========================>
----------------check2-----------------
<======== request end ===========================>
----------------check2-----------------
<======== request end ===========================>
----------------check2-----------------
<======== request end ===========================>
----------------check2-----------------
<======== request end ===========================>
----------------check2-----------------
[RET] -1
[INFO] RET-1
newEventCount: 1
processReadEvent currEvent: ident : 8 filter : READ flags : 0x5 data: 473879

8 = RECV currEvent.ident
[RECV] DONE 0
8, 0x607000007170 = RecvEventBean::runBeanEvent
----------------check2-----------------
----------------check2-----------------
<======== request end ===========================>
----------------check2-----------------
<======== request end ===========================>
----------------check2-----------------
<======== request end ===========================>
----------------check2-----------------
<======== request end ===========================>
----------------check2-----------------
<======== request end ===========================>
----------------check2-----------------
<======== request end ===========================>
----------------check2-----------------
<======== request end ===========================>
----------------check2-----------------
<======== request end ===========================>
----------------check2-----------------
<======== request end ===========================>
----------------check2-----------------
<======== request end ===========================>
----------------check2-----------------
<======== request end ===========================>
----------------check2-----------------
<======== request end ===========================>
----------------check2-----------------
<======== request end ===========================>
----------------check2-----------------
<======== request end ===========================>
----------------check2-----------------
<======== request end ===========================>
----------------check2-----------------
<======== request end ===========================>
----------------check2-----------------
<======== request end ===========================>
----------------check2-----------------
<======== request end ===========================>
----------------check2-----------------
<======== request end ===========================>
----------------check2-----------------
<======== request end ===========================>
----------------check2-----------------
[RET] -1
[INFO] RET-1
newEventCount: 1
processReadEvent currEvent: ident : 8 filter : READ flags : 0x5 data: 469545

8 = RECV currEvent.ident
[RECV] DONE 0
8, 0x607000007170 = RecvEventBean::runBeanEvent
----------------check2-----------------
----------------check2-----------------
<======== request end ===========================>
----------------check2-----------------
<======== request end ===========================>
----------------check2-----------------
<======== request end ===========================>
----------------check2-----------------
<======== request end ===========================>
----------------check2-----------------
<======== request end ===========================>
----------------check2-----------------
<======== request end ===========================>
----------------check2-----------------
<======== request end ===========================>
----------------check2-----------------
<======== request end ===========================>
----------------check2-----------------
<======== request end ===========================>
----------------check2-----------------
<======== request end ===========================>
----------------check2-----------------
<======== request end ===========================>
----------------check2-----------------
<======== request end ===========================>
----------------check2-----------------
<======== request end ===========================>
----------------check2-----------------
<======== request end ===========================>
----------------check2-----------------
<======== request end ===========================>
----------------check2-----------------
<======== request end ===========================>
----------------check2-----------------
<======== request end ===========================>
----------------check2-----------------
<======== request end ===========================>
----------------check2-----------------
<======== request end ===========================>
----------------check2-----------------
[RET] -1
[INFO] RET-1
newEventCount: 1
processReadEvent currEvent: ident : 8 filter : READ flags : 0x5 data: 458305

8 = RECV currEvent.ident
[RECV] DONE 0
8, 0x607000007170 = RecvEventBean::runBeanEvent
----------------check2-----------------
----------------check2-----------------
<======== request end ===========================>
----------------check2-----------------
<======== request end ===========================>
----------------check2-----------------
<======== request end ===========================>
----------------check2-----------------
<======== request end ===========================>
----------------check2-----------------
<======== request end ===========================>
----------------check2-----------------
<======== request end ===========================>
----------------check2-----------------
<======== request end ===========================>
----------------check2-----------------
<======== request end ===========================>
----------------check2-----------------
<======== request end ===========================>
----------------check2-----------------
<======== request end ===========================>
----------------check2-----------------
<======== request end ===========================>
----------------check2-----------------
<======== request end ===========================>
----------------check2-----------------
<======== request end ===========================>
----------------check2-----------------
<======== request end ===========================>
----------------check2-----------------
<======== request end ===========================>
----------------check2-----------------
<======== request end ===========================>
----------------check2-----------------
<======== request end ===========================>
----------------check2-----------------
<======== request end ===========================>
----------------check2-----------------
<======== request end ===========================>
----------------check2-----------------
[RET] -1
[INFO] RET-1
newEventCount: 1
processReadEvent currEvent: ident : 8 filter : READ flags : 0x5 data: 395539

8 = RECV currEvent.ident
[RECV] DONE 0
8, 0x607000007170 = RecvEventBean::runBeanEvent
----------------check2-----------------
----------------check2-----------------
<======== request end ===========================>
----------------check2-----------------
<======== request end ===========================>
----------------check2-----------------
<======== request end ===========================>
----------------check2-----------------
<======== request end ===========================>
----------------check2-----------------
<======== request end ===========================>
----------------check2-----------------
<======== request end ===========================>
----------------check2-----------------
<======== request end ===========================>
----------------check2-----------------
<======== request end ===========================>
----------------check2-----------------
<======== request end ===========================>
----------------check2-----------------
<======== request end ===========================>
----------------check2-----------------
<======== request end ===========================>
----------------check2-----------------
<======== request end ===========================>
----------------check2-----------------
<======== request end ===========================>
----------------check2-----------------
<======== request end ===========================>
----------------check2-----------------
<======== request end ===========================>
----------------check2-----------------
<======== request end ===========================>
----------------check2-----------------
<======== request end ===========================>
----------------check2-----------------
<======== request end ===========================>
----------------check2-----------------
<======== request end ===========================>
----------------check2-----------------
[RET] -1
[INFO] RET-1
newEventCount: 1
processReadEvent currEvent: ident : 8 filter : READ flags : 0x5 data: 371525

8 = RECV currEvent.ident
[RECV] DONE 0
8, 0x607000007170 = RecvEventBean::runBeanEvent
----------------check2-----------------
----------------check2-----------------
<======== request end ===========================>
----------------check2-----------------
<======== request end ===========================>
----------------check2-----------------
<======== request end ===========================>
----------------check2-----------------
<======== request end ===========================>
----------------check2-----------------
<======== request end ===========================>
----------------check2-----------------
<======== request end ===========================>
----------------check2-----------------
<======== request end ===========================>
----------------check2-----------------
<======== request end ===========================>
----------------check2-----------------
<======== request end ===========================>
----------------check2-----------------
<======== request end ===========================>
----------------check2-----------------
<======== request end ===========================>
----------------check2-----------------
<======== request end ===========================>
----------------check2-----------------
<======== request end ===========================>
----------------check2-----------------
<======== request end ===========================>
----------------check2-----------------
<======== request end ===========================>
----------------check2-----------------
<======== request end ===========================>
----------------check2-----------------
<======== request end ===========================>
----------------check2-----------------
[RET] -1
[INFO] RET-1
newEventCount: 1
processReadEvent currEvent: ident : 8 filter : READ flags : 0x5 data: 364615

8 = RECV currEvent.ident
[RECV] DONE 0
8, 0x607000007170 = RecvEventBean::runBeanEvent
----------------check2-----------------
----------------check2-----------------
<======== request end ===========================>
----------------check2-----------------
<======== request end ===========================>
----------------check2-----------------
<======== request end ===========================>
----------------check2-----------------
<======== request end ===========================>
----------------check2-----------------
<======== request end ===========================>
----------------check2-----------------
<======== request end ===========================>
----------------check2-----------------
<======== request end ===========================>
----------------check2-----------------
<======== request end ===========================>
----------------check2-----------------
<======== request end ===========================>
----------------check2-----------------
<======== request end ===========================>
----------------check2-----------------
<======== request end ===========================>
----------------check2-----------------
<======== request end ===========================>
----------------check2-----------------
<======== request end ===========================>
----------------check2-----------------
<======== request end ===========================>
----------------check2-----------------
<======== request end ===========================>
----------------check2-----------------
<======== request end ===========================>
----------------check2-----------------
<======== request end ===========================>
----------------check2-----------------
<======== request end ===========================>
----------------check2-----------------
<======== request end ===========================>
----------------check2-----------------
[RET] -1
[INFO] RET-1
newEventCount: 1
processReadEvent currEvent: ident : 8 filter : READ flags : 0x5 data: 375381

8 = RECV currEvent.ident
[RECV] DONE 0
8, 0x607000007170 = RecvEventBean::runBeanEvent
----------------check2-----------------
----------------check2-----------------
<======== request end ===========================>
----------------check2-----------------
<======== request end ===========================>
----------------check2-----------------
<======== request end ===========================>
----------------check2-----------------
<======== request end ===========================>
----------------check2-----------------
<======== request end ===========================>
----------------check2-----------------
<======== request end ===========================>
----------------check2-----------------
<======== request end ===========================>
----------------check2-----------------
<======== request end ===========================>
----------------check2-----------------
<======== request end ===========================>
----------------check2-----------------
<======== request end ===========================>
----------------check2-----------------
<======== request end ===========================>
----------------check2-----------------
<======== request end ===========================>
----------------check2-----------------
<======== request end ===========================>
----------------check2-----------------
<======== request end ===========================>
----------------check2-----------------
<======== request end ===========================>
----------------check2-----------------
<======== request end ===========================>
----------------check2-----------------
<======== request end ===========================>
----------------check2-----------------
<======== request end ===========================>
----------------check2-----------------
[RET] -1
[INFO] RET-1
newEventCount: 1
processReadEvent currEvent: ident : 8 filter : READ flags : 0x5 data: 389225

8 = RECV currEvent.ident
[RECV] DONE 0
8, 0x607000007170 = RecvEventBean::runBeanEvent
----------------check2-----------------
----------------check2-----------------
<======== request end ===========================>
----------------check2-----------------
<======== request end ===========================>
----------------check2-----------------
<======== request end ===========================>
----------------check2-----------------
<======== request end ===========================>
----------------check2-----------------
<======== request end ===========================>
----------------check2-----------------
<======== request end ===========================>
----------------check2-----------------
<======== request end ===========================>
----------------check2-----------------
<======== request end ===========================>
----------------check2-----------------
<======== request end ===========================>
----------------check2-----------------
<======== request end ===========================>
----------------check2-----------------
<======== request end ===========================>
----------------check2-----------------
<======== request end ===========================>
----------------check2-----------------
<======== request end ===========================>
----------------check2-----------------
<======== request end ===========================>
----------------check2-----------------
<======== request end ===========================>
----------------check2-----------------
<======== request end ===========================>
----------------check2-----------------
<======== request end ===========================>
----------------check2-----------------
<======== request end ===========================>
----------------check2-----------------
[RET] -1
[INFO] RET-1
newEventCount: 1
processReadEvent currEvent: ident : 8 filter : READ flags : 0x5 data: 393306

8 = RECV currEvent.ident
[RECV] DONE 0
8, 0x607000007170 = RecvEventBean::runBeanEvent
----------------check2-----------------
----------------check2-----------------
<======== request end ===========================>
----------------check2-----------------
<======== request end ===========================>
----------------check2-----------------
<======== request end ===========================>
----------------check2-----------------
<======== request end ===========================>
----------------check2-----------------
<======== request end ===========================>
----------------check2-----------------
<======== request end ===========================>
----------------check2-----------------
<======== request end ===========================>
----------------check2-----------------
<======== request end ===========================>
----------------check2-----------------
<======== request end ===========================>
----------------check2-----------------
<======== request end ===========================>
----------------check2-----------------
<======== request end ===========================>
----------------check2-----------------
<======== request end ===========================>
----------------check2-----------------
<======== request end ===========================>
----------------check2-----------------
<======== request end ===========================>
----------------check2-----------------
<======== request end ===========================>
----------------check2-----------------
<======== request end ===========================>
----------------check2-----------------
<======== request end ===========================>
----------------check2-----------------
<======== request end ===========================>
----------------check2-----------------
[RET] -1
[INFO] RET-1
newEventCount: 1
processReadEvent currEvent: ident : 8 filter : READ flags : 0x5 data: 360768

8 = RECV currEvent.ident
[RECV] DONE 0
8, 0x607000007170 = RecvEventBean::runBeanEvent
----------------check2-----------------
----------------check2-----------------
<======== request end ===========================>
----------------check2-----------------
<======== request end ===========================>
----------------check2-----------------
<======== request end ===========================>
----------------check2-----------------
<======== request end ===========================>
----------------check2-----------------
<======== request end ===========================>
----------------check2-----------------
<======== request end ===========================>
----------------check2-----------------
<======== request end ===========================>
----------------check2-----------------
<======== request end ===========================>
----------------check2-----------------
<======== request end ===========================>
----------------check2-----------------
<======== request end ===========================>
----------------check2-----------------
<======== request end ===========================>
----------------check2-----------------
<======== request end ===========================>
----------------check2-----------------
<======== request end ===========================>
----------------check2-----------------
<======== request end ===========================>
----------------check2-----------------
<======== request end ===========================>
----------------check2-----------------
<======== request end ===========================>
----------------check2-----------------
<======== request end ===========================>
----------------check2-----------------
<======== request end ===========================>
----------------check2-----------------
[RET] -1
[INFO] RET-1
newEventCount: 1
processReadEvent currEvent: ident : 8 filter : READ flags : 0x5 data: 360972

8 = RECV currEvent.ident
[RECV] DONE 0
8, 0x607000007170 = RecvEventBean::runBeanEvent
----------------check2-----------------
----------------check2-----------------
<======== request end ===========================>
----------------check2-----------------
<======== request end ===========================>
----------------check2-----------------
<======== request end ===========================>
----------------check2-----------------
<======== request end ===========================>
----------------check2-----------------
<======== request end ===========================>
----------------check2-----------------
<======== request end ===========================>
----------------check2-----------------
<======== request end ===========================>
----------------check2-----------------
<======== request end ===========================>
----------------check2-----------------
<======== request end ===========================>
----------------check2-----------------
<======== request end ===========================>
----------------check2-----------------
<======== request end ===========================>
----------------check2-----------------
<======== request end ===========================>
----------------check2-----------------
<======== request end ===========================>
----------------check2-----------------
<======== request end ===========================>
----------------check2-----------------
<======== request end ===========================>
----------------check2-----------------
<======== request end ===========================>
----------------check2-----------------
<======== request end ===========================>
----------------check2-----------------
<======== request end ===========================>
----------------check2-----------------
[RET] -1
[INFO] RET-1
newEventCount: 1
processReadEvent currEvent: ident : 8 filter : READ flags : 0x5 data: 389213

8 = RECV currEvent.ident
[RECV] DONE 0
8, 0x607000007170 = RecvEventBean::runBeanEvent
----------------check2-----------------
----------------check2-----------------
<======== request end ===========================>
----------------check2-----------------
<======== request end ===========================>
----------------check2-----------------
<======== request end ===========================>
----------------check2-----------------
<======== request end ===========================>
----------------check2-----------------
<======== request end ===========================>
----------------check2-----------------
<======== request end ===========================>
----------------check2-----------------
<======== request end ===========================>
----------------check2-----------------
<======== request end ===========================>
----------------check2-----------------
<======== request end ===========================>
----------------check2-----------------
<======== request end ===========================>
----------------check2-----------------
<======== request end ===========================>
----------------check2-----------------
<======== request end ===========================>
----------------check2-----------------
<======== request end ===========================>
----------------check2-----------------
<======== request end ===========================>
----------------check2-----------------
<======== request end ===========================>
----------------check2-----------------
<======== request end ===========================>
----------------check2-----------------
<======== request end ===========================>
----------------check2-----------------
<======== request end ===========================>
----------------check2-----------------
[RET] -1
[INFO] RET-1
newEventCount: 1
processReadEvent currEvent: ident : 8 filter : READ flags : 0x5 data: 360557

8 = RECV currEvent.ident
[RECV] DONE 0
8, 0x607000007170 = RecvEventBean::runBeanEvent
----------------check2-----------------
----------------check2-----------------
<======== request end ===========================>
----------------check2-----------------
<======== request end ===========================>
----------------check2-----------------
<======== request end ===========================>
----------------check2-----------------
<======== request end ===========================>
----------------check2-----------------
<======== request end ===========================>
----------------check2-----------------
<======== request end ===========================>
----------------check2-----------------
<======== request end ===========================>
----------------check2-----------------
<======== request end ===========================>
----------------check2-----------------
<======== request end ===========================>
----------------check2-----------------
<======== request end ===========================>
----------------check2-----------------
<======== request end ===========================>
----------------check2-----------------
<======== request end ===========================>
----------------check2-----------------
<======== request end ===========================>
----------------check2-----------------
<======== request end ===========================>
----------------check2-----------------
<======== request end ===========================>
----------------check2-----------------
<======== request end ===========================>
----------------check2-----------------
<======== request end ===========================>
----------------check2-----------------
<======== request end ===========================>
----------------check2-----------------
[RET] -1
[INFO] RET-1
newEventCount: 1
processReadEvent currEvent: ident : 8 filter : READ flags : 0x5 data: 361035

8 = RECV currEvent.ident
[RECV] DONE 0
8, 0x607000007170 = RecvEventBean::runBeanEvent
----------------check2-----------------
----------------check2-----------------
<======== request end ===========================>
----------------check2-----------------
<======== request end ===========================>
----------------check2-----------------
<======== request end ===========================>
----------------check2-----------------
<======== request end ===========================>
----------------check2-----------------
<======== request end ===========================>
----------------check2-----------------
<======== request end ===========================>
----------------check2-----------------
<======== request end ===========================>
----------------check2-----------------
<======== request end ===========================>
----------------check2-----------------
<======== request end ===========================>
----------------check2-----------------
<======== request end ===========================>
----------------check2-----------------
<======== request end ===========================>
----------------check2-----------------
<======== request end ===========================>
----------------check2-----------------
<======== request end ===========================>
----------------check2-----------------
<======== request end ===========================>
----------------check2-----------------
<======== request end ===========================>
----------------check2-----------------
<======== request end ===========================>
----------------check2-----------------
<======== request end ===========================>
----------------check2-----------------
[RET] -1
[INFO] RET-1
newEventCount: 1
processReadEvent currEvent: ident : 8 filter : READ flags : 0x5 data: 393310

8 = RECV currEvent.ident
[RECV] DONE 0
8, 0x607000007170 = RecvEventBean::runBeanEvent
----------------check2-----------------
----------------check2-----------------
<======== request end ===========================>
----------------check2-----------------
<======== request end ===========================>
----------------check2-----------------
<======== request end ===========================>
----------------check2-----------------
<======== request end ===========================>
----------------check2-----------------
<======== request end ===========================>
----------------check2-----------------
<======== request end ===========================>
----------------check2-----------------
<======== request end ===========================>
----------------check2-----------------
<======== request end ===========================>
----------------check2-----------------
<======== request end ===========================>
----------------check2-----------------
<======== request end ===========================>
----------------check2-----------------
<======== request end ===========================>
----------------check2-----------------
<======== request end ===========================>
----------------check2-----------------
<======== request end ===========================>
----------------check2-----------------
<======== request end ===========================>
----------------check2-----------------
<======== request end ===========================>
----------------check2-----------------
<======== request end ===========================>
----------------check2-----------------
<======== request end ===========================>
----------------check2-----------------
<======== request end ===========================>
----------------check2-----------------
[RET] -1
[INFO] RET-1
newEventCount: 1
processReadEvent currEvent: ident : 8 filter : READ flags : 0x5 data: 392823

8 = RECV currEvent.ident
[RECV] DONE 0
8, 0x607000007170 = RecvEventBean::runBeanEvent
----------------check2-----------------
----------------check2-----------------
<======== request end ===========================>
----------------check2-----------------
<======== request end ===========================>
----------------check2-----------------
<======== request end ===========================>
----------------check2-----------------
<======== request end ===========================>
----------------check2-----------------
<======== request end ===========================>
----------------check2-----------------
<======== request end ===========================>
----------------check2-----------------
<======== request end ===========================>
----------------check2-----------------
<======== request end ===========================>
----------------check2-----------------
<======== request end ===========================>
----------------check2-----------------
<======== request end ===========================>
----------------check2-----------------
<======== request end ===========================>
----------------check2-----------------
<======== request end ===========================>
----------------check2-----------------
<======== request end ===========================>
----------------check2-----------------
<======== request end ===========================>
----------------check2-----------------
<======== request end ===========================>
----------------check2-----------------
<======== request end ===========================>
----------------check2-----------------
<======== request end ===========================>
----------------check2-----------------
<======== request end ===========================>
----------------check2-----------------
<======== request end ===========================>
----------------check2-----------------
[RET] -1
[INFO] RET-1
newEventCount: 1
processReadEvent currEvent: ident : 8 filter : READ flags : 0x5 data: 360575

8 = RECV currEvent.ident
[RECV] DONE 0
8, 0x607000007170 = RecvEventBean::runBeanEvent
----------------check2-----------------
----------------check2-----------------
<======== request end ===========================>
----------------check2-----------------
<======== request end ===========================>
----------------check2-----------------
<======== request end ===========================>
----------------check2-----------------
<======== request end ===========================>
----------------check2-----------------
<======== request end ===========================>
----------------check2-----------------
<======== request end ===========================>
----------------check2-----------------
<======== request end ===========================>
----------------check2-----------------
<======== request end ===========================>
----------------check2-----------------
<======== request end ===========================>
----------------check2-----------------
<======== request end ===========================>
----------------check2-----------------
<======== request end ===========================>
----------------check2-----------------
<======== request end ===========================>
----------------check2-----------------
<======== request end ===========================>
----------------check2-----------------
<======== request end ===========================>
----------------check2-----------------
<======== request end ===========================>
----------------check2-----------------
<======== request end ===========================>
----------------check2-----------------
<======== request end ===========================>
----------------check2-----------------
[RET] -1
[INFO] RET-1
newEventCount: 1
processReadEvent currEvent: ident : 8 filter : READ flags : 0x5 data: 323788

8 = RECV currEvent.ident
[RECV] DONE 0
8, 0x607000007170 = RecvEventBean::runBeanEvent
----------------check2-----------------
----------------check2-----------------
<======== request end ===========================>
----------------check2-----------------
<======== request end ===========================>
----------------check2-----------------
<======== request end ===========================>
----------------check2-----------------
<======== request end ===========================>
----------------check2-----------------
<======== request end ===========================>
----------------check2-----------------
<======== request end ===========================>
----------------check2-----------------
<======== request end ===========================>
----------------check2-----------------
<======== request end ===========================>
----------------check2-----------------
<======== request end ===========================>
----------------check2-----------------
<======== request end ===========================>
----------------check2-----------------
<======== request end ===========================>
----------------check2-----------------
<======== request end ===========================>
----------------check2-----------------
<======== request end ===========================>
----------------check2-----------------
<======== request end ===========================>
----------------check2-----------------
<======== request end ===========================>
----------------check2-----------------
[RET] -1
[INFO] RET-1
newEventCount: 1
processReadEvent currEvent: ident : 8 filter : READ flags : 0x5 data: 360493

8 = RECV currEvent.ident
[RECV] DONE 0
8, 0x607000007170 = RecvEventBean::runBeanEvent
----------------check2-----------------
----------------check2-----------------
<======== request end ===========================>
----------------check2-----------------
<======== request end ===========================>
----------------check2-----------------
<======== request end ===========================>
----------------check2-----------------
<======== request end ===========================>
----------------check2-----------------
<======== request end ===========================>
----------------check2-----------------
<======== request end ===========================>
----------------check2-----------------
<======== request end ===========================>
----------------check2-----------------
<======== request end ===========================>
----------------check2-----------------
<======== request end ===========================>
----------------check2-----------------
<======== request end ===========================>
----------------check2-----------------
<======== request end ===========================>
----------------check2-----------------
<======== request end ===========================>
----------------check2-----------------
[RET] -1
[INFO] RET-1
newEventCount: 1
processReadEvent currEvent: ident : 8 filter : READ flags : 0x5 data: 491428

8 = RECV currEvent.ident
[RECV] DONE 0
8, 0x607000007170 = RecvEventBean::runBeanEvent
----------------check2-----------------
----------------check2-----------------
<======== request end ===========================>
----------------check2-----------------
<======== request end ===========================>
----------------check2-----------------
<======== request end ===========================>
----------------check2-----------------
<======== request end ===========================>
----------------check2-----------------
<======== request end ===========================>
----------------check2-----------------
<======== request end ===========================>
----------------check2-----------------
<======== request end ===========================>
----------------check2-----------------
<======== request end ===========================>
----------------check2-----------------
<======== request end ===========================>
----------------check2-----------------
<======== request end ===========================>
----------------check2-----------------
<======== request end ===========================>
----------------check2-----------------
<======== request end ===========================>
----------------check2-----------------
<======== request end ===========================>
----------------check2-----------------
<======== request end ===========================>
----------------check2-----------------
<======== request end ===========================>
----------------check2-----------------
<======== request end ===========================>
----------------check2-----------------
<======== request end ===========================>
----------------check2-----------------
<======== request end ===========================>
----------------check2-----------------
<======== request end ===========================>
----------------check2-----------------
[RET] -1
[INFO] RET-1
newEventCount: 1
processReadEvent currEvent: ident : 8 filter : READ flags : 0x5 data: 400663

8 = RECV currEvent.ident
[RECV] DONE 0
8, 0x607000007170 = RecvEventBean::runBeanEvent
----------------check2-----------------
----------------check2-----------------
<======== request end ===========================>
----------------check2-----------------
<======== request end ===========================>
----------------check2-----------------
<======== request end ===========================>
----------------check2-----------------
<======== request end ===========================>
----------------check2-----------------
<======== request end ===========================>
----------------check2-----------------
<======== request end ===========================>
----------------check2-----------------
<======== request end ===========================>
----------------check2-----------------
<======== request end ===========================>
----------------check2-----------------
<======== request end ===========================>
----------------check2-----------------
<======== request end ===========================>
----------------check2-----------------
<======== request end ===========================>
----------------check2-----------------
<======== request end ===========================>
----------------check2-----------------
<======== request end ===========================>
----------------check2-----------------
<======== request end ===========================>
----------------check2-----------------
<======== request end ===========================>
----------------check2-----------------
<======== request end ===========================>
----------------check2-----------------
<======== request end ===========================>
----------------check2-----------------
<======== request end ===========================>
----------------check2-----------------
<======== request end ===========================>
----------------check2-----------------
[RET] -1
[INFO] RET-1
newEventCount: 1
processReadEvent currEvent: ident : 8 filter : READ flags : 0x5 data: 357724

8 = RECV currEvent.ident
[RECV] DONE 0
8, 0x607000007170 = RecvEventBean::runBeanEvent
----------------check2-----------------
----------------check2-----------------
<======== request end ===========================>
----------------check2-----------------
<======== request end ===========================>
----------------check2-----------------
<======== request end ===========================>
----------------check2-----------------
<======== request end ===========================>
----------------check2-----------------
<======== request end ===========================>
----------------check2-----------------
<======== request end ===========================>
----------------check2-----------------
<======== request end ===========================>
----------------check2-----------------
<======== request end ===========================>
----------------check2-----------------
<======== request end ===========================>
----------------check2-----------------
<======== request end ===========================>
----------------check2-----------------
<======== request end ===========================>
----------------check2-----------------
<======== request end ===========================>
----------------check2-----------------
<======== request end ===========================>
----------------check2-----------------
<======== request end ===========================>
----------------check2-----------------
<======== request end ===========================>
----------------check2-----------------
<======== request end ===========================>
----------------check2-----------------
[RET] -1
[INFO] RET-1
newEventCount: 1
processReadEvent currEvent: ident : 8 filter : READ flags : 0x5 data: 360534

8 = RECV currEvent.ident
[RECV] DONE 0
8, 0x607000007170 = RecvEventBean::runBeanEvent
----------------check2-----------------
----------------check2-----------------
<======== request end ===========================>
----------------check2-----------------
<======== request end ===========================>
----------------check2-----------------
<======== request end ===========================>
----------------check2-----------------
<======== request end ===========================>
----------------check2-----------------
<======== request end ===========================>
----------------check2-----------------
<======== request end ===========================>
----------------check2-----------------
<======== request end ===========================>
----------------check2-----------------
<======== request end ===========================>
----------------check2-----------------
<======== request end ===========================>
----------------check2-----------------
<======== request end ===========================>
----------------check2-----------------
<======== request end ===========================>
----------------check2-----------------
<======== request end ===========================>
----------------check2-----------------
<======== request end ===========================>
----------------check2-----------------
<======== request end ===========================>
----------------check2-----------------
<======== request end ===========================>
----------------check2-----------------
<======== request end ===========================>
----------------check2-----------------
[RET] -1
[INFO] RET-1
newEventCount: 1
processReadEvent currEvent: ident : 8 filter : READ flags : 0x5 data: 348919

8 = RECV currEvent.ident
[RECV] DONE 0
8, 0x607000007170 = RecvEventBean::runBeanEvent
----------------check2-----------------
----------------check2-----------------
<======== request end ===========================>
----------------check2-----------------
<======== request end ===========================>
----------------check2-----------------
<======== request end ===========================>
----------------check2-----------------
<======== request end ===========================>
----------------check2-----------------
<======== request end ===========================>
----------------check2-----------------
<======== request end ===========================>
----------------check2-----------------
<======== request end ===========================>
----------------check2-----------------
<======== request end ===========================>
----------------check2-----------------
<======== request end ===========================>
----------------check2-----------------
<======== request end ===========================>
----------------check2-----------------
<======== request end ===========================>
----------------check2-----------------
<======== request end ===========================>
----------------check2-----------------
<======== request end ===========================>
----------------check2-----------------
<======== request end ===========================>
----------------check2-----------------
<======== request end ===========================>
----------------check2-----------------
<======== request end ===========================>
----------------check2-----------------
<======== request end ===========================>
----------------check2-----------------
[RET] -1
[INFO] RET-1
newEventCount: 1
processReadEvent currEvent: ident : 8 filter : READ flags : 0x5 data: 327794

8 = RECV currEvent.ident
[RECV] DONE 0
8, 0x607000007170 = RecvEventBean::runBeanEvent
----------------check2-----------------
----------------check2-----------------
<======== request end ===========================>
----------------check2-----------------
<======== request end ===========================>
----------------check2-----------------
<======== request end ===========================>
----------------check2-----------------
<======== request end ===========================>
----------------check2-----------------
<======== request end ===========================>
----------------check2-----------------
<======== request end ===========================>
----------------check2-----------------
<======== request end ===========================>
----------------check2-----------------
<======== request end ===========================>
----------------check2-----------------
<======== request end ===========================>
----------------check2-----------------
<======== request end ===========================>
----------------check2-----------------
<======== request end ===========================>
----------------check2-----------------
<======== request end ===========================>
----------------check2-----------------
<======== request end ===========================>
----------------check2-----------------
<======== request end ===========================>
----------------check2-----------------
<======== request end ===========================>
----------------check2-----------------
<======== request end ===========================>
----------------check2-----------------
[RET] -1
[INFO] RET-1
newEventCount: 1
processReadEvent currEvent: ident : 8 filter : READ flags : 0x5 data: 324442

8 = RECV currEvent.ident
[RECV] DONE 0
8, 0x607000007170 = RecvEventBean::runBeanEvent
----------------check2-----------------
----------------check2-----------------
<======== request end ===========================>
----------------check2-----------------
<======== request end ===========================>
----------------check2-----------------
<======== request end ===========================>
----------------check2-----------------
<======== request end ===========================>
----------------check2-----------------
<======== request end ===========================>
----------------check2-----------------
<======== request end ===========================>
----------------check2-----------------
<======== request end ===========================>
----------------check2-----------------
<======== request end ===========================>
----------------check2-----------------
<======== request end ===========================>
----------------check2-----------------
<======== request end ===========================>
----------------check2-----------------
<======== request end ===========================>
----------------check2-----------------
<======== request end ===========================>
----------------check2-----------------
<======== request end ===========================>
----------------check2-----------------
<======== request end ===========================>
----------------check2-----------------
<======== request end ===========================>
----------------check2-----------------
[RET] -1
[INFO] RET-1
newEventCount: 1
processReadEvent currEvent: ident : 8 filter : READ flags : 0x5 data: 393795

8 = RECV currEvent.ident
[RECV] DONE 0
8, 0x607000007170 = RecvEventBean::runBeanEvent
----------------check2-----------------
----------------check2-----------------
<======== request end ===========================>
----------------check2-----------------
<======== request end ===========================>
----------------check2-----------------
<======== request end ===========================>
----------------check2-----------------
<======== request end ===========================>
----------------check2-----------------
<======== request end ===========================>
----------------check2-----------------
<======== request end ===========================>
----------------check2-----------------
<======== request end ===========================>
----------------check2-----------------
<======== request end ===========================>
----------------check2-----------------
<======== request end ===========================>
----------------check2-----------------
<======== request end ===========================>
----------------check2-----------------
<======== request end ===========================>
----------------check2-----------------
<======== request end ===========================>
----------------check2-----------------
<======== request end ===========================>
----------------check2-----------------
[RET] -1
[INFO] RET-1
newEventCount: 1
processReadEvent currEvent: ident : 8 filter : READ flags : 0x5 data: 555153

8 = RECV currEvent.ident
[RECV] DONE 0
8, 0x607000007170 = RecvEventBean::runBeanEvent
----------------check2-----------------
----------------check2-----------------
<======== request end ===========================>
----------------check2-----------------
<======== request end ===========================>
----------------check2-----------------
<======== request end ===========================>
----------------check2-----------------
<======== request end ===========================>
----------------check2-----------------
<======== request end ===========================>
----------------check2-----------------
<======== request end ===========================>
----------------check2-----------------
<======== request end ===========================>
----------------check2-----------------
<======== request end ===========================>
----------------check2-----------------
<======== request end ===========================>
----------------check2-----------------
<======== request end ===========================>
----------------check2-----------------
<======== request end ===========================>
----------------check2-----------------
<======== request end ===========================>
----------------check2-----------------
<======== request end ===========================>
----------------check2-----------------
<======== request end ===========================>
----------------check2-----------------
<======== request end ===========================>
----------------check2-----------------
<======== request end ===========================>
----------------check2-----------------
<======== request end ===========================>
----------------check2-----------------
<======== request end ===========================>
----------------check2-----------------
<======== request end ===========================>
----------------check2-----------------
[RET] -1
[INFO] RET-1
newEventCount: 1
processReadEvent currEvent: ident : 8 filter : READ flags : 0x5 data: 566185

8 = RECV currEvent.ident
[RECV] DONE 0
8, 0x607000007170 = RecvEventBean::runBeanEvent
----------------check2-----------------
----------------check2-----------------
<======== request end ===========================>
----------------check2-----------------
<======== request end ===========================>
----------------check2-----------------
<======== request end ===========================>
----------------check2-----------------
<======== request end ===========================>
----------------check2-----------------
<======== request end ===========================>
----------------check2-----------------
<======== request end ===========================>
----------------check2-----------------
<======== request end ===========================>
----------------check2-----------------
<======== request end ===========================>
----------------check2-----------------
<======== request end ===========================>
----------------check2-----------------
<======== request end ===========================>
----------------check2-----------------
<======== request end ===========================>
----------------check2-----------------
<======== request end ===========================>
----------------check2-----------------
<======== request end ===========================>
----------------check2-----------------
<======== request end ===========================>
----------------check2-----------------
<======== request end ===========================>
----------------check2-----------------
<======== request end ===========================>
----------------check2-----------------
<======== request end ===========================>
----------------check2-----------------
<======== request end ===========================>
----------------check2-----------------
<======== request end ===========================>
----------------check2-----------------
<======== request end ===========================>
----------------check2-----------------
[RET] -1
[INFO] RET-1
newEventCount: 1
processReadEvent currEvent: ident : 8 filter : READ flags : 0x5 data: 606411

8 = RECV currEvent.ident
[RECV] DONE 0
8, 0x607000007170 = RecvEventBean::runBeanEvent
----------------check2-----------------
----------------check2-----------------
<======== request end ===========================>
----------------check2-----------------
<======== request end ===========================>
----------------check2-----------------
<======== request end ===========================>
----------------check2-----------------
<======== request end ===========================>
----------------check2-----------------
<======== request end ===========================>
----------------check2-----------------
<======== request end ===========================>
----------------check2-----------------
<======== request end ===========================>
----------------check2-----------------
<======== request end ===========================>
----------------check2-----------------
<======== request end ===========================>
----------------check2-----------------
<======== request end ===========================>
----------------check2-----------------
<======== request end ===========================>
----------------check2-----------------
<======== request end ===========================>
----------------check2-----------------
<======== request end ===========================>
----------------check2-----------------
<======== request end ===========================>
----------------check2-----------------
<======== request end ===========================>
----------------check2-----------------
<======== request end ===========================>
----------------check2-----------------
<======== request end ===========================>
----------------check2-----------------
<======== request end ===========================>
----------------check2-----------------
<======== request end ===========================>
----------------check2-----------------
<======== request end ===========================>
----------------check2-----------------
[RET] -1
[INFO] RET-1
newEventCount: 1
processReadEvent currEvent: ident : 8 filter : READ flags : 0x5 data: 640531

8 = RECV currEvent.ident
[RECV] DONE 0
8, 0x607000007170 = RecvEventBean::runBeanEvent
----------------check2-----------------
----------------check2-----------------
<======== request end ===========================>
----------------check2-----------------
<======== request end ===========================>
----------------check2-----------------
<======== request end ===========================>
----------------check2-----------------
<======== request end ===========================>
----------------check2-----------------
<======== request end ===========================>
----------------check2-----------------
<======== request end ===========================>
----------------check2-----------------
<======== request end ===========================>
----------------check2-----------------
<======== request end ===========================>
----------------check2-----------------
<======== request end ===========================>
----------------check2-----------------
<======== request end ===========================>
----------------check2-----------------
<======== request end ===========================>
----------------check2-----------------
<======== request end ===========================>
----------------check2-----------------
<======== request end ===========================>
----------------check2-----------------
<======== request end ===========================>
----------------check2-----------------
<======== request end ===========================>
----------------check2-----------------
<======== request end ===========================>
----------------check2-----------------
<======== request end ===========================>
----------------check2-----------------
<======== request end ===========================>
----------------check2-----------------
<======== request end ===========================>
----------------check2-----------------
<======== request end ===========================>
----------------check2-----------------
[RET] -1
[INFO] RET-1
newEventCount: 1
processReadEvent currEvent: ident : 8 filter : READ flags : 0x5 data: 649633

8 = RECV currEvent.ident
[RECV] DONE 0
8, 0x607000007170 = RecvEventBean::runBeanEvent
----------------check2-----------------
----------------check2-----------------
<======== request end ===========================>
----------------check2-----------------
<======== request end ===========================>
----------------check2-----------------
<======== request end ===========================>
----------------check2-----------------
<======== request end ===========================>
----------------check2-----------------
<======== request end ===========================>
----------------check2-----------------
<======== request end ===========================>
----------------check2-----------------
<======== request end ===========================>
----------------check2-----------------
<======== request end ===========================>
----------------check2-----------------
<======== request end ===========================>
----------------check2-----------------
<======== request end ===========================>
----------------check2-----------------
<======== request end ===========================>
----------------check2-----------------
<======== request end ===========================>
----------------check2-----------------
<======== request end ===========================>
----------------check2-----------------
<======== request end ===========================>
----------------check2-----------------
<======== request end ===========================>
----------------check2-----------------
<======== request end ===========================>
----------------check2-----------------
<======== request end ===========================>
----------------check2-----------------
<======== request end ===========================>
----------------check2-----------------
<======== request end ===========================>
----------------check2-----------------
<======== request end ===========================>
----------------check2-----------------
[RET] -1
[INFO] RET-1
newEventCount: 1
processReadEvent currEvent: ident : 8 filter : READ flags : 0x5 data: 652678

8 = RECV currEvent.ident
[RECV] DONE 0
8, 0x607000007170 = RecvEventBean::runBeanEvent
----------------check2-----------------
----------------check2-----------------
<======== request end ===========================>
----------------check2-----------------
<======== request end ===========================>
----------------check2-----------------
<======== request end ===========================>
----------------check2-----------------
<======== request end ===========================>
----------------check2-----------------
<======== request end ===========================>
----------------check2-----------------
<======== request end ===========================>
----------------check2-----------------
<======== request end ===========================>
----------------check2-----------------
<======== request end ===========================>
----------------check2-----------------
<======== request end ===========================>
----------------check2-----------------
<======== request end ===========================>
----------------check2-----------------
<======== request end ===========================>
----------------check2-----------------
<======== request end ===========================>
----------------check2-----------------
<======== request end ===========================>
----------------check2-----------------
<======== request end ===========================>
----------------check2-----------------
<======== request end ===========================>
----------------check2-----------------
<======== request end ===========================>
----------------check2-----------------
<======== request end ===========================>
----------------check2-----------------
<======== request end ===========================>
----------------check2-----------------
<======== request end ===========================>
----------------check2-----------------
<======== request end ===========================>
----------------check2-----------------
[RET] -1
[INFO] RET-1
newEventCount: 1
processReadEvent currEvent: ident : 8 filter : READ flags : 0x5 data: 653284

8 = RECV currEvent.ident
[RECV] DONE 0
8, 0x607000007170 = RecvEventBean::runBeanEvent
----------------check2-----------------
----------------check2-----------------
<======== request end ===========================>
----------------check2-----------------
<======== request end ===========================>
----------------check2-----------------
<======== request end ===========================>
----------------check2-----------------
<======== request end ===========================>
----------------check2-----------------
<======== request end ===========================>
----------------check2-----------------
<======== request end ===========================>
----------------check2-----------------
<======== request end ===========================>
----------------check2-----------------
<======== request end ===========================>
----------------check2-----------------
<======== request end ===========================>
----------------check2-----------------
<======== request end ===========================>
----------------check2-----------------
<======== request end ===========================>
----------------check2-----------------
<======== request end ===========================>
----------------check2-----------------
<======== request end ===========================>
----------------check2-----------------
<======== request end ===========================>
----------------check2-----------------
<======== request end ===========================>
----------------check2-----------------
<======== request end ===========================>
----------------check2-----------------
<======== request end ===========================>
----------------check2-----------------
<======== request end ===========================>
----------------check2-----------------
<======== request end ===========================>
----------------check2-----------------
[RET] -1
[INFO] RET-1
newEventCount: 1
processReadEvent currEvent: ident : 8 filter : READ flags : 0x5 data: 652388

8 = RECV currEvent.ident
[RECV] DONE 0
8, 0x607000007170 = RecvEventBean::runBeanEvent
----------------check2-----------------
----------------check2-----------------
<======== request end ===========================>
----------------check2-----------------
<======== request end ===========================>
----------------check2-----------------
<======== request end ===========================>
----------------check2-----------------
<======== request end ===========================>
----------------check2-----------------
<======== request end ===========================>
----------------check2-----------------
<======== request end ===========================>
----------------check2-----------------
<======== request end ===========================>
----------------check2-----------------
<======== request end ===========================>
----------------check2-----------------
<======== request end ===========================>
----------------check2-----------------
<======== request end ===========================>
----------------check2-----------------
<======== request end ===========================>
----------------check2-----------------
<======== request end ===========================>
----------------check2-----------------
<======== request end ===========================>
----------------check2-----------------
<======== request end ===========================>
----------------check2-----------------
<======== request end ===========================>
----------------check2-----------------
<======== request end ===========================>
----------------check2-----------------
<======== request end ===========================>
----------------check2-----------------
<======== request end ===========================>
----------------check2-----------------
<======== request end ===========================>
----------------check2-----------------
<======== request end ===========================>
----------------check2-----------------
[RET] -1
[INFO] RET-1
newEventCount: 1
processReadEvent currEvent: ident : 8 filter : READ flags : 0x5 data: 642421

8 = RECV currEvent.ident
[RECV] DONE 0
8, 0x607000007170 = RecvEventBean::runBeanEvent
----------------check2-----------------
----------------check2-----------------
<======== request end ===========================>
----------------check2-----------------
<======== request end ===========================>
----------------check2-----------------
<======== request end ===========================>
----------------check2-----------------
<======== request end ===========================>
----------------check2-----------------
<======== request end ===========================>
----------------check2-----------------
<======== request end ===========================>
----------------check2-----------------
<======== request end ===========================>
----------------check2-----------------
<======== request end ===========================>
----------------check2-----------------
<======== request end ===========================>
----------------check2-----------------
<======== request end ===========================>
----------------check2-----------------
<======== request end ===========================>
----------------check2-----------------
<======== request end ===========================>
----------------check2-----------------
<======== request end ===========================>
----------------check2-----------------
<======== request end ===========================>
----------------check2-----------------
<======== request end ===========================>
----------------check2-----------------
<======== request end ===========================>
----------------check2-----------------
<======== request end ===========================>
----------------check2-----------------
<======== request end ===========================>
----------------check2-----------------
<======== request end ===========================>
----------------check2-----------------
<======== request end ===========================>
----------------check2-----------------
[RET] -1
[INFO] RET-1
newEventCount: 1
processReadEvent currEvent: ident : 8 filter : READ flags : 0x5 data: 644053

8 = RECV currEvent.ident
[RECV] DONE 0
8, 0x607000007170 = RecvEventBean::runBeanEvent
----------------check2-----------------
----------------check2-----------------
<======== request end ===========================>
----------------check2-----------------
<======== request end ===========================>
----------------check2-----------------
<======== request end ===========================>
----------------check2-----------------
<======== request end ===========================>
----------------check2-----------------
<======== request end ===========================>
----------------check2-----------------
<======== request end ===========================>
----------------check2-----------------
<======== request end ===========================>
----------------check2-----------------
<======== request end ===========================>
----------------check2-----------------
<======== request end ===========================>
----------------check2-----------------
<======== request end ===========================>
----------------check2-----------------
<======== request end ===========================>
----------------check2-----------------
<======== request end ===========================>
----------------check2-----------------
<======== request end ===========================>
----------------check2-----------------
<======== request end ===========================>
----------------check2-----------------
<======== request end ===========================>
----------------check2-----------------
<======== request end ===========================>
----------------check2-----------------
<======== request end ===========================>
----------------check2-----------------
<======== request end ===========================>
----------------check2-----------------
<======== request end ===========================>
----------------check2-----------------
<======== request end ===========================>
----------------check2-----------------
[RET] -1
[INFO] RET-1
newEventCount: 1
processReadEvent currEvent: ident : 8 filter : READ flags : 0x5 data: 651424

8 = RECV currEvent.ident
[RECV] DONE 0
8, 0x607000007170 = RecvEventBean::runBeanEvent
----------------check2-----------------
----------------check2-----------------
<======== request end ===========================>
----------------check2-----------------
<======== request end ===========================>
----------------check2-----------------
<======== request end ===========================>
----------------check2-----------------
<======== request end ===========================>
----------------check2-----------------
<======== request end ===========================>
----------------check2-----------------
<======== request end ===========================>
----------------check2-----------------
<======== request end ===========================>
----------------check2-----------------
<======== request end ===========================>
----------------check2-----------------
<======== request end ===========================>
----------------check2-----------------
<======== request end ===========================>
----------------check2-----------------
<======== request end ===========================>
----------------check2-----------------
<======== request end ===========================>
----------------check2-----------------
<======== request end ===========================>
----------------check2-----------------
<======== request end ===========================>
----------------check2-----------------
<======== request end ===========================>
----------------check2-----------------
<======== request end ===========================>
----------------check2-----------------
<======== request end ===========================>
----------------check2-----------------
<======== request end ===========================>
----------------check2-----------------
<======== request end ===========================>
----------------check2-----------------
[RET] -1
[INFO] RET-1
newEventCount: 1
processReadEvent currEvent: ident : 8 filter : READ flags : 0x5 data: 653004

8 = RECV currEvent.ident
[RECV] DONE 0
8, 0x607000007170 = RecvEventBean::runBeanEvent
----------------check2-----------------
----------------check2-----------------
<======== request end ===========================>
----------------check2-----------------
<======== request end ===========================>
----------------check2-----------------
<======== request end ===========================>
----------------check2-----------------
<======== request end ===========================>
----------------check2-----------------
<======== request end ===========================>
----------------check2-----------------
<======== request end ===========================>
----------------check2-----------------
<======== request end ===========================>
----------------check2-----------------
<======== request end ===========================>
----------------check2-----------------
<======== request end ===========================>
----------------check2-----------------
<======== request end ===========================>
----------------check2-----------------
<======== request end ===========================>
----------------check2-----------------
<======== request end ===========================>
----------------check2-----------------
<======== request end ===========================>
----------------check2-----------------
<======== request end ===========================>
----------------check2-----------------
<======== request end ===========================>
----------------check2-----------------
<======== request end ===========================>
----------------check2-----------------
<======== request end ===========================>
----------------check2-----------------
<======== request end ===========================>
----------------check2-----------------
<======== request end ===========================>
----------------check2-----------------
[RET] -1
[INFO] RET-1
newEventCount: 1
processReadEvent currEvent: ident : 8 filter : READ flags : 0x5 data: 653513

8 = RECV currEvent.ident
[RECV] DONE 0
8, 0x607000007170 = RecvEventBean::runBeanEvent
----------------check2-----------------
----------------check2-----------------
<======== request end ===========================>
----------------check2-----------------
<======== request end ===========================>
----------------check2-----------------
<======== request end ===========================>
----------------check2-----------------
<======== request end ===========================>
----------------check2-----------------
<======== request end ===========================>
----------------check2-----------------
<======== request end ===========================>
----------------check2-----------------
<======== request end ===========================>
----------------check2-----------------
<======== request end ===========================>
----------------check2-----------------
<======== request end ===========================>
----------------check2-----------------
<======== request end ===========================>
----------------check2-----------------
<======== request end ===========================>
----------------check2-----------------
<======== request end ===========================>
----------------check2-----------------
<======== request end ===========================>
----------------check2-----------------
<======== request end ===========================>
----------------check2-----------------
<======== request end ===========================>
----------------check2-----------------
<======== request end ===========================>
----------------check2-----------------
<======== request end ===========================>
----------------check2-----------------
<======== request end ===========================>
----------------check2-----------------
<======== request end ===========================>
----------------check2-----------------
<======== request end ===========================>
----------------check2-----------------
[RET] -1
[INFO] RET-1
newEventCount: 1
processReadEvent currEvent: ident : 8 filter : READ flags : 0x5 data: 650882

8 = RECV currEvent.ident
[RECV] DONE 0
8, 0x607000007170 = RecvEventBean::runBeanEvent
----------------check2-----------------
----------------check2-----------------
<======== request end ===========================>
----------------check2-----------------
<======== request end ===========================>
----------------check2-----------------
<======== request end ===========================>
----------------check2-----------------
<======== request end ===========================>
----------------check2-----------------
<======== request end ===========================>
----------------check2-----------------
<======== request end ===========================>
----------------check2-----------------
<======== request end ===========================>
----------------check2-----------------
<======== request end ===========================>
----------------check2-----------------
<======== request end ===========================>
----------------check2-----------------
<======== request end ===========================>
----------------check2-----------------
<======== request end ===========================>
----------------check2-----------------
<======== request end ===========================>
----------------check2-----------------
<======== request end ===========================>
----------------check2-----------------
<======== request end ===========================>
----------------check2-----------------
<======== request end ===========================>
----------------check2-----------------
<======== request end ===========================>
----------------check2-----------------
<======== request end ===========================>
----------------check2-----------------
<======== request end ===========================>
----------------check2-----------------
<======== request end ===========================>
----------------check2-----------------
<======== request end ===========================>
----------------check2-----------------
[RET] -1
[INFO] RET-1
newEventCount: 1
processReadEvent currEvent: ident : 8 filter : READ flags : 0x5 data: 652333

8 = RECV currEvent.ident
[RECV] DONE 0
8, 0x607000007170 = RecvEventBean::runBeanEvent
----------------check2-----------------
----------------check2-----------------
<======== request end ===========================>
----------------check2-----------------
<======== request end ===========================>
----------------check2-----------------
<======== request end ===========================>
----------------check2-----------------
<======== request end ===========================>
----------------check2-----------------
<======== request end ===========================>
----------------check2-----------------
<======== request end ===========================>
----------------check2-----------------
<======== request end ===========================>
----------------check2-----------------
<======== request end ===========================>
----------------check2-----------------
<======== request end ===========================>
----------------check2-----------------
<======== request end ===========================>
----------------check2-----------------
<======== request end ===========================>
----------------check2-----------------
<======== request end ===========================>
----------------check2-----------------
<======== request end ===========================>
----------------check2-----------------
<======== request end ===========================>
----------------check2-----------------
<======== request end ===========================>
----------------check2-----------------
<======== request end ===========================>
----------------check2-----------------
<======== request end ===========================>
----------------check2-----------------
<======== request end ===========================>
----------------check2-----------------
<======== request end ===========================>
----------------check2-----------------
<======== request end ===========================>
----------------check2-----------------
[RET] -1
[INFO] RET-1
newEventCount: 1
processReadEvent currEvent: ident : 8 filter : READ flags : 0x5 data: 640540

8 = RECV currEvent.ident
[RECV] DONE 0
8, 0x607000007170 = RecvEventBean::runBeanEvent
----------------check2-----------------
----------------check2-----------------
<======== request end ===========================>
----------------check2-----------------
<======== request end ===========================>
----------------check2-----------------
<======== request end ===========================>
----------------check2-----------------
<======== request end ===========================>
----------------check2-----------------
<======== request end ===========================>
----------------check2-----------------
<======== request end ===========================>
----------------check2-----------------
<======== request end ===========================>
----------------check2-----------------
<======== request end ===========================>
----------------check2-----------------
<======== request end ===========================>
----------------check2-----------------
<======== request end ===========================>
----------------check2-----------------
<======== request end ===========================>
----------------check2-----------------
<======== request end ===========================>
----------------check2-----------------
<======== request end ===========================>
----------------check2-----------------
<======== request end ===========================>
----------------check2-----------------
<======== request end ===========================>
----------------check2-----------------
<======== request end ===========================>
----------------check2-----------------
<======== request end ===========================>
----------------check2-----------------
<======== request end ===========================>
----------------check2-----------------
<======== request end ===========================>
----------------check2-----------------
<======== request end ===========================>
----------------check2-----------------
[RET] -1
[INFO] RET-1
newEventCount: 1
processReadEvent currEvent: ident : 8 filter : READ flags : 0x5 data: 653080

8 = RECV currEvent.ident
[RECV] DONE 0
8, 0x607000007170 = RecvEventBean::runBeanEvent
----------------check2-----------------
----------------check2-----------------
<======== request end ===========================>
----------------check2-----------------
<======== request end ===========================>
----------------check2-----------------
<======== request end ===========================>
----------------check2-----------------
<======== request end ===========================>
----------------check2-----------------
<======== request end ===========================>
----------------check2-----------------
<======== request end ===========================>
----------------check2-----------------
<======== request end ===========================>
----------------check2-----------------
<======== request end ===========================>
----------------check2-----------------
<======== request end ===========================>
----------------check2-----------------
<======== request end ===========================>
----------------check2-----------------
<======== request end ===========================>
----------------check2-----------------
<======== request end ===========================>
----------------check2-----------------
<======== request end ===========================>
----------------check2-----------------
<======== request end ===========================>
----------------check2-----------------
<======== request end ===========================>
----------------check2-----------------
<======== request end ===========================>
----------------check2-----------------
<======== request end ===========================>
----------------check2-----------------
<======== request end ===========================>
----------------check2-----------------
<======== request end ===========================>
----------------check2-----------------
<======== request end ===========================>
----------------check2-----------------
[RET] -1
[INFO] RET-1
newEventCount: 1
processReadEvent currEvent: ident : 8 filter : READ flags : 0x5 data: 652512

8 = RECV currEvent.ident
[RECV] DONE 0
8, 0x607000007170 = RecvEventBean::runBeanEvent
----------------check2-----------------
----------------check2-----------------
<======== request end ===========================>
----------------check2-----------------
<======== request end ===========================>
----------------check2-----------------
<======== request end ===========================>
----------------check2-----------------
<======== request end ===========================>
----------------check2-----------------
<======== request end ===========================>
----------------check2-----------------
<======== request end ===========================>
----------------check2-----------------
<======== request end ===========================>
----------------check2-----------------
<======== request end ===========================>
----------------check2-----------------
<======== request end ===========================>
----------------check2-----------------
<======== request end ===========================>
----------------check2-----------------
<======== request end ===========================>
----------------check2-----------------
<======== request end ===========================>
----------------check2-----------------
<======== request end ===========================>
----------------check2-----------------
<======== request end ===========================>
----------------check2-----------------
<======== request end ===========================>
----------------check2-----------------
<======== request end ===========================>
----------------check2-----------------
<======== request end ===========================>
----------------check2-----------------
<======== request end ===========================>
----------------check2-----------------
<======== request end ===========================>
----------------check2-----------------
[RET] -1
[INFO] RET-1
newEventCount: 1
processReadEvent currEvent: ident : 8 filter : READ flags : 0x5 data: 652508

8 = RECV currEvent.ident
[RECV] DONE 0
8, 0x607000007170 = RecvEventBean::runBeanEvent
----------------check2-----------------
----------------check2-----------------
<======== request end ===========================>
----------------check2-----------------
<======== request end ===========================>
----------------check2-----------------
<======== request end ===========================>
----------------check2-----------------
<======== request end ===========================>
----------------check2-----------------
<======== request end ===========================>
----------------check2-----------------
<======== request end ===========================>
----------------check2-----------------
<======== request end ===========================>
----------------check2-----------------
<======== request end ===========================>
----------------check2-----------------
<======== request end ===========================>
----------------check2-----------------
<======== request end ===========================>
----------------check2-----------------
<======== request end ===========================>
----------------check2-----------------
<======== request end ===========================>
----------------check2-----------------
<======== request end ===========================>
----------------check2-----------------
<======== request end ===========================>
----------------check2-----------------
<======== request end ===========================>
----------------check2-----------------
<======== request end ===========================>
----------------check2-----------------
<======== request end ===========================>
----------------check2-----------------
<======== request end ===========================>
----------------check2-----------------
<======== request end ===========================>
----------------check2-----------------
[RET] -1
[INFO] RET-1
newEventCount: 1
processReadEvent currEvent: ident : 8 filter : READ flags : 0x5 data: 653373

8 = RECV currEvent.ident
[RECV] DONE 0
8, 0x607000007170 = RecvEventBean::runBeanEvent
----------------check2-----------------
----------------check2-----------------
<======== request end ===========================>
----------------check2-----------------
<======== request end ===========================>
----------------check2-----------------
<======== request end ===========================>
----------------check2-----------------
<======== request end ===========================>
----------------check2-----------------
<======== request end ===========================>
----------------check2-----------------
<======== request end ===========================>
----------------check2-----------------
<======== request end ===========================>
----------------check2-----------------
<======== request end ===========================>
----------------check2-----------------
<======== request end ===========================>
----------------check2-----------------
<======== request end ===========================>
----------------check2-----------------
<======== request end ===========================>
----------------check2-----------------
<======== request end ===========================>
----------------check2-----------------
<======== request end ===========================>
----------------check2-----------------
<======== request end ===========================>
----------------check2-----------------
<======== request end ===========================>
----------------check2-----------------
<======== request end ===========================>
----------------check2-----------------
<======== request end ===========================>
----------------check2-----------------
<======== request end ===========================>
----------------check2-----------------
<======== request end ===========================>
----------------check2-----------------
<======== request end ===========================>
----------------check2-----------------
[RET] -1
[INFO] RET-1
newEventCount: 1
processReadEvent currEvent: ident : 8 filter : READ flags : 0x5 data: 651606

8 = RECV currEvent.ident
[RECV] DONE 0
8, 0x607000007170 = RecvEventBean::runBeanEvent
----------------check2-----------------
----------------check2-----------------
<======== request end ===========================>
----------------check2-----------------
<======== request end ===========================>
----------------check2-----------------
<======== request end ===========================>
----------------check2-----------------
<======== request end ===========================>
----------------check2-----------------
<======== request end ===========================>
----------------check2-----------------
<======== request end ===========================>
----------------check2-----------------
<======== request end ===========================>
----------------check2-----------------
<======== request end ===========================>
----------------check2-----------------
<======== request end ===========================>
----------------check2-----------------
<======== request end ===========================>
----------------check2-----------------
<======== request end ===========================>
----------------check2-----------------
<======== request end ===========================>
----------------check2-----------------
<======== request end ===========================>
----------------check2-----------------
<======== request end ===========================>
----------------check2-----------------
<======== request end ===========================>
----------------check2-----------------
<======== request end ===========================>
----------------check2-----------------
<======== request end ===========================>
----------------check2-----------------
<======== request end ===========================>
----------------check2-----------------
<======== request end ===========================>
----------------check2-----------------
<======== request end ===========================>
----------------check2-----------------
[RET] -1
[INFO] RET-1
newEventCount: 1
processReadEvent currEvent: ident : 8 filter : READ flags : 0x5 data: 652245

8 = RECV currEvent.ident
[RECV] DONE 0
8, 0x607000007170 = RecvEventBean::runBeanEvent
----------------check2-----------------
----------------check2-----------------
<======== request end ===========================>
----------------check2-----------------
<======== request end ===========================>
----------------check2-----------------
<======== request end ===========================>
----------------check2-----------------
<======== request end ===========================>
----------------check2-----------------
<======== request end ===========================>
----------------check2-----------------
<======== request end ===========================>
----------------check2-----------------
<======== request end ===========================>
----------------check2-----------------
<======== request end ===========================>
----------------check2-----------------
<======== request end ===========================>
----------------check2-----------------
<======== request end ===========================>
----------------check2-----------------
<======== request end ===========================>
----------------check2-----------------
<======== request end ===========================>
----------------check2-----------------
<======== request end ===========================>
----------------check2-----------------
<======== request end ===========================>
----------------check2-----------------
<======== request end ===========================>
----------------check2-----------------
<======== request end ===========================>
----------------check2-----------------
<======== request end ===========================>
----------------check2-----------------
<======== request end ===========================>
----------------check2-----------------
<======== request end ===========================>
----------------check2-----------------
<======== request end ===========================>
----------------check2-----------------
[RET] -1
[INFO] RET-1
newEventCount: 1
processReadEvent currEvent: ident : 8 filter : READ flags : 0x5 data: 639188

8 = RECV currEvent.ident
[RECV] DONE 0
8, 0x607000007170 = RecvEventBean::runBeanEvent
----------------check2-----------------
----------------check2-----------------
<======== request end ===========================>
----------------check2-----------------
<======== request end ===========================>
----------------check2-----------------
<======== request end ===========================>
----------------check2-----------------
<======== request end ===========================>
----------------check2-----------------
<======== request end ===========================>
----------------check2-----------------
<======== request end ===========================>
----------------check2-----------------
<======== request end ===========================>
----------------check2-----------------
<======== request end ===========================>
----------------check2-----------------
<======== request end ===========================>
----------------check2-----------------
<======== request end ===========================>
----------------check2-----------------
<======== request end ===========================>
----------------check2-----------------
<======== request end ===========================>
----------------check2-----------------
<======== request end ===========================>
----------------check2-----------------
<======== request end ===========================>
----------------check2-----------------
<======== request end ===========================>
----------------check2-----------------
<======== request end ===========================>
----------------check2-----------------
<======== request end ===========================>
----------------check2-----------------
<======== request end ===========================>
----------------check2-----------------
<======== request end ===========================>
----------------check2-----------------
<======== request end ===========================>
----------------check2-----------------
[RET] -1
[INFO] RET-1
newEventCount: 1
processReadEvent currEvent: ident : 8 filter : READ flags : 0x5 data: 652259

8 = RECV currEvent.ident
[RECV] DONE 0
8, 0x607000007170 = RecvEventBean::runBeanEvent
----------------check2-----------------
----------------check2-----------------
<======== request end ===========================>
----------------check2-----------------
<======== request end ===========================>
----------------check2-----------------
<======== request end ===========================>
----------------check2-----------------
<======== request end ===========================>
----------------check2-----------------
<======== request end ===========================>
----------------check2-----------------
<======== request end ===========================>
----------------check2-----------------
<======== request end ===========================>
----------------check2-----------------
<======== request end ===========================>
----------------check2-----------------
<======== request end ===========================>
----------------check2-----------------
<======== request end ===========================>
----------------check2-----------------
<======== request end ===========================>
----------------check2-----------------
<======== request end ===========================>
----------------check2-----------------
<======== request end ===========================>
----------------check2-----------------
<======== request end ===========================>
----------------check2-----------------
<======== request end ===========================>
----------------check2-----------------
<======== request end ===========================>
----------------check2-----------------
<======== request end ===========================>
----------------check2-----------------
<======== request end ===========================>
----------------check2-----------------
<======== request end ===========================>
----------------check2-----------------
<======== request end ===========================>
----------------check2-----------------
[RET] -1
[INFO] RET-1
newEventCount: 1
processReadEvent currEvent: ident : 8 filter : READ flags : 0x5 data: 653178

8 = RECV currEvent.ident
[RECV] DONE 0
8, 0x607000007170 = RecvEventBean::runBeanEvent
----------------check2-----------------
----------------check2-----------------
<======== request end ===========================>
----------------check2-----------------
<======== request end ===========================>
----------------check2-----------------
<======== request end ===========================>
----------------check2-----------------
<======== request end ===========================>
----------------check2-----------------
<======== request end ===========================>
----------------check2-----------------
<======== request end ===========================>
----------------check2-----------------
<======== request end ===========================>
----------------check2-----------------
<======== request end ===========================>
----------------check2-----------------
<======== request end ===========================>
----------------check2-----------------
<======== request end ===========================>
----------------check2-----------------
<======== request end ===========================>
----------------check2-----------------
<======== request end ===========================>
----------------check2-----------------
<======== request end ===========================>
----------------check2-----------------
<======== request end ===========================>
----------------check2-----------------
<======== request end ===========================>
----------------check2-----------------
<======== request end ===========================>
----------------check2-----------------
<======== request end ===========================>
----------------check2-----------------
<======== request end ===========================>
----------------check2-----------------
<======== request end ===========================>
----------------check2-----------------
[RET] -1
[INFO] RET-1
newEventCount: 1
processReadEvent currEvent: ident : 8 filter : READ flags : 0x5 data: 648374

8 = RECV currEvent.ident
[RECV] DONE 0
8, 0x607000007170 = RecvEventBean::runBeanEvent
----------------check2-----------------
----------------check2-----------------
<======== request end ===========================>
----------------check2-----------------
<======== request end ===========================>
----------------check2-----------------
<======== request end ===========================>
----------------check2-----------------
<======== request end ===========================>
----------------check2-----------------
<======== request end ===========================>
----------------check2-----------------
<======== request end ===========================>
----------------check2-----------------
<======== request end ===========================>
----------------check2-----------------
<======== request end ===========================>
----------------check2-----------------
<======== request end ===========================>
----------------check2-----------------
<======== request end ===========================>
----------------check2-----------------
<======== request end ===========================>
----------------check2-----------------
<======== request end ===========================>
----------------check2-----------------
<======== request end ===========================>
----------------check2-----------------
<======== request end ===========================>
----------------check2-----------------
<======== request end ===========================>
----------------check2-----------------
<======== request end ===========================>
----------------check2-----------------
<======== request end ===========================>
----------------check2-----------------
<======== request end ===========================>
----------------check2-----------------
<======== request end ===========================>
----------------check2-----------------
<======== request end ===========================>
----------------check2-----------------
[RET] -1
[INFO] RET-1
newEventCount: 1
processReadEvent currEvent: ident : 8 filter : READ flags : 0x5 data: 645941

8 = RECV currEvent.ident
[RECV] DONE 0
8, 0x607000007170 = RecvEventBean::runBeanEvent
----------------check2-----------------
----------------check2-----------------
<======== request end ===========================>
----------------check2-----------------
<======== request end ===========================>
----------------check2-----------------
<======== request end ===========================>
----------------check2-----------------
<======== request end ===========================>
----------------check2-----------------
<======== request end ===========================>
----------------check2-----------------
<======== request end ===========================>
----------------check2-----------------
<======== request end ===========================>
----------------check2-----------------
<======== request end ===========================>
----------------check2-----------------
<======== request end ===========================>
----------------check2-----------------
<======== request end ===========================>
----------------check2-----------------
<======== request end ===========================>
----------------check2-----------------
<======== request end ===========================>
----------------check2-----------------
<======== request end ===========================>
----------------check2-----------------
<======== request end ===========================>
----------------check2-----------------
<======== request end ===========================>
----------------check2-----------------
<======== request end ===========================>
----------------check2-----------------
<======== request end ===========================>
----------------check2-----------------
<======== request end ===========================>
----------------check2-----------------
<======== request end ===========================>
----------------check2-----------------
<======== request end ===========================>
----------------check2-----------------
[RET] -1
[INFO] RET-1
newEventCount: 1
processReadEvent currEvent: ident : 8 filter : READ flags : 0x5 data: 645072

8 = RECV currEvent.ident
[RECV] DONE 0
8, 0x607000007170 = RecvEventBean::runBeanEvent
----------------check2-----------------
----------------check2-----------------
<======== request end ===========================>
----------------check2-----------------
<======== request end ===========================>
----------------check2-----------------
<======== request end ===========================>
----------------check2-----------------
<======== request end ===========================>
----------------check2-----------------
<======== request end ===========================>
----------------check2-----------------
<======== request end ===========================>
----------------check2-----------------
<======== request end ===========================>
----------------check2-----------------
<======== request end ===========================>
----------------check2-----------------
<======== request end ===========================>
----------------check2-----------------
<======== request end ===========================>
----------------check2-----------------
<======== request end ===========================>
----------------check2-----------------
<======== request end ===========================>
----------------check2-----------------
<======== request end ===========================>
----------------check2-----------------
<======== request end ===========================>
----------------check2-----------------
<======== request end ===========================>
----------------check2-----------------
<======== request end ===========================>
----------------check2-----------------
<======== request end ===========================>
----------------check2-----------------
<======== request end ===========================>
----------------check2-----------------
<======== request end ===========================>
----------------check2-----------------
<======== request end ===========================>
----------------check2-----------------
[RET] -1
[INFO] RET-1
newEventCount: 1
processReadEvent currEvent: ident : 8 filter : READ flags : 0x5 data: 653337

8 = RECV currEvent.ident
[RECV] DONE 0
8, 0x607000007170 = RecvEventBean::runBeanEvent
----------------check2-----------------
----------------check2-----------------
<======== request end ===========================>
----------------check2-----------------
<======== request end ===========================>
----------------check2-----------------
<======== request end ===========================>
----------------check2-----------------
<======== request end ===========================>
----------------check2-----------------
<======== request end ===========================>
----------------check2-----------------
<======== request end ===========================>
----------------check2-----------------
<======== request end ===========================>
----------------check2-----------------
<======== request end ===========================>
----------------check2-----------------
<======== request end ===========================>
----------------check2-----------------
<======== request end ===========================>
----------------check2-----------------
<======== request end ===========================>
----------------check2-----------------
<======== request end ===========================>
----------------check2-----------------
<======== request end ===========================>
----------------check2-----------------
<======== request end ===========================>
----------------check2-----------------
<======== request end ===========================>
----------------check2-----------------
<======== request end ===========================>
----------------check2-----------------
<======== request end ===========================>
----------------check2-----------------
<======== request end ===========================>
----------------check2-----------------
<======== request end ===========================>
----------------check2-----------------
<======== request end ===========================>
----------------check2-----------------
[RET] -1
[INFO] RET-1
newEventCount: 1
processReadEvent currEvent: ident : 8 filter : READ flags : 0x5 data: 653607

8 = RECV currEvent.ident
[RECV] DONE 0
8, 0x607000007170 = RecvEventBean::runBeanEvent
----------------check2-----------------
----------------check2-----------------
<======== request end ===========================>
----------------check2-----------------
<======== request end ===========================>
----------------check2-----------------
<======== request end ===========================>
----------------check2-----------------
<======== request end ===========================>
----------------check2-----------------
<======== request end ===========================>
----------------check2-----------------
<======== request end ===========================>
----------------check2-----------------
<======== request end ===========================>
----------------check2-----------------
<======== request end ===========================>
----------------check2-----------------
<======== request end ===========================>
----------------check2-----------------
<======== request end ===========================>
----------------check2-----------------
<======== request end ===========================>
----------------check2-----------------
<======== request end ===========================>
----------------check2-----------------
<======== request end ===========================>
----------------check2-----------------
<======== request end ===========================>
----------------check2-----------------
<======== request end ===========================>
----------------check2-----------------
<======== request end ===========================>
----------------check2-----------------
<======== request end ===========================>
----------------check2-----------------
<======== request end ===========================>
----------------check2-----------------
<======== request end ===========================>
----------------check2-----------------
[RET] -1
[INFO] RET-1
newEventCount: 1
processReadEvent currEvent: ident : 8 filter : READ flags : 0x5 data: 651124

8 = RECV currEvent.ident
[RECV] DONE 0
8, 0x607000007170 = RecvEventBean::runBeanEvent
----------------check2-----------------
----------------check2-----------------
<======== request end ===========================>
----------------check2-----------------
<======== request end ===========================>
----------------check2-----------------
<======== request end ===========================>
----------------check2-----------------
<======== request end ===========================>
----------------check2-----------------
<======== request end ===========================>
----------------check2-----------------
<======== request end ===========================>
----------------check2-----------------
<======== request end ===========================>
----------------check2-----------------
<======== request end ===========================>
----------------check2-----------------
<======== request end ===========================>
----------------check2-----------------
<======== request end ===========================>
----------------check2-----------------
<======== request end ===========================>
----------------check2-----------------
<======== request end ===========================>
----------------check2-----------------
<======== request end ===========================>
----------------check2-----------------
<======== request end ===========================>
----------------check2-----------------
<======== request end ===========================>
----------------check2-----------------
<======== request end ===========================>
----------------check2-----------------
<======== request end ===========================>
----------------check2-----------------
<======== request end ===========================>
----------------check2-----------------
<======== request end ===========================>
----------------check2-----------------
[RET] -1
[INFO] RET-1
newEventCount: 1
processReadEvent currEvent: ident : 8 filter : READ flags : 0x5 data: 647568

8 = RECV currEvent.ident
[RECV] DONE 0
8, 0x607000007170 = RecvEventBean::runBeanEvent
----------------check2-----------------
----------------check2-----------------
<======== request end ===========================>
----------------check2-----------------
<======== request end ===========================>
----------------check2-----------------
<======== request end ===========================>
----------------check2-----------------
<======== request end ===========================>
----------------check2-----------------
<======== request end ===========================>
----------------check2-----------------
<======== request end ===========================>
----------------check2-----------------
<======== request end ===========================>
----------------check2-----------------
<======== request end ===========================>
----------------check2-----------------
<======== request end ===========================>
----------------check2-----------------
<======== request end ===========================>
----------------check2-----------------
<======== request end ===========================>
----------------check2-----------------
<======== request end ===========================>
----------------check2-----------------
<======== request end ===========================>
----------------check2-----------------
<======== request end ===========================>
----------------check2-----------------
<======== request end ===========================>
----------------check2-----------------
<======== request end ===========================>
----------------check2-----------------
<======== request end ===========================>
----------------check2-----------------
<======== request end ===========================>
----------------check2-----------------
<======== request end ===========================>
----------------check2-----------------
<======== request end ===========================>
----------------check2-----------------
[RET] -1
[INFO] RET-1
newEventCount: 1
processReadEvent currEvent: ident : 8 filter : READ flags : 0x5 data: 639188

8 = RECV currEvent.ident
[RECV] DONE 0
8, 0x607000007170 = RecvEventBean::runBeanEvent
----------------check2-----------------
----------------check2-----------------
<======== request end ===========================>
----------------check2-----------------
<======== request end ===========================>
----------------check2-----------------
<======== request end ===========================>
----------------check2-----------------
<======== request end ===========================>
----------------check2-----------------
<======== request end ===========================>
----------------check2-----------------
<======== request end ===========================>
----------------check2-----------------
<======== request end ===========================>
----------------check2-----------------
<======== request end ===========================>
----------------check2-----------------
<======== request end ===========================>
----------------check2-----------------
<======== request end ===========================>
----------------check2-----------------
<======== request end ===========================>
----------------check2-----------------
<======== request end ===========================>
----------------check2-----------------
<======== request end ===========================>
----------------check2-----------------
<======== request end ===========================>
----------------check2-----------------
<======== request end ===========================>
----------------check2-----------------
<======== request end ===========================>
----------------check2-----------------
<======== request end ===========================>
----------------check2-----------------
<======== request end ===========================>
----------------check2-----------------
<======== request end ===========================>
----------------check2-----------------
<======== request end ===========================>
----------------check2-----------------
[RET] -1
[INFO] RET-1
newEventCount: 1
processReadEvent currEvent: ident : 8 filter : READ flags : 0x5 data: 651424

8 = RECV currEvent.ident
[RECV] DONE 0
8, 0x607000007170 = RecvEventBean::runBeanEvent
----------------check2-----------------
----------------check2-----------------
<======== request end ===========================>
----------------check2-----------------
<======== request end ===========================>
----------------check2-----------------
<======== request end ===========================>
----------------check2-----------------
<======== request end ===========================>
----------------check2-----------------
<======== request end ===========================>
----------------check2-----------------
<======== request end ===========================>
----------------check2-----------------
<======== request end ===========================>
----------------check2-----------------
<======== request end ===========================>
----------------check2-----------------
<======== request end ===========================>
----------------check2-----------------
<======== request end ===========================>
----------------check2-----------------
<======== request end ===========================>
----------------check2-----------------
<======== request end ===========================>
----------------check2-----------------
<======== request end ===========================>
----------------check2-----------------
<======== request end ===========================>
----------------check2-----------------
<======== request end ===========================>
----------------check2-----------------
<======== request end ===========================>
----------------check2-----------------
<======== request end ===========================>
----------------check2-----------------
<======== request end ===========================>
----------------check2-----------------
<======== request end ===========================>
----------------check2-----------------
[RET] -1
[INFO] RET-1
newEventCount: 1
processReadEvent currEvent: ident : 8 filter : READ flags : 0x5 data: 653356

8 = RECV currEvent.ident
[RECV] DONE 0
8, 0x607000007170 = RecvEventBean::runBeanEvent
----------------check2-----------------
----------------check2-----------------
<======== request end ===========================>
----------------check2-----------------
<======== request end ===========================>
----------------check2-----------------
<======== request end ===========================>
----------------check2-----------------
<======== request end ===========================>
----------------check2-----------------
<======== request end ===========================>
----------------check2-----------------
<======== request end ===========================>
----------------check2-----------------
<======== request end ===========================>
----------------check2-----------------
<======== request end ===========================>
----------------check2-----------------
<======== request end ===========================>
----------------check2-----------------
<======== request end ===========================>
----------------check2-----------------
<======== request end ===========================>
----------------check2-----------------
<======== request end ===========================>
----------------check2-----------------
<======== request end ===========================>
----------------check2-----------------
<======== request end ===========================>
----------------check2-----------------
<======== request end ===========================>
----------------check2-----------------
<======== request end ===========================>
----------------check2-----------------
<======== request end ===========================>
----------------check2-----------------
<======== request end ===========================>
----------------check2-----------------
<======== request end ===========================>
----------------check2-----------------
[RET] -1
[INFO] RET-1
newEventCount: 1
processReadEvent currEvent: ident : 8 filter : READ flags : 0x5 data: 645336

8 = RECV currEvent.ident
[RECV] DONE 0
8, 0x607000007170 = RecvEventBean::runBeanEvent
----------------check2-----------------
----------------check2-----------------
<======== request end ===========================>
----------------check2-----------------
<======== request end ===========================>
----------------check2-----------------
<======== request end ===========================>
----------------check2-----------------
<======== request end ===========================>
----------------check2-----------------
<======== request end ===========================>
----------------check2-----------------
<======== request end ===========================>
----------------check2-----------------
<======== request end ===========================>
----------------check2-----------------
<======== request end ===========================>
----------------check2-----------------
<======== request end ===========================>
----------------check2-----------------
<======== request end ===========================>
----------------check2-----------------
<======== request end ===========================>
----------------check2-----------------
<======== request end ===========================>
----------------check2-----------------
<======== request end ===========================>
----------------check2-----------------
<======== request end ===========================>
----------------check2-----------------
<======== request end ===========================>
----------------check2-----------------
<======== request end ===========================>
----------------check2-----------------
<======== request end ===========================>
----------------check2-----------------
<======== request end ===========================>
----------------check2-----------------
<======== request end ===========================>
----------------check2-----------------
<======== request end ===========================>
----------------check2-----------------
[RET] -1
[INFO] RET-1
newEventCount: 1
processReadEvent currEvent: ident : 8 filter : READ flags : 0x5 data: 639188

8 = RECV currEvent.ident
[RECV] DONE 0
8, 0x607000007170 = RecvEventBean::runBeanEvent
----------------check2-----------------
----------------check2-----------------
<======== request end ===========================>
----------------check2-----------------
<======== request end ===========================>
----------------check2-----------------
<======== request end ===========================>
----------------check2-----------------
<======== request end ===========================>
----------------check2-----------------
<======== request end ===========================>
----------------check2-----------------
<======== request end ===========================>
----------------check2-----------------
<======== request end ===========================>
----------------check2-----------------
<======== request end ===========================>
----------------check2-----------------
<======== request end ===========================>
----------------check2-----------------
<======== request end ===========================>
----------------check2-----------------
<======== request end ===========================>
----------------check2-----------------
<======== request end ===========================>
----------------check2-----------------
<======== request end ===========================>
----------------check2-----------------
<======== request end ===========================>
----------------check2-----------------
<======== request end ===========================>
----------------check2-----------------
<======== request end ===========================>
----------------check2-----------------
<======== request end ===========================>
----------------check2-----------------
<======== request end ===========================>
----------------check2-----------------
<======== request end ===========================>
----------------check2-----------------
<======== request end ===========================>
----------------check2-----------------
[RET] -1
[INFO] RET-1
newEventCount: 1
processReadEvent currEvent: ident : 8 filter : READ flags : 0x5 data: 651424

8 = RECV currEvent.ident
[RECV] DONE 0
8, 0x607000007170 = RecvEventBean::runBeanEvent
----------------check2-----------------
----------------check2-----------------
<======== request end ===========================>
----------------check2-----------------
<======== request end ===========================>
----------------check2-----------------
<======== request end ===========================>
----------------check2-----------------
<======== request end ===========================>
----------------check2-----------------
<======== request end ===========================>
----------------check2-----------------
<======== request end ===========================>
----------------check2-----------------
<======== request end ===========================>
----------------check2-----------------
<======== request end ===========================>
----------------check2-----------------
<======== request end ===========================>
----------------check2-----------------
<======== request end ===========================>
----------------check2-----------------
<======== request end ===========================>
----------------check2-----------------
<======== request end ===========================>
----------------check2-----------------
<======== request end ===========================>
----------------check2-----------------
<======== request end ===========================>
----------------check2-----------------
<======== request end ===========================>
----------------check2-----------------
<======== request end ===========================>
----------------check2-----------------
<======== request end ===========================>
----------------check2-----------------
<======== request end ===========================>
----------------check2-----------------
<======== request end ===========================>
----------------check2-----------------
[RET] -1
[INFO] RET-1
newEventCount: 1
processReadEvent currEvent: ident : 8 filter : READ flags : 0x5 data: 652497

8 = RECV currEvent.ident
[RECV] DONE 0
8, 0x607000007170 = RecvEventBean::runBeanEvent
----------------check2-----------------
----------------check2-----------------
<======== request end ===========================>
----------------check2-----------------
<======== request end ===========================>
----------------check2-----------------
<======== request end ===========================>
----------------check2-----------------
<======== request end ===========================>
----------------check2-----------------
<======== request end ===========================>
----------------check2-----------------
<======== request end ===========================>
----------------check2-----------------
<======== request end ===========================>
----------------check2-----------------
<======== request end ===========================>
----------------check2-----------------
<======== request end ===========================>
----------------check2-----------------
<======== request end ===========================>
----------------check2-----------------
<======== request end ===========================>
----------------check2-----------------
<======== request end ===========================>
----------------check2-----------------
<======== request end ===========================>
----------------check2-----------------
<======== request end ===========================>
----------------check2-----------------
<======== request end ===========================>
----------------check2-----------------
<======== request end ===========================>
----------------check2-----------------
<======== request end ===========================>
----------------check2-----------------
<======== request end ===========================>
----------------check2-----------------
<======== request end ===========================>
----------------check2-----------------
[RET] -1
[INFO] RET-1
newEventCount: 1
processReadEvent currEvent: ident : 8 filter : READ flags : 0x5 data: 646195

8 = RECV currEvent.ident
[RECV] DONE 0
8, 0x607000007170 = RecvEventBean::runBeanEvent
----------------check2-----------------
----------------check2-----------------
<======== request end ===========================>
----------------check2-----------------
<======== request end ===========================>
----------------check2-----------------
<======== request end ===========================>
----------------check2-----------------
<======== request end ===========================>
----------------check2-----------------
<======== request end ===========================>
----------------check2-----------------
<======== request end ===========================>
----------------check2-----------------
<======== request end ===========================>
----------------check2-----------------
<======== request end ===========================>
----------------check2-----------------
<======== request end ===========================>
----------------check2-----------------
<======== request end ===========================>
----------------check2-----------------
<======== request end ===========================>
----------------check2-----------------
<======== request end ===========================>
----------------check2-----------------
<======== request end ===========================>
----------------check2-----------------
<======== request end ===========================>
----------------check2-----------------
<======== request end ===========================>
----------------check2-----------------
<======== request end ===========================>
----------------check2-----------------
<======== request end ===========================>
----------------check2-----------------
<======== request end ===========================>
----------------check2-----------------
<======== request end ===========================>
----------------check2-----------------
<======== request end ===========================>
----------------check2-----------------
[RET] -1
[INFO] RET-1
newEventCount: 1
processReadEvent currEvent: ident : 8 filter : READ flags : 0x5 data: 639188

8 = RECV currEvent.ident
[RECV] DONE 0
8, 0x607000007170 = RecvEventBean::runBeanEvent
----------------check2-----------------
----------------check2-----------------
<======== request end ===========================>
----------------check2-----------------
<======== request end ===========================>
----------------check2-----------------
<======== request end ===========================>
----------------check2-----------------
<======== request end ===========================>
----------------check2-----------------
<======== request end ===========================>
----------------check2-----------------
<======== request end ===========================>
----------------check2-----------------
<======== request end ===========================>
----------------check2-----------------
<======== request end ===========================>
----------------check2-----------------
<======== request end ===========================>
----------------check2-----------------
<======== request end ===========================>
----------------check2-----------------
<======== request end ===========================>
----------------check2-----------------
<======== request end ===========================>
----------------check2-----------------
<======== request end ===========================>
----------------check2-----------------
<======== request end ===========================>
----------------check2-----------------
<======== request end ===========================>
----------------check2-----------------
<======== request end ===========================>
----------------check2-----------------
<======== request end ===========================>
----------------check2-----------------
<======== request end ===========================>
----------------check2-----------------
<======== request end ===========================>
----------------check2-----------------
<======== request end ===========================>
----------------check2-----------------
[RET] -1
[INFO] RET-1
newEventCount: 1
processReadEvent currEvent: ident : 8 filter : READ flags : 0x5 data: 651424

8 = RECV currEvent.ident
[RECV] DONE 0
8, 0x607000007170 = RecvEventBean::runBeanEvent
----------------check2-----------------
----------------check2-----------------
<======== request end ===========================>
----------------check2-----------------
<======== request end ===========================>
----------------check2-----------------
<======== request end ===========================>
----------------check2-----------------
<======== request end ===========================>
----------------check2-----------------
<======== request end ===========================>
----------------check2-----------------
<======== request end ===========================>
----------------check2-----------------
<======== request end ===========================>
----------------check2-----------------
<======== request end ===========================>
----------------check2-----------------
<======== request end ===========================>
----------------check2-----------------
<======== request end ===========================>
----------------check2-----------------
<======== request end ===========================>
----------------check2-----------------
<======== request end ===========================>
----------------check2-----------------
<======== request end ===========================>
----------------check2-----------------
<======== request end ===========================>
----------------check2-----------------
<======== request end ===========================>
----------------check2-----------------
<======== request end ===========================>
----------------check2-----------------
<======== request end ===========================>
----------------check2-----------------
<======== request end ===========================>
----------------check2-----------------
<======== request end ===========================>
----------------check2-----------------
[RET] -1
[INFO] RET-1
newEventCount: 1
processReadEvent currEvent: ident : 8 filter : READ flags : 0x5 data: 652050

8 = RECV currEvent.ident
[RECV] DONE 0
8, 0x607000007170 = RecvEventBean::runBeanEvent
----------------check2-----------------
----------------check2-----------------
<======== request end ===========================>
----------------check2-----------------
<======== request end ===========================>
----------------check2-----------------
<======== request end ===========================>
----------------check2-----------------
<======== request end ===========================>
----------------check2-----------------
<======== request end ===========================>
----------------check2-----------------
<======== request end ===========================>
----------------check2-----------------
<======== request end ===========================>
----------------check2-----------------
<======== request end ===========================>
----------------check2-----------------
<======== request end ===========================>
----------------check2-----------------
<======== request end ===========================>
----------------check2-----------------
<======== request end ===========================>
----------------check2-----------------
<======== request end ===========================>
----------------check2-----------------
<======== request end ===========================>
----------------check2-----------------
<======== request end ===========================>
----------------check2-----------------
<======== request end ===========================>
----------------check2-----------------
<======== request end ===========================>
----------------check2-----------------
<======== request end ===========================>
----------------check2-----------------
<======== request end ===========================>
----------------check2-----------------
<======== request end ===========================>
----------------check2-----------------
[RET] -1
[INFO] RET-1
newEventCount: 1
processReadEvent currEvent: ident : 8 filter : READ flags : 0x5 data: 652036

8 = RECV currEvent.ident
[RECV] DONE 0
8, 0x607000007170 = RecvEventBean::runBeanEvent
----------------check2-----------------
----------------check2-----------------
<======== request end ===========================>
----------------check2-----------------
<======== request end ===========================>
----------------check2-----------------
<======== request end ===========================>
----------------check2-----------------
<======== request end ===========================>
----------------check2-----------------
<======== request end ===========================>
----------------check2-----------------
<======== request end ===========================>
----------------check2-----------------
<======== request end ===========================>
----------------check2-----------------
<======== request end ===========================>
----------------check2-----------------
<======== request end ===========================>
----------------check2-----------------
<======== request end ===========================>
----------------check2-----------------
<======== request end ===========================>
----------------check2-----------------
<======== request end ===========================>
----------------check2-----------------
<======== request end ===========================>
----------------check2-----------------
<======== request end ===========================>
----------------check2-----------------
<======== request end ===========================>
----------------check2-----------------
<======== request end ===========================>
----------------check2-----------------
<======== request end ===========================>
----------------check2-----------------
<======== request end ===========================>
----------------check2-----------------
<======== request end ===========================>
----------------check2-----------------
<======== request end ===========================>
----------------check2-----------------
[RET] -1
[INFO] RET-1
newEventCount: 1
processReadEvent currEvent: ident : 8 filter : READ flags : 0x5 data: 643313

8 = RECV currEvent.ident
[RECV] DONE 0
8, 0x607000007170 = RecvEventBean::runBeanEvent
----------------check2-----------------
----------------check2-----------------
<======== request end ===========================>
----------------check2-----------------
<======== request end ===========================>
----------------check2-----------------
<======== request end ===========================>
----------------check2-----------------
<======== request end ===========================>
----------------check2-----------------
<======== request end ===========================>
----------------check2-----------------
<======== request end ===========================>
----------------check2-----------------
<======== request end ===========================>
----------------check2-----------------
<======== request end ===========================>
----------------check2-----------------
<======== request end ===========================>
----------------check2-----------------
<======== request end ===========================>
----------------check2-----------------
<======== request end ===========================>
----------------check2-----------------
<======== request end ===========================>
----------------check2-----------------
<======== request end ===========================>
----------------check2-----------------
<======== request end ===========================>
----------------check2-----------------
<======== request end ===========================>
----------------check2-----------------
<======== request end ===========================>
----------------check2-----------------
<======== request end ===========================>
----------------check2-----------------
<======== request end ===========================>
----------------check2-----------------
<======== request end ===========================>
----------------check2-----------------
<======== request end ===========================>
----------------check2-----------------
[RET] -1
[INFO] RET-1
newEventCount: 1
processReadEvent currEvent: ident : 8 filter : READ flags : 0x5 data: 646001

8 = RECV currEvent.ident
[RECV] DONE 0
8, 0x607000007170 = RecvEventBean::runBeanEvent
----------------check2-----------------
----------------check2-----------------
<======== request end ===========================>
----------------check2-----------------
<======== request end ===========================>
----------------check2-----------------
<======== request end ===========================>
----------------check2-----------------
<======== request end ===========================>
----------------check2-----------------
<======== request end ===========================>
----------------check2-----------------
<======== request end ===========================>
----------------check2-----------------
<======== request end ===========================>
----------------check2-----------------
<======== request end ===========================>
----------------check2-----------------
<======== request end ===========================>
----------------check2-----------------
<======== request end ===========================>
----------------check2-----------------
<======== request end ===========================>
----------------check2-----------------
<======== request end ===========================>
----------------check2-----------------
<======== request end ===========================>
----------------check2-----------------
<======== request end ===========================>
----------------check2-----------------
<======== request end ===========================>
----------------check2-----------------
<======== request end ===========================>
----------------check2-----------------
<======== request end ===========================>
----------------check2-----------------
<======== request end ===========================>
----------------check2-----------------
<======== request end ===========================>
----------------check2-----------------
<======== request end ===========================>
----------------check2-----------------
[RET] -1
[INFO] RET-1
newEventCount: 1
processReadEvent currEvent: ident : 8 filter : READ flags : 0x5 data: 653540

8 = RECV currEvent.ident
[RECV] DONE 0
8, 0x607000007170 = RecvEventBean::runBeanEvent
----------------check2-----------------
----------------check2-----------------
<======== request end ===========================>
----------------check2-----------------
<======== request end ===========================>
----------------check2-----------------
<======== request end ===========================>
----------------check2-----------------
<======== request end ===========================>
----------------check2-----------------
<======== request end ===========================>
----------------check2-----------------
<======== request end ===========================>
----------------check2-----------------
<======== request end ===========================>
----------------check2-----------------
<======== request end ===========================>
----------------check2-----------------
<======== request end ===========================>
----------------check2-----------------
<======== request end ===========================>
----------------check2-----------------
<======== request end ===========================>
----------------check2-----------------
<======== request end ===========================>
----------------check2-----------------
<======== request end ===========================>
----------------check2-----------------
<======== request end ===========================>
----------------check2-----------------
<======== request end ===========================>
----------------check2-----------------
<======== request end ===========================>
----------------check2-----------------
<======== request end ===========================>
----------------check2-----------------
<======== request end ===========================>
----------------check2-----------------
<======== request end ===========================>
----------------check2-----------------
<======== request end ===========================>
----------------check2-----------------
[RET] -1
[INFO] RET-1
newEventCount: 1
processReadEvent currEvent: ident : 8 filter : READ flags : 0x5 data: 653404

8 = RECV currEvent.ident
[RECV] DONE 0
8, 0x607000007170 = RecvEventBean::runBeanEvent
----------------check2-----------------
----------------check2-----------------
<======== request end ===========================>
----------------check2-----------------
<======== request end ===========================>
----------------check2-----------------
<======== request end ===========================>
----------------check2-----------------
<======== request end ===========================>
----------------check2-----------------
<======== request end ===========================>
----------------check2-----------------
<======== request end ===========================>
----------------check2-----------------
<======== request end ===========================>
----------------check2-----------------
<======== request end ===========================>
----------------check2-----------------
<======== request end ===========================>
----------------check2-----------------
<======== request end ===========================>
----------------check2-----------------
<======== request end ===========================>
----------------check2-----------------
<======== request end ===========================>
----------------check2-----------------
<======== request end ===========================>
----------------check2-----------------
<======== request end ===========================>
----------------check2-----------------
<======== request end ===========================>
----------------check2-----------------
<======== request end ===========================>
----------------check2-----------------
<======== request end ===========================>
----------------check2-----------------
<======== request end ===========================>
----------------check2-----------------
<======== request end ===========================>
----------------check2-----------------
[RET] -1
[INFO] RET-1
newEventCount: 1
processReadEvent currEvent: ident : 8 filter : READ flags : 0x5 data: 653592

8 = RECV currEvent.ident
[RECV] DONE 0
8, 0x607000007170 = RecvEventBean::runBeanEvent
----------------check2-----------------
----------------check2-----------------
<======== request end ===========================>
----------------check2-----------------
<======== request end ===========================>
----------------check2-----------------
<======== request end ===========================>
----------------check2-----------------
<======== request end ===========================>
----------------check2-----------------
<======== request end ===========================>
----------------check2-----------------
<======== request end ===========================>
----------------check2-----------------
<======== request end ===========================>
----------------check2-----------------
<======== request end ===========================>
----------------check2-----------------
<======== request end ===========================>
----------------check2-----------------
<======== request end ===========================>
----------------check2-----------------
<======== request end ===========================>
----------------check2-----------------
<======== request end ===========================>
----------------check2-----------------
<======== request end ===========================>
----------------check2-----------------
<======== request end ===========================>
----------------check2-----------------
<======== request end ===========================>
----------------check2-----------------
<======== request end ===========================>
----------------check2-----------------
<======== request end ===========================>
----------------check2-----------------
<======== request end ===========================>
----------------check2-----------------
<======== request end ===========================>
----------------check2-----------------
[RET] -1
[INFO] RET-1
newEventCount: 1
processReadEvent currEvent: ident : 8 filter : READ flags : 0x5 data: 646196

8 = RECV currEvent.ident
[RECV] DONE 0
8, 0x607000007170 = RecvEventBean::runBeanEvent
----------------check2-----------------
----------------check2-----------------
<======== request end ===========================>
----------------check2-----------------
<======== request end ===========================>
----------------check2-----------------
<======== request end ===========================>
----------------check2-----------------
<======== request end ===========================>
----------------check2-----------------
<======== request end ===========================>
----------------check2-----------------
<======== request end ===========================>
----------------check2-----------------
<======== request end ===========================>
----------------check2-----------------
<======== request end ===========================>
----------------check2-----------------
<======== request end ===========================>
----------------check2-----------------
<======== request end ===========================>
----------------check2-----------------
<======== request end ===========================>
----------------check2-----------------
<======== request end ===========================>
----------------check2-----------------
<======== request end ===========================>
----------------check2-----------------
<======== request end ===========================>
----------------check2-----------------
<======== request end ===========================>
----------------check2-----------------
<======== request end ===========================>
----------------check2-----------------
<======== request end ===========================>
----------------check2-----------------
<======== request end ===========================>
----------------check2-----------------
<======== request end ===========================>
----------------check2-----------------
<======== request end ===========================>
----------------check2-----------------
[RET] -1
[INFO] RET-1
newEventCount: 1
processReadEvent currEvent: ident : 8 filter : READ flags : 0x5 data: 650053

8 = RECV currEvent.ident
[RECV] DONE 0
8, 0x607000007170 = RecvEventBean::runBeanEvent
----------------check2-----------------
----------------check2-----------------
<======== request end ===========================>
----------------check2-----------------
<======== request end ===========================>
----------------check2-----------------
<======== request end ===========================>
----------------check2-----------------
<======== request end ===========================>
----------------check2-----------------
<======== request end ===========================>
----------------check2-----------------
<======== request end ===========================>
----------------check2-----------------
<======== request end ===========================>
----------------check2-----------------
<======== request end ===========================>
----------------check2-----------------
<======== request end ===========================>
----------------check2-----------------
<======== request end ===========================>
----------------check2-----------------
<======== request end ===========================>
----------------check2-----------------
<======== request end ===========================>
----------------check2-----------------
<======== request end ===========================>
----------------check2-----------------
<======== request end ===========================>
----------------check2-----------------
<======== request end ===========================>
----------------check2-----------------
<======== request end ===========================>
----------------check2-----------------
<======== request end ===========================>
----------------check2-----------------
<======== request end ===========================>
----------------check2-----------------
<======== request end ===========================>
----------------check2-----------------
<======== request end ===========================>
----------------check2-----------------
[RET] -1
[INFO] RET-1
newEventCount: 1
processReadEvent currEvent: ident : 8 filter : READ flags : 0x5 data: 643559

8 = RECV currEvent.ident
[RECV] DONE 0
8, 0x607000007170 = RecvEventBean::runBeanEvent
----------------check2-----------------
----------------check2-----------------
<======== request end ===========================>
----------------check2-----------------
<======== request end ===========================>
----------------check2-----------------
<======== request end ===========================>
----------------check2-----------------
<======== request end ===========================>
----------------check2-----------------
<======== request end ===========================>
----------------check2-----------------
<======== request end ===========================>
----------------check2-----------------
<======== request end ===========================>
----------------check2-----------------
<======== request end ===========================>
----------------check2-----------------
<======== request end ===========================>
----------------check2-----------------
<======== request end ===========================>
----------------check2-----------------
<======== request end ===========================>
----------------check2-----------------
<======== request end ===========================>
----------------check2-----------------
<======== request end ===========================>
----------------check2-----------------
<======== request end ===========================>
----------------check2-----------------
<======== request end ===========================>
----------------check2-----------------
<======== request end ===========================>
----------------check2-----------------
<======== request end ===========================>
----------------check2-----------------
<======== request end ===========================>
----------------check2-----------------
<======== request end ===========================>
----------------check2-----------------
<======== request end ===========================>
----------------check2-----------------
[RET] -1
[INFO] RET-1
newEventCount: 1
processReadEvent currEvent: ident : 8 filter : READ flags : 0x5 data: 651424

8 = RECV currEvent.ident
[RECV] DONE 0
8, 0x607000007170 = RecvEventBean::runBeanEvent
----------------check2-----------------
----------------check2-----------------
<======== request end ===========================>
----------------check2-----------------
<======== request end ===========================>
----------------check2-----------------
<======== request end ===========================>
----------------check2-----------------
<======== request end ===========================>
----------------check2-----------------
<======== request end ===========================>
----------------check2-----------------
<======== request end ===========================>
----------------check2-----------------
<======== request end ===========================>
----------------check2-----------------
<======== request end ===========================>
----------------check2-----------------
<======== request end ===========================>
----------------check2-----------------
<======== request end ===========================>
----------------check2-----------------
<======== request end ===========================>
----------------check2-----------------
<======== request end ===========================>
----------------check2-----------------
<======== request end ===========================>
----------------check2-----------------
<======== request end ===========================>
----------------check2-----------------
<======== request end ===========================>
----------------check2-----------------
<======== request end ===========================>
----------------check2-----------------
<======== request end ===========================>
----------------check2-----------------
<======== request end ===========================>
----------------check2-----------------
<======== request end ===========================>
----------------check2-----------------
[RET] -1
[INFO] RET-1
newEventCount: 1
processReadEvent currEvent: ident : 8 filter : READ flags : 0x5 data: 653390

8 = RECV currEvent.ident
[RECV] DONE 0
8, 0x607000007170 = RecvEventBean::runBeanEvent
----------------check2-----------------
----------------check2-----------------
<======== request end ===========================>
----------------check2-----------------
<======== request end ===========================>
----------------check2-----------------
<======== request end ===========================>
----------------check2-----------------
<======== request end ===========================>
----------------check2-----------------
<======== request end ===========================>
----------------check2-----------------
<======== request end ===========================>
----------------check2-----------------
<======== request end ===========================>
----------------check2-----------------
<======== request end ===========================>
----------------check2-----------------
<======== request end ===========================>
----------------check2-----------------
<======== request end ===========================>
----------------check2-----------------
<======== request end ===========================>
----------------check2-----------------
<======== request end ===========================>
----------------check2-----------------
<======== request end ===========================>
----------------check2-----------------
<======== request end ===========================>
----------------check2-----------------
<======== request end ===========================>
----------------check2-----------------
<======== request end ===========================>
----------------check2-----------------
<======== request end ===========================>
----------------check2-----------------
<======== request end ===========================>
----------------check2-----------------
<======== request end ===========================>
----------------check2-----------------
[RET] -1
[INFO] RET-1
newEventCount: 1
processReadEvent currEvent: ident : 8 filter : READ flags : 0x5 data: 652947

8 = RECV currEvent.ident
[RECV] DONE 0
8, 0x607000007170 = RecvEventBean::runBeanEvent
----------------check2-----------------
----------------check2-----------------
<======== request end ===========================>
----------------check2-----------------
<======== request end ===========================>
----------------check2-----------------
<======== request end ===========================>
----------------check2-----------------
<======== request end ===========================>
----------------check2-----------------
<======== request end ===========================>
----------------check2-----------------
<======== request end ===========================>
----------------check2-----------------
<======== request end ===========================>
----------------check2-----------------
<======== request end ===========================>
----------------check2-----------------
<======== request end ===========================>
----------------check2-----------------
<======== request end ===========================>
----------------check2-----------------
<======== request end ===========================>
----------------check2-----------------
<======== request end ===========================>
----------------check2-----------------
<======== request end ===========================>
----------------check2-----------------
<======== request end ===========================>
----------------check2-----------------
<======== request end ===========================>
----------------check2-----------------
<======== request end ===========================>
----------------check2-----------------
<======== request end ===========================>
----------------check2-----------------
<======== request end ===========================>
----------------check2-----------------
<======== request end ===========================>
----------------check2-----------------
<======== request end ===========================>
----------------check2-----------------
[RET] -1
[INFO] RET-1
newEventCount: 1
processReadEvent currEvent: ident : 8 filter : READ flags : 0x5 data: 650219

8 = RECV currEvent.ident
[RECV] DONE 0
8, 0x607000007170 = RecvEventBean::runBeanEvent
----------------check2-----------------
----------------check2-----------------
<======== request end ===========================>
----------------check2-----------------
<======== request end ===========================>
----------------check2-----------------
<======== request end ===========================>
----------------check2-----------------
<======== request end ===========================>
----------------check2-----------------
<======== request end ===========================>
----------------check2-----------------
<======== request end ===========================>
----------------check2-----------------
<======== request end ===========================>
----------------check2-----------------
<======== request end ===========================>
----------------check2-----------------
<======== request end ===========================>
----------------check2-----------------
<======== request end ===========================>
----------------check2-----------------
<======== request end ===========================>
----------------check2-----------------
<======== request end ===========================>
----------------check2-----------------
<======== request end ===========================>
----------------check2-----------------
<======== request end ===========================>
----------------check2-----------------
<======== request end ===========================>
----------------check2-----------------
<======== request end ===========================>
----------------check2-----------------
<======== request end ===========================>
----------------check2-----------------
<======== request end ===========================>
----------------check2-----------------
<======== request end ===========================>
----------------check2-----------------
<======== request end ===========================>
----------------check2-----------------
[RET] -1
[INFO] RET-1
newEventCount: 1
processReadEvent currEvent: ident : 8 filter : READ flags : 0x5 data: 653176

8 = RECV currEvent.ident
[RECV] DONE 0
8, 0x607000007170 = RecvEventBean::runBeanEvent
----------------check2-----------------
----------------check2-----------------
<======== request end ===========================>
----------------check2-----------------
<======== request end ===========================>
----------------check2-----------------
<======== request end ===========================>
----------------check2-----------------
<======== request end ===========================>
----------------check2-----------------
<======== request end ===========================>
----------------check2-----------------
<======== request end ===========================>
----------------check2-----------------
<======== request end ===========================>
----------------check2-----------------
<======== request end ===========================>
----------------check2-----------------
<======== request end ===========================>
----------------check2-----------------
<======== request end ===========================>
----------------check2-----------------
<======== request end ===========================>
----------------check2-----------------
<======== request end ===========================>
----------------check2-----------------
<======== request end ===========================>
----------------check2-----------------
<======== request end ===========================>
----------------check2-----------------
<======== request end ===========================>
----------------check2-----------------
<======== request end ===========================>
----------------check2-----------------
<======== request end ===========================>
----------------check2-----------------
<======== request end ===========================>
----------------check2-----------------
<======== request end ===========================>
----------------check2-----------------
<======== request end ===========================>
----------------check2-----------------
[RET] -1
[INFO] RET-1
newEventCount: 1
processReadEvent currEvent: ident : 8 filter : READ flags : 0x5 data: 639188

8 = RECV currEvent.ident
[RECV] DONE 0
8, 0x607000007170 = RecvEventBean::runBeanEvent
----------------check2-----------------
----------------check2-----------------
<======== request end ===========================>
----------------check2-----------------
<======== request end ===========================>
----------------check2-----------------
<======== request end ===========================>
----------------check2-----------------
<======== request end ===========================>
----------------check2-----------------
<======== request end ===========================>
----------------check2-----------------
<======== request end ===========================>
----------------check2-----------------
<======== request end ===========================>
----------------check2-----------------
<======== request end ===========================>
----------------check2-----------------
<======== request end ===========================>
----------------check2-----------------
<======== request end ===========================>
----------------check2-----------------
<======== request end ===========================>
----------------check2-----------------
<======== request end ===========================>
----------------check2-----------------
<======== request end ===========================>
----------------check2-----------------
<======== request end ===========================>
----------------check2-----------------
<======== request end ===========================>
----------------check2-----------------
<======== request end ===========================>
----------------check2-----------------
<======== request end ===========================>
----------------check2-----------------
<======== request end ===========================>
----------------check2-----------------
<======== request end ===========================>
----------------check2-----------------
<======== request end ===========================>
----------------check2-----------------
[RET] -1
[INFO] RET-1
newEventCount: 1
processReadEvent currEvent: ident : 8 filter : READ flags : 0x5 data: 653406

8 = RECV currEvent.ident
[RECV] DONE 0
8, 0x607000007170 = RecvEventBean::runBeanEvent
----------------check2-----------------
----------------check2-----------------
<======== request end ===========================>
----------------check2-----------------
<======== request end ===========================>
----------------check2-----------------
<======== request end ===========================>
----------------check2-----------------
<======== request end ===========================>
----------------check2-----------------
<======== request end ===========================>
----------------check2-----------------
<======== request end ===========================>
----------------check2-----------------
<======== request end ===========================>
----------------check2-----------------
<======== request end ===========================>
----------------check2-----------------
<======== request end ===========================>
----------------check2-----------------
<======== request end ===========================>
----------------check2-----------------
<======== request end ===========================>
----------------check2-----------------
<======== request end ===========================>
----------------check2-----------------
<======== request end ===========================>
----------------check2-----------------
<======== request end ===========================>
----------------check2-----------------
<======== request end ===========================>
----------------check2-----------------
<======== request end ===========================>
----------------check2-----------------
<======== request end ===========================>
----------------check2-----------------
<======== request end ===========================>
----------------check2-----------------
<======== request end ===========================>
----------------check2-----------------
<======== request end ===========================>
----------------check2-----------------
[RET] -1
[INFO] RET-1
newEventCount: 1
processReadEvent currEvent: ident : 8 filter : READ flags : 0x5 data: 653538

8 = RECV currEvent.ident
[RECV] DONE 0
8, 0x607000007170 = RecvEventBean::runBeanEvent
----------------check2-----------------
----------------check2-----------------
<======== request end ===========================>
----------------check2-----------------
<======== request end ===========================>
----------------check2-----------------
<======== request end ===========================>
----------------check2-----------------
<======== request end ===========================>
----------------check2-----------------
<======== request end ===========================>
----------------check2-----------------
<======== request end ===========================>
----------------check2-----------------
<======== request end ===========================>
----------------check2-----------------
<======== request end ===========================>
----------------check2-----------------
<======== request end ===========================>
----------------check2-----------------
<======== request end ===========================>
----------------check2-----------------
<======== request end ===========================>
----------------check2-----------------
<======== request end ===========================>
----------------check2-----------------
<======== request end ===========================>
----------------check2-----------------
<======== request end ===========================>
----------------check2-----------------
<======== request end ===========================>
----------------check2-----------------
<======== request end ===========================>
----------------check2-----------------
<======== request end ===========================>
----------------check2-----------------
<======== request end ===========================>
----------------check2-----------------
<======== request end ===========================>
----------------check2-----------------
[RET] -1
[INFO] RET-1
newEventCount: 1
processReadEvent currEvent: ident : 8 filter : READ flags : 0x5 data: 653040

8 = RECV currEvent.ident
[RECV] DONE 0
8, 0x607000007170 = RecvEventBean::runBeanEvent
----------------check2-----------------
----------------check2-----------------
<======== request end ===========================>
----------------check2-----------------
<======== request end ===========================>
----------------check2-----------------
<======== request end ===========================>
----------------check2-----------------
<======== request end ===========================>
----------------check2-----------------
<======== request end ===========================>
----------------check2-----------------
<======== request end ===========================>
----------------check2-----------------
<======== request end ===========================>
----------------check2-----------------
<======== request end ===========================>
----------------check2-----------------
<======== request end ===========================>
----------------check2-----------------
<======== request end ===========================>
----------------check2-----------------
<======== request end ===========================>
----------------check2-----------------
<======== request end ===========================>
----------------check2-----------------
<======== request end ===========================>
----------------check2-----------------
<======== request end ===========================>
----------------check2-----------------
<======== request end ===========================>
----------------check2-----------------
<======== request end ===========================>
----------------check2-----------------
<======== request end ===========================>
----------------check2-----------------
<======== request end ===========================>
----------------check2-----------------
<======== request end ===========================>
----------------check2-----------------
[RET] -1
[INFO] RET-1
newEventCount: 1
processReadEvent currEvent: ident : 8 filter : READ flags : 0x5 data: 649049

8 = RECV currEvent.ident
[RECV] DONE 0
8, 0x607000007170 = RecvEventBean::runBeanEvent
----------------check2-----------------
----------------check2-----------------
<======== request end ===========================>
----------------check2-----------------
<======== request end ===========================>
----------------check2-----------------
<======== request end ===========================>
----------------check2-----------------
<======== request end ===========================>
----------------check2-----------------
<======== request end ===========================>
----------------check2-----------------
<======== request end ===========================>
----------------check2-----------------
<======== request end ===========================>
----------------check2-----------------
<======== request end ===========================>
----------------check2-----------------
<======== request end ===========================>
----------------check2-----------------
<======== request end ===========================>
----------------check2-----------------
<======== request end ===========================>
----------------check2-----------------
<======== request end ===========================>
----------------check2-----------------
<======== request end ===========================>
----------------check2-----------------
<======== request end ===========================>
----------------check2-----------------
<======== request end ===========================>
----------------check2-----------------
<======== request end ===========================>
----------------check2-----------------
<======== request end ===========================>
----------------check2-----------------
<======== request end ===========================>
----------------check2-----------------
<======== request end ===========================>
----------------check2-----------------
<======== request end ===========================>
----------------check2-----------------
[RET] -1
[INFO] RET-1
newEventCount: 1
processReadEvent currEvent: ident : 8 filter : READ flags : 0x5 data: 653189

8 = RECV currEvent.ident
[RECV] DONE 0
8, 0x607000007170 = RecvEventBean::runBeanEvent
----------------check2-----------------
----------------check2-----------------
<======== request end ===========================>
----------------check2-----------------
<======== request end ===========================>
----------------check2-----------------
<======== request end ===========================>
----------------check2-----------------
<======== request end ===========================>
----------------check2-----------------
<======== request end ===========================>
----------------check2-----------------
<======== request end ===========================>
----------------check2-----------------
<======== request end ===========================>
----------------check2-----------------
<======== request end ===========================>
----------------check2-----------------
<======== request end ===========================>
----------------check2-----------------
<======== request end ===========================>
----------------check2-----------------
<======== request end ===========================>
----------------check2-----------------
<======== request end ===========================>
----------------check2-----------------
<======== request end ===========================>
----------------check2-----------------
<======== request end ===========================>
----------------check2-----------------
<======== request end ===========================>
----------------check2-----------------
<======== request end ===========================>
----------------check2-----------------
<======== request end ===========================>
----------------check2-----------------
<======== request end ===========================>
----------------check2-----------------
<======== request end ===========================>
----------------check2-----------------
<======== request end ===========================>
----------------check2-----------------
[RET] -1
[INFO] RET-1
newEventCount: 1
processReadEvent currEvent: ident : 8 filter : READ flags : 0x5 data: 638122

8 = RECV currEvent.ident
[RECV] DONE 0
8, 0x607000007170 = RecvEventBean::runBeanEvent
----------------check2-----------------
----------------check2-----------------
<======== request end ===========================>
----------------check2-----------------
<======== request end ===========================>
----------------check2-----------------
<======== request end ===========================>
----------------check2-----------------
<======== request end ===========================>
----------------check2-----------------
<======== request end ===========================>
----------------check2-----------------
<======== request end ===========================>
----------------check2-----------------
<======== request end ===========================>
----------------check2-----------------
<======== request end ===========================>
----------------check2-----------------
<======== request end ===========================>
----------------check2-----------------
<======== request end ===========================>
----------------check2-----------------
<======== request end ===========================>
----------------check2-----------------
<======== request end ===========================>
----------------check2-----------------
<======== request end ===========================>
----------------check2-----------------
<======== request end ===========================>
----------------check2-----------------
<======== request end ===========================>
----------------check2-----------------
<======== request end ===========================>
----------------check2-----------------
<======== request end ===========================>
----------------check2-----------------
<======== request end ===========================>
----------------check2-----------------
<======== request end ===========================>
----------------check2-----------------
<======== request end ===========================>
----------------check2-----------------
[RET] -1
[INFO] RET-1
newEventCount: 1
processReadEvent currEvent: ident : 8 filter : READ flags : 0x5 data: 651424

8 = RECV currEvent.ident
[RECV] DONE 0
8, 0x607000007170 = RecvEventBean::runBeanEvent
----------------check2-----------------
----------------check2-----------------
<======== request end ===========================>
----------------check2-----------------
<======== request end ===========================>
----------------check2-----------------
<======== request end ===========================>
----------------check2-----------------
<======== request end ===========================>
----------------check2-----------------
<======== request end ===========================>
----------------check2-----------------
<======== request end ===========================>
----------------check2-----------------
<======== request end ===========================>
----------------check2-----------------
<======== request end ===========================>
----------------check2-----------------
<======== request end ===========================>
----------------check2-----------------
<======== request end ===========================>
----------------check2-----------------
<======== request end ===========================>
----------------check2-----------------
<======== request end ===========================>
----------------check2-----------------
<======== request end ===========================>
----------------check2-----------------
<======== request end ===========================>
----------------check2-----------------
<======== request end ===========================>
----------------check2-----------------
<======== request end ===========================>
----------------check2-----------------
<======== request end ===========================>
----------------check2-----------------
<======== request end ===========================>
----------------check2-----------------
<======== request end ===========================>
----------------check2-----------------
[RET] -1
[INFO] RET-1
newEventCount: 1
processReadEvent currEvent: ident : 8 filter : READ flags : 0x5 data: 645116

8 = RECV currEvent.ident
[RECV] DONE 0
8, 0x607000007170 = RecvEventBean::runBeanEvent
----------------check2-----------------
----------------check2-----------------
<======== request end ===========================>
----------------check2-----------------
<======== request end ===========================>
----------------check2-----------------
<======== request end ===========================>
----------------check2-----------------
<======== request end ===========================>
----------------check2-----------------
<======== request end ===========================>
----------------check2-----------------
<======== request end ===========================>
----------------check2-----------------
<======== request end ===========================>
----------------check2-----------------
<======== request end ===========================>
----------------check2-----------------
<======== request end ===========================>
----------------check2-----------------
<======== request end ===========================>
----------------check2-----------------
<======== request end ===========================>
----------------check2-----------------
<======== request end ===========================>
----------------check2-----------------
<======== request end ===========================>
----------------check2-----------------
<======== request end ===========================>
----------------check2-----------------
<======== request end ===========================>
----------------check2-----------------
<======== request end ===========================>
----------------check2-----------------
<======== request end ===========================>
----------------check2-----------------
<======== request end ===========================>
----------------check2-----------------
<======== request end ===========================>
----------------check2-----------------
[RET] -1
[INFO] RET-1
newEventCount: 1
processReadEvent currEvent: ident : 8 filter : READ flags : 0x5 data: 653576

8 = RECV currEvent.ident
[RECV] DONE 0
8, 0x607000007170 = RecvEventBean::runBeanEvent
----------------check2-----------------
----------------check2-----------------
<======== request end ===========================>
----------------check2-----------------
<======== request end ===========================>
----------------check2-----------------
<======== request end ===========================>
----------------check2-----------------
<======== request end ===========================>
----------------check2-----------------
<======== request end ===========================>
----------------check2-----------------
<======== request end ===========================>
----------------check2-----------------
<======== request end ===========================>
----------------check2-----------------
<======== request end ===========================>
----------------check2-----------------
<======== request end ===========================>
----------------check2-----------------
<======== request end ===========================>
----------------check2-----------------
<======== request end ===========================>
----------------check2-----------------
<======== request end ===========================>
----------------check2-----------------
<======== request end ===========================>
----------------check2-----------------
<======== request end ===========================>
----------------check2-----------------
<======== request end ===========================>
----------------check2-----------------
<======== request end ===========================>
----------------check2-----------------
<======== request end ===========================>
----------------check2-----------------
<======== request end ===========================>
----------------check2-----------------
<======== request end ===========================>
----------------check2-----------------
<======== request end ===========================>
----------------check2-----------------
[RET] -1
[INFO] RET-1
newEventCount: 1
processReadEvent currEvent: ident : 8 filter : READ flags : 0x5 data: 639188

8 = RECV currEvent.ident
[RECV] DONE 0
8, 0x607000007170 = RecvEventBean::runBeanEvent
----------------check2-----------------
----------------check2-----------------
<======== request end ===========================>
----------------check2-----------------
<======== request end ===========================>
----------------check2-----------------
<======== request end ===========================>
----------------check2-----------------
<======== request end ===========================>
----------------check2-----------------
<======== request end ===========================>
----------------check2-----------------
<======== request end ===========================>
----------------check2-----------------
<======== request end ===========================>
----------------check2-----------------
<======== request end ===========================>
----------------check2-----------------
<======== request end ===========================>
----------------check2-----------------
<======== request end ===========================>
----------------check2-----------------
<======== request end ===========================>
----------------check2-----------------
<======== request end ===========================>
----------------check2-----------------
<======== request end ===========================>
----------------check2-----------------
<======== request end ===========================>
----------------check2-----------------
<======== request end ===========================>
----------------check2-----------------
<======== request end ===========================>
----------------check2-----------------
<======== request end ===========================>
----------------check2-----------------
<======== request end ===========================>
----------------check2-----------------
<======== request end ===========================>
----------------check2-----------------
<======== request end ===========================>
----------------check2-----------------
[RET] -1
[INFO] RET-1
newEventCount: 1
processReadEvent currEvent: ident : 8 filter : READ flags : 0x5 data: 651424

8 = RECV currEvent.ident
[RECV] DONE 0
8, 0x607000007170 = RecvEventBean::runBeanEvent
----------------check2-----------------
----------------check2-----------------
<======== request end ===========================>
----------------check2-----------------
<======== request end ===========================>
----------------check2-----------------
<======== request end ===========================>
----------------check2-----------------
<======== request end ===========================>
----------------check2-----------------
<======== request end ===========================>
----------------check2-----------------
<======== request end ===========================>
----------------check2-----------------
<======== request end ===========================>
----------------check2-----------------
<======== request end ===========================>
----------------check2-----------------
<======== request end ===========================>
----------------check2-----------------
<======== request end ===========================>
----------------check2-----------------
<======== request end ===========================>
----------------check2-----------------
<======== request end ===========================>
----------------check2-----------------
<======== request end ===========================>
----------------check2-----------------
<======== request end ===========================>
----------------check2-----------------
<======== request end ===========================>
----------------check2-----------------
<======== request end ===========================>
----------------check2-----------------
<======== request end ===========================>
----------------check2-----------------
<======== request end ===========================>
----------------check2-----------------
<======== request end ===========================>
----------------check2-----------------
[RET] -1
[INFO] RET-1
newEventCount: 1
processReadEvent currEvent: ident : 8 filter : READ flags : 0x5 data: 653425

8 = RECV currEvent.ident
[RECV] DONE 0
8, 0x607000007170 = RecvEventBean::runBeanEvent
----------------check2-----------------
----------------check2-----------------
<======== request end ===========================>
----------------check2-----------------
<======== request end ===========================>
----------------check2-----------------
<======== request end ===========================>
----------------check2-----------------
<======== request end ===========================>
----------------check2-----------------
<======== request end ===========================>
----------------check2-----------------
<======== request end ===========================>
----------------check2-----------------
<======== request end ===========================>
----------------check2-----------------
<======== request end ===========================>
----------------check2-----------------
<======== request end ===========================>
----------------check2-----------------
<======== request end ===========================>
----------------check2-----------------
<======== request end ===========================>
----------------check2-----------------
<======== request end ===========================>
----------------check2-----------------
<======== request end ===========================>
----------------check2-----------------
<======== request end ===========================>
----------------check2-----------------
<======== request end ===========================>
----------------check2-----------------
<======== request end ===========================>
----------------check2-----------------
<======== request end ===========================>
----------------check2-----------------
<======== request end ===========================>
----------------check2-----------------
<======== request end ===========================>
----------------check2-----------------
[RET] -1
[INFO] RET-1
newEventCount: 1
processReadEvent currEvent: ident : 8 filter : READ flags : 0x5 data: 651882

8 = RECV currEvent.ident
[RECV] DONE 0
8, 0x607000007170 = RecvEventBean::runBeanEvent
----------------check2-----------------
----------------check2-----------------
<======== request end ===========================>
----------------check2-----------------
<======== request end ===========================>
----------------check2-----------------
<======== request end ===========================>
----------------check2-----------------
<======== request end ===========================>
----------------check2-----------------
<======== request end ===========================>
----------------check2-----------------
<======== request end ===========================>
----------------check2-----------------
<======== request end ===========================>
----------------check2-----------------
<======== request end ===========================>
----------------check2-----------------
<======== request end ===========================>
----------------check2-----------------
<======== request end ===========================>
----------------check2-----------------
<======== request end ===========================>
----------------check2-----------------
<======== request end ===========================>
----------------check2-----------------
<======== request end ===========================>
----------------check2-----------------
<======== request end ===========================>
----------------check2-----------------
<======== request end ===========================>
----------------check2-----------------
<======== request end ===========================>
----------------check2-----------------
<======== request end ===========================>
----------------check2-----------------
<======== request end ===========================>
----------------check2-----------------
<======== request end ===========================>
----------------check2-----------------
<======== request end ===========================>
----------------check2-----------------
[RET] -1
[INFO] RET-1
newEventCount: 1
processReadEvent currEvent: ident : 8 filter : READ flags : 0x5 data: 648905

8 = RECV currEvent.ident
[RECV] DONE 0
8, 0x607000007170 = RecvEventBean::runBeanEvent
----------------check2-----------------
----------------check2-----------------
<======== request end ===========================>
----------------check2-----------------
<======== request end ===========================>
----------------check2-----------------
<======== request end ===========================>
----------------check2-----------------
<======== request end ===========================>
----------------check2-----------------
<======== request end ===========================>
----------------check2-----------------
<======== request end ===========================>
----------------check2-----------------
<======== request end ===========================>
----------------check2-----------------
<======== request end ===========================>
----------------check2-----------------
<======== request end ===========================>
----------------check2-----------------
<======== request end ===========================>
----------------check2-----------------
<======== request end ===========================>
----------------check2-----------------
<======== request end ===========================>
----------------check2-----------------
<======== request end ===========================>
----------------check2-----------------
<======== request end ===========================>
----------------check2-----------------
<======== request end ===========================>
----------------check2-----------------
<======== request end ===========================>
----------------check2-----------------
<======== request end ===========================>
----------------check2-----------------
<======== request end ===========================>
----------------check2-----------------
<======== request end ===========================>
----------------check2-----------------
<======== request end ===========================>
----------------check2-----------------
[RET] -1
[INFO] RET-1
newEventCount: 1
processReadEvent currEvent: ident : 8 filter : READ flags : 0x5 data: 639188

8 = RECV currEvent.ident
[RECV] DONE 0
8, 0x607000007170 = RecvEventBean::runBeanEvent
----------------check2-----------------
----------------check2-----------------
<======== request end ===========================>
----------------check2-----------------
<======== request end ===========================>
----------------check2-----------------
<======== request end ===========================>
----------------check2-----------------
<======== request end ===========================>
----------------check2-----------------
<======== request end ===========================>
----------------check2-----------------
<======== request end ===========================>
----------------check2-----------------
<======== request end ===========================>
----------------check2-----------------
<======== request end ===========================>
----------------check2-----------------
<======== request end ===========================>
----------------check2-----------------
<======== request end ===========================>
----------------check2-----------------
<======== request end ===========================>
----------------check2-----------------
<======== request end ===========================>
----------------check2-----------------
<======== request end ===========================>
----------------check2-----------------
<======== request end ===========================>
----------------check2-----------------
<======== request end ===========================>
----------------check2-----------------
<======== request end ===========================>
----------------check2-----------------
<======== request end ===========================>
----------------check2-----------------
<======== request end ===========================>
----------------check2-----------------
<======== request end ===========================>
----------------check2-----------------
<======== request end ===========================>
----------------check2-----------------
[RET] -1
[INFO] RET-1
newEventCount: 1
processReadEvent currEvent: ident : 8 filter : READ flags : 0x5 data: 651424

8 = RECV currEvent.ident
[RECV] DONE 0
8, 0x607000007170 = RecvEventBean::runBeanEvent
----------------check2-----------------
----------------check2-----------------
<======== request end ===========================>
----------------check2-----------------
<======== request end ===========================>
----------------check2-----------------
<======== request end ===========================>
----------------check2-----------------
<======== request end ===========================>
----------------check2-----------------
<======== request end ===========================>
----------------check2-----------------
<======== request end ===========================>
----------------check2-----------------
<======== request end ===========================>
----------------check2-----------------
<======== request end ===========================>
----------------check2-----------------
<======== request end ===========================>
----------------check2-----------------
<======== request end ===========================>
----------------check2-----------------
<======== request end ===========================>
----------------check2-----------------
<======== request end ===========================>
----------------check2-----------------
<======== request end ===========================>
----------------check2-----------------
<======== request end ===========================>
----------------check2-----------------
<======== request end ===========================>
----------------check2-----------------
<======== request end ===========================>
----------------check2-----------------
<======== request end ===========================>
----------------check2-----------------
<======== request end ===========================>
----------------check2-----------------
<======== request end ===========================>
----------------check2-----------------
[RET] -1
[INFO] RET-1
newEventCount: 1
processReadEvent currEvent: ident : 8 filter : READ flags : 0x5 data: 643172

8 = RECV currEvent.ident
[RECV] DONE 0
8, 0x607000007170 = RecvEventBean::runBeanEvent
----------------check2-----------------
----------------check2-----------------
<======== request end ===========================>
----------------check2-----------------
<======== request end ===========================>
----------------check2-----------------
<======== request end ===========================>
----------------check2-----------------
<======== request end ===========================>
----------------check2-----------------
<======== request end ===========================>
----------------check2-----------------
<======== request end ===========================>
----------------check2-----------------
<======== request end ===========================>
----------------check2-----------------
<======== request end ===========================>
----------------check2-----------------
<======== request end ===========================>
----------------check2-----------------
<======== request end ===========================>
----------------check2-----------------
<======== request end ===========================>
----------------check2-----------------
<======== request end ===========================>
----------------check2-----------------
<======== request end ===========================>
----------------check2-----------------
<======== request end ===========================>
----------------check2-----------------
<======== request end ===========================>
----------------check2-----------------
<======== request end ===========================>
----------------check2-----------------
<======== request end ===========================>
----------------check2-----------------
<======== request end ===========================>
----------------check2-----------------
<======== request end ===========================>
----------------check2-----------------
[RET] -1
[INFO] RET-1
newEventCount: 1
processReadEvent currEvent: ident : 8 filter : READ flags : 0x5 data: 648989

8 = RECV currEvent.ident
[RECV] DONE 0
8, 0x607000007170 = RecvEventBean::runBeanEvent
----------------check2-----------------
----------------check2-----------------
<======== request end ===========================>
----------------check2-----------------
<======== request end ===========================>
----------------check2-----------------
<======== request end ===========================>
----------------check2-----------------
<======== request end ===========================>
----------------check2-----------------
<======== request end ===========================>
----------------check2-----------------
<======== request end ===========================>
----------------check2-----------------
<======== request end ===========================>
----------------check2-----------------
<======== request end ===========================>
----------------check2-----------------
<======== request end ===========================>
----------------check2-----------------
<======== request end ===========================>
----------------check2-----------------
<======== request end ===========================>
----------------check2-----------------
<======== request end ===========================>
----------------check2-----------------
<======== request end ===========================>
----------------check2-----------------
<======== request end ===========================>
----------------check2-----------------
<======== request end ===========================>
----------------check2-----------------
<======== request end ===========================>
----------------check2-----------------
<======== request end ===========================>
----------------check2-----------------
<======== request end ===========================>
----------------check2-----------------
<======== request end ===========================>
----------------check2-----------------
<======== request end ===========================>
----------------check2-----------------
[RET] -1
[INFO] RET-1
newEventCount: 1
processReadEvent currEvent: ident : 8 filter : READ flags : 0x5 data: 646262

8 = RECV currEvent.ident
[RECV] DONE 0
8, 0x607000007170 = RecvEventBean::runBeanEvent
----------------check2-----------------
----------------check2-----------------
<======== request end ===========================>
----------------check2-----------------
<======== request end ===========================>
----------------check2-----------------
<======== request end ===========================>
----------------check2-----------------
<======== request end ===========================>
----------------check2-----------------
<======== request end ===========================>
----------------check2-----------------
<======== request end ===========================>
----------------check2-----------------
<======== request end ===========================>
----------------check2-----------------
<======== request end ===========================>
----------------check2-----------------
<======== request end ===========================>
----------------check2-----------------
<======== request end ===========================>
----------------check2-----------------
<======== request end ===========================>
----------------check2-----------------
<======== request end ===========================>
----------------check2-----------------
<======== request end ===========================>
----------------check2-----------------
<======== request end ===========================>
----------------check2-----------------
<======== request end ===========================>
----------------check2-----------------
<======== request end ===========================>
----------------check2-----------------
<======== request end ===========================>
----------------check2-----------------
<======== request end ===========================>
----------------check2-----------------
<======== request end ===========================>
----------------check2-----------------
<======== request end ===========================>
----------------check2-----------------
[RET] -1
[INFO] RET-1
newEventCount: 1
processReadEvent currEvent: ident : 8 filter : READ flags : 0x5 data: 653330

8 = RECV currEvent.ident
[RECV] DONE 0
8, 0x607000007170 = RecvEventBean::runBeanEvent
----------------check2-----------------
----------------check2-----------------
<======== request end ===========================>
----------------check2-----------------
<======== request end ===========================>
----------------check2-----------------
<======== request end ===========================>
----------------check2-----------------
<======== request end ===========================>
----------------check2-----------------
<======== request end ===========================>
----------------check2-----------------
<======== request end ===========================>
----------------check2-----------------
<======== request end ===========================>
----------------check2-----------------
<======== request end ===========================>
----------------check2-----------------
<======== request end ===========================>
----------------check2-----------------
<======== request end ===========================>
----------------check2-----------------
<======== request end ===========================>
----------------check2-----------------
<======== request end ===========================>
----------------check2-----------------
<======== request end ===========================>
----------------check2-----------------
<======== request end ===========================>
----------------check2-----------------
<======== request end ===========================>
----------------check2-----------------
<======== request end ===========================>
----------------check2-----------------
<======== request end ===========================>
----------------check2-----------------
<======== request end ===========================>
----------------check2-----------------
<======== request end ===========================>
----------------check2-----------------
<======== request end ===========================>
----------------check2-----------------
[RET] -1
[INFO] RET-1
newEventCount: 1
processReadEvent currEvent: ident : 8 filter : READ flags : 0x5 data: 653071

8 = RECV currEvent.ident
[RECV] DONE 0
8, 0x607000007170 = RecvEventBean::runBeanEvent
----------------check2-----------------
----------------check2-----------------
<======== request end ===========================>
----------------check2-----------------
<======== request end ===========================>
----------------check2-----------------
<======== request end ===========================>
----------------check2-----------------
<======== request end ===========================>
----------------check2-----------------
<======== request end ===========================>
----------------check2-----------------
<======== request end ===========================>
----------------check2-----------------
<======== request end ===========================>
----------------check2-----------------
<======== request end ===========================>
----------------check2-----------------
<======== request end ===========================>
----------------check2-----------------
<======== request end ===========================>
----------------check2-----------------
<======== request end ===========================>
----------------check2-----------------
<======== request end ===========================>
----------------check2-----------------
<======== request end ===========================>
----------------check2-----------------
<======== request end ===========================>
----------------check2-----------------
<======== request end ===========================>
----------------check2-----------------
<======== request end ===========================>
----------------check2-----------------
<======== request end ===========================>
----------------check2-----------------
<======== request end ===========================>
----------------check2-----------------
<======== request end ===========================>
----------------check2-----------------
[RET] -1
[INFO] RET-1
newEventCount: 1
processReadEvent currEvent: ident : 8 filter : READ flags : 0x5 data: 653141

8 = RECV currEvent.ident
[RECV] DONE 0
8, 0x607000007170 = RecvEventBean::runBeanEvent
----------------check2-----------------
----------------check2-----------------
<======== request end ===========================>
----------------check2-----------------
<======== request end ===========================>
----------------check2-----------------
<======== request end ===========================>
----------------check2-----------------
<======== request end ===========================>
----------------check2-----------------
<======== request end ===========================>
----------------check2-----------------
<======== request end ===========================>
----------------check2-----------------
<======== request end ===========================>
----------------check2-----------------
<======== request end ===========================>
----------------check2-----------------
<======== request end ===========================>
----------------check2-----------------
<======== request end ===========================>
----------------check2-----------------
<======== request end ===========================>
----------------check2-----------------
<======== request end ===========================>
----------------check2-----------------
<======== request end ===========================>
----------------check2-----------------
<======== request end ===========================>
----------------check2-----------------
<======== request end ===========================>
----------------check2-----------------
<======== request end ===========================>
----------------check2-----------------
<======== request end ===========================>
----------------check2-----------------
<======== request end ===========================>
----------------check2-----------------
<======== request end ===========================>
----------------check2-----------------
[RET] -1
[INFO] RET-1
newEventCount: 1
processReadEvent currEvent: ident : 8 filter : READ flags : 0x5 data: 646941

8 = RECV currEvent.ident
[RECV] DONE 0
8, 0x607000007170 = RecvEventBean::runBeanEvent
----------------check2-----------------
----------------check2-----------------
<======== request end ===========================>
----------------check2-----------------
<======== request end ===========================>
----------------check2-----------------
<======== request end ===========================>
----------------check2-----------------
<======== request end ===========================>
----------------check2-----------------
<======== request end ===========================>
----------------check2-----------------
<======== request end ===========================>
----------------check2-----------------
<======== request end ===========================>
----------------check2-----------------
<======== request end ===========================>
----------------check2-----------------
<======== request end ===========================>
----------------check2-----------------
<======== request end ===========================>
----------------check2-----------------
<======== request end ===========================>
----------------check2-----------------
<======== request end ===========================>
----------------check2-----------------
<======== request end ===========================>
----------------check2-----------------
<======== request end ===========================>
----------------check2-----------------
<======== request end ===========================>
----------------check2-----------------
<======== request end ===========================>
----------------check2-----------------
<======== request end ===========================>
----------------check2-----------------
<======== request end ===========================>
----------------check2-----------------
<======== request end ===========================>
----------------check2-----------------
<======== request end ===========================>
----------------check2-----------------
[RET] -1
[INFO] RET-1
newEventCount: 1
processReadEvent currEvent: ident : 8 filter : READ flags : 0x5 data: 647023

8 = RECV currEvent.ident
[RECV] DONE 0
8, 0x607000007170 = RecvEventBean::runBeanEvent
----------------check2-----------------
----------------check2-----------------
<======== request end ===========================>
----------------check2-----------------
<======== request end ===========================>
----------------check2-----------------
<======== request end ===========================>
----------------check2-----------------
<======== request end ===========================>
----------------check2-----------------
<======== request end ===========================>
----------------check2-----------------
<======== request end ===========================>
----------------check2-----------------
<======== request end ===========================>
----------------check2-----------------
<======== request end ===========================>
----------------check2-----------------
<======== request end ===========================>
----------------check2-----------------
<======== request end ===========================>
----------------check2-----------------
<======== request end ===========================>
----------------check2-----------------
<======== request end ===========================>
----------------check2-----------------
<======== request end ===========================>
----------------check2-----------------
<======== request end ===========================>
----------------check2-----------------
<======== request end ===========================>
----------------check2-----------------
<======== request end ===========================>
----------------check2-----------------
<======== request end ===========================>
----------------check2-----------------
<======== request end ===========================>
----------------check2-----------------
<======== request end ===========================>
----------------check2-----------------
<======== request end ===========================>
----------------check2-----------------
[RET] -1
[INFO] RET-1
newEventCount: 1
processReadEvent currEvent: ident : 8 filter : READ flags : 0x5 data: 646295

8 = RECV currEvent.ident
[RECV] DONE 0
8, 0x607000007170 = RecvEventBean::runBeanEvent
----------------check2-----------------
----------------check2-----------------
<======== request end ===========================>
----------------check2-----------------
<======== request end ===========================>
----------------check2-----------------
<======== request end ===========================>
----------------check2-----------------
<======== request end ===========================>
----------------check2-----------------
<======== request end ===========================>
----------------check2-----------------
<======== request end ===========================>
----------------check2-----------------
<======== request end ===========================>
----------------check2-----------------
<======== request end ===========================>
----------------check2-----------------
<======== request end ===========================>
----------------check2-----------------
<======== request end ===========================>
----------------check2-----------------
<======== request end ===========================>
----------------check2-----------------
<======== request end ===========================>
----------------check2-----------------
<======== request end ===========================>
----------------check2-----------------
<======== request end ===========================>
----------------check2-----------------
<======== request end ===========================>
----------------check2-----------------
<======== request end ===========================>
----------------check2-----------------
<======== request end ===========================>
----------------check2-----------------
<======== request end ===========================>
----------------check2-----------------
<======== request end ===========================>
----------------check2-----------------
<======== request end ===========================>
----------------check2-----------------
[RET] -1
[INFO] RET-1
newEventCount: 1
processReadEvent currEvent: ident : 8 filter : READ flags : 0x5 data: 652730

8 = RECV currEvent.ident
[RECV] DONE 0
8, 0x607000007170 = RecvEventBean::runBeanEvent
----------------check2-----------------
----------------check2-----------------
<======== request end ===========================>
----------------check2-----------------
<======== request end ===========================>
----------------check2-----------------
<======== request end ===========================>
----------------check2-----------------
<======== request end ===========================>
----------------check2-----------------
<======== request end ===========================>
----------------check2-----------------
<======== request end ===========================>
----------------check2-----------------
<======== request end ===========================>
----------------check2-----------------
<======== request end ===========================>
----------------check2-----------------
<======== request end ===========================>
----------------check2-----------------
<======== request end ===========================>
----------------check2-----------------
<======== request end ===========================>
----------------check2-----------------
<======== request end ===========================>
----------------check2-----------------
<======== request end ===========================>
----------------check2-----------------
<======== request end ===========================>
----------------check2-----------------
<======== request end ===========================>
----------------check2-----------------
<======== request end ===========================>
----------------check2-----------------
<======== request end ===========================>
----------------check2-----------------
<======== request end ===========================>
----------------check2-----------------
<======== request end ===========================>
----------------check2-----------------
<======== request end ===========================>
----------------check2-----------------
[RET] -1
[INFO] RET-1
newEventCount: 1
processReadEvent currEvent: ident : 8 filter : READ flags : 0x5 data: 653530

8 = RECV currEvent.ident
[RECV] DONE 0
8, 0x607000007170 = RecvEventBean::runBeanEvent
----------------check2-----------------
----------------check2-----------------
<======== request end ===========================>
----------------check2-----------------
<======== request end ===========================>
----------------check2-----------------
<======== request end ===========================>
----------------check2-----------------
<======== request end ===========================>
----------------check2-----------------
<======== request end ===========================>
----------------check2-----------------
<======== request end ===========================>
----------------check2-----------------
<======== request end ===========================>
----------------check2-----------------
<======== request end ===========================>
----------------check2-----------------
<======== request end ===========================>
----------------check2-----------------
<======== request end ===========================>
----------------check2-----------------
<======== request end ===========================>
----------------check2-----------------
<======== request end ===========================>
----------------check2-----------------
<======== request end ===========================>
----------------check2-----------------
<======== request end ===========================>
----------------check2-----------------
<======== request end ===========================>
----------------check2-----------------
<======== request end ===========================>
----------------check2-----------------
<======== request end ===========================>
----------------check2-----------------
<======== request end ===========================>
----------------check2-----------------
<======== request end ===========================>
----------------check2-----------------
[RET] -1
[INFO] RET-1
newEventCount: 1
processReadEvent currEvent: ident : 8 filter : READ flags : 0x5 data: 652201

8 = RECV currEvent.ident
[RECV] DONE 0
8, 0x607000007170 = RecvEventBean::runBeanEvent
----------------check2-----------------
----------------check2-----------------
<======== request end ===========================>
----------------check2-----------------
<======== request end ===========================>
----------------check2-----------------
<======== request end ===========================>
----------------check2-----------------
<======== request end ===========================>
----------------check2-----------------
<======== request end ===========================>
----------------check2-----------------
<======== request end ===========================>
----------------check2-----------------
<======== request end ===========================>
----------------check2-----------------
<======== request end ===========================>
----------------check2-----------------
<======== request end ===========================>
----------------check2-----------------
<======== request end ===========================>
----------------check2-----------------
<======== request end ===========================>
----------------check2-----------------
<======== request end ===========================>
----------------check2-----------------
<======== request end ===========================>
----------------check2-----------------
<======== request end ===========================>
----------------check2-----------------
<======== request end ===========================>
----------------check2-----------------
<======== request end ===========================>
----------------check2-----------------
<======== request end ===========================>
----------------check2-----------------
<======== request end ===========================>
----------------check2-----------------
<======== request end ===========================>
----------------check2-----------------
<======== request end ===========================>
----------------check2-----------------
[RET] -1
[INFO] RET-1
newEventCount: 1
processReadEvent currEvent: ident : 8 filter : READ flags : 0x5 data: 647175

8 = RECV currEvent.ident
[RECV] DONE 0
8, 0x607000007170 = RecvEventBean::runBeanEvent
----------------check2-----------------
----------------check2-----------------
<======== request end ===========================>
----------------check2-----------------
<======== request end ===========================>
----------------check2-----------------
<======== request end ===========================>
----------------check2-----------------
<======== request end ===========================>
----------------check2-----------------
<======== request end ===========================>
----------------check2-----------------
<======== request end ===========================>
----------------check2-----------------
<======== request end ===========================>
----------------check2-----------------
<======== request end ===========================>
----------------check2-----------------
<======== request end ===========================>
----------------check2-----------------
<======== request end ===========================>
----------------check2-----------------
<======== request end ===========================>
----------------check2-----------------
<======== request end ===========================>
----------------check2-----------------
<======== request end ===========================>
----------------check2-----------------
<======== request end ===========================>
----------------check2-----------------
<======== request end ===========================>
----------------check2-----------------
<======== request end ===========================>
----------------check2-----------------
<======== request end ===========================>
----------------check2-----------------
<======== request end ===========================>
----------------check2-----------------
<======== request end ===========================>
----------------check2-----------------
<======== request end ===========================>
----------------check2-----------------
[RET] -1
[INFO] RET-1
newEventCount: 1
processReadEvent currEvent: ident : 8 filter : READ flags : 0x5 data: 639188

8 = RECV currEvent.ident
[RECV] DONE 0
8, 0x607000007170 = RecvEventBean::runBeanEvent
----------------check2-----------------
----------------check2-----------------
<======== request end ===========================>
----------------check2-----------------
<======== request end ===========================>
----------------check2-----------------
<======== request end ===========================>
----------------check2-----------------
<======== request end ===========================>
----------------check2-----------------
<======== request end ===========================>
----------------check2-----------------
<======== request end ===========================>
----------------check2-----------------
<======== request end ===========================>
----------------check2-----------------
<======== request end ===========================>
----------------check2-----------------
<======== request end ===========================>
----------------check2-----------------
<======== request end ===========================>
----------------check2-----------------
<======== request end ===========================>
----------------check2-----------------
<======== request end ===========================>
----------------check2-----------------
<======== request end ===========================>
----------------check2-----------------
<======== request end ===========================>
----------------check2-----------------
<======== request end ===========================>
----------------check2-----------------
<======== request end ===========================>
----------------check2-----------------
<======== request end ===========================>
----------------check2-----------------
<======== request end ===========================>
----------------check2-----------------
<======== request end ===========================>
----------------check2-----------------
<======== request end ===========================>
----------------check2-----------------
[RET] -1
[INFO] RET-1
newEventCount: 1
processReadEvent currEvent: ident : 8 filter : READ flags : 0x5 data: 651424

8 = RECV currEvent.ident
[RECV] DONE 0
8, 0x607000007170 = RecvEventBean::runBeanEvent
----------------check2-----------------
----------------check2-----------------
<======== request end ===========================>
----------------check2-----------------
<======== request end ===========================>
----------------check2-----------------
<======== request end ===========================>
----------------check2-----------------
<======== request end ===========================>
----------------check2-----------------
<======== request end ===========================>
----------------check2-----------------
<======== request end ===========================>
----------------check2-----------------
<======== request end ===========================>
----------------check2-----------------
<======== request end ===========================>
----------------check2-----------------
<======== request end ===========================>
----------------check2-----------------
<======== request end ===========================>
----------------check2-----------------
<======== request end ===========================>
----------------check2-----------------
<======== request end ===========================>
----------------check2-----------------
<======== request end ===========================>
----------------check2-----------------
<======== request end ===========================>
----------------check2-----------------
<======== request end ===========================>
----------------check2-----------------
<======== request end ===========================>
----------------check2-----------------
<======== request end ===========================>
----------------check2-----------------
<======== request end ===========================>
----------------check2-----------------
<======== request end ===========================>
----------------check2-----------------
[RET] -1
[INFO] RET-1
newEventCount: 1
processReadEvent currEvent: ident : 8 filter : READ flags : 0x5 data: 650790

8 = RECV currEvent.ident
[RECV] DONE 0
8, 0x607000007170 = RecvEventBean::runBeanEvent
----------------check2-----------------
----------------check2-----------------
<======== request end ===========================>
----------------check2-----------------
<======== request end ===========================>
----------------check2-----------------
<======== request end ===========================>
----------------check2-----------------
<======== request end ===========================>
----------------check2-----------------
<======== request end ===========================>
----------------check2-----------------
<======== request end ===========================>
----------------check2-----------------
<======== request end ===========================>
----------------check2-----------------
<======== request end ===========================>
----------------check2-----------------
<======== request end ===========================>
----------------check2-----------------
<======== request end ===========================>
----------------check2-----------------
<======== request end ===========================>
----------------check2-----------------
<======== request end ===========================>
----------------check2-----------------
<======== request end ===========================>
----------------check2-----------------
<======== request end ===========================>
----------------check2-----------------
<======== request end ===========================>
----------------check2-----------------
<======== request end ===========================>
----------------check2-----------------
<======== request end ===========================>
----------------check2-----------------
<======== request end ===========================>
----------------check2-----------------
<======== request end ===========================>
----------------check2-----------------
[RET] -1
[INFO] RET-1
newEventCount: 1
processReadEvent currEvent: ident : 8 filter : READ flags : 0x5 data: 647902

8 = RECV currEvent.ident
[RECV] DONE 0
8, 0x607000007170 = RecvEventBean::runBeanEvent
----------------check2-----------------
----------------check2-----------------
<======== request end ===========================>
----------------check2-----------------
<======== request end ===========================>
----------------check2-----------------
<======== request end ===========================>
----------------check2-----------------
<======== request end ===========================>
----------------check2-----------------
<======== request end ===========================>
----------------check2-----------------
<======== request end ===========================>
----------------check2-----------------
<======== request end ===========================>
----------------check2-----------------
<======== request end ===========================>
----------------check2-----------------
<======== request end ===========================>
----------------check2-----------------
<======== request end ===========================>
----------------check2-----------------
<======== request end ===========================>
----------------check2-----------------
<======== request end ===========================>
----------------check2-----------------
<======== request end ===========================>
----------------check2-----------------
<======== request end ===========================>
----------------check2-----------------
<======== request end ===========================>
----------------check2-----------------
<======== request end ===========================>
----------------check2-----------------
<======== request end ===========================>
----------------check2-----------------
<======== request end ===========================>
----------------check2-----------------
<======== request end ===========================>
----------------check2-----------------
<======== request end ===========================>
----------------check2-----------------
[RET] -1
[INFO] RET-1
newEventCount: 1
processReadEvent currEvent: ident : 8 filter : READ flags : 0x5 data: 639188

8 = RECV currEvent.ident
[RECV] DONE 0
8, 0x607000007170 = RecvEventBean::runBeanEvent
----------------check2-----------------
----------------check2-----------------
<======== request end ===========================>
----------------check2-----------------
<======== request end ===========================>
----------------check2-----------------
<======== request end ===========================>
----------------check2-----------------
<======== request end ===========================>
----------------check2-----------------
<======== request end ===========================>
----------------check2-----------------
<======== request end ===========================>
----------------check2-----------------
<======== request end ===========================>
----------------check2-----------------
<======== request end ===========================>
----------------check2-----------------
<======== request end ===========================>
----------------check2-----------------
<======== request end ===========================>
----------------check2-----------------
<======== request end ===========================>
----------------check2-----------------
<======== request end ===========================>
----------------check2-----------------
<======== request end ===========================>
----------------check2-----------------
<======== request end ===========================>
----------------check2-----------------
<======== request end ===========================>
----------------check2-----------------
<======== request end ===========================>
----------------check2-----------------
<======== request end ===========================>
----------------check2-----------------
<======== request end ===========================>
----------------check2-----------------
<======== request end ===========================>
----------------check2-----------------
<======== request end ===========================>
----------------check2-----------------
[RET] -1
[INFO] RET-1
newEventCount: 1
processReadEvent currEvent: ident : 8 filter : READ flags : 0x5 data: 653354

8 = RECV currEvent.ident
[RECV] DONE 0
8, 0x607000007170 = RecvEventBean::runBeanEvent
----------------check2-----------------
----------------check2-----------------
<======== request end ===========================>
----------------check2-----------------
<======== request end ===========================>
----------------check2-----------------
<======== request end ===========================>
----------------check2-----------------
<======== request end ===========================>
----------------check2-----------------
<======== request end ===========================>
----------------check2-----------------
<======== request end ===========================>
----------------check2-----------------
<======== request end ===========================>
----------------check2-----------------
<======== request end ===========================>
----------------check2-----------------
<======== request end ===========================>
----------------check2-----------------
<======== request end ===========================>
----------------check2-----------------
<======== request end ===========================>
----------------check2-----------------
<======== request end ===========================>
----------------check2-----------------
<======== request end ===========================>
----------------check2-----------------
<======== request end ===========================>
----------------check2-----------------
<======== request end ===========================>
----------------check2-----------------
<======== request end ===========================>
----------------check2-----------------
<======== request end ===========================>
----------------check2-----------------
<======== request end ===========================>
----------------check2-----------------
<======== request end ===========================>
----------------check2-----------------
<======== request end ===========================>
----------------check2-----------------
[RET] -1
[INFO] RET-1
newEventCount: 1
processReadEvent currEvent: ident : 8 filter : READ flags : 0x5 data: 653590

8 = RECV currEvent.ident
[RECV] DONE 0
8, 0x607000007170 = RecvEventBean::runBeanEvent
----------------check2-----------------
----------------check2-----------------
<======== request end ===========================>
----------------check2-----------------
<======== request end ===========================>
----------------check2-----------------
<======== request end ===========================>
----------------check2-----------------
<======== request end ===========================>
----------------check2-----------------
<======== request end ===========================>
----------------check2-----------------
<======== request end ===========================>
----------------check2-----------------
<======== request end ===========================>
----------------check2-----------------
<======== request end ===========================>
----------------check2-----------------
<======== request end ===========================>
----------------check2-----------------
<======== request end ===========================>
----------------check2-----------------
<======== request end ===========================>
----------------check2-----------------
<======== request end ===========================>
----------------check2-----------------
<======== request end ===========================>
----------------check2-----------------
<======== request end ===========================>
----------------check2-----------------
<======== request end ===========================>
----------------check2-----------------
<======== request end ===========================>
----------------check2-----------------
<======== request end ===========================>
----------------check2-----------------
<======== request end ===========================>
----------------check2-----------------
<======== request end ===========================>
----------------check2-----------------
[RET] -1
[INFO] RET-1
newEventCount: 1
processReadEvent currEvent: ident : 8 filter : READ flags : 0x5 data: 652071

8 = RECV currEvent.ident
[RECV] DONE 0
8, 0x607000007170 = RecvEventBean::runBeanEvent
----------------check2-----------------
----------------check2-----------------
<======== request end ===========================>
----------------check2-----------------
<======== request end ===========================>
----------------check2-----------------
<======== request end ===========================>
----------------check2-----------------
<======== request end ===========================>
----------------check2-----------------
<======== request end ===========================>
----------------check2-----------------
<======== request end ===========================>
----------------check2-----------------
<======== request end ===========================>
----------------check2-----------------
<======== request end ===========================>
----------------check2-----------------
<======== request end ===========================>
----------------check2-----------------
<======== request end ===========================>
----------------check2-----------------
<======== request end ===========================>
----------------check2-----------------
<======== request end ===========================>
----------------check2-----------------
<======== request end ===========================>
----------------check2-----------------
<======== request end ===========================>
----------------check2-----------------
<======== request end ===========================>
----------------check2-----------------
<======== request end ===========================>
----------------check2-----------------
<======== request end ===========================>
----------------check2-----------------
<======== request end ===========================>
----------------check2-----------------
<======== request end ===========================>
----------------check2-----------------
[RET] -1
[INFO] RET-1
newEventCount: 1
processReadEvent currEvent: ident : 8 filter : READ flags : 0x5 data: 650853

8 = RECV currEvent.ident
[RECV] DONE 0
8, 0x607000007170 = RecvEventBean::runBeanEvent
----------------check2-----------------
----------------check2-----------------
<======== request end ===========================>
----------------check2-----------------
<======== request end ===========================>
----------------check2-----------------
<======== request end ===========================>
----------------check2-----------------
<======== request end ===========================>
----------------check2-----------------
<======== request end ===========================>
----------------check2-----------------
<======== request end ===========================>
----------------check2-----------------
<======== request end ===========================>
----------------check2-----------------
<======== request end ===========================>
----------------check2-----------------
<======== request end ===========================>
----------------check2-----------------
<======== request end ===========================>
----------------check2-----------------
<======== request end ===========================>
----------------check2-----------------
<======== request end ===========================>
----------------check2-----------------
<======== request end ===========================>
----------------check2-----------------
<======== request end ===========================>
----------------check2-----------------
<======== request end ===========================>
----------------check2-----------------
<======== request end ===========================>
----------------check2-----------------
<======== request end ===========================>
----------------check2-----------------
<======== request end ===========================>
----------------check2-----------------
<======== request end ===========================>
----------------check2-----------------
<======== request end ===========================>
----------------check2-----------------
[RET] -1
[INFO] RET-1
newEventCount: 1
processReadEvent currEvent: ident : 8 filter : READ flags : 0x5 data: 649893

8 = RECV currEvent.ident
[RECV] DONE 0
8, 0x607000007170 = RecvEventBean::runBeanEvent
----------------check2-----------------
----------------check2-----------------
<======== request end ===========================>
----------------check2-----------------
<======== request end ===========================>
----------------check2-----------------
<======== request end ===========================>
----------------check2-----------------
<======== request end ===========================>
----------------check2-----------------
<======== request end ===========================>
----------------check2-----------------
<======== request end ===========================>
----------------check2-----------------
<======== request end ===========================>
----------------check2-----------------
<======== request end ===========================>
----------------check2-----------------
<======== request end ===========================>
----------------check2-----------------
<======== request end ===========================>
----------------check2-----------------
<======== request end ===========================>
----------------check2-----------------
<======== request end ===========================>
----------------check2-----------------
<======== request end ===========================>
----------------check2-----------------
<======== request end ===========================>
----------------check2-----------------
<======== request end ===========================>
----------------check2-----------------
<======== request end ===========================>
----------------check2-----------------
<======== request end ===========================>
----------------check2-----------------
<======== request end ===========================>
----------------check2-----------------
<======== request end ===========================>
----------------check2-----------------
<======== request end ===========================>
----------------check2-----------------
[RET] -1
[INFO] RET-1
newEventCount: 1
processReadEvent currEvent: ident : 8 filter : READ flags : 0x5 data: 640647

8 = RECV currEvent.ident
[RECV] DONE 0
8, 0x607000007170 = RecvEventBean::runBeanEvent
----------------check2-----------------
----------------check2-----------------
<======== request end ===========================>
----------------check2-----------------
<======== request end ===========================>
----------------check2-----------------
<======== request end ===========================>
----------------check2-----------------
<======== request end ===========================>
----------------check2-----------------
<======== request end ===========================>
----------------check2-----------------
<======== request end ===========================>
----------------check2-----------------
<======== request end ===========================>
----------------check2-----------------
<======== request end ===========================>
----------------check2-----------------
<======== request end ===========================>
----------------check2-----------------
<======== request end ===========================>
----------------check2-----------------
<======== request end ===========================>
----------------check2-----------------
<======== request end ===========================>
----------------check2-----------------
<======== request end ===========================>
----------------check2-----------------
<======== request end ===========================>
----------------check2-----------------
<======== request end ===========================>
----------------check2-----------------
<======== request end ===========================>
----------------check2-----------------
<======== request end ===========================>
----------------check2-----------------
<======== request end ===========================>
----------------check2-----------------
<======== request end ===========================>
----------------check2-----------------
<======== request end ===========================>
----------------check2-----------------
[RET] -1
[INFO] RET-1
newEventCount: 1
processReadEvent currEvent: ident : 8 filter : READ flags : 0x5 data: 651360

8 = RECV currEvent.ident
[RECV] DONE 0
8, 0x607000007170 = RecvEventBean::runBeanEvent
----------------check2-----------------
----------------check2-----------------
<======== request end ===========================>
----------------check2-----------------
<======== request end ===========================>
----------------check2-----------------
<======== request end ===========================>
----------------check2-----------------
<======== request end ===========================>
----------------check2-----------------
<======== request end ===========================>
----------------check2-----------------
<======== request end ===========================>
----------------check2-----------------
<======== request end ===========================>
----------------check2-----------------
<======== request end ===========================>
----------------check2-----------------
<======== request end ===========================>
----------------check2-----------------
<======== request end ===========================>
----------------check2-----------------
<======== request end ===========================>
----------------check2-----------------
<======== request end ===========================>
----------------check2-----------------
<======== request end ===========================>
----------------check2-----------------
<======== request end ===========================>
----------------check2-----------------
<======== request end ===========================>
----------------check2-----------------
<======== request end ===========================>
----------------check2-----------------
<======== request end ===========================>
----------------check2-----------------
<======== request end ===========================>
----------------check2-----------------
<======== request end ===========================>
----------------check2-----------------
[RET] -1
[INFO] RET-1
newEventCount: 1
processReadEvent currEvent: ident : 8 filter : READ flags : 0x5 data: 643172

8 = RECV currEvent.ident
[RECV] DONE 0
8, 0x607000007170 = RecvEventBean::runBeanEvent
----------------check2-----------------
----------------check2-----------------
<======== request end ===========================>
----------------check2-----------------
<======== request end ===========================>
----------------check2-----------------
<======== request end ===========================>
----------------check2-----------------
<======== request end ===========================>
----------------check2-----------------
<======== request end ===========================>
----------------check2-----------------
<======== request end ===========================>
----------------check2-----------------
<======== request end ===========================>
----------------check2-----------------
<======== request end ===========================>
----------------check2-----------------
<======== request end ===========================>
----------------check2-----------------
<======== request end ===========================>
----------------check2-----------------
<======== request end ===========================>
----------------check2-----------------
<======== request end ===========================>
----------------check2-----------------
<======== request end ===========================>
----------------check2-----------------
<======== request end ===========================>
----------------check2-----------------
<======== request end ===========================>
----------------check2-----------------
<======== request end ===========================>
----------------check2-----------------
<======== request end ===========================>
----------------check2-----------------
<======== request end ===========================>
----------------check2-----------------
<======== request end ===========================>
----------------check2-----------------
[RET] -1
[INFO] RET-1
newEventCount: 1
processReadEvent currEvent: ident : 8 filter : READ flags : 0x5 data: 639188

8 = RECV currEvent.ident
[RECV] DONE 0
8, 0x607000007170 = RecvEventBean::runBeanEvent
----------------check2-----------------
----------------check2-----------------
<======== request end ===========================>
----------------check2-----------------
<======== request end ===========================>
----------------check2-----------------
<======== request end ===========================>
----------------check2-----------------
<======== request end ===========================>
----------------check2-----------------
<======== request end ===========================>
----------------check2-----------------
<======== request end ===========================>
----------------check2-----------------
<======== request end ===========================>
----------------check2-----------------
<======== request end ===========================>
----------------check2-----------------
<======== request end ===========================>
----------------check2-----------------
<======== request end ===========================>
----------------check2-----------------
<======== request end ===========================>
----------------check2-----------------
<======== request end ===========================>
----------------check2-----------------
<======== request end ===========================>
----------------check2-----------------
<======== request end ===========================>
----------------check2-----------------
<======== request end ===========================>
----------------check2-----------------
<======== request end ===========================>
----------------check2-----------------
<======== request end ===========================>
----------------check2-----------------
<======== request end ===========================>
----------------check2-----------------
<======== request end ===========================>
----------------check2-----------------
<======== request end ===========================>
----------------check2-----------------
[RET] -1
[INFO] RET-1
newEventCount: 1
processReadEvent currEvent: ident : 8 filter : READ flags : 0x5 data: 446837

8 = RECV currEvent.ident
[RECV] DONE 0
8, 0x607000007170 = RecvEventBean::runBeanEvent
----------------check2-----------------
----------------check2-----------------
<======== request end ===========================>
----------------check2-----------------
<======== request end ===========================>
----------------check2-----------------
<======== request end ===========================>
----------------check2-----------------
<======== request end ===========================>
----------------check2-----------------
<======== request end ===========================>
----------------check2-----------------
<======== request end ===========================>
----------------check2-----------------
<======== request end ===========================>
----------------check2-----------------
<======== request end ===========================>
----------------check2-----------------
<======== request end ===========================>
----------------check2-----------------
<======== request end ===========================>
----------------check2-----------------
<======== request end ===========================>
----------------check2-----------------
<======== request end ===========================>
----------------check2-----------------
<======== request end ===========================>
----------------check2-----------------
<======== request end ===========================>
----------------check2-----------------
=============== [Request line] ===============
method: POST
path: /directory/youpi.bla
query string: 
=============== [Request Header] ==============
ACCEPT-ENCODING: gzip
CONTENT-LENGTH: 100000000
CONTENT-TYPE: test/file
HOST: localhost:80
TRANSFER-ENCODING: chunked
USER-AGENT: Go-http-client/1.1
=============== [Request Body] ===============
=============== [Request Body Length] ===============
100000000
===============================================
8: this->socketfd
80
80, /directory = getController
MyController::service
this->masking : 3, POST
----------------check2-----------------
----------------check2-----------------
----------------check2-----------------
MyController::findFullPath: [YoupiBanane], [youpi.bla]
extension: test/file
ResponseConfig::getContentType: text/plain
100000000 = Controller::doPost
ARGV: [YoupiBanane, youpi.bla]
POST[youpi.bla : contentType]
YoupiBanane/youpi.bla, 34 = READ POST FILE
34 = Controller::readEventRegsiter
100000000: bodySize
[RET] 0
[INFO] RET0
newEventCount: 1
processWriteEvent currEventident : 33 filter : WRITE flags : 0x5 data: 16384

write buffer size: 16384
WRITE currEvent ident : 33 filter : WRITE flags : 0x5 data: 16384

WRITE RETURN: 65500newEventCount: 1
processWriteEvent currEventident : 33 filter : WRITE flags : 0x5 data: 65536

write buffer size: 65536
WRITE currEvent ident : 33 filter : WRITE flags : 0x5 data: 65536

WRITE RETURN: 65500newEventCount: 1
processWriteEvent currEventident : 33 filter : WRITE flags : 0x5 data: 65536

write buffer size: 65536
WRITE currEvent ident : 33 filter : WRITE flags : 0x5 data: 65536

WRITE RETURN: 65500newEventCount: 1
processWriteEvent currEventident : 33 filter : WRITE flags : 0x5 data: 65536

write buffer size: 65536
WRITE currEvent ident : 33 filter : WRITE flags : 0x5 data: 65536

WRITE RETURN: 65500newEventCount: 1
processWriteEvent currEventident : 33 filter : WRITE flags : 0x5 data: 65536

write buffer size: 65536
WRITE currEvent ident : 33 filter : WRITE flags : 0x5 data: 65536

WRITE RETURN: 65500newEventCount: 1
processWriteEvent currEventident : 33 filter : WRITE flags : 0x5 data: 65536

write buffer size: 65536
WRITE currEvent ident : 33 filter : WRITE flags : 0x5 data: 65536

WRITE RETURN: 65500newEventCount: 1
processWriteEvent currEventident : 33 filter : WRITE flags : 0x5 data: 65536

write buffer size: 65536
WRITE currEvent ident : 33 filter : WRITE flags : 0x5 data: 65536

WRITE RETURN: 65500newEventCount: 1
processWriteEvent currEventident : 33 filter : WRITE flags : 0x5 data: 65536

write buffer size: 65536
WRITE currEvent ident : 33 filter : WRITE flags : 0x5 data: 65536

WRITE RETURN: 65500newEventCount: 1
processWriteEvent currEventident : 33 filter : WRITE flags : 0x5 data: 65536

write buffer size: 65536
WRITE currEvent ident : 33 filter : WRITE flags : 0x5 data: 65536

WRITE RETURN: 65500newEventCount: 1
processWriteEvent currEventident : 33 filter : WRITE flags : 0x5 data: 65536

write buffer size: 65536
WRITE currEvent ident : 33 filter : WRITE flags : 0x5 data: 65536

WRITE RETURN: 65500newEventCount: 1
processWriteEvent currEventident : 33 filter : WRITE flags : 0x5 data: 65536

write buffer size: 65536
WRITE currEvent ident : 33 filter : WRITE flags : 0x5 data: 65536

WRITE RETURN: 65500newEventCount: 1
processWriteEvent currEventident : 33 filter : WRITE flags : 0x5 data: 65536

write buffer size: 65536
WRITE currEvent ident : 33 filter : WRITE flags : 0x5 data: 65536

WRITE RETURN: 65500newEventCount: 1
processWriteEvent currEventident : 33 filter : WRITE flags : 0x5 data: 65536

write buffer size: 65536
WRITE currEvent ident : 33 filter : WRITE flags : 0x5 data: 65536

WRITE RETURN: 65500newEventCount: 1
processWriteEvent currEventident : 33 filter : WRITE flags : 0x5 data: 65536

write buffer size: 65536
WRITE currEvent ident : 33 filter : WRITE flags : 0x5 data: 65536

WRITE RETURN: 65500newEventCount: 1
processWriteEvent currEventident : 33 filter : WRITE flags : 0x5 data: 65536

write buffer size: 65536
WRITE currEvent ident : 33 filter : WRITE flags : 0x5 data: 65536

WRITE RETURN: 65500newEventCount: 1
processWriteEvent currEventident : 33 filter : WRITE flags : 0x5 data: 65536

write buffer size: 65536
WRITE currEvent ident : 33 filter : WRITE flags : 0x5 data: 65536

WRITE RETURN: 65500newEventCount: 1
processWriteEvent currEventident : 33 filter : WRITE flags : 0x5 data: 65536

write buffer size: 65536
WRITE currEvent ident : 33 filter : WRITE flags : 0x5 data: 65536

WRITE RETURN: 65500newEventCount: 1
processWriteEvent currEventident : 33 filter : WRITE flags : 0x5 data: 65536

write buffer size: 65536
WRITE currEvent ident : 33 filter : WRITE flags : 0x5 data: 65536

WRITE RETURN: 65500newEventCount: 1
processWriteEvent currEventident : 33 filter : WRITE flags : 0x5 data: 65536

write buffer size: 65536
WRITE currEvent ident : 33 filter : WRITE flags : 0x5 data: 65536

WRITE RETURN: 65500newEventCount: 1
processWriteEvent currEventident : 33 filter : WRITE flags : 0x5 data: 65536

write buffer size: 65536
WRITE currEvent ident : 33 filter : WRITE flags : 0x5 data: 65536

WRITE RETURN: 65500newEventCount: 1
processWriteEvent currEventident : 33 filter : WRITE flags : 0x5 data: 65536

write buffer size: 65536
WRITE currEvent ident : 33 filter : WRITE flags : 0x5 data: 65536

WRITE RETURN: 65500newEventCount: 1
processWriteEvent currEventident : 33 filter : WRITE flags : 0x5 data: 65536

write buffer size: 65536
WRITE currEvent ident : 33 filter : WRITE flags : 0x5 data: 65536

WRITE RETURN: 65500newEventCount: 1
processWriteEvent currEventident : 33 filter : WRITE flags : 0x5 data: 65536

write buffer size: 65536
WRITE currEvent ident : 33 filter : WRITE flags : 0x5 data: 65536

WRITE RETURN: 65500newEventCount: 1
processWriteEvent currEventident : 33 filter : WRITE flags : 0x5 data: 65536

write buffer size: 65536
WRITE currEvent ident : 33 filter : WRITE flags : 0x5 data: 65536

WRITE RETURN: 65500newEventCount: 1
processWriteEvent currEventident : 33 filter : WRITE flags : 0x5 data: 65536

write buffer size: 65536
WRITE currEvent ident : 33 filter : WRITE flags : 0x5 data: 65536

WRITE RETURN: 65500newEventCount: 1
processWriteEvent currEventident : 33 filter : WRITE flags : 0x5 data: 65536

write buffer size: 65536
WRITE currEvent ident : 33 filter : WRITE flags : 0x5 data: 65536

WRITE RETURN: 65500newEventCount: 1
processWriteEvent currEventident : 33 filter : WRITE flags : 0x5 data: 65536

write buffer size: 65536
WRITE currEvent ident : 33 filter : WRITE flags : 0x5 data: 65536

WRITE RETURN: 65500newEventCount: 1
processWriteEvent currEventident : 33 filter : WRITE flags : 0x5 data: 65536

write buffer size: 65536
WRITE currEvent ident : 33 filter : WRITE flags : 0x5 data: 65536

WRITE RETURN: 65500newEventCount: 1
processWriteEvent currEventident : 33 filter : WRITE flags : 0x5 data: 65536

write buffer size: 65536
WRITE currEvent ident : 33 filter : WRITE flags : 0x5 data: 65536

WRITE RETURN: 65500newEventCount: 1
processWriteEvent currEventident : 33 filter : WRITE flags : 0x5 data: 65536

write buffer size: 65536
WRITE currEvent ident : 33 filter : WRITE flags : 0x5 data: 65536

WRITE RETURN: 65500newEventCount: 1
processWriteEvent currEventident : 33 filter : WRITE flags : 0x5 data: 65536

write buffer size: 65536
WRITE currEvent ident : 33 filter : WRITE flags : 0x5 data: 65536

WRITE RETURN: 65500newEventCount: 1
processWriteEvent currEventident : 33 filter : WRITE flags : 0x5 data: 65536

write buffer size: 65536
WRITE currEvent ident : 33 filter : WRITE flags : 0x5 data: 65536

WRITE RETURN: 65500newEventCount: 1
processWriteEvent currEventident : 33 filter : WRITE flags : 0x5 data: 65536

write buffer size: 65536
WRITE currEvent ident : 33 filter : WRITE flags : 0x5 data: 65536

WRITE RETURN: 65500newEventCount: 1
processWriteEvent currEventident : 33 filter : WRITE flags : 0x5 data: 65536

write buffer size: 65536
WRITE currEvent ident : 33 filter : WRITE flags : 0x5 data: 65536

WRITE RETURN: 65500newEventCount: 1
processWriteEvent currEventident : 33 filter : WRITE flags : 0x5 data: 65536

write buffer size: 65536
WRITE currEvent ident : 33 filter : WRITE flags : 0x5 data: 65536

WRITE RETURN: 65500newEventCount: 1
processWriteEvent currEventident : 33 filter : WRITE flags : 0x5 data: 65536

write buffer size: 65536
WRITE currEvent ident : 33 filter : WRITE flags : 0x5 data: 65536

WRITE RETURN: 65500newEventCount: 1
processWriteEvent currEventident : 33 filter : WRITE flags : 0x5 data: 65536

write buffer size: 65536
WRITE currEvent ident : 33 filter : WRITE flags : 0x5 data: 65536

WRITE RETURN: 65500newEventCount: 1
processWriteEvent currEventident : 33 filter : WRITE flags : 0x5 data: 65536

write buffer size: 65536
WRITE currEvent ident : 33 filter : WRITE flags : 0x5 data: 65536

WRITE RETURN: 65500newEventCount: 1
processWriteEvent currEventident : 33 filter : WRITE flags : 0x5 data: 65536

write buffer size: 65536
WRITE currEvent ident : 33 filter : WRITE flags : 0x5 data: 65536

WRITE RETURN: 65500newEventCount: 1
processWriteEvent currEventident : 33 filter : WRITE flags : 0x5 data: 65536

write buffer size: 65536
WRITE currEvent ident : 33 filter : WRITE flags : 0x5 data: 65536

WRITE RETURN: 65500newEventCount: 1
processWriteEvent currEventident : 33 filter : WRITE flags : 0x5 data: 65536

write buffer size: 65536
WRITE currEvent ident : 33 filter : WRITE flags : 0x5 data: 65536

WRITE RETURN: 65500newEventCount: 1
processWriteEvent currEventident : 33 filter : WRITE flags : 0x5 data: 65536

write buffer size: 65536
WRITE currEvent ident : 33 filter : WRITE flags : 0x5 data: 65536

WRITE RETURN: 65500newEventCount: 1
processWriteEvent currEventident : 33 filter : WRITE flags : 0x5 data: 65536

write buffer size: 65536
WRITE currEvent ident : 33 filter : WRITE flags : 0x5 data: 65536

WRITE RETURN: 65500newEventCount: 1
processWriteEvent currEventident : 33 filter : WRITE flags : 0x5 data: 65536

write buffer size: 65536
WRITE currEvent ident : 33 filter : WRITE flags : 0x5 data: 65536

WRITE RETURN: 65500newEventCount: 1
processWriteEvent currEventident : 33 filter : WRITE flags : 0x5 data: 65536

write buffer size: 65536
WRITE currEvent ident : 33 filter : WRITE flags : 0x5 data: 65536

WRITE RETURN: 65500newEventCount: 1
processWriteEvent currEventident : 33 filter : WRITE flags : 0x5 data: 65536

write buffer size: 65536
WRITE currEvent ident : 33 filter : WRITE flags : 0x5 data: 65536

WRITE RETURN: 65500newEventCount: 1
processWriteEvent currEventident : 33 filter : WRITE flags : 0x5 data: 65536

write buffer size: 65536
WRITE currEvent ident : 33 filter : WRITE flags : 0x5 data: 65536

WRITE RETURN: 65500newEventCount: 1
processWriteEvent currEventident : 33 filter : WRITE flags : 0x5 data: 65536

write buffer size: 65536
WRITE currEvent ident : 33 filter : WRITE flags : 0x5 data: 65536

WRITE RETURN: 65500newEventCount: 1
processWriteEvent currEventident : 33 filter : WRITE flags : 0x5 data: 65536

write buffer size: 65536
WRITE currEvent ident : 33 filter : WRITE flags : 0x5 data: 65536

WRITE RETURN: 65500newEventCount: 1
processWriteEvent currEventident : 33 filter : WRITE flags : 0x5 data: 65536

write buffer size: 65536
WRITE currEvent ident : 33 filter : WRITE flags : 0x5 data: 65536

WRITE RETURN: 65500newEventCount: 1
processWriteEvent currEventident : 33 filter : WRITE flags : 0x5 data: 65536

write buffer size: 65536
WRITE currEvent ident : 33 filter : WRITE flags : 0x5 data: 65536

WRITE RETURN: 65500newEventCount: 1
processWriteEvent currEventident : 33 filter : WRITE flags : 0x5 data: 65536

write buffer size: 65536
WRITE currEvent ident : 33 filter : WRITE flags : 0x5 data: 65536

WRITE RETURN: 65500newEventCount: 1
processWriteEvent currEventident : 33 filter : WRITE flags : 0x5 data: 65536

write buffer size: 65536
WRITE currEvent ident : 33 filter : WRITE flags : 0x5 data: 65536

WRITE RETURN: 65500newEventCount: 1
processWriteEvent currEventident : 33 filter : WRITE flags : 0x5 data: 65536

write buffer size: 65536
WRITE currEvent ident : 33 filter : WRITE flags : 0x5 data: 65536

WRITE RETURN: 65500newEventCount: 1
processWriteEvent currEventident : 33 filter : WRITE flags : 0x5 data: 65536

write buffer size: 65536
WRITE currEvent ident : 33 filter : WRITE flags : 0x5 data: 65536

WRITE RETURN: 65500newEventCount: 1
processWriteEvent currEventident : 33 filter : WRITE flags : 0x5 data: 65536

write buffer size: 65536
WRITE currEvent ident : 33 filter : WRITE flags : 0x5 data: 65536

WRITE RETURN: 65500newEventCount: 1
processWriteEvent currEventident : 33 filter : WRITE flags : 0x5 data: 65536

write buffer size: 65536
WRITE currEvent ident : 33 filter : WRITE flags : 0x5 data: 65536

WRITE RETURN: 65500newEventCount: 1
processWriteEvent currEventident : 33 filter : WRITE flags : 0x5 data: 65536

write buffer size: 65536
WRITE currEvent ident : 33 filter : WRITE flags : 0x5 data: 65536

WRITE RETURN: 65500newEventCount: 1
processWriteEvent currEventident : 33 filter : WRITE flags : 0x5 data: 65536

write buffer size: 65536
WRITE currEvent ident : 33 filter : WRITE flags : 0x5 data: 65536

WRITE RETURN: 65500newEventCount: 1
processWriteEvent currEventident : 33 filter : WRITE flags : 0x5 data: 65536

write buffer size: 65536
WRITE currEvent ident : 33 filter : WRITE flags : 0x5 data: 65536

WRITE RETURN: 65500newEventCount: 1
processWriteEvent currEventident : 33 filter : WRITE flags : 0x5 data: 65536

write buffer size: 65536
WRITE currEvent ident : 33 filter : WRITE flags : 0x5 data: 65536

WRITE RETURN: 65500newEventCount: 1
processWriteEvent currEventident : 33 filter : WRITE flags : 0x5 data: 65536

write buffer size: 65536
WRITE currEvent ident : 33 filter : WRITE flags : 0x5 data: 65536

WRITE RETURN: 65500newEventCount: 1
processWriteEvent currEventident : 33 filter : WRITE flags : 0x5 data: 65536

write buffer size: 65536
WRITE currEvent ident : 33 filter : WRITE flags : 0x5 data: 65536

WRITE RETURN: 65500newEventCount: 1
processWriteEvent currEventident : 33 filter : WRITE flags : 0x5 data: 65536

write buffer size: 65536
WRITE currEvent ident : 33 filter : WRITE flags : 0x5 data: 65536

WRITE RETURN: 65500newEventCount: 1
processWriteEvent currEventident : 33 filter : WRITE flags : 0x5 data: 65536

write buffer size: 65536
WRITE currEvent ident : 33 filter : WRITE flags : 0x5 data: 65536

WRITE RETURN: 65500newEventCount: 1
processWriteEvent currEventident : 33 filter : WRITE flags : 0x5 data: 65536

write buffer size: 65536
WRITE currEvent ident : 33 filter : WRITE flags : 0x5 data: 65536

WRITE RETURN: 65500newEventCount: 1
processWriteEvent currEventident : 33 filter : WRITE flags : 0x5 data: 65536

write buffer size: 65536
WRITE currEvent ident : 33 filter : WRITE flags : 0x5 data: 65536

WRITE RETURN: 65500newEventCount: 1
processWriteEvent currEventident : 33 filter : WRITE flags : 0x5 data: 65536

write buffer size: 65536
WRITE currEvent ident : 33 filter : WRITE flags : 0x5 data: 65536

WRITE RETURN: 65500newEventCount: 1
processWriteEvent currEventident : 33 filter : WRITE flags : 0x5 data: 65536

write buffer size: 65536
WRITE currEvent ident : 33 filter : WRITE flags : 0x5 data: 65536

WRITE RETURN: 65500newEventCount: 1
processWriteEvent currEventident : 33 filter : WRITE flags : 0x5 data: 65536

write buffer size: 65536
WRITE currEvent ident : 33 filter : WRITE flags : 0x5 data: 65536

WRITE RETURN: 65500newEventCount: 1
processWriteEvent currEventident : 33 filter : WRITE flags : 0x5 data: 65536

write buffer size: 65536
WRITE currEvent ident : 33 filter : WRITE flags : 0x5 data: 65536

WRITE RETURN: 65500newEventCount: 1
processWriteEvent currEventident : 33 filter : WRITE flags : 0x5 data: 65536

write buffer size: 65536
WRITE currEvent ident : 33 filter : WRITE flags : 0x5 data: 65536

WRITE RETURN: 65500newEventCount: 1
processWriteEvent currEventident : 33 filter : WRITE flags : 0x5 data: 65536

write buffer size: 65536
WRITE currEvent ident : 33 filter : WRITE flags : 0x5 data: 65536

WRITE RETURN: 65500newEventCount: 1
processWriteEvent currEventident : 33 filter : WRITE flags : 0x5 data: 65536

write buffer size: 65536
WRITE currEvent ident : 33 filter : WRITE flags : 0x5 data: 65536

WRITE RETURN: 65500newEventCount: 1
processWriteEvent currEventident : 33 filter : WRITE flags : 0x5 data: 65536

write buffer size: 65536
WRITE currEvent ident : 33 filter : WRITE flags : 0x5 data: 65536

WRITE RETURN: 65500newEventCount: 1
processWriteEvent currEventident : 33 filter : WRITE flags : 0x5 data: 65536

write buffer size: 65536
WRITE currEvent ident : 33 filter : WRITE flags : 0x5 data: 65536

WRITE RETURN: 65500newEventCount: 1
processWriteEvent currEventident : 33 filter : WRITE flags : 0x5 data: 65536

write buffer size: 65536
WRITE currEvent ident : 33 filter : WRITE flags : 0x5 data: 65536

WRITE RETURN: 65500newEventCount: 1
processWriteEvent currEventident : 33 filter : WRITE flags : 0x5 data: 65536

write buffer size: 65536
WRITE currEvent ident : 33 filter : WRITE flags : 0x5 data: 65536

WRITE RETURN: 65500newEventCount: 1
processWriteEvent currEventident : 33 filter : WRITE flags : 0x5 data: 65536

write buffer size: 65536
WRITE currEvent ident : 33 filter : WRITE flags : 0x5 data: 65536

WRITE RETURN: 65500newEventCount: 1
processWriteEvent currEventident : 33 filter : WRITE flags : 0x5 data: 65536

write buffer size: 65536
WRITE currEvent ident : 33 filter : WRITE flags : 0x5 data: 65536

WRITE RETURN: 65500newEventCount: 1
processWriteEvent currEventident : 33 filter : WRITE flags : 0x5 data: 65536

write buffer size: 65536
WRITE currEvent ident : 33 filter : WRITE flags : 0x5 data: 65536

WRITE RETURN: 65500newEventCount: 1
processWriteEvent currEventident : 33 filter : WRITE flags : 0x5 data: 65536

write buffer size: 65536
WRITE currEvent ident : 33 filter : WRITE flags : 0x5 data: 65536

WRITE RETURN: 65500newEventCount: 1
processWriteEvent currEventident : 33 filter : WRITE flags : 0x5 data: 65536

write buffer size: 65536
WRITE currEvent ident : 33 filter : WRITE flags : 0x5 data: 65536

WRITE RETURN: 65500newEventCount: 1
processWriteEvent currEventident : 33 filter : WRITE flags : 0x5 data: 65536

write buffer size: 65536
WRITE currEvent ident : 33 filter : WRITE flags : 0x5 data: 65536

WRITE RETURN: 65500newEventCount: 1
processWriteEvent currEventident : 33 filter : WRITE flags : 0x5 data: 65536

write buffer size: 65536
WRITE currEvent ident : 33 filter : WRITE flags : 0x5 data: 65536

WRITE RETURN: 65500newEventCount: 1
processWriteEvent currEventident : 33 filter : WRITE flags : 0x5 data: 65536

write buffer size: 65536
WRITE currEvent ident : 33 filter : WRITE flags : 0x5 data: 65536

WRITE RETURN: 65500newEventCount: 1
processWriteEvent currEventident : 33 filter : WRITE flags : 0x5 data: 65536

write buffer size: 65536
WRITE currEvent ident : 33 filter : WRITE flags : 0x5 data: 65536

WRITE RETURN: 65500newEventCount: 1
processWriteEvent currEventident : 33 filter : WRITE flags : 0x5 data: 65536

write buffer size: 65536
WRITE currEvent ident : 33 filter : WRITE flags : 0x5 data: 65536

WRITE RETURN: 65500newEventCount: 1
processWriteEvent currEventident : 33 filter : WRITE flags : 0x5 data: 65536

write buffer size: 65536
WRITE currEvent ident : 33 filter : WRITE flags : 0x5 data: 65536

WRITE RETURN: 65500newEventCount: 1
processWriteEvent currEventident : 33 filter : WRITE flags : 0x5 data: 65536

write buffer size: 65536
WRITE currEvent ident : 33 filter : WRITE flags : 0x5 data: 65536

WRITE RETURN: 65500newEventCount: 1
processWriteEvent currEventident : 33 filter : WRITE flags : 0x5 data: 65536

write buffer size: 65536
WRITE currEvent ident : 33 filter : WRITE flags : 0x5 data: 65536

WRITE RETURN: 65500newEventCount: 1
processWriteEvent currEventident : 33 filter : WRITE flags : 0x5 data: 65536

write buffer size: 65536
WRITE currEvent ident : 33 filter : WRITE flags : 0x5 data: 65536

WRITE RETURN: 65500newEventCount: 1
processWriteEvent currEventident : 33 filter : WRITE flags : 0x5 data: 65536

write buffer size: 65536
WRITE currEvent ident : 33 filter : WRITE flags : 0x5 data: 65536

WRITE RETURN: 65500newEventCount: 1
processWriteEvent currEventident : 33 filter : WRITE flags : 0x5 data: 65536

write buffer size: 65536
WRITE currEvent ident : 33 filter : WRITE flags : 0x5 data: 65536

WRITE RETURN: 65500newEventCount: 1
processWriteEvent currEventident : 33 filter : WRITE flags : 0x5 data: 65536

write buffer size: 65536
WRITE currEvent ident : 33 filter : WRITE flags : 0x5 data: 65536

WRITE RETURN: 65500newEventCount: 1
processWriteEvent currEventident : 33 filter : WRITE flags : 0x5 data: 65536

write buffer size: 65536
WRITE currEvent ident : 33 filter : WRITE flags : 0x5 data: 65536

WRITE RETURN: 65500newEventCount: 1
processWriteEvent currEventident : 33 filter : WRITE flags : 0x5 data: 65536

write buffer size: 65536
WRITE currEvent ident : 33 filter : WRITE flags : 0x5 data: 65536

WRITE RETURN: 65500newEventCount: 1
processWriteEvent currEventident : 33 filter : WRITE flags : 0x5 data: 65536

write buffer size: 65536
WRITE currEvent ident : 33 filter : WRITE flags : 0x5 data: 65536

WRITE RETURN: 65500newEventCount: 1
processWriteEvent currEventident : 33 filter : WRITE flags : 0x5 data: 65536

write buffer size: 65536
WRITE currEvent ident : 33 filter : WRITE flags : 0x5 data: 65536

WRITE RETURN: 65500newEventCount: 1
processWriteEvent currEventident : 33 filter : WRITE flags : 0x5 data: 65536

write buffer size: 65536
WRITE currEvent ident : 33 filter : WRITE flags : 0x5 data: 65536

WRITE RETURN: 65500newEventCount: 1
processWriteEvent currEventident : 33 filter : WRITE flags : 0x5 data: 65536

write buffer size: 65536
WRITE currEvent ident : 33 filter : WRITE flags : 0x5 data: 65536

WRITE RETURN: 65500newEventCount: 1
processWriteEvent currEventident : 33 filter : WRITE flags : 0x5 data: 65536

write buffer size: 65536
WRITE currEvent ident : 33 filter : WRITE flags : 0x5 data: 65536

WRITE RETURN: 65500newEventCount: 1
processWriteEvent currEventident : 33 filter : WRITE flags : 0x5 data: 65536

write buffer size: 65536
WRITE currEvent ident : 33 filter : WRITE flags : 0x5 data: 65536

WRITE RETURN: 65500newEventCount: 1
processWriteEvent currEventident : 33 filter : WRITE flags : 0x5 data: 65536

write buffer size: 65536
WRITE currEvent ident : 33 filter : WRITE flags : 0x5 data: 65536

WRITE RETURN: 65500newEventCount: 1
processWriteEvent currEventident : 33 filter : WRITE flags : 0x5 data: 65536

write buffer size: 65536
WRITE currEvent ident : 33 filter : WRITE flags : 0x5 data: 65536

WRITE RETURN: 65500newEventCount: 1
processWriteEvent currEventident : 33 filter : WRITE flags : 0x5 data: 65536

write buffer size: 65536
WRITE currEvent ident : 33 filter : WRITE flags : 0x5 data: 65536

WRITE RETURN: 65500newEventCount: 1
processWriteEvent currEventident : 33 filter : WRITE flags : 0x5 data: 65536

write buffer size: 65536
WRITE currEvent ident : 33 filter : WRITE flags : 0x5 data: 65536

WRITE RETURN: 65500newEventCount: 1
processWriteEvent currEventident : 33 filter : WRITE flags : 0x5 data: 65536

write buffer size: 65536
WRITE currEvent ident : 33 filter : WRITE flags : 0x5 data: 65536

WRITE RETURN: 65500newEventCount: 1
processWriteEvent currEventident : 33 filter : WRITE flags : 0x5 data: 65536

write buffer size: 65536
WRITE currEvent ident : 33 filter : WRITE flags : 0x5 data: 65536

WRITE RETURN: 65500newEventCount: 1
processWriteEvent currEventident : 33 filter : WRITE flags : 0x5 data: 65536

write buffer size: 65536
WRITE currEvent ident : 33 filter : WRITE flags : 0x5 data: 65536

WRITE RETURN: 65500newEventCount: 1
processWriteEvent currEventident : 33 filter : WRITE flags : 0x5 data: 65536

write buffer size: 65536
WRITE currEvent ident : 33 filter : WRITE flags : 0x5 data: 65536

WRITE RETURN: 65500newEventCount: 1
processWriteEvent currEventident : 33 filter : WRITE flags : 0x5 data: 65536

write buffer size: 65536
WRITE currEvent ident : 33 filter : WRITE flags : 0x5 data: 65536

WRITE RETURN: 65500newEventCount: 1
processWriteEvent currEventident : 33 filter : WRITE flags : 0x5 data: 65536

write buffer size: 65536
WRITE currEvent ident : 33 filter : WRITE flags : 0x5 data: 65536

WRITE RETURN: 65500newEventCount: 1
processWriteEvent currEventident : 33 filter : WRITE flags : 0x5 data: 65536

write buffer size: 65536
WRITE currEvent ident : 33 filter : WRITE flags : 0x5 data: 65536

WRITE RETURN: 65500newEventCount: 1
processWriteEvent currEventident : 33 filter : WRITE flags : 0x5 data: 65536

write buffer size: 65536
WRITE currEvent ident : 33 filter : WRITE flags : 0x5 data: 65536

WRITE RETURN: 65500newEventCount: 1
processWriteEvent currEventident : 33 filter : WRITE flags : 0x5 data: 65536

write buffer size: 65536
WRITE currEvent ident : 33 filter : WRITE flags : 0x5 data: 65536

WRITE RETURN: 65500newEventCount: 1
processWriteEvent currEventident : 33 filter : WRITE flags : 0x5 data: 65536

write buffer size: 65536
WRITE currEvent ident : 33 filter : WRITE flags : 0x5 data: 65536

WRITE RETURN: 65500newEventCount: 1
processWriteEvent currEventident : 33 filter : WRITE flags : 0x5 data: 65536

write buffer size: 65536
WRITE currEvent ident : 33 filter : WRITE flags : 0x5 data: 65536

WRITE RETURN: 65500newEventCount: 1
processWriteEvent currEventident : 33 filter : WRITE flags : 0x5 data: 65536

write buffer size: 65536
WRITE currEvent ident : 33 filter : WRITE flags : 0x5 data: 65536

WRITE RETURN: 65500newEventCount: 1
processWriteEvent currEventident : 33 filter : WRITE flags : 0x5 data: 65536

write buffer size: 65536
WRITE currEvent ident : 33 filter : WRITE flags : 0x5 data: 65536

WRITE RETURN: 65500newEventCount: 1
processWriteEvent currEventident : 33 filter : WRITE flags : 0x5 data: 65536

write buffer size: 65536
WRITE currEvent ident : 33 filter : WRITE flags : 0x5 data: 65536

WRITE RETURN: 65500newEventCount: 1
processWriteEvent currEventident : 33 filter : WRITE flags : 0x5 data: 65536

write buffer size: 65536
WRITE currEvent ident : 33 filter : WRITE flags : 0x5 data: 65536

WRITE RETURN: 65500newEventCount: 1
processWriteEvent currEventident : 33 filter : WRITE flags : 0x5 data: 65536

write buffer size: 65536
WRITE currEvent ident : 33 filter : WRITE flags : 0x5 data: 65536

WRITE RETURN: 65500newEventCount: 1
processWriteEvent currEventident : 33 filter : WRITE flags : 0x5 data: 65536

write buffer size: 65536
WRITE currEvent ident : 33 filter : WRITE flags : 0x5 data: 65536

WRITE RETURN: 65500newEventCount: 1
processWriteEvent currEventident : 33 filter : WRITE flags : 0x5 data: 65536

write buffer size: 65536
WRITE currEvent ident : 33 filter : WRITE flags : 0x5 data: 65536

WRITE RETURN: 65500newEventCount: 1
processWriteEvent currEventident : 33 filter : WRITE flags : 0x5 data: 65536

write buffer size: 65536
WRITE currEvent ident : 33 filter : WRITE flags : 0x5 data: 65536

WRITE RETURN: 65500newEventCount: 1
processWriteEvent currEventident : 33 filter : WRITE flags : 0x5 data: 65536

write buffer size: 65536
WRITE currEvent ident : 33 filter : WRITE flags : 0x5 data: 65536

WRITE RETURN: 65500newEventCount: 1
processWriteEvent currEventident : 33 filter : WRITE flags : 0x5 data: 65536

write buffer size: 65536
WRITE currEvent ident : 33 filter : WRITE flags : 0x5 data: 65536

WRITE RETURN: 65500newEventCount: 1
processWriteEvent currEventident : 33 filter : WRITE flags : 0x5 data: 65536

write buffer size: 65536
WRITE currEvent ident : 33 filter : WRITE flags : 0x5 data: 65536

WRITE RETURN: 65500newEventCount: 1
processWriteEvent currEventident : 33 filter : WRITE flags : 0x5 data: 65536

write buffer size: 65536
WRITE currEvent ident : 33 filter : WRITE flags : 0x5 data: 65536

WRITE RETURN: 65500newEventCount: 1
processWriteEvent currEventident : 33 filter : WRITE flags : 0x5 data: 65536

write buffer size: 65536
WRITE currEvent ident : 33 filter : WRITE flags : 0x5 data: 65536

WRITE RETURN: 65500newEventCount: 1
processWriteEvent currEventident : 33 filter : WRITE flags : 0x5 data: 65536

write buffer size: 65536
WRITE currEvent ident : 33 filter : WRITE flags : 0x5 data: 65536

WRITE RETURN: 65500newEventCount: 1
processWriteEvent currEventident : 33 filter : WRITE flags : 0x5 data: 65536

write buffer size: 65536
WRITE currEvent ident : 33 filter : WRITE flags : 0x5 data: 65536

WRITE RETURN: 65500newEventCount: 1
processWriteEvent currEventident : 33 filter : WRITE flags : 0x5 data: 65536

write buffer size: 65536
WRITE currEvent ident : 33 filter : WRITE flags : 0x5 data: 65536

WRITE RETURN: 65500newEventCount: 1
processWriteEvent currEventident : 33 filter : WRITE flags : 0x5 data: 65536

write buffer size: 65536
WRITE currEvent ident : 33 filter : WRITE flags : 0x5 data: 65536

WRITE RETURN: 65500newEventCount: 1
processWriteEvent currEventident : 33 filter : WRITE flags : 0x5 data: 65536

write buffer size: 65536
WRITE currEvent ident : 33 filter : WRITE flags : 0x5 data: 65536

WRITE RETURN: 65500newEventCount: 1
processWriteEvent currEventident : 33 filter : WRITE flags : 0x5 data: 65536

write buffer size: 65536
WRITE currEvent ident : 33 filter : WRITE flags : 0x5 data: 65536

WRITE RETURN: 65500newEventCount: 1
processWriteEvent currEventident : 33 filter : WRITE flags : 0x5 data: 65536

write buffer size: 65536
WRITE currEvent ident : 33 filter : WRITE flags : 0x5 data: 65536

WRITE RETURN: 65500newEventCount: 1
processWriteEvent currEventident : 33 filter : WRITE flags : 0x5 data: 65536

write buffer size: 65536
WRITE currEvent ident : 33 filter : WRITE flags : 0x5 data: 65536

WRITE RETURN: 65500newEventCount: 1
processWriteEvent currEventident : 33 filter : WRITE flags : 0x5 data: 65536

write buffer size: 65536
WRITE currEvent ident : 33 filter : WRITE flags : 0x5 data: 65536

WRITE RETURN: 65500newEventCount: 1
processWriteEvent currEventident : 33 filter : WRITE flags : 0x5 data: 65536

write buffer size: 65536
WRITE currEvent ident : 33 filter : WRITE flags : 0x5 data: 65536

WRITE RETURN: 65500newEventCount: 1
processWriteEvent currEventident : 33 filter : WRITE flags : 0x5 data: 65536

write buffer size: 65536
WRITE currEvent ident : 33 filter : WRITE flags : 0x5 data: 65536

WRITE RETURN: 65500newEventCount: 1
processWriteEvent currEventident : 33 filter : WRITE flags : 0x5 data: 65536

write buffer size: 65536
WRITE currEvent ident : 33 filter : WRITE flags : 0x5 data: 65536

WRITE RETURN: 65500newEventCount: 1
processWriteEvent currEventident : 33 filter : WRITE flags : 0x5 data: 65536

write buffer size: 65536
WRITE currEvent ident : 33 filter : WRITE flags : 0x5 data: 65536

WRITE RETURN: 65500newEventCount: 1
processWriteEvent currEventident : 33 filter : WRITE flags : 0x5 data: 65536

write buffer size: 65536
WRITE currEvent ident : 33 filter : WRITE flags : 0x5 data: 65536

WRITE RETURN: 65500newEventCount: 1
processWriteEvent currEventident : 33 filter : WRITE flags : 0x5 data: 65536

write buffer size: 65536
WRITE currEvent ident : 33 filter : WRITE flags : 0x5 data: 65536

WRITE RETURN: 65500newEventCount: 1
processWriteEvent currEventident : 33 filter : WRITE flags : 0x5 data: 65536

write buffer size: 65536
WRITE currEvent ident : 33 filter : WRITE flags : 0x5 data: 65536

WRITE RETURN: 65500newEventCount: 1
processWriteEvent currEventident : 33 filter : WRITE flags : 0x5 data: 65536

write buffer size: 65536
WRITE currEvent ident : 33 filter : WRITE flags : 0x5 data: 65536

WRITE RETURN: 65500newEventCount: 1
processWriteEvent currEventident : 33 filter : WRITE flags : 0x5 data: 65536

write buffer size: 65536
WRITE currEvent ident : 33 filter : WRITE flags : 0x5 data: 65536

WRITE RETURN: 65500newEventCount: 1
processWriteEvent currEventident : 33 filter : WRITE flags : 0x5 data: 65536

write buffer size: 65536
WRITE currEvent ident : 33 filter : WRITE flags : 0x5 data: 65536

WRITE RETURN: 65500newEventCount: 1
processWriteEvent currEventident : 33 filter : WRITE flags : 0x5 data: 65536

write buffer size: 65536
WRITE currEvent ident : 33 filter : WRITE flags : 0x5 data: 65536

WRITE RETURN: 65500newEventCount: 1
processWriteEvent currEventident : 33 filter : WRITE flags : 0x5 data: 65536

write buffer size: 65536
WRITE currEvent ident : 33 filter : WRITE flags : 0x5 data: 65536

WRITE RETURN: 65500newEventCount: 1
processWriteEvent currEventident : 33 filter : WRITE flags : 0x5 data: 65536

write buffer size: 65536
WRITE currEvent ident : 33 filter : WRITE flags : 0x5 data: 65536

WRITE RETURN: 65500newEventCount: 1
processWriteEvent currEventident : 33 filter : WRITE flags : 0x5 data: 65536

write buffer size: 65536
WRITE currEvent ident : 33 filter : WRITE flags : 0x5 data: 65536

WRITE RETURN: 65500newEventCount: 1
processWriteEvent currEventident : 33 filter : WRITE flags : 0x5 data: 65536

write buffer size: 65536
WRITE currEvent ident : 33 filter : WRITE flags : 0x5 data: 65536

WRITE RETURN: 65500newEventCount: 1
processWriteEvent currEventident : 33 filter : WRITE flags : 0x5 data: 65536

write buffer size: 65536
WRITE currEvent ident : 33 filter : WRITE flags : 0x5 data: 65536

WRITE RETURN: 65500newEventCount: 1
processWriteEvent currEventident : 33 filter : WRITE flags : 0x5 data: 65536

write buffer size: 65536
WRITE currEvent ident : 33 filter : WRITE flags : 0x5 data: 65536

WRITE RETURN: 65500newEventCount: 1
processWriteEvent currEventident : 33 filter : WRITE flags : 0x5 data: 65536

write buffer size: 65536
WRITE currEvent ident : 33 filter : WRITE flags : 0x5 data: 65536

WRITE RETURN: 65500newEventCount: 1
processWriteEvent currEventident : 33 filter : WRITE flags : 0x5 data: 65536

write buffer size: 65536
WRITE currEvent ident : 33 filter : WRITE flags : 0x5 data: 65536

WRITE RETURN: 65500newEventCount: 1
processWriteEvent currEventident : 33 filter : WRITE flags : 0x5 data: 65536

write buffer size: 65536
WRITE currEvent ident : 33 filter : WRITE flags : 0x5 data: 65536

WRITE RETURN: 65500newEventCount: 1
processWriteEvent currEventident : 33 filter : WRITE flags : 0x5 data: 65536

write buffer size: 65536
WRITE currEvent ident : 33 filter : WRITE flags : 0x5 data: 65536

WRITE RETURN: 65500newEventCount: 1
processWriteEvent currEventident : 33 filter : WRITE flags : 0x5 data: 65536

write buffer size: 65536
WRITE currEvent ident : 33 filter : WRITE flags : 0x5 data: 65536

WRITE RETURN: 65500newEventCount: 1
processWriteEvent currEventident : 33 filter : WRITE flags : 0x5 data: 65536

write buffer size: 65536
WRITE currEvent ident : 33 filter : WRITE flags : 0x5 data: 65536

WRITE RETURN: 65500newEventCount: 1
processWriteEvent currEventident : 33 filter : WRITE flags : 0x5 data: 65536

write buffer size: 65536
WRITE currEvent ident : 33 filter : WRITE flags : 0x5 data: 65536

WRITE RETURN: 65500newEventCount: 1
processWriteEvent currEventident : 33 filter : WRITE flags : 0x5 data: 65536

write buffer size: 65536
WRITE currEvent ident : 33 filter : WRITE flags : 0x5 data: 65536

WRITE RETURN: 65500newEventCount: 1
processWriteEvent currEventident : 33 filter : WRITE flags : 0x5 data: 65536

write buffer size: 65536
WRITE currEvent ident : 33 filter : WRITE flags : 0x5 data: 65536

WRITE RETURN: 65500newEventCount: 1
processWriteEvent currEventident : 33 filter : WRITE flags : 0x5 data: 65536

write buffer size: 65536
WRITE currEvent ident : 33 filter : WRITE flags : 0x5 data: 65536

WRITE RETURN: 65500newEventCount: 1
processWriteEvent currEventident : 33 filter : WRITE flags : 0x5 data: 65536

write buffer size: 65536
WRITE currEvent ident : 33 filter : WRITE flags : 0x5 data: 65536

WRITE RETURN: 65500newEventCount: 1
processWriteEvent currEventident : 33 filter : WRITE flags : 0x5 data: 65536

write buffer size: 65536
WRITE currEvent ident : 33 filter : WRITE flags : 0x5 data: 65536

WRITE RETURN: 65500newEventCount: 1
processWriteEvent currEventident : 33 filter : WRITE flags : 0x5 data: 65536

write buffer size: 65536
WRITE currEvent ident : 33 filter : WRITE flags : 0x5 data: 65536

WRITE RETURN: 65500newEventCount: 1
processWriteEvent currEventident : 33 filter : WRITE flags : 0x5 data: 65536

write buffer size: 65536
WRITE currEvent ident : 33 filter : WRITE flags : 0x5 data: 65536

WRITE RETURN: 65500newEventCount: 1
processWriteEvent currEventident : 33 filter : WRITE flags : 0x5 data: 65536

write buffer size: 65536
WRITE currEvent ident : 33 filter : WRITE flags : 0x5 data: 65536

WRITE RETURN: 65500newEventCount: 1
processWriteEvent currEventident : 33 filter : WRITE flags : 0x5 data: 65536

write buffer size: 65536
WRITE currEvent ident : 33 filter : WRITE flags : 0x5 data: 65536

WRITE RETURN: 65500newEventCount: 1
processWriteEvent currEventident : 33 filter : WRITE flags : 0x5 data: 65536

write buffer size: 65536
WRITE currEvent ident : 33 filter : WRITE flags : 0x5 data: 65536

WRITE RETURN: 65500newEventCount: 1
processWriteEvent currEventident : 33 filter : WRITE flags : 0x5 data: 65536

write buffer size: 65536
WRITE currEvent ident : 33 filter : WRITE flags : 0x5 data: 65536

WRITE RETURN: 65500newEventCount: 1
processWriteEvent currEventident : 33 filter : WRITE flags : 0x5 data: 65536

write buffer size: 65536
WRITE currEvent ident : 33 filter : WRITE flags : 0x5 data: 65536

WRITE RETURN: 65500newEventCount: 1
processWriteEvent currEventident : 33 filter : WRITE flags : 0x5 data: 65536

write buffer size: 65536
WRITE currEvent ident : 33 filter : WRITE flags : 0x5 data: 65536

WRITE RETURN: 65500newEventCount: 1
processWriteEvent currEventident : 33 filter : WRITE flags : 0x5 data: 65536

write buffer size: 65536
WRITE currEvent ident : 33 filter : WRITE flags : 0x5 data: 65536

WRITE RETURN: 65500newEventCount: 1
processWriteEvent currEventident : 33 filter : WRITE flags : 0x5 data: 65536

write buffer size: 65536
WRITE currEvent ident : 33 filter : WRITE flags : 0x5 data: 65536

WRITE RETURN: 65500newEventCount: 1
processWriteEvent currEventident : 33 filter : WRITE flags : 0x5 data: 65536

write buffer size: 65536
WRITE currEvent ident : 33 filter : WRITE flags : 0x5 data: 65536

WRITE RETURN: 65500newEventCount: 1
processWriteEvent currEventident : 33 filter : WRITE flags : 0x5 data: 65536

write buffer size: 65536
WRITE currEvent ident : 33 filter : WRITE flags : 0x5 data: 65536

WRITE RETURN: 65500newEventCount: 1
processWriteEvent currEventident : 33 filter : WRITE flags : 0x5 data: 65536

write buffer size: 65536
WRITE currEvent ident : 33 filter : WRITE flags : 0x5 data: 65536

WRITE RETURN: 65500newEventCount: 1
processWriteEvent currEventident : 33 filter : WRITE flags : 0x5 data: 65536

write buffer size: 65536
WRITE currEvent ident : 33 filter : WRITE flags : 0x5 data: 65536

WRITE RETURN: 65500newEventCount: 1
processWriteEvent currEventident : 33 filter : WRITE flags : 0x5 data: 65536

write buffer size: 65536
WRITE currEvent ident : 33 filter : WRITE flags : 0x5 data: 65536

WRITE RETURN: 65500newEventCount: 1
processWriteEvent currEventident : 33 filter : WRITE flags : 0x5 data: 65536

write buffer size: 65536
WRITE currEvent ident : 33 filter : WRITE flags : 0x5 data: 65536

WRITE RETURN: 65500newEventCount: 1
processWriteEvent currEventident : 33 filter : WRITE flags : 0x5 data: 65536

write buffer size: 65536
WRITE currEvent ident : 33 filter : WRITE flags : 0x5 data: 65536

WRITE RETURN: 65500newEventCount: 1
processWriteEvent currEventident : 33 filter : WRITE flags : 0x5 data: 65536

write buffer size: 65536
WRITE currEvent ident : 33 filter : WRITE flags : 0x5 data: 65536

WRITE RETURN: 65500newEventCount: 1
processWriteEvent currEventident : 33 filter : WRITE flags : 0x5 data: 65536

write buffer size: 65536
WRITE currEvent ident : 33 filter : WRITE flags : 0x5 data: 65536

WRITE RETURN: 65500newEventCount: 1
processWriteEvent currEventident : 33 filter : WRITE flags : 0x5 data: 65536

write buffer size: 65536
WRITE currEvent ident : 33 filter : WRITE flags : 0x5 data: 65536

WRITE RETURN: 65500newEventCount: 1
processWriteEvent currEventident : 33 filter : WRITE flags : 0x5 data: 65536

write buffer size: 65536
WRITE currEvent ident : 33 filter : WRITE flags : 0x5 data: 65536

WRITE RETURN: 65500newEventCount: 1
processWriteEvent currEventident : 33 filter : WRITE flags : 0x5 data: 65536

write buffer size: 65536
WRITE currEvent ident : 33 filter : WRITE flags : 0x5 data: 65536

WRITE RETURN: 65500newEventCount: 1
processWriteEvent currEventident : 33 filter : WRITE flags : 0x5 data: 65536

write buffer size: 65536
WRITE currEvent ident : 33 filter : WRITE flags : 0x5 data: 65536

WRITE RETURN: 65500newEventCount: 1
processWriteEvent currEventident : 33 filter : WRITE flags : 0x5 data: 65536

write buffer size: 65536
WRITE currEvent ident : 33 filter : WRITE flags : 0x5 data: 65536

WRITE RETURN: 65500newEventCount: 1
processWriteEvent currEventident : 33 filter : WRITE flags : 0x5 data: 16420

write buffer size: 16420
WRITE currEvent ident : 33 filter : WRITE flags : 0x5 data: 16420

WRITE RETURN: 65500newEventCount: 1
processWriteEvent currEventident : 33 filter : WRITE flags : 0x5 data: 65536

write buffer size: 65536
WRITE currEvent ident : 33 filter : WRITE flags : 0x5 data: 65536

WRITE RETURN: 65500newEventCount: 1
processWriteEvent currEventident : 33 filter : WRITE flags : 0x5 data: 65536

write buffer size: 65536
WRITE currEvent ident : 33 filter : WRITE flags : 0x5 data: 65536

WRITE RETURN: 65500newEventCount: 1
processWriteEvent currEventident : 33 filter : WRITE flags : 0x5 data: 65536

write buffer size: 65536
WRITE currEvent ident : 33 filter : WRITE flags : 0x5 data: 65536

WRITE RETURN: 65500newEventCount: 1
processWriteEvent currEventident : 33 filter : WRITE flags : 0x5 data: 65536

write buffer size: 65536
WRITE currEvent ident : 33 filter : WRITE flags : 0x5 data: 65536

WRITE RETURN: 65500newEventCount: 1
processWriteEvent currEventident : 33 filter : WRITE flags : 0x5 data: 65536

write buffer size: 65536
WRITE currEvent ident : 33 filter : WRITE flags : 0x5 data: 65536

WRITE RETURN: 65500newEventCount: 1
processWriteEvent currEventident : 33 filter : WRITE flags : 0x5 data: 65536

write buffer size: 65536
WRITE currEvent ident : 33 filter : WRITE flags : 0x5 data: 65536

WRITE RETURN: 65500newEventCount: 1
processWriteEvent currEventident : 33 filter : WRITE flags : 0x5 data: 65536

write buffer size: 65536
WRITE currEvent ident : 33 filter : WRITE flags : 0x5 data: 65536

WRITE RETURN: 65500newEventCount: 1
processWriteEvent currEventident : 33 filter : WRITE flags : 0x5 data: 65536

write buffer size: 65536
WRITE currEvent ident : 33 filter : WRITE flags : 0x5 data: 65536

WRITE RETURN: 65500newEventCount: 1
processWriteEvent currEventident : 33 filter : WRITE flags : 0x5 data: 65536

write buffer size: 65536
WRITE currEvent ident : 33 filter : WRITE flags : 0x5 data: 65536

WRITE RETURN: 65500newEventCount: 1
processWriteEvent currEventident : 33 filter : WRITE flags : 0x5 data: 65536

write buffer size: 65536
WRITE currEvent ident : 33 filter : WRITE flags : 0x5 data: 65536

WRITE RETURN: 65500newEventCount: 1
processWriteEvent currEventident : 33 filter : WRITE flags : 0x5 data: 65536

write buffer size: 65536
WRITE currEvent ident : 33 filter : WRITE flags : 0x5 data: 65536

WRITE RETURN: 65500newEventCount: 1
processWriteEvent currEventident : 33 filter : WRITE flags : 0x5 data: 65536

write buffer size: 65536
WRITE currEvent ident : 33 filter : WRITE flags : 0x5 data: 65536

WRITE RETURN: 65500newEventCount: 1
processWriteEvent currEventident : 33 filter : WRITE flags : 0x5 data: 65536

write buffer size: 65536
WRITE currEvent ident : 33 filter : WRITE flags : 0x5 data: 65536

WRITE RETURN: 65500newEventCount: 1
processWriteEvent currEventident : 33 filter : WRITE flags : 0x5 data: 65536

write buffer size: 65536
WRITE currEvent ident : 33 filter : WRITE flags : 0x5 data: 65536

WRITE RETURN: 65500newEventCount: 1
processWriteEvent currEventident : 33 filter : WRITE flags : 0x5 data: 65536

write buffer size: 65536
WRITE currEvent ident : 33 filter : WRITE flags : 0x5 data: 65536

WRITE RETURN: 65500newEventCount: 1
processWriteEvent currEventident : 33 filter : WRITE flags : 0x5 data: 16420

write buffer size: 16420
WRITE currEvent ident : 33 filter : WRITE flags : 0x5 data: 16420

WRITE RETURN: 65500newEventCount: 1
processWriteEvent currEventident : 33 filter : WRITE flags : 0x5 data: 65536

write buffer size: 65536
WRITE currEvent ident : 33 filter : WRITE flags : 0x5 data: 65536

WRITE RETURN: 65500newEventCount: 1
processWriteEvent currEventident : 33 filter : WRITE flags : 0x5 data: 65536

write buffer size: 65536
WRITE currEvent ident : 33 filter : WRITE flags : 0x5 data: 65536

WRITE RETURN: 65500newEventCount: 1
processWriteEvent currEventident : 33 filter : WRITE flags : 0x5 data: 65536

write buffer size: 65536
WRITE currEvent ident : 33 filter : WRITE flags : 0x5 data: 65536

WRITE RETURN: 65500newEventCount: 1
processWriteEvent currEventident : 33 filter : WRITE flags : 0x5 data: 65536

write buffer size: 65536
WRITE currEvent ident : 33 filter : WRITE flags : 0x5 data: 65536

WRITE RETURN: 65500newEventCount: 1
processWriteEvent currEventident : 33 filter : WRITE flags : 0x5 data: 65536

write buffer size: 65536
WRITE currEvent ident : 33 filter : WRITE flags : 0x5 data: 65536

WRITE RETURN: 65500newEventCount: 1
processWriteEvent currEventident : 33 filter : WRITE flags : 0x5 data: 65536

write buffer size: 65536
WRITE currEvent ident : 33 filter : WRITE flags : 0x5 data: 65536

WRITE RETURN: 65500newEventCount: 1
processWriteEvent currEventident : 33 filter : WRITE flags : 0x5 data: 65536

write buffer size: 65536
WRITE currEvent ident : 33 filter : WRITE flags : 0x5 data: 65536

WRITE RETURN: 65500newEventCount: 1
processWriteEvent currEventident : 33 filter : WRITE flags : 0x5 data: 65536

write buffer size: 65536
WRITE currEvent ident : 33 filter : WRITE flags : 0x5 data: 65536

WRITE RETURN: 65500newEventCount: 1
processWriteEvent currEventident : 33 filter : WRITE flags : 0x5 data: 65536

write buffer size: 65536
WRITE currEvent ident : 33 filter : WRITE flags : 0x5 data: 65536

WRITE RETURN: 65500newEventCount: 1
processWriteEvent currEventident : 33 filter : WRITE flags : 0x5 data: 65536

write buffer size: 65536
WRITE currEvent ident : 33 filter : WRITE flags : 0x5 data: 65536

WRITE RETURN: 65500newEventCount: 1
processWriteEvent currEventident : 33 filter : WRITE flags : 0x5 data: 65536

write buffer size: 65536
WRITE currEvent ident : 33 filter : WRITE flags : 0x5 data: 65536

WRITE RETURN: 65500newEventCount: 1
processWriteEvent currEventident : 33 filter : WRITE flags : 0x5 data: 65536

write buffer size: 65536
WRITE currEvent ident : 33 filter : WRITE flags : 0x5 data: 65536

WRITE RETURN: 65500newEventCount: 1
processWriteEvent currEventident : 33 filter : WRITE flags : 0x5 data: 65536

write buffer size: 65536
WRITE currEvent ident : 33 filter : WRITE flags : 0x5 data: 65536

WRITE RETURN: 65500newEventCount: 1
processWriteEvent currEventident : 33 filter : WRITE flags : 0x5 data: 65536

write buffer size: 65536
WRITE currEvent ident : 33 filter : WRITE flags : 0x5 data: 65536

WRITE RETURN: 65500newEventCount: 1
processWriteEvent currEventident : 33 filter : WRITE flags : 0x5 data: 65536

write buffer size: 65536
WRITE currEvent ident : 33 filter : WRITE flags : 0x5 data: 65536

WRITE RETURN: 65500newEventCount: 1
processWriteEvent currEventident : 33 filter : WRITE flags : 0x5 data: 16420

write buffer size: 16420
WRITE currEvent ident : 33 filter : WRITE flags : 0x5 data: 16420

WRITE RETURN: 65500newEventCount: 1
processWriteEvent currEventident : 33 filter : WRITE flags : 0x5 data: 65536

write buffer size: 65536
WRITE currEvent ident : 33 filter : WRITE flags : 0x5 data: 65536

WRITE RETURN: 65500newEventCount: 1
processWriteEvent currEventident : 33 filter : WRITE flags : 0x5 data: 65536

write buffer size: 65536
WRITE currEvent ident : 33 filter : WRITE flags : 0x5 data: 65536

WRITE RETURN: 65500newEventCount: 1
processWriteEvent currEventident : 33 filter : WRITE flags : 0x5 data: 65536

write buffer size: 65536
WRITE currEvent ident : 33 filter : WRITE flags : 0x5 data: 65536

WRITE RETURN: 65500newEventCount: 1
processWriteEvent currEventident : 33 filter : WRITE flags : 0x5 data: 65536

write buffer size: 65536
WRITE currEvent ident : 33 filter : WRITE flags : 0x5 data: 65536

WRITE RETURN: 65500newEventCount: 1
processWriteEvent currEventident : 33 filter : WRITE flags : 0x5 data: 65536

write buffer size: 65536
WRITE currEvent ident : 33 filter : WRITE flags : 0x5 data: 65536

WRITE RETURN: 65500newEventCount: 1
processWriteEvent currEventident : 33 filter : WRITE flags : 0x5 data: 65536

write buffer size: 65536
WRITE currEvent ident : 33 filter : WRITE flags : 0x5 data: 65536

WRITE RETURN: 65500newEventCount: 1
processWriteEvent currEventident : 33 filter : WRITE flags : 0x5 data: 65536

write buffer size: 65536
WRITE currEvent ident : 33 filter : WRITE flags : 0x5 data: 65536

WRITE RETURN: 65500newEventCount: 1
processWriteEvent currEventident : 33 filter : WRITE flags : 0x5 data: 65536

write buffer size: 65536
WRITE currEvent ident : 33 filter : WRITE flags : 0x5 data: 65536

WRITE RETURN: 65500newEventCount: 1
processWriteEvent currEventident : 33 filter : WRITE flags : 0x5 data: 65536

write buffer size: 65536
WRITE currEvent ident : 33 filter : WRITE flags : 0x5 data: 65536

WRITE RETURN: 65500newEventCount: 1
processWriteEvent currEventident : 33 filter : WRITE flags : 0x5 data: 65536

write buffer size: 65536
WRITE currEvent ident : 33 filter : WRITE flags : 0x5 data: 65536

WRITE RETURN: 65500newEventCount: 1
processWriteEvent currEventident : 33 filter : WRITE flags : 0x5 data: 65536

write buffer size: 65536
WRITE currEvent ident : 33 filter : WRITE flags : 0x5 data: 65536

WRITE RETURN: 65500newEventCount: 1
processWriteEvent currEventident : 33 filter : WRITE flags : 0x5 data: 65536

write buffer size: 65536
WRITE currEvent ident : 33 filter : WRITE flags : 0x5 data: 65536

WRITE RETURN: 65500newEventCount: 1
processWriteEvent currEventident : 33 filter : WRITE flags : 0x5 data: 65536

write buffer size: 65536
WRITE currEvent ident : 33 filter : WRITE flags : 0x5 data: 65536

WRITE RETURN: 65500newEventCount: 1
processWriteEvent currEventident : 33 filter : WRITE flags : 0x5 data: 65536

write buffer size: 65536
WRITE currEvent ident : 33 filter : WRITE flags : 0x5 data: 65536

WRITE RETURN: 65500newEventCount: 1
processWriteEvent currEventident : 33 filter : WRITE flags : 0x5 data: 65536

write buffer size: 65536
WRITE currEvent ident : 33 filter : WRITE flags : 0x5 data: 65536

WRITE RETURN: 65500newEventCount: 1
processWriteEvent currEventident : 33 filter : WRITE flags : 0x5 data: 16420

write buffer size: 16420
WRITE currEvent ident : 33 filter : WRITE flags : 0x5 data: 16420

WRITE RETURN: 65500newEventCount: 1
processWriteEvent currEventident : 33 filter : WRITE flags : 0x5 data: 65536

write buffer size: 65536
WRITE currEvent ident : 33 filter : WRITE flags : 0x5 data: 65536

WRITE RETURN: 65500newEventCount: 1
processWriteEvent currEventident : 33 filter : WRITE flags : 0x5 data: 65536

write buffer size: 65536
WRITE currEvent ident : 33 filter : WRITE flags : 0x5 data: 65536

WRITE RETURN: 65500newEventCount: 1
processWriteEvent currEventident : 33 filter : WRITE flags : 0x5 data: 65536

write buffer size: 65536
WRITE currEvent ident : 33 filter : WRITE flags : 0x5 data: 65536

WRITE RETURN: 65500newEventCount: 1
processWriteEvent currEventident : 33 filter : WRITE flags : 0x5 data: 65536

write buffer size: 65536
WRITE currEvent ident : 33 filter : WRITE flags : 0x5 data: 65536

WRITE RETURN: 65500newEventCount: 1
processWriteEvent currEventident : 33 filter : WRITE flags : 0x5 data: 65536

write buffer size: 65536
WRITE currEvent ident : 33 filter : WRITE flags : 0x5 data: 65536

WRITE RETURN: 65500newEventCount: 1
processWriteEvent currEventident : 33 filter : WRITE flags : 0x5 data: 65536

write buffer size: 65536
WRITE currEvent ident : 33 filter : WRITE flags : 0x5 data: 65536

WRITE RETURN: 65500newEventCount: 1
processWriteEvent currEventident : 33 filter : WRITE flags : 0x5 data: 65536

write buffer size: 65536
WRITE currEvent ident : 33 filter : WRITE flags : 0x5 data: 65536

WRITE RETURN: 65500newEventCount: 1
processWriteEvent currEventident : 33 filter : WRITE flags : 0x5 data: 65536

write buffer size: 65536
WRITE currEvent ident : 33 filter : WRITE flags : 0x5 data: 65536

WRITE RETURN: 65500newEventCount: 1
processWriteEvent currEventident : 33 filter : WRITE flags : 0x5 data: 65536

write buffer size: 65536
WRITE currEvent ident : 33 filter : WRITE flags : 0x5 data: 65536

WRITE RETURN: 65500newEventCount: 1
processWriteEvent currEventident : 33 filter : WRITE flags : 0x5 data: 65536

write buffer size: 65536
WRITE currEvent ident : 33 filter : WRITE flags : 0x5 data: 65536

WRITE RETURN: 65500newEventCount: 1
processWriteEvent currEventident : 33 filter : WRITE flags : 0x5 data: 65536

write buffer size: 65536
WRITE currEvent ident : 33 filter : WRITE flags : 0x5 data: 65536

WRITE RETURN: 65500newEventCount: 1
processWriteEvent currEventident : 33 filter : WRITE flags : 0x5 data: 65536

write buffer size: 65536
WRITE currEvent ident : 33 filter : WRITE flags : 0x5 data: 65536

WRITE RETURN: 65500newEventCount: 1
processWriteEvent currEventident : 33 filter : WRITE flags : 0x5 data: 65536

write buffer size: 65536
WRITE currEvent ident : 33 filter : WRITE flags : 0x5 data: 65536

WRITE RETURN: 65500newEventCount: 1
processWriteEvent currEventident : 33 filter : WRITE flags : 0x5 data: 65536

write buffer size: 65536
WRITE currEvent ident : 33 filter : WRITE flags : 0x5 data: 65536

WRITE RETURN: 65500newEventCount: 1
processWriteEvent currEventident : 33 filter : WRITE flags : 0x5 data: 65536

write buffer size: 65536
WRITE currEvent ident : 33 filter : WRITE flags : 0x5 data: 65536

WRITE RETURN: 65500newEventCount: 1
processWriteEvent currEventident : 33 filter : WRITE flags : 0x5 data: 16420

write buffer size: 16420
WRITE currEvent ident : 33 filter : WRITE flags : 0x5 data: 16420

WRITE RETURN: 65500newEventCount: 1
processWriteEvent currEventident : 33 filter : WRITE flags : 0x5 data: 65536

write buffer size: 65536
WRITE currEvent ident : 33 filter : WRITE flags : 0x5 data: 65536

WRITE RETURN: 65500newEventCount: 1
processWriteEvent currEventident : 33 filter : WRITE flags : 0x5 data: 65536

write buffer size: 65536
WRITE currEvent ident : 33 filter : WRITE flags : 0x5 data: 65536

WRITE RETURN: 65500newEventCount: 1
processWriteEvent currEventident : 33 filter : WRITE flags : 0x5 data: 65536

write buffer size: 65536
WRITE currEvent ident : 33 filter : WRITE flags : 0x5 data: 65536

WRITE RETURN: 65500newEventCount: 1
processWriteEvent currEventident : 33 filter : WRITE flags : 0x5 data: 65536

write buffer size: 65536
WRITE currEvent ident : 33 filter : WRITE flags : 0x5 data: 65536

WRITE RETURN: 65500newEventCount: 1
processWriteEvent currEventident : 33 filter : WRITE flags : 0x5 data: 65536

write buffer size: 65536
WRITE currEvent ident : 33 filter : WRITE flags : 0x5 data: 65536

WRITE RETURN: 65500newEventCount: 1
processWriteEvent currEventident : 33 filter : WRITE flags : 0x5 data: 65536

write buffer size: 65536
WRITE currEvent ident : 33 filter : WRITE flags : 0x5 data: 65536

WRITE RETURN: 65500newEventCount: 1
processWriteEvent currEventident : 33 filter : WRITE flags : 0x5 data: 65536

write buffer size: 65536
WRITE currEvent ident : 33 filter : WRITE flags : 0x5 data: 65536

WRITE RETURN: 65500newEventCount: 1
processWriteEvent currEventident : 33 filter : WRITE flags : 0x5 data: 65536

write buffer size: 65536
WRITE currEvent ident : 33 filter : WRITE flags : 0x5 data: 65536

WRITE RETURN: 65500newEventCount: 1
processWriteEvent currEventident : 33 filter : WRITE flags : 0x5 data: 65536

write buffer size: 65536
WRITE currEvent ident : 33 filter : WRITE flags : 0x5 data: 65536

WRITE RETURN: 65500newEventCount: 1
processWriteEvent currEventident : 33 filter : WRITE flags : 0x5 data: 65536

write buffer size: 65536
WRITE currEvent ident : 33 filter : WRITE flags : 0x5 data: 65536

WRITE RETURN: 65500newEventCount: 1
processWriteEvent currEventident : 33 filter : WRITE flags : 0x5 data: 65536

write buffer size: 65536
WRITE currEvent ident : 33 filter : WRITE flags : 0x5 data: 65536

WRITE RETURN: 65500newEventCount: 1
processWriteEvent currEventident : 33 filter : WRITE flags : 0x5 data: 65536

write buffer size: 65536
WRITE currEvent ident : 33 filter : WRITE flags : 0x5 data: 65536

WRITE RETURN: 65500newEventCount: 1
processWriteEvent currEventident : 33 filter : WRITE flags : 0x5 data: 65536

write buffer size: 65536
WRITE currEvent ident : 33 filter : WRITE flags : 0x5 data: 65536

WRITE RETURN: 65500newEventCount: 1
processWriteEvent currEventident : 33 filter : WRITE flags : 0x5 data: 65536

write buffer size: 65536
WRITE currEvent ident : 33 filter : WRITE flags : 0x5 data: 65536

WRITE RETURN: 65500newEventCount: 1
processWriteEvent currEventident : 33 filter : WRITE flags : 0x5 data: 65536

write buffer size: 65536
WRITE currEvent ident : 33 filter : WRITE flags : 0x5 data: 65536

WRITE RETURN: 65500newEventCount: 1
processWriteEvent currEventident : 33 filter : WRITE flags : 0x5 data: 16420

write buffer size: 16420
WRITE currEvent ident : 33 filter : WRITE flags : 0x5 data: 16420

WRITE RETURN: 65500newEventCount: 1
processWriteEvent currEventident : 33 filter : WRITE flags : 0x5 data: 65536

write buffer size: 65536
WRITE currEvent ident : 33 filter : WRITE flags : 0x5 data: 65536

WRITE RETURN: 65500newEventCount: 1
processWriteEvent currEventident : 33 filter : WRITE flags : 0x5 data: 65536

write buffer size: 65536
WRITE currEvent ident : 33 filter : WRITE flags : 0x5 data: 65536

WRITE RETURN: 65500newEventCount: 1
processWriteEvent currEventident : 33 filter : WRITE flags : 0x5 data: 65536

write buffer size: 65536
WRITE currEvent ident : 33 filter : WRITE flags : 0x5 data: 65536

WRITE RETURN: 65500newEventCount: 1
processWriteEvent currEventident : 33 filter : WRITE flags : 0x5 data: 65536

write buffer size: 65536
WRITE currEvent ident : 33 filter : WRITE flags : 0x5 data: 65536

WRITE RETURN: 65500newEventCount: 1
processWriteEvent currEventident : 33 filter : WRITE flags : 0x5 data: 65536

write buffer size: 65536
WRITE currEvent ident : 33 filter : WRITE flags : 0x5 data: 65536

WRITE RETURN: 65500newEventCount: 1
processWriteEvent currEventident : 33 filter : WRITE flags : 0x5 data: 65536

write buffer size: 65536
WRITE currEvent ident : 33 filter : WRITE flags : 0x5 data: 65536

WRITE RETURN: 65500newEventCount: 1
processWriteEvent currEventident : 33 filter : WRITE flags : 0x5 data: 65536

write buffer size: 65536
WRITE currEvent ident : 33 filter : WRITE flags : 0x5 data: 65536

WRITE RETURN: 65500newEventCount: 1
processWriteEvent currEventident : 33 filter : WRITE flags : 0x5 data: 65536

write buffer size: 65536
WRITE currEvent ident : 33 filter : WRITE flags : 0x5 data: 65536

WRITE RETURN: 65500newEventCount: 1
processWriteEvent currEventident : 33 filter : WRITE flags : 0x5 data: 65536

write buffer size: 65536
WRITE currEvent ident : 33 filter : WRITE flags : 0x5 data: 65536

WRITE RETURN: 65500newEventCount: 1
processWriteEvent currEventident : 33 filter : WRITE flags : 0x5 data: 65536

write buffer size: 65536
WRITE currEvent ident : 33 filter : WRITE flags : 0x5 data: 65536

WRITE RETURN: 65500newEventCount: 1
processWriteEvent currEventident : 33 filter : WRITE flags : 0x5 data: 65536

write buffer size: 65536
WRITE currEvent ident : 33 filter : WRITE flags : 0x5 data: 65536

WRITE RETURN: 65500newEventCount: 1
processWriteEvent currEventident : 33 filter : WRITE flags : 0x5 data: 65536

write buffer size: 65536
WRITE currEvent ident : 33 filter : WRITE flags : 0x5 data: 65536

WRITE RETURN: 65500newEventCount: 1
processWriteEvent currEventident : 33 filter : WRITE flags : 0x5 data: 65536

write buffer size: 65536
WRITE currEvent ident : 33 filter : WRITE flags : 0x5 data: 65536

WRITE RETURN: 65500newEventCount: 1
processWriteEvent currEventident : 33 filter : WRITE flags : 0x5 data: 65536

write buffer size: 65536
WRITE currEvent ident : 33 filter : WRITE flags : 0x5 data: 65536

WRITE RETURN: 65500newEventCount: 1
processWriteEvent currEventident : 33 filter : WRITE flags : 0x5 data: 65536

write buffer size: 65536
WRITE currEvent ident : 33 filter : WRITE flags : 0x5 data: 65536

WRITE RETURN: 65500newEventCount: 1
processWriteEvent currEventident : 33 filter : WRITE flags : 0x5 data: 16420

write buffer size: 16420
WRITE currEvent ident : 33 filter : WRITE flags : 0x5 data: 16420

WRITE RETURN: 65500newEventCount: 1
processWriteEvent currEventident : 33 filter : WRITE flags : 0x5 data: 65536

write buffer size: 65536
WRITE currEvent ident : 33 filter : WRITE flags : 0x5 data: 65536

WRITE RETURN: 65500newEventCount: 1
processWriteEvent currEventident : 33 filter : WRITE flags : 0x5 data: 65536

write buffer size: 65536
WRITE currEvent ident : 33 filter : WRITE flags : 0x5 data: 65536

WRITE RETURN: 65500newEventCount: 1
processWriteEvent currEventident : 33 filter : WRITE flags : 0x5 data: 65536

write buffer size: 65536
WRITE currEvent ident : 33 filter : WRITE flags : 0x5 data: 65536

WRITE RETURN: 65500newEventCount: 1
processWriteEvent currEventident : 33 filter : WRITE flags : 0x5 data: 65536

write buffer size: 65536
WRITE currEvent ident : 33 filter : WRITE flags : 0x5 data: 65536

WRITE RETURN: 65500newEventCount: 1
processWriteEvent currEventident : 33 filter : WRITE flags : 0x5 data: 65536

write buffer size: 65536
WRITE currEvent ident : 33 filter : WRITE flags : 0x5 data: 65536

WRITE RETURN: 65500newEventCount: 1
processWriteEvent currEventident : 33 filter : WRITE flags : 0x5 data: 65536

write buffer size: 65536
WRITE currEvent ident : 33 filter : WRITE flags : 0x5 data: 65536

WRITE RETURN: 65500newEventCount: 1
processWriteEvent currEventident : 33 filter : WRITE flags : 0x5 data: 65536

write buffer size: 65536
WRITE currEvent ident : 33 filter : WRITE flags : 0x5 data: 65536

WRITE RETURN: 65500newEventCount: 1
processWriteEvent currEventident : 33 filter : WRITE flags : 0x5 data: 65536

write buffer size: 65536
WRITE currEvent ident : 33 filter : WRITE flags : 0x5 data: 65536

WRITE RETURN: 65500newEventCount: 1
processWriteEvent currEventident : 33 filter : WRITE flags : 0x5 data: 65536

write buffer size: 65536
WRITE currEvent ident : 33 filter : WRITE flags : 0x5 data: 65536

WRITE RETURN: 65500newEventCount: 1
processWriteEvent currEventident : 33 filter : WRITE flags : 0x5 data: 65536

write buffer size: 65536
WRITE currEvent ident : 33 filter : WRITE flags : 0x5 data: 65536

WRITE RETURN: 65500newEventCount: 1
processWriteEvent currEventident : 33 filter : WRITE flags : 0x5 data: 65536

write buffer size: 65536
WRITE currEvent ident : 33 filter : WRITE flags : 0x5 data: 65536

WRITE RETURN: 65500newEventCount: 1
processWriteEvent currEventident : 33 filter : WRITE flags : 0x5 data: 65536

write buffer size: 65536
WRITE currEvent ident : 33 filter : WRITE flags : 0x5 data: 65536

WRITE RETURN: 65500newEventCount: 1
processWriteEvent currEventident : 33 filter : WRITE flags : 0x5 data: 65536

write buffer size: 65536
WRITE currEvent ident : 33 filter : WRITE flags : 0x5 data: 65536

WRITE RETURN: 65500newEventCount: 1
processWriteEvent currEventident : 33 filter : WRITE flags : 0x5 data: 65536

write buffer size: 65536
WRITE currEvent ident : 33 filter : WRITE flags : 0x5 data: 65536

WRITE RETURN: 65500newEventCount: 1
processWriteEvent currEventident : 33 filter : WRITE flags : 0x5 data: 65536

write buffer size: 65536
WRITE currEvent ident : 33 filter : WRITE flags : 0x5 data: 65536

WRITE RETURN: 65500newEventCount: 1
processWriteEvent currEventident : 33 filter : WRITE flags : 0x5 data: 16420

write buffer size: 16420
WRITE currEvent ident : 33 filter : WRITE flags : 0x5 data: 16420

WRITE RETURN: 65500newEventCount: 1
processWriteEvent currEventident : 33 filter : WRITE flags : 0x5 data: 65536

write buffer size: 65536
WRITE currEvent ident : 33 filter : WRITE flags : 0x5 data: 65536

WRITE RETURN: 65500newEventCount: 1
processWriteEvent currEventident : 33 filter : WRITE flags : 0x5 data: 65536

write buffer size: 65536
WRITE currEvent ident : 33 filter : WRITE flags : 0x5 data: 65536

WRITE RETURN: 65500newEventCount: 1
processWriteEvent currEventident : 33 filter : WRITE flags : 0x5 data: 65536

write buffer size: 65536
WRITE currEvent ident : 33 filter : WRITE flags : 0x5 data: 65536

WRITE RETURN: 65500newEventCount: 1
processWriteEvent currEventident : 33 filter : WRITE flags : 0x5 data: 65536

write buffer size: 65536
WRITE currEvent ident : 33 filter : WRITE flags : 0x5 data: 65536

WRITE RETURN: 65500newEventCount: 1
processWriteEvent currEventident : 33 filter : WRITE flags : 0x5 data: 65536

write buffer size: 65536
WRITE currEvent ident : 33 filter : WRITE flags : 0x5 data: 65536

WRITE RETURN: 65500newEventCount: 1
processWriteEvent currEventident : 33 filter : WRITE flags : 0x5 data: 65536

write buffer size: 65536
WRITE currEvent ident : 33 filter : WRITE flags : 0x5 data: 65536

WRITE RETURN: 65500newEventCount: 1
processWriteEvent currEventident : 33 filter : WRITE flags : 0x5 data: 65536

write buffer size: 65536
WRITE currEvent ident : 33 filter : WRITE flags : 0x5 data: 65536

WRITE RETURN: 65500newEventCount: 1
processWriteEvent currEventident : 33 filter : WRITE flags : 0x5 data: 65536

write buffer size: 65536
WRITE currEvent ident : 33 filter : WRITE flags : 0x5 data: 65536

WRITE RETURN: 65500newEventCount: 1
processWriteEvent currEventident : 33 filter : WRITE flags : 0x5 data: 65536

write buffer size: 65536
WRITE currEvent ident : 33 filter : WRITE flags : 0x5 data: 65536

WRITE RETURN: 65500newEventCount: 1
processWriteEvent currEventident : 33 filter : WRITE flags : 0x5 data: 65536

write buffer size: 65536
WRITE currEvent ident : 33 filter : WRITE flags : 0x5 data: 65536

WRITE RETURN: 65500newEventCount: 1
processWriteEvent currEventident : 33 filter : WRITE flags : 0x5 data: 65536

write buffer size: 65536
WRITE currEvent ident : 33 filter : WRITE flags : 0x5 data: 65536

WRITE RETURN: 65500newEventCount: 1
processWriteEvent currEventident : 33 filter : WRITE flags : 0x5 data: 65536

write buffer size: 65536
WRITE currEvent ident : 33 filter : WRITE flags : 0x5 data: 65536

WRITE RETURN: 65500newEventCount: 1
processWriteEvent currEventident : 33 filter : WRITE flags : 0x5 data: 65536

write buffer size: 65536
WRITE currEvent ident : 33 filter : WRITE flags : 0x5 data: 65536

WRITE RETURN: 65500newEventCount: 1
processWriteEvent currEventident : 33 filter : WRITE flags : 0x5 data: 65536

write buffer size: 65536
WRITE currEvent ident : 33 filter : WRITE flags : 0x5 data: 65536

WRITE RETURN: 65500newEventCount: 1
processWriteEvent currEventident : 33 filter : WRITE flags : 0x5 data: 65536

write buffer size: 65536
WRITE currEvent ident : 33 filter : WRITE flags : 0x5 data: 65536

WRITE RETURN: 65500newEventCount: 1
processWriteEvent currEventident : 33 filter : WRITE flags : 0x5 data: 16420

write buffer size: 16420
WRITE currEvent ident : 33 filter : WRITE flags : 0x5 data: 16420

WRITE RETURN: 65500newEventCount: 1
processWriteEvent currEventident : 33 filter : WRITE flags : 0x5 data: 65536

write buffer size: 65536
WRITE currEvent ident : 33 filter : WRITE flags : 0x5 data: 65536

WRITE RETURN: 65500newEventCount: 1
processWriteEvent currEventident : 33 filter : WRITE flags : 0x5 data: 65536

write buffer size: 65536
WRITE currEvent ident : 33 filter : WRITE flags : 0x5 data: 65536

WRITE RETURN: 65500newEventCount: 1
processWriteEvent currEventident : 33 filter : WRITE flags : 0x5 data: 65536

write buffer size: 65536
WRITE currEvent ident : 33 filter : WRITE flags : 0x5 data: 65536

WRITE RETURN: 65500newEventCount: 1
processWriteEvent currEventident : 33 filter : WRITE flags : 0x5 data: 65536

write buffer size: 65536
WRITE currEvent ident : 33 filter : WRITE flags : 0x5 data: 65536

WRITE RETURN: 65500newEventCount: 1
processWriteEvent currEventident : 33 filter : WRITE flags : 0x5 data: 65536

write buffer size: 65536
WRITE currEvent ident : 33 filter : WRITE flags : 0x5 data: 65536

WRITE RETURN: 65500newEventCount: 1
processWriteEvent currEventident : 33 filter : WRITE flags : 0x5 data: 65536

write buffer size: 65536
WRITE currEvent ident : 33 filter : WRITE flags : 0x5 data: 65536

WRITE RETURN: 65500newEventCount: 1
processWriteEvent currEventident : 33 filter : WRITE flags : 0x5 data: 65536

write buffer size: 65536
WRITE currEvent ident : 33 filter : WRITE flags : 0x5 data: 65536

WRITE RETURN: 65500newEventCount: 1
processWriteEvent currEventident : 33 filter : WRITE flags : 0x5 data: 65536

write buffer size: 65536
WRITE currEvent ident : 33 filter : WRITE flags : 0x5 data: 65536

WRITE RETURN: 65500newEventCount: 1
processWriteEvent currEventident : 33 filter : WRITE flags : 0x5 data: 65536

write buffer size: 65536
WRITE currEvent ident : 33 filter : WRITE flags : 0x5 data: 65536

WRITE RETURN: 65500newEventCount: 1
processWriteEvent currEventident : 33 filter : WRITE flags : 0x5 data: 65536

write buffer size: 65536
WRITE currEvent ident : 33 filter : WRITE flags : 0x5 data: 65536

WRITE RETURN: 65500newEventCount: 1
processWriteEvent currEventident : 33 filter : WRITE flags : 0x5 data: 65536

write buffer size: 65536
WRITE currEvent ident : 33 filter : WRITE flags : 0x5 data: 65536

WRITE RETURN: 65500newEventCount: 1
processWriteEvent currEventident : 33 filter : WRITE flags : 0x5 data: 65536

write buffer size: 65536
WRITE currEvent ident : 33 filter : WRITE flags : 0x5 data: 65536

WRITE RETURN: 65500newEventCount: 1
processWriteEvent currEventident : 33 filter : WRITE flags : 0x5 data: 65536

write buffer size: 65536
WRITE currEvent ident : 33 filter : WRITE flags : 0x5 data: 65536

WRITE RETURN: 65500newEventCount: 1
processWriteEvent currEventident : 33 filter : WRITE flags : 0x5 data: 65536

write buffer size: 65536
WRITE currEvent ident : 33 filter : WRITE flags : 0x5 data: 65536

WRITE RETURN: 65500newEventCount: 1
processWriteEvent currEventident : 33 filter : WRITE flags : 0x5 data: 65536

write buffer size: 65536
WRITE currEvent ident : 33 filter : WRITE flags : 0x5 data: 65536

WRITE RETURN: 65500newEventCount: 1
processWriteEvent currEventident : 33 filter : WRITE flags : 0x5 data: 16420

write buffer size: 16420
WRITE currEvent ident : 33 filter : WRITE flags : 0x5 data: 16420

WRITE RETURN: 65500newEventCount: 1
processWriteEvent currEventident : 33 filter : WRITE flags : 0x5 data: 65536

write buffer size: 65536
WRITE currEvent ident : 33 filter : WRITE flags : 0x5 data: 65536

WRITE RETURN: 65500newEventCount: 1
processWriteEvent currEventident : 33 filter : WRITE flags : 0x5 data: 65536

write buffer size: 65536
WRITE currEvent ident : 33 filter : WRITE flags : 0x5 data: 65536

WRITE RETURN: 65500newEventCount: 1
processWriteEvent currEventident : 33 filter : WRITE flags : 0x5 data: 65536

write buffer size: 65536
WRITE currEvent ident : 33 filter : WRITE flags : 0x5 data: 65536

WRITE RETURN: 65500newEventCount: 1
processWriteEvent currEventident : 33 filter : WRITE flags : 0x5 data: 65536

write buffer size: 65536
WRITE currEvent ident : 33 filter : WRITE flags : 0x5 data: 65536

WRITE RETURN: 65500newEventCount: 1
processWriteEvent currEventident : 33 filter : WRITE flags : 0x5 data: 65536

write buffer size: 65536
WRITE currEvent ident : 33 filter : WRITE flags : 0x5 data: 65536

WRITE RETURN: 65500newEventCount: 1
processWriteEvent currEventident : 33 filter : WRITE flags : 0x5 data: 65536

write buffer size: 65536
WRITE currEvent ident : 33 filter : WRITE flags : 0x5 data: 65536

WRITE RETURN: 65500newEventCount: 1
processWriteEvent currEventident : 33 filter : WRITE flags : 0x5 data: 65536

write buffer size: 65536
WRITE currEvent ident : 33 filter : WRITE flags : 0x5 data: 65536

WRITE RETURN: 65500newEventCount: 1
processWriteEvent currEventident : 33 filter : WRITE flags : 0x5 data: 65536

write buffer size: 65536
WRITE currEvent ident : 33 filter : WRITE flags : 0x5 data: 65536

WRITE RETURN: 65500newEventCount: 1
processWriteEvent currEventident : 33 filter : WRITE flags : 0x5 data: 65536

write buffer size: 65536
WRITE currEvent ident : 33 filter : WRITE flags : 0x5 data: 65536

WRITE RETURN: 65500newEventCount: 1
processWriteEvent currEventident : 33 filter : WRITE flags : 0x5 data: 65536

write buffer size: 65536
WRITE currEvent ident : 33 filter : WRITE flags : 0x5 data: 65536

WRITE RETURN: 65500newEventCount: 1
processWriteEvent currEventident : 33 filter : WRITE flags : 0x5 data: 65536

write buffer size: 65536
WRITE currEvent ident : 33 filter : WRITE flags : 0x5 data: 65536

WRITE RETURN: 65500newEventCount: 1
processWriteEvent currEventident : 33 filter : WRITE flags : 0x5 data: 65536

write buffer size: 65536
WRITE currEvent ident : 33 filter : WRITE flags : 0x5 data: 65536

WRITE RETURN: 65500newEventCount: 1
processWriteEvent currEventident : 33 filter : WRITE flags : 0x5 data: 65536

write buffer size: 65536
WRITE currEvent ident : 33 filter : WRITE flags : 0x5 data: 65536

WRITE RETURN: 65500newEventCount: 1
processWriteEvent currEventident : 33 filter : WRITE flags : 0x5 data: 65536

write buffer size: 65536
WRITE currEvent ident : 33 filter : WRITE flags : 0x5 data: 65536

WRITE RETURN: 65500newEventCount: 1
processWriteEvent currEventident : 33 filter : WRITE flags : 0x5 data: 65536

write buffer size: 65536
WRITE currEvent ident : 33 filter : WRITE flags : 0x5 data: 65536

WRITE RETURN: 65500newEventCount: 1
processWriteEvent currEventident : 33 filter : WRITE flags : 0x5 data: 16420

write buffer size: 16420
WRITE currEvent ident : 33 filter : WRITE flags : 0x5 data: 16420

WRITE RETURN: 65500newEventCount: 1
processWriteEvent currEventident : 33 filter : WRITE flags : 0x5 data: 65536

write buffer size: 65536
WRITE currEvent ident : 33 filter : WRITE flags : 0x5 data: 65536

WRITE RETURN: 65500newEventCount: 1
processWriteEvent currEventident : 33 filter : WRITE flags : 0x5 data: 65536

write buffer size: 65536
WRITE currEvent ident : 33 filter : WRITE flags : 0x5 data: 65536

WRITE RETURN: 65500newEventCount: 1
processWriteEvent currEventident : 33 filter : WRITE flags : 0x5 data: 65536

write buffer size: 65536
WRITE currEvent ident : 33 filter : WRITE flags : 0x5 data: 65536

WRITE RETURN: 65500newEventCount: 1
processWriteEvent currEventident : 33 filter : WRITE flags : 0x5 data: 65536

write buffer size: 65536
WRITE currEvent ident : 33 filter : WRITE flags : 0x5 data: 65536

WRITE RETURN: 65500newEventCount: 1
processWriteEvent currEventident : 33 filter : WRITE flags : 0x5 data: 65536

write buffer size: 65536
WRITE currEvent ident : 33 filter : WRITE flags : 0x5 data: 65536

WRITE RETURN: 65500newEventCount: 1
processWriteEvent currEventident : 33 filter : WRITE flags : 0x5 data: 65536

write buffer size: 65536
WRITE currEvent ident : 33 filter : WRITE flags : 0x5 data: 65536

WRITE RETURN: 65500newEventCount: 1
processWriteEvent currEventident : 33 filter : WRITE flags : 0x5 data: 65536

write buffer size: 65536
WRITE currEvent ident : 33 filter : WRITE flags : 0x5 data: 65536

WRITE RETURN: 65500newEventCount: 1
processWriteEvent currEventident : 33 filter : WRITE flags : 0x5 data: 65536

write buffer size: 65536
WRITE currEvent ident : 33 filter : WRITE flags : 0x5 data: 65536

WRITE RETURN: 65500newEventCount: 1
processWriteEvent currEventident : 33 filter : WRITE flags : 0x5 data: 65536

write buffer size: 65536
WRITE currEvent ident : 33 filter : WRITE flags : 0x5 data: 65536

WRITE RETURN: 65500newEventCount: 1
processWriteEvent currEventident : 33 filter : WRITE flags : 0x5 data: 65536

write buffer size: 65536
WRITE currEvent ident : 33 filter : WRITE flags : 0x5 data: 65536

WRITE RETURN: 65500newEventCount: 1
processWriteEvent currEventident : 33 filter : WRITE flags : 0x5 data: 65536

write buffer size: 65536
WRITE currEvent ident : 33 filter : WRITE flags : 0x5 data: 65536

WRITE RETURN: 65500newEventCount: 1
processWriteEvent currEventident : 33 filter : WRITE flags : 0x5 data: 65536

write buffer size: 65536
WRITE currEvent ident : 33 filter : WRITE flags : 0x5 data: 65536

WRITE RETURN: 65500newEventCount: 1
processWriteEvent currEventident : 33 filter : WRITE flags : 0x5 data: 65536

write buffer size: 65536
WRITE currEvent ident : 33 filter : WRITE flags : 0x5 data: 65536

WRITE RETURN: 65500newEventCount: 1
processWriteEvent currEventident : 33 filter : WRITE flags : 0x5 data: 65536

write buffer size: 65536
WRITE currEvent ident : 33 filter : WRITE flags : 0x5 data: 65536

WRITE RETURN: 65500newEventCount: 1
processWriteEvent currEventident : 33 filter : WRITE flags : 0x5 data: 65536

write buffer size: 65536
WRITE currEvent ident : 33 filter : WRITE flags : 0x5 data: 65536

WRITE RETURN: 65500newEventCount: 1
processWriteEvent currEventident : 33 filter : WRITE flags : 0x5 data: 16420

write buffer size: 16420
WRITE currEvent ident : 33 filter : WRITE flags : 0x5 data: 16420

WRITE RETURN: 65500newEventCount: 1
processWriteEvent currEventident : 33 filter : WRITE flags : 0x5 data: 65536

write buffer size: 65536
WRITE currEvent ident : 33 filter : WRITE flags : 0x5 data: 65536

WRITE RETURN: 65500newEventCount: 1
processWriteEvent currEventident : 33 filter : WRITE flags : 0x5 data: 65536

write buffer size: 65536
WRITE currEvent ident : 33 filter : WRITE flags : 0x5 data: 65536

WRITE RETURN: 65500newEventCount: 1
processWriteEvent currEventident : 33 filter : WRITE flags : 0x5 data: 65536

write buffer size: 65536
WRITE currEvent ident : 33 filter : WRITE flags : 0x5 data: 65536

WRITE RETURN: 65500newEventCount: 1
processWriteEvent currEventident : 33 filter : WRITE flags : 0x5 data: 65536

write buffer size: 65536
WRITE currEvent ident : 33 filter : WRITE flags : 0x5 data: 65536

WRITE RETURN: 65500newEventCount: 1
processWriteEvent currEventident : 33 filter : WRITE flags : 0x5 data: 65536

write buffer size: 65536
WRITE currEvent ident : 33 filter : WRITE flags : 0x5 data: 65536

WRITE RETURN: 65500newEventCount: 1
processWriteEvent currEventident : 33 filter : WRITE flags : 0x5 data: 65536

write buffer size: 65536
WRITE currEvent ident : 33 filter : WRITE flags : 0x5 data: 65536

WRITE RETURN: 65500newEventCount: 1
processWriteEvent currEventident : 33 filter : WRITE flags : 0x5 data: 65536

write buffer size: 65536
WRITE currEvent ident : 33 filter : WRITE flags : 0x5 data: 65536

WRITE RETURN: 65500newEventCount: 1
processWriteEvent currEventident : 33 filter : WRITE flags : 0x5 data: 65536

write buffer size: 65536
WRITE currEvent ident : 33 filter : WRITE flags : 0x5 data: 65536

WRITE RETURN: 65500newEventCount: 1
processWriteEvent currEventident : 33 filter : WRITE flags : 0x5 data: 65536

write buffer size: 65536
WRITE currEvent ident : 33 filter : WRITE flags : 0x5 data: 65536

WRITE RETURN: 65500newEventCount: 1
processWriteEvent currEventident : 33 filter : WRITE flags : 0x5 data: 65536

write buffer size: 65536
WRITE currEvent ident : 33 filter : WRITE flags : 0x5 data: 65536

WRITE RETURN: 65500newEventCount: 1
processWriteEvent currEventident : 33 filter : WRITE flags : 0x5 data: 65536

write buffer size: 65536
WRITE currEvent ident : 33 filter : WRITE flags : 0x5 data: 65536

WRITE RETURN: 65500newEventCount: 1
processWriteEvent currEventident : 33 filter : WRITE flags : 0x5 data: 65536

write buffer size: 65536
WRITE currEvent ident : 33 filter : WRITE flags : 0x5 data: 65536

WRITE RETURN: 65500newEventCount: 1
processWriteEvent currEventident : 33 filter : WRITE flags : 0x5 data: 65536

write buffer size: 65536
WRITE currEvent ident : 33 filter : WRITE flags : 0x5 data: 65536

WRITE RETURN: 65500newEventCount: 1
processWriteEvent currEventident : 33 filter : WRITE flags : 0x5 data: 65536

write buffer size: 65536
WRITE currEvent ident : 33 filter : WRITE flags : 0x5 data: 65536

WRITE RETURN: 65500newEventCount: 1
processWriteEvent currEventident : 33 filter : WRITE flags : 0x5 data: 65536

write buffer size: 65536
WRITE currEvent ident : 33 filter : WRITE flags : 0x5 data: 65536

WRITE RETURN: 65500newEventCount: 1
processWriteEvent currEventident : 33 filter : WRITE flags : 0x5 data: 16420

write buffer size: 16420
WRITE currEvent ident : 33 filter : WRITE flags : 0x5 data: 16420

WRITE RETURN: 65500newEventCount: 1
processWriteEvent currEventident : 33 filter : WRITE flags : 0x5 data: 65536

write buffer size: 65536
WRITE currEvent ident : 33 filter : WRITE flags : 0x5 data: 65536

WRITE RETURN: 65500newEventCount: 1
processWriteEvent currEventident : 33 filter : WRITE flags : 0x5 data: 65536

write buffer size: 65536
WRITE currEvent ident : 33 filter : WRITE flags : 0x5 data: 65536

WRITE RETURN: 65500newEventCount: 1
processWriteEvent currEventident : 33 filter : WRITE flags : 0x5 data: 65536

write buffer size: 65536
WRITE currEvent ident : 33 filter : WRITE flags : 0x5 data: 65536

WRITE RETURN: 65500newEventCount: 1
processWriteEvent currEventident : 33 filter : WRITE flags : 0x5 data: 65536

write buffer size: 65536
WRITE currEvent ident : 33 filter : WRITE flags : 0x5 data: 65536

WRITE RETURN: 65500newEventCount: 1
processWriteEvent currEventident : 33 filter : WRITE flags : 0x5 data: 65536

write buffer size: 65536
WRITE currEvent ident : 33 filter : WRITE flags : 0x5 data: 65536

WRITE RETURN: 65500newEventCount: 1
processWriteEvent currEventident : 33 filter : WRITE flags : 0x5 data: 65536

write buffer size: 65536
WRITE currEvent ident : 33 filter : WRITE flags : 0x5 data: 65536

WRITE RETURN: 65500newEventCount: 1
processWriteEvent currEventident : 33 filter : WRITE flags : 0x5 data: 65536

write buffer size: 65536
WRITE currEvent ident : 33 filter : WRITE flags : 0x5 data: 65536

WRITE RETURN: 65500newEventCount: 1
processWriteEvent currEventident : 33 filter : WRITE flags : 0x5 data: 65536

write buffer size: 65536
WRITE currEvent ident : 33 filter : WRITE flags : 0x5 data: 65536

WRITE RETURN: 65500newEventCount: 1
processWriteEvent currEventident : 33 filter : WRITE flags : 0x5 data: 65536

write buffer size: 65536
WRITE currEvent ident : 33 filter : WRITE flags : 0x5 data: 65536

WRITE RETURN: 65500newEventCount: 1
processWriteEvent currEventident : 33 filter : WRITE flags : 0x5 data: 65536

write buffer size: 65536
WRITE currEvent ident : 33 filter : WRITE flags : 0x5 data: 65536

WRITE RETURN: 65500newEventCount: 1
processWriteEvent currEventident : 33 filter : WRITE flags : 0x5 data: 65536

write buffer size: 65536
WRITE currEvent ident : 33 filter : WRITE flags : 0x5 data: 65536

WRITE RETURN: 65500newEventCount: 1
processWriteEvent currEventident : 33 filter : WRITE flags : 0x5 data: 65536

write buffer size: 65536
WRITE currEvent ident : 33 filter : WRITE flags : 0x5 data: 65536

WRITE RETURN: 65500newEventCount: 1
processWriteEvent currEventident : 33 filter : WRITE flags : 0x5 data: 65536

write buffer size: 65536
WRITE currEvent ident : 33 filter : WRITE flags : 0x5 data: 65536

WRITE RETURN: 65500newEventCount: 1
processWriteEvent currEventident : 33 filter : WRITE flags : 0x5 data: 65536

write buffer size: 65536
WRITE currEvent ident : 33 filter : WRITE flags : 0x5 data: 65536

WRITE RETURN: 65500newEventCount: 1
processWriteEvent currEventident : 33 filter : WRITE flags : 0x5 data: 65536

write buffer size: 65536
WRITE currEvent ident : 33 filter : WRITE flags : 0x5 data: 65536

WRITE RETURN: 65500newEventCount: 1
processWriteEvent currEventident : 33 filter : WRITE flags : 0x5 data: 16420

write buffer size: 16420
WRITE currEvent ident : 33 filter : WRITE flags : 0x5 data: 16420

WRITE RETURN: 65500newEventCount: 1
processWriteEvent currEventident : 33 filter : WRITE flags : 0x5 data: 65536

write buffer size: 65536
WRITE currEvent ident : 33 filter : WRITE flags : 0x5 data: 65536

WRITE RETURN: 65500newEventCount: 1
processWriteEvent currEventident : 33 filter : WRITE flags : 0x5 data: 65536

write buffer size: 65536
WRITE currEvent ident : 33 filter : WRITE flags : 0x5 data: 65536

WRITE RETURN: 65500newEventCount: 1
processWriteEvent currEventident : 33 filter : WRITE flags : 0x5 data: 65536

write buffer size: 65536
WRITE currEvent ident : 33 filter : WRITE flags : 0x5 data: 65536

WRITE RETURN: 65500newEventCount: 1
processWriteEvent currEventident : 33 filter : WRITE flags : 0x5 data: 65536

write buffer size: 65536
WRITE currEvent ident : 33 filter : WRITE flags : 0x5 data: 65536

WRITE RETURN: 65500newEventCount: 1
processWriteEvent currEventident : 33 filter : WRITE flags : 0x5 data: 65536

write buffer size: 65536
WRITE currEvent ident : 33 filter : WRITE flags : 0x5 data: 65536

WRITE RETURN: 65500newEventCount: 1
processWriteEvent currEventident : 33 filter : WRITE flags : 0x5 data: 65536

write buffer size: 65536
WRITE currEvent ident : 33 filter : WRITE flags : 0x5 data: 65536

WRITE RETURN: 65500newEventCount: 1
processWriteEvent currEventident : 33 filter : WRITE flags : 0x5 data: 65536

write buffer size: 65536
WRITE currEvent ident : 33 filter : WRITE flags : 0x5 data: 65536

WRITE RETURN: 65500newEventCount: 1
processWriteEvent currEventident : 33 filter : WRITE flags : 0x5 data: 65536

write buffer size: 65536
WRITE currEvent ident : 33 filter : WRITE flags : 0x5 data: 65536

WRITE RETURN: 65500newEventCount: 1
processWriteEvent currEventident : 33 filter : WRITE flags : 0x5 data: 65536

write buffer size: 65536
WRITE currEvent ident : 33 filter : WRITE flags : 0x5 data: 65536

WRITE RETURN: 65500newEventCount: 1
processWriteEvent currEventident : 33 filter : WRITE flags : 0x5 data: 65536

write buffer size: 65536
WRITE currEvent ident : 33 filter : WRITE flags : 0x5 data: 65536

WRITE RETURN: 65500newEventCount: 1
processWriteEvent currEventident : 33 filter : WRITE flags : 0x5 data: 65536

write buffer size: 65536
WRITE currEvent ident : 33 filter : WRITE flags : 0x5 data: 65536

WRITE RETURN: 65500newEventCount: 1
processWriteEvent currEventident : 33 filter : WRITE flags : 0x5 data: 65536

write buffer size: 65536
WRITE currEvent ident : 33 filter : WRITE flags : 0x5 data: 65536

WRITE RETURN: 65500newEventCount: 1
processWriteEvent currEventident : 33 filter : WRITE flags : 0x5 data: 65536

write buffer size: 65536
WRITE currEvent ident : 33 filter : WRITE flags : 0x5 data: 65536

WRITE RETURN: 65500newEventCount: 1
processWriteEvent currEventident : 33 filter : WRITE flags : 0x5 data: 65536

write buffer size: 65536
WRITE currEvent ident : 33 filter : WRITE flags : 0x5 data: 65536

WRITE RETURN: 65500newEventCount: 1
processWriteEvent currEventident : 33 filter : WRITE flags : 0x5 data: 65536

write buffer size: 65536
WRITE currEvent ident : 33 filter : WRITE flags : 0x5 data: 65536

WRITE RETURN: 65500newEventCount: 1
processWriteEvent currEventident : 33 filter : WRITE flags : 0x5 data: 16420

write buffer size: 16420
WRITE currEvent ident : 33 filter : WRITE flags : 0x5 data: 16420

WRITE RETURN: 65500newEventCount: 1
processWriteEvent currEventident : 33 filter : WRITE flags : 0x5 data: 65536

write buffer size: 65536
WRITE currEvent ident : 33 filter : WRITE flags : 0x5 data: 65536

WRITE RETURN: 65500newEventCount: 1
processWriteEvent currEventident : 33 filter : WRITE flags : 0x5 data: 65536

write buffer size: 65536
WRITE currEvent ident : 33 filter : WRITE flags : 0x5 data: 65536

WRITE RETURN: 65500newEventCount: 1
processWriteEvent currEventident : 33 filter : WRITE flags : 0x5 data: 65536

write buffer size: 65536
WRITE currEvent ident : 33 filter : WRITE flags : 0x5 data: 65536

WRITE RETURN: 65500newEventCount: 1
processWriteEvent currEventident : 33 filter : WRITE flags : 0x5 data: 65536

write buffer size: 65536
WRITE currEvent ident : 33 filter : WRITE flags : 0x5 data: 65536

WRITE RETURN: 65500newEventCount: 1
processWriteEvent currEventident : 33 filter : WRITE flags : 0x5 data: 65536

write buffer size: 65536
WRITE currEvent ident : 33 filter : WRITE flags : 0x5 data: 65536

WRITE RETURN: 65500newEventCount: 1
processWriteEvent currEventident : 33 filter : WRITE flags : 0x5 data: 65536

write buffer size: 65536
WRITE currEvent ident : 33 filter : WRITE flags : 0x5 data: 65536

WRITE RETURN: 65500newEventCount: 1
processWriteEvent currEventident : 33 filter : WRITE flags : 0x5 data: 65536

write buffer size: 65536
WRITE currEvent ident : 33 filter : WRITE flags : 0x5 data: 65536

WRITE RETURN: 65500newEventCount: 1
processWriteEvent currEventident : 33 filter : WRITE flags : 0x5 data: 65536

write buffer size: 65536
WRITE currEvent ident : 33 filter : WRITE flags : 0x5 data: 65536

WRITE RETURN: 65500newEventCount: 1
processWriteEvent currEventident : 33 filter : WRITE flags : 0x5 data: 65536

write buffer size: 65536
WRITE currEvent ident : 33 filter : WRITE flags : 0x5 data: 65536

WRITE RETURN: 65500newEventCount: 1
processWriteEvent currEventident : 33 filter : WRITE flags : 0x5 data: 65536

write buffer size: 65536
WRITE currEvent ident : 33 filter : WRITE flags : 0x5 data: 65536

WRITE RETURN: 65500newEventCount: 1
processWriteEvent currEventident : 33 filter : WRITE flags : 0x5 data: 65536

write buffer size: 65536
WRITE currEvent ident : 33 filter : WRITE flags : 0x5 data: 65536

WRITE RETURN: 65500newEventCount: 1
processWriteEvent currEventident : 33 filter : WRITE flags : 0x5 data: 65536

write buffer size: 65536
WRITE currEvent ident : 33 filter : WRITE flags : 0x5 data: 65536

WRITE RETURN: 65500newEventCount: 1
processWriteEvent currEventident : 33 filter : WRITE flags : 0x5 data: 65536

write buffer size: 65536
WRITE currEvent ident : 33 filter : WRITE flags : 0x5 data: 65536

WRITE RETURN: 65500newEventCount: 1
processWriteEvent currEventident : 33 filter : WRITE flags : 0x5 data: 65536

write buffer size: 65536
WRITE currEvent ident : 33 filter : WRITE flags : 0x5 data: 65536

WRITE RETURN: 65500newEventCount: 1
processWriteEvent currEventident : 33 filter : WRITE flags : 0x5 data: 65536

write buffer size: 65536
WRITE currEvent ident : 33 filter : WRITE flags : 0x5 data: 65536

WRITE RETURN: 65500newEventCount: 1
processWriteEvent currEventident : 33 filter : WRITE flags : 0x5 data: 16420

write buffer size: 16420
WRITE currEvent ident : 33 filter : WRITE flags : 0x5 data: 16420

WRITE RETURN: 65500newEventCount: 1
processWriteEvent currEventident : 33 filter : WRITE flags : 0x5 data: 65536

write buffer size: 65536
WRITE currEvent ident : 33 filter : WRITE flags : 0x5 data: 65536

WRITE RETURN: 65500newEventCount: 1
processWriteEvent currEventident : 33 filter : WRITE flags : 0x5 data: 65536

write buffer size: 65536
WRITE currEvent ident : 33 filter : WRITE flags : 0x5 data: 65536

WRITE RETURN: 65500newEventCount: 1
processWriteEvent currEventident : 33 filter : WRITE flags : 0x5 data: 65536

write buffer size: 65536
WRITE currEvent ident : 33 filter : WRITE flags : 0x5 data: 65536

WRITE RETURN: 65500newEventCount: 1
processWriteEvent currEventident : 33 filter : WRITE flags : 0x5 data: 65536

write buffer size: 65536
WRITE currEvent ident : 33 filter : WRITE flags : 0x5 data: 65536

WRITE RETURN: 65500newEventCount: 1
processWriteEvent currEventident : 33 filter : WRITE flags : 0x5 data: 65536

write buffer size: 65536
WRITE currEvent ident : 33 filter : WRITE flags : 0x5 data: 65536

WRITE RETURN: 65500newEventCount: 1
processWriteEvent currEventident : 33 filter : WRITE flags : 0x5 data: 65536

write buffer size: 65536
WRITE currEvent ident : 33 filter : WRITE flags : 0x5 data: 65536

WRITE RETURN: 65500newEventCount: 1
processWriteEvent currEventident : 33 filter : WRITE flags : 0x5 data: 65536

write buffer size: 65536
WRITE currEvent ident : 33 filter : WRITE flags : 0x5 data: 65536

WRITE RETURN: 65500newEventCount: 1
processWriteEvent currEventident : 33 filter : WRITE flags : 0x5 data: 65536

write buffer size: 65536
WRITE currEvent ident : 33 filter : WRITE flags : 0x5 data: 65536

WRITE RETURN: 65500newEventCount: 1
processWriteEvent currEventident : 33 filter : WRITE flags : 0x5 data: 65536

write buffer size: 65536
WRITE currEvent ident : 33 filter : WRITE flags : 0x5 data: 65536

WRITE RETURN: 65500newEventCount: 1
processWriteEvent currEventident : 33 filter : WRITE flags : 0x5 data: 65536

write buffer size: 65536
WRITE currEvent ident : 33 filter : WRITE flags : 0x5 data: 65536

WRITE RETURN: 65500newEventCount: 1
processWriteEvent currEventident : 33 filter : WRITE flags : 0x5 data: 65536

write buffer size: 65536
WRITE currEvent ident : 33 filter : WRITE flags : 0x5 data: 65536

WRITE RETURN: 65500newEventCount: 1
processWriteEvent currEventident : 33 filter : WRITE flags : 0x5 data: 65536

write buffer size: 65536
WRITE currEvent ident : 33 filter : WRITE flags : 0x5 data: 65536

WRITE RETURN: 65500newEventCount: 1
processWriteEvent currEventident : 33 filter : WRITE flags : 0x5 data: 65536

write buffer size: 65536
WRITE currEvent ident : 33 filter : WRITE flags : 0x5 data: 65536

WRITE RETURN: 65500newEventCount: 1
processWriteEvent currEventident : 33 filter : WRITE flags : 0x5 data: 65536

write buffer size: 65536
WRITE currEvent ident : 33 filter : WRITE flags : 0x5 data: 65536

WRITE RETURN: 65500newEventCount: 1
processWriteEvent currEventident : 33 filter : WRITE flags : 0x5 data: 65536

write buffer size: 65536
WRITE currEvent ident : 33 filter : WRITE flags : 0x5 data: 65536

WRITE RETURN: 65500newEventCount: 1
processWriteEvent currEventident : 33 filter : WRITE flags : 0x5 data: 16420

write buffer size: 16420
WRITE currEvent ident : 33 filter : WRITE flags : 0x5 data: 16420

WRITE RETURN: 65500newEventCount: 1
processWriteEvent currEventident : 33 filter : WRITE flags : 0x5 data: 65536

write buffer size: 65536
WRITE currEvent ident : 33 filter : WRITE flags : 0x5 data: 65536

WRITE RETURN: 65500newEventCount: 1
processWriteEvent currEventident : 33 filter : WRITE flags : 0x5 data: 65536

write buffer size: 65536
WRITE currEvent ident : 33 filter : WRITE flags : 0x5 data: 65536

WRITE RETURN: 65500newEventCount: 1
processWriteEvent currEventident : 33 filter : WRITE flags : 0x5 data: 65536

write buffer size: 65536
WRITE currEvent ident : 33 filter : WRITE flags : 0x5 data: 65536

WRITE RETURN: 65500newEventCount: 1
processWriteEvent currEventident : 33 filter : WRITE flags : 0x5 data: 65536

write buffer size: 65536
WRITE currEvent ident : 33 filter : WRITE flags : 0x5 data: 65536

WRITE RETURN: 65500newEventCount: 1
processWriteEvent currEventident : 33 filter : WRITE flags : 0x5 data: 65536

write buffer size: 65536
WRITE currEvent ident : 33 filter : WRITE flags : 0x5 data: 65536

WRITE RETURN: 65500newEventCount: 1
processWriteEvent currEventident : 33 filter : WRITE flags : 0x5 data: 65536

write buffer size: 65536
WRITE currEvent ident : 33 filter : WRITE flags : 0x5 data: 65536

WRITE RETURN: 65500newEventCount: 1
processWriteEvent currEventident : 33 filter : WRITE flags : 0x5 data: 65536

write buffer size: 65536
WRITE currEvent ident : 33 filter : WRITE flags : 0x5 data: 65536

WRITE RETURN: 65500newEventCount: 1
processWriteEvent currEventident : 33 filter : WRITE flags : 0x5 data: 65536

write buffer size: 65536
WRITE currEvent ident : 33 filter : WRITE flags : 0x5 data: 65536

WRITE RETURN: 65500newEventCount: 1
processWriteEvent currEventident : 33 filter : WRITE flags : 0x5 data: 65536

write buffer size: 65536
WRITE currEvent ident : 33 filter : WRITE flags : 0x5 data: 65536

WRITE RETURN: 65500newEventCount: 1
processWriteEvent currEventident : 33 filter : WRITE flags : 0x5 data: 65536

write buffer size: 65536
WRITE currEvent ident : 33 filter : WRITE flags : 0x5 data: 65536

WRITE RETURN: 65500newEventCount: 1
processWriteEvent currEventident : 33 filter : WRITE flags : 0x5 data: 65536

write buffer size: 65536
WRITE currEvent ident : 33 filter : WRITE flags : 0x5 data: 65536

WRITE RETURN: 65500newEventCount: 1
processWriteEvent currEventident : 33 filter : WRITE flags : 0x5 data: 65536

write buffer size: 65536
WRITE currEvent ident : 33 filter : WRITE flags : 0x5 data: 65536

WRITE RETURN: 65500newEventCount: 1
processWriteEvent currEventident : 33 filter : WRITE flags : 0x5 data: 65536

write buffer size: 65536
WRITE currEvent ident : 33 filter : WRITE flags : 0x5 data: 65536

WRITE RETURN: 65500newEventCount: 1
processWriteEvent currEventident : 33 filter : WRITE flags : 0x5 data: 65536

write buffer size: 65536
WRITE currEvent ident : 33 filter : WRITE flags : 0x5 data: 65536

WRITE RETURN: 65500newEventCount: 1
processWriteEvent currEventident : 33 filter : WRITE flags : 0x5 data: 65536

write buffer size: 65536
WRITE currEvent ident : 33 filter : WRITE flags : 0x5 data: 65536

WRITE RETURN: 65500newEventCount: 1
processWriteEvent currEventident : 33 filter : WRITE flags : 0x5 data: 32804

write buffer size: 32804
WRITE currEvent ident : 33 filter : WRITE flags : 0x5 data: 32804

WRITE RETURN: 65500newEventCount: 1
processWriteEvent currEventident : 33 filter : WRITE flags : 0x5 data: 65536

write buffer size: 65536
WRITE currEvent ident : 33 filter : WRITE flags : 0x5 data: 65536

WRITE RETURN: 65500newEventCount: 1
processWriteEvent currEventident : 33 filter : WRITE flags : 0x5 data: 65536

write buffer size: 65536
WRITE currEvent ident : 33 filter : WRITE flags : 0x5 data: 65536

WRITE RETURN: 65500newEventCount: 1
processWriteEvent currEventident : 33 filter : WRITE flags : 0x5 data: 65536

write buffer size: 65536
WRITE currEvent ident : 33 filter : WRITE flags : 0x5 data: 65536

WRITE RETURN: 65500newEventCount: 1
processWriteEvent currEventident : 33 filter : WRITE flags : 0x5 data: 65536

write buffer size: 65536
WRITE currEvent ident : 33 filter : WRITE flags : 0x5 data: 65536

WRITE RETURN: 65500newEventCount: 1
processWriteEvent currEventident : 33 filter : WRITE flags : 0x5 data: 65536

write buffer size: 65536
WRITE currEvent ident : 33 filter : WRITE flags : 0x5 data: 65536

WRITE RETURN: 65500newEventCount: 1
processWriteEvent currEventident : 33 filter : WRITE flags : 0x5 data: 65536

write buffer size: 65536
WRITE currEvent ident : 33 filter : WRITE flags : 0x5 data: 65536

WRITE RETURN: 65500newEventCount: 1
processWriteEvent currEventident : 33 filter : WRITE flags : 0x5 data: 65536

write buffer size: 65536
WRITE currEvent ident : 33 filter : WRITE flags : 0x5 data: 65536

WRITE RETURN: 65500newEventCount: 1
processWriteEvent currEventident : 33 filter : WRITE flags : 0x5 data: 65536

write buffer size: 65536
WRITE currEvent ident : 33 filter : WRITE flags : 0x5 data: 65536

WRITE RETURN: 65500newEventCount: 1
processWriteEvent currEventident : 33 filter : WRITE flags : 0x5 data: 65536

write buffer size: 65536
WRITE currEvent ident : 33 filter : WRITE flags : 0x5 data: 65536

WRITE RETURN: 65500newEventCount: 1
processWriteEvent currEventident : 33 filter : WRITE flags : 0x5 data: 65536

write buffer size: 65536
WRITE currEvent ident : 33 filter : WRITE flags : 0x5 data: 65536

WRITE RETURN: 65500newEventCount: 1
processWriteEvent currEventident : 33 filter : WRITE flags : 0x5 data: 65536

write buffer size: 65536
WRITE currEvent ident : 33 filter : WRITE flags : 0x5 data: 65536

WRITE RETURN: 65500newEventCount: 1
processWriteEvent currEventident : 33 filter : WRITE flags : 0x5 data: 65536

write buffer size: 65536
WRITE currEvent ident : 33 filter : WRITE flags : 0x5 data: 65536

WRITE RETURN: 65500newEventCount: 1
processWriteEvent currEventident : 33 filter : WRITE flags : 0x5 data: 65536

write buffer size: 65536
WRITE currEvent ident : 33 filter : WRITE flags : 0x5 data: 65536

WRITE RETURN: 65500newEventCount: 1
processWriteEvent currEventident : 33 filter : WRITE flags : 0x5 data: 65536

write buffer size: 65536
WRITE currEvent ident : 33 filter : WRITE flags : 0x5 data: 65536

WRITE RETURN: 65500newEventCount: 1
processWriteEvent currEventident : 33 filter : WRITE flags : 0x5 data: 65536

write buffer size: 65536
WRITE currEvent ident : 33 filter : WRITE flags : 0x5 data: 65536

WRITE RETURN: 65500newEventCount: 1
processWriteEvent currEventident : 33 filter : WRITE flags : 0x5 data: 32804

write buffer size: 32804
WRITE currEvent ident : 33 filter : WRITE flags : 0x5 data: 32804

WRITE RETURN: 65500newEventCount: 1
processWriteEvent currEventident : 33 filter : WRITE flags : 0x5 data: 65536

write buffer size: 65536
WRITE currEvent ident : 33 filter : WRITE flags : 0x5 data: 65536

WRITE RETURN: 65500newEventCount: 1
processWriteEvent currEventident : 33 filter : WRITE flags : 0x5 data: 65536

write buffer size: 65536
WRITE currEvent ident : 33 filter : WRITE flags : 0x5 data: 65536

WRITE RETURN: 65500newEventCount: 1
processWriteEvent currEventident : 33 filter : WRITE flags : 0x5 data: 65536

write buffer size: 65536
WRITE currEvent ident : 33 filter : WRITE flags : 0x5 data: 65536

WRITE RETURN: 65500newEventCount: 1
processWriteEvent currEventident : 33 filter : WRITE flags : 0x5 data: 65536

write buffer size: 65536
WRITE currEvent ident : 33 filter : WRITE flags : 0x5 data: 65536

WRITE RETURN: 65500newEventCount: 1
processWriteEvent currEventident : 33 filter : WRITE flags : 0x5 data: 65536

write buffer size: 65536
WRITE currEvent ident : 33 filter : WRITE flags : 0x5 data: 65536

WRITE RETURN: 65500newEventCount: 1
processWriteEvent currEventident : 33 filter : WRITE flags : 0x5 data: 65536

write buffer size: 65536
WRITE currEvent ident : 33 filter : WRITE flags : 0x5 data: 65536

WRITE RETURN: 65500newEventCount: 1
processWriteEvent currEventident : 33 filter : WRITE flags : 0x5 data: 65536

write buffer size: 65536
WRITE currEvent ident : 33 filter : WRITE flags : 0x5 data: 65536

WRITE RETURN: 65500newEventCount: 1
processWriteEvent currEventident : 33 filter : WRITE flags : 0x5 data: 65536

write buffer size: 65536
WRITE currEvent ident : 33 filter : WRITE flags : 0x5 data: 65536

WRITE RETURN: 65500newEventCount: 1
processWriteEvent currEventident : 33 filter : WRITE flags : 0x5 data: 65536

write buffer size: 65536
WRITE currEvent ident : 33 filter : WRITE flags : 0x5 data: 65536

WRITE RETURN: 65500newEventCount: 1
processWriteEvent currEventident : 33 filter : WRITE flags : 0x5 data: 65536

write buffer size: 65536
WRITE currEvent ident : 33 filter : WRITE flags : 0x5 data: 65536

WRITE RETURN: 65500newEventCount: 1
processWriteEvent currEventident : 33 filter : WRITE flags : 0x5 data: 65536

write buffer size: 65536
WRITE currEvent ident : 33 filter : WRITE flags : 0x5 data: 65536

WRITE RETURN: 65500newEventCount: 1
processWriteEvent currEventident : 33 filter : WRITE flags : 0x5 data: 65536

write buffer size: 65536
WRITE currEvent ident : 33 filter : WRITE flags : 0x5 data: 65536

WRITE RETURN: 65500newEventCount: 1
processWriteEvent currEventident : 33 filter : WRITE flags : 0x5 data: 65536

write buffer size: 65536
WRITE currEvent ident : 33 filter : WRITE flags : 0x5 data: 65536

WRITE RETURN: 65500newEventCount: 1
processWriteEvent currEventident : 33 filter : WRITE flags : 0x5 data: 65536

write buffer size: 65536
WRITE currEvent ident : 33 filter : WRITE flags : 0x5 data: 65536

WRITE RETURN: 65500newEventCount: 1
processWriteEvent currEventident : 33 filter : WRITE flags : 0x5 data: 65536

write buffer size: 65536
WRITE currEvent ident : 33 filter : WRITE flags : 0x5 data: 65536

WRITE RETURN: 65500newEventCount: 1
processWriteEvent currEventident : 33 filter : WRITE flags : 0x5 data: 32804

write buffer size: 32804
WRITE currEvent ident : 33 filter : WRITE flags : 0x5 data: 32804

WRITE RETURN: 65500newEventCount: 1
processWriteEvent currEventident : 33 filter : WRITE flags : 0x5 data: 65536

write buffer size: 65536
WRITE currEvent ident : 33 filter : WRITE flags : 0x5 data: 65536

WRITE RETURN: 65500newEventCount: 1
processWriteEvent currEventident : 33 filter : WRITE flags : 0x5 data: 65536

write buffer size: 65536
WRITE currEvent ident : 33 filter : WRITE flags : 0x5 data: 65536

WRITE RETURN: 65500newEventCount: 1
processWriteEvent currEventident : 33 filter : WRITE flags : 0x5 data: 65536

write buffer size: 65536
WRITE currEvent ident : 33 filter : WRITE flags : 0x5 data: 65536

WRITE RETURN: 65500newEventCount: 1
processWriteEvent currEventident : 33 filter : WRITE flags : 0x5 data: 65536

write buffer size: 65536
WRITE currEvent ident : 33 filter : WRITE flags : 0x5 data: 65536

WRITE RETURN: 65500newEventCount: 1
processWriteEvent currEventident : 33 filter : WRITE flags : 0x5 data: 65536

write buffer size: 65536
WRITE currEvent ident : 33 filter : WRITE flags : 0x5 data: 65536

WRITE RETURN: 65500newEventCount: 1
processWriteEvent currEventident : 33 filter : WRITE flags : 0x5 data: 65536

write buffer size: 65536
WRITE currEvent ident : 33 filter : WRITE flags : 0x5 data: 65536

WRITE RETURN: 65500newEventCount: 1
processWriteEvent currEventident : 33 filter : WRITE flags : 0x5 data: 65536

write buffer size: 65536
WRITE currEvent ident : 33 filter : WRITE flags : 0x5 data: 65536

WRITE RETURN: 65500newEventCount: 1
processWriteEvent currEventident : 33 filter : WRITE flags : 0x5 data: 65536

write buffer size: 65536
WRITE currEvent ident : 33 filter : WRITE flags : 0x5 data: 65536

WRITE RETURN: 65500newEventCount: 1
processWriteEvent currEventident : 33 filter : WRITE flags : 0x5 data: 65536

write buffer size: 65536
WRITE currEvent ident : 33 filter : WRITE flags : 0x5 data: 65536

WRITE RETURN: 65500newEventCount: 1
processWriteEvent currEventident : 33 filter : WRITE flags : 0x5 data: 65536

write buffer size: 65536
WRITE currEvent ident : 33 filter : WRITE flags : 0x5 data: 65536

WRITE RETURN: 65500newEventCount: 1
processWriteEvent currEventident : 33 filter : WRITE flags : 0x5 data: 65536

write buffer size: 65536
WRITE currEvent ident : 33 filter : WRITE flags : 0x5 data: 65536

WRITE RETURN: 65500newEventCount: 1
processWriteEvent currEventident : 33 filter : WRITE flags : 0x5 data: 65536

write buffer size: 65536
WRITE currEvent ident : 33 filter : WRITE flags : 0x5 data: 65536

WRITE RETURN: 65500newEventCount: 1
processWriteEvent currEventident : 33 filter : WRITE flags : 0x5 data: 65536

write buffer size: 65536
WRITE currEvent ident : 33 filter : WRITE flags : 0x5 data: 65536

WRITE RETURN: 65500newEventCount: 1
processWriteEvent currEventident : 33 filter : WRITE flags : 0x5 data: 65536

write buffer size: 65536
WRITE currEvent ident : 33 filter : WRITE flags : 0x5 data: 65536

WRITE RETURN: 65500newEventCount: 1
processWriteEvent currEventident : 33 filter : WRITE flags : 0x5 data: 65536

write buffer size: 65536
WRITE currEvent ident : 33 filter : WRITE flags : 0x5 data: 65536

WRITE RETURN: 65500newEventCount: 1
processWriteEvent currEventident : 33 filter : WRITE flags : 0x5 data: 32804

write buffer size: 32804
WRITE currEvent ident : 33 filter : WRITE flags : 0x5 data: 32804

WRITE RETURN: 65500newEventCount: 1
processWriteEvent currEventident : 33 filter : WRITE flags : 0x5 data: 65536

write buffer size: 65536
WRITE currEvent ident : 33 filter : WRITE flags : 0x5 data: 65536

WRITE RETURN: 65500newEventCount: 1
processWriteEvent currEventident : 33 filter : WRITE flags : 0x5 data: 65536

write buffer size: 65536
WRITE currEvent ident : 33 filter : WRITE flags : 0x5 data: 65536

WRITE RETURN: 65500newEventCount: 1
processWriteEvent currEventident : 33 filter : WRITE flags : 0x5 data: 65536

write buffer size: 65536
WRITE currEvent ident : 33 filter : WRITE flags : 0x5 data: 65536

WRITE RETURN: 65500newEventCount: 1
processWriteEvent currEventident : 33 filter : WRITE flags : 0x5 data: 65536

write buffer size: 65536
WRITE currEvent ident : 33 filter : WRITE flags : 0x5 data: 65536

WRITE RETURN: 65500newEventCount: 1
processWriteEvent currEventident : 33 filter : WRITE flags : 0x5 data: 65536

write buffer size: 65536
WRITE currEvent ident : 33 filter : WRITE flags : 0x5 data: 65536

WRITE RETURN: 65500newEventCount: 1
processWriteEvent currEventident : 33 filter : WRITE flags : 0x5 data: 65536

write buffer size: 65536
WRITE currEvent ident : 33 filter : WRITE flags : 0x5 data: 65536

WRITE RETURN: 65500newEventCount: 1
processWriteEvent currEventident : 33 filter : WRITE flags : 0x5 data: 65536

write buffer size: 65536
WRITE currEvent ident : 33 filter : WRITE flags : 0x5 data: 65536

WRITE RETURN: 65500newEventCount: 1
processWriteEvent currEventident : 33 filter : WRITE flags : 0x5 data: 65536

write buffer size: 65536
WRITE currEvent ident : 33 filter : WRITE flags : 0x5 data: 65536

WRITE RETURN: 65500newEventCount: 1
processWriteEvent currEventident : 33 filter : WRITE flags : 0x5 data: 65536

write buffer size: 65536
WRITE currEvent ident : 33 filter : WRITE flags : 0x5 data: 65536

WRITE RETURN: 65500newEventCount: 1
processWriteEvent currEventident : 33 filter : WRITE flags : 0x5 data: 65536

write buffer size: 65536
WRITE currEvent ident : 33 filter : WRITE flags : 0x5 data: 65536

WRITE RETURN: 65500newEventCount: 1
processWriteEvent currEventident : 33 filter : WRITE flags : 0x5 data: 65536

write buffer size: 65536
WRITE currEvent ident : 33 filter : WRITE flags : 0x5 data: 65536

WRITE RETURN: 65500newEventCount: 1
processWriteEvent currEventident : 33 filter : WRITE flags : 0x5 data: 65536

write buffer size: 65536
WRITE currEvent ident : 33 filter : WRITE flags : 0x5 data: 65536

WRITE RETURN: 65500newEventCount: 1
processWriteEvent currEventident : 33 filter : WRITE flags : 0x5 data: 65536

write buffer size: 65536
WRITE currEvent ident : 33 filter : WRITE flags : 0x5 data: 65536

WRITE RETURN: 65500newEventCount: 1
processWriteEvent currEventident : 33 filter : WRITE flags : 0x5 data: 65536

write buffer size: 65536
WRITE currEvent ident : 33 filter : WRITE flags : 0x5 data: 65536

WRITE RETURN: 65500newEventCount: 1
processWriteEvent currEventident : 33 filter : WRITE flags : 0x5 data: 65536

write buffer size: 65536
WRITE currEvent ident : 33 filter : WRITE flags : 0x5 data: 65536

WRITE RETURN: 65500newEventCount: 1
processWriteEvent currEventident : 33 filter : WRITE flags : 0x5 data: 32804

write buffer size: 32804
WRITE currEvent ident : 33 filter : WRITE flags : 0x5 data: 32804

WRITE RETURN: 65500newEventCount: 1
processWriteEvent currEventident : 33 filter : WRITE flags : 0x5 data: 65536

write buffer size: 65536
WRITE currEvent ident : 33 filter : WRITE flags : 0x5 data: 65536

WRITE RETURN: 65500newEventCount: 1
processWriteEvent currEventident : 33 filter : WRITE flags : 0x5 data: 65536

write buffer size: 65536
WRITE currEvent ident : 33 filter : WRITE flags : 0x5 data: 65536

WRITE RETURN: 65500newEventCount: 1
processWriteEvent currEventident : 33 filter : WRITE flags : 0x5 data: 65536

write buffer size: 65536
WRITE currEvent ident : 33 filter : WRITE flags : 0x5 data: 65536

WRITE RETURN: 65500newEventCount: 1
processWriteEvent currEventident : 33 filter : WRITE flags : 0x5 data: 65536

write buffer size: 65536
WRITE currEvent ident : 33 filter : WRITE flags : 0x5 data: 65536

WRITE RETURN: 65500newEventCount: 1
processWriteEvent currEventident : 33 filter : WRITE flags : 0x5 data: 65536

write buffer size: 65536
WRITE currEvent ident : 33 filter : WRITE flags : 0x5 data: 65536

WRITE RETURN: 65500newEventCount: 1
processWriteEvent currEventident : 33 filter : WRITE flags : 0x5 data: 65536

write buffer size: 65536
WRITE currEvent ident : 33 filter : WRITE flags : 0x5 data: 65536

WRITE RETURN: 65500newEventCount: 1
processWriteEvent currEventident : 33 filter : WRITE flags : 0x5 data: 65536

write buffer size: 65536
WRITE currEvent ident : 33 filter : WRITE flags : 0x5 data: 65536

WRITE RETURN: 65500newEventCount: 1
processWriteEvent currEventident : 33 filter : WRITE flags : 0x5 data: 65536

write buffer size: 65536
WRITE currEvent ident : 33 filter : WRITE flags : 0x5 data: 65536

WRITE RETURN: 65500newEventCount: 1
processWriteEvent currEventident : 33 filter : WRITE flags : 0x5 data: 65536

write buffer size: 65536
WRITE currEvent ident : 33 filter : WRITE flags : 0x5 data: 65536

WRITE RETURN: 65500newEventCount: 1
processWriteEvent currEventident : 33 filter : WRITE flags : 0x5 data: 65536

write buffer size: 65536
WRITE currEvent ident : 33 filter : WRITE flags : 0x5 data: 65536

WRITE RETURN: 65500newEventCount: 1
processWriteEvent currEventident : 33 filter : WRITE flags : 0x5 data: 65536

write buffer size: 65536
WRITE currEvent ident : 33 filter : WRITE flags : 0x5 data: 65536

WRITE RETURN: 65500newEventCount: 1
processWriteEvent currEventident : 33 filter : WRITE flags : 0x5 data: 65536

write buffer size: 65536
WRITE currEvent ident : 33 filter : WRITE flags : 0x5 data: 65536

WRITE RETURN: 65500newEventCount: 1
processWriteEvent currEventident : 33 filter : WRITE flags : 0x5 data: 65536

write buffer size: 65536
WRITE currEvent ident : 33 filter : WRITE flags : 0x5 data: 65536

WRITE RETURN: 65500newEventCount: 1
processWriteEvent currEventident : 33 filter : WRITE flags : 0x5 data: 65536

write buffer size: 65536
WRITE currEvent ident : 33 filter : WRITE flags : 0x5 data: 65536

WRITE RETURN: 65500newEventCount: 1
processWriteEvent currEventident : 33 filter : WRITE flags : 0x5 data: 65536

write buffer size: 65536
WRITE currEvent ident : 33 filter : WRITE flags : 0x5 data: 65536

WRITE RETURN: 65500newEventCount: 1
processWriteEvent currEventident : 33 filter : WRITE flags : 0x5 data: 32804

write buffer size: 32804
WRITE currEvent ident : 33 filter : WRITE flags : 0x5 data: 32804

WRITE RETURN: 65500newEventCount: 1
processWriteEvent currEventident : 33 filter : WRITE flags : 0x5 data: 65536

write buffer size: 65536
WRITE currEvent ident : 33 filter : WRITE flags : 0x5 data: 65536

WRITE RETURN: 65500newEventCount: 1
processWriteEvent currEventident : 33 filter : WRITE flags : 0x5 data: 65536

write buffer size: 65536
WRITE currEvent ident : 33 filter : WRITE flags : 0x5 data: 65536

WRITE RETURN: 65500newEventCount: 1
processWriteEvent currEventident : 33 filter : WRITE flags : 0x5 data: 65536

write buffer size: 65536
WRITE currEvent ident : 33 filter : WRITE flags : 0x5 data: 65536

WRITE RETURN: 65500newEventCount: 1
processWriteEvent currEventident : 33 filter : WRITE flags : 0x5 data: 65536

write buffer size: 65536
WRITE currEvent ident : 33 filter : WRITE flags : 0x5 data: 65536

WRITE RETURN: 65500newEventCount: 1
processWriteEvent currEventident : 33 filter : WRITE flags : 0x5 data: 65536

write buffer size: 65536
WRITE currEvent ident : 33 filter : WRITE flags : 0x5 data: 65536

WRITE RETURN: 65500newEventCount: 1
processWriteEvent currEventident : 33 filter : WRITE flags : 0x5 data: 65536

write buffer size: 65536
WRITE currEvent ident : 33 filter : WRITE flags : 0x5 data: 65536

WRITE RETURN: 65500newEventCount: 1
processWriteEvent currEventident : 33 filter : WRITE flags : 0x5 data: 65536

write buffer size: 65536
WRITE currEvent ident : 33 filter : WRITE flags : 0x5 data: 65536

WRITE RETURN: 65500newEventCount: 1
processWriteEvent currEventident : 33 filter : WRITE flags : 0x5 data: 65536

write buffer size: 65536
WRITE currEvent ident : 33 filter : WRITE flags : 0x5 data: 65536

WRITE RETURN: 65500newEventCount: 1
processWriteEvent currEventident : 33 filter : WRITE flags : 0x5 data: 65536

write buffer size: 65536
WRITE currEvent ident : 33 filter : WRITE flags : 0x5 data: 65536

WRITE RETURN: 65500newEventCount: 1
processWriteEvent currEventident : 33 filter : WRITE flags : 0x5 data: 65536

write buffer size: 65536
WRITE currEvent ident : 33 filter : WRITE flags : 0x5 data: 65536

WRITE RETURN: 65500newEventCount: 1
processWriteEvent currEventident : 33 filter : WRITE flags : 0x5 data: 65536

write buffer size: 65536
WRITE currEvent ident : 33 filter : WRITE flags : 0x5 data: 65536

WRITE RETURN: 65500newEventCount: 1
processWriteEvent currEventident : 33 filter : WRITE flags : 0x5 data: 65536

write buffer size: 65536
WRITE currEvent ident : 33 filter : WRITE flags : 0x5 data: 65536

WRITE RETURN: 65500newEventCount: 1
processWriteEvent currEventident : 33 filter : WRITE flags : 0x5 data: 65536

write buffer size: 65536
WRITE currEvent ident : 33 filter : WRITE flags : 0x5 data: 65536

WRITE RETURN: 65500newEventCount: 1
processWriteEvent currEventident : 33 filter : WRITE flags : 0x5 data: 65536

write buffer size: 65536
WRITE currEvent ident : 33 filter : WRITE flags : 0x5 data: 65536

WRITE RETURN: 65500newEventCount: 1
processWriteEvent currEventident : 33 filter : WRITE flags : 0x5 data: 65536

write buffer size: 65536
WRITE currEvent ident : 33 filter : WRITE flags : 0x5 data: 65536

WRITE RETURN: 65500newEventCount: 1
processWriteEvent currEventident : 33 filter : WRITE flags : 0x5 data: 32804

write buffer size: 32804
WRITE currEvent ident : 33 filter : WRITE flags : 0x5 data: 32804

WRITE RETURN: 65500newEventCount: 1
processWriteEvent currEventident : 33 filter : WRITE flags : 0x5 data: 65536

write buffer size: 65536
WRITE currEvent ident : 33 filter : WRITE flags : 0x5 data: 65536

WRITE RETURN: 65500newEventCount: 1
processWriteEvent currEventident : 33 filter : WRITE flags : 0x5 data: 65536

write buffer size: 65536
WRITE currEvent ident : 33 filter : WRITE flags : 0x5 data: 65536

WRITE RETURN: 65500newEventCount: 1
processWriteEvent currEventident : 33 filter : WRITE flags : 0x5 data: 65536

write buffer size: 65536
WRITE currEvent ident : 33 filter : WRITE flags : 0x5 data: 65536

WRITE RETURN: 65500newEventCount: 1
processWriteEvent currEventident : 33 filter : WRITE flags : 0x5 data: 65536

write buffer size: 65536
WRITE currEvent ident : 33 filter : WRITE flags : 0x5 data: 65536

WRITE RETURN: 65500newEventCount: 1
processWriteEvent currEventident : 33 filter : WRITE flags : 0x5 data: 65536

write buffer size: 65536
WRITE currEvent ident : 33 filter : WRITE flags : 0x5 data: 65536

WRITE RETURN: 65500newEventCount: 1
processWriteEvent currEventident : 33 filter : WRITE flags : 0x5 data: 65536

write buffer size: 65536
WRITE currEvent ident : 33 filter : WRITE flags : 0x5 data: 65536

WRITE RETURN: 65500newEventCount: 1
processWriteEvent currEventident : 33 filter : WRITE flags : 0x5 data: 65536

write buffer size: 65536
WRITE currEvent ident : 33 filter : WRITE flags : 0x5 data: 65536

WRITE RETURN: 65500newEventCount: 1
processWriteEvent currEventident : 33 filter : WRITE flags : 0x5 data: 65536

write buffer size: 65536
WRITE currEvent ident : 33 filter : WRITE flags : 0x5 data: 65536

WRITE RETURN: 65500newEventCount: 1
processWriteEvent currEventident : 33 filter : WRITE flags : 0x5 data: 65536

write buffer size: 65536
WRITE currEvent ident : 33 filter : WRITE flags : 0x5 data: 65536

WRITE RETURN: 65500newEventCount: 1
processWriteEvent currEventident : 33 filter : WRITE flags : 0x5 data: 65536

write buffer size: 65536
WRITE currEvent ident : 33 filter : WRITE flags : 0x5 data: 65536

WRITE RETURN: 65500newEventCount: 1
processWriteEvent currEventident : 33 filter : WRITE flags : 0x5 data: 65536

write buffer size: 65536
WRITE currEvent ident : 33 filter : WRITE flags : 0x5 data: 65536

WRITE RETURN: 65500newEventCount: 1
processWriteEvent currEventident : 33 filter : WRITE flags : 0x5 data: 65536

write buffer size: 65536
WRITE currEvent ident : 33 filter : WRITE flags : 0x5 data: 65536

WRITE RETURN: 65500newEventCount: 1
processWriteEvent currEventident : 33 filter : WRITE flags : 0x5 data: 65536

write buffer size: 65536
WRITE currEvent ident : 33 filter : WRITE flags : 0x5 data: 65536

WRITE RETURN: 65500newEventCount: 1
processWriteEvent currEventident : 33 filter : WRITE flags : 0x5 data: 65536

write buffer size: 65536
WRITE currEvent ident : 33 filter : WRITE flags : 0x5 data: 65536

WRITE RETURN: 65500newEventCount: 1
processWriteEvent currEventident : 33 filter : WRITE flags : 0x5 data: 65536

write buffer size: 65536
WRITE currEvent ident : 33 filter : WRITE flags : 0x5 data: 65536

WRITE RETURN: 65500newEventCount: 1
processWriteEvent currEventident : 33 filter : WRITE flags : 0x5 data: 32804

write buffer size: 32804
WRITE currEvent ident : 33 filter : WRITE flags : 0x5 data: 32804

WRITE RETURN: 65500newEventCount: 1
processWriteEvent currEventident : 33 filter : WRITE flags : 0x5 data: 65536

write buffer size: 65536
WRITE currEvent ident : 33 filter : WRITE flags : 0x5 data: 65536

WRITE RETURN: 65500newEventCount: 1
processWriteEvent currEventident : 33 filter : WRITE flags : 0x5 data: 65536

write buffer size: 65536
WRITE currEvent ident : 33 filter : WRITE flags : 0x5 data: 65536

WRITE RETURN: 65500newEventCount: 1
processWriteEvent currEventident : 33 filter : WRITE flags : 0x5 data: 65536

write buffer size: 65536
WRITE currEvent ident : 33 filter : WRITE flags : 0x5 data: 65536

WRITE RETURN: 65500newEventCount: 1
processWriteEvent currEventident : 33 filter : WRITE flags : 0x5 data: 65536

write buffer size: 65536
WRITE currEvent ident : 33 filter : WRITE flags : 0x5 data: 65536

WRITE RETURN: 65500newEventCount: 1
processWriteEvent currEventident : 33 filter : WRITE flags : 0x5 data: 65536

write buffer size: 65536
WRITE currEvent ident : 33 filter : WRITE flags : 0x5 data: 65536

WRITE RETURN: 65500newEventCount: 1
processWriteEvent currEventident : 33 filter : WRITE flags : 0x5 data: 65536

write buffer size: 65536
WRITE currEvent ident : 33 filter : WRITE flags : 0x5 data: 65536

WRITE RETURN: 65500newEventCount: 1
processWriteEvent currEventident : 33 filter : WRITE flags : 0x5 data: 65536

write buffer size: 65536
WRITE currEvent ident : 33 filter : WRITE flags : 0x5 data: 65536

WRITE RETURN: 65500newEventCount: 1
processWriteEvent currEventident : 33 filter : WRITE flags : 0x5 data: 65536

write buffer size: 65536
WRITE currEvent ident : 33 filter : WRITE flags : 0x5 data: 65536

WRITE RETURN: 65500newEventCount: 1
processWriteEvent currEventident : 33 filter : WRITE flags : 0x5 data: 65536

write buffer size: 65536
WRITE currEvent ident : 33 filter : WRITE flags : 0x5 data: 65536

WRITE RETURN: 65500newEventCount: 1
processWriteEvent currEventident : 33 filter : WRITE flags : 0x5 data: 65536

write buffer size: 65536
WRITE currEvent ident : 33 filter : WRITE flags : 0x5 data: 65536

WRITE RETURN: 65500newEventCount: 1
processWriteEvent currEventident : 33 filter : WRITE flags : 0x5 data: 65536

write buffer size: 65536
WRITE currEvent ident : 33 filter : WRITE flags : 0x5 data: 65536

WRITE RETURN: 65500newEventCount: 1
processWriteEvent currEventident : 33 filter : WRITE flags : 0x5 data: 65536

write buffer size: 65536
WRITE currEvent ident : 33 filter : WRITE flags : 0x5 data: 65536

WRITE RETURN: 65500newEventCount: 1
processWriteEvent currEventident : 33 filter : WRITE flags : 0x5 data: 65536

write buffer size: 65536
WRITE currEvent ident : 33 filter : WRITE flags : 0x5 data: 65536

WRITE RETURN: 65500newEventCount: 1
processWriteEvent currEventident : 33 filter : WRITE flags : 0x5 data: 65536

write buffer size: 65536
WRITE currEvent ident : 33 filter : WRITE flags : 0x5 data: 65536

WRITE RETURN: 65500newEventCount: 1
processWriteEvent currEventident : 33 filter : WRITE flags : 0x5 data: 65536

write buffer size: 65536
WRITE currEvent ident : 33 filter : WRITE flags : 0x5 data: 65536

WRITE RETURN: 65500newEventCount: 1
processWriteEvent currEventident : 33 filter : WRITE flags : 0x5 data: 32804

write buffer size: 32804
WRITE currEvent ident : 33 filter : WRITE flags : 0x5 data: 32804

WRITE RETURN: 65500newEventCount: 1
processWriteEvent currEventident : 33 filter : WRITE flags : 0x5 data: 65536

write buffer size: 65536
WRITE currEvent ident : 33 filter : WRITE flags : 0x5 data: 65536

WRITE RETURN: 65500newEventCount: 1
processWriteEvent currEventident : 33 filter : WRITE flags : 0x5 data: 65536

write buffer size: 65536
WRITE currEvent ident : 33 filter : WRITE flags : 0x5 data: 65536

WRITE RETURN: 65500newEventCount: 1
processWriteEvent currEventident : 33 filter : WRITE flags : 0x5 data: 65536

write buffer size: 65536
WRITE currEvent ident : 33 filter : WRITE flags : 0x5 data: 65536

WRITE RETURN: 65500newEventCount: 1
processWriteEvent currEventident : 33 filter : WRITE flags : 0x5 data: 65536

write buffer size: 65536
WRITE currEvent ident : 33 filter : WRITE flags : 0x5 data: 65536

WRITE RETURN: 65500newEventCount: 1
processWriteEvent currEventident : 33 filter : WRITE flags : 0x5 data: 65536

write buffer size: 65536
WRITE currEvent ident : 33 filter : WRITE flags : 0x5 data: 65536

WRITE RETURN: 65500newEventCount: 1
processWriteEvent currEventident : 33 filter : WRITE flags : 0x5 data: 65536

write buffer size: 65536
WRITE currEvent ident : 33 filter : WRITE flags : 0x5 data: 65536

WRITE RETURN: 65500newEventCount: 1
processWriteEvent currEventident : 33 filter : WRITE flags : 0x5 data: 65536

write buffer size: 65536
WRITE currEvent ident : 33 filter : WRITE flags : 0x5 data: 65536

WRITE RETURN: 65500newEventCount: 1
processWriteEvent currEventident : 33 filter : WRITE flags : 0x5 data: 65536

write buffer size: 65536
WRITE currEvent ident : 33 filter : WRITE flags : 0x5 data: 65536

WRITE RETURN: 65500newEventCount: 1
processWriteEvent currEventident : 33 filter : WRITE flags : 0x5 data: 65536

write buffer size: 65536
WRITE currEvent ident : 33 filter : WRITE flags : 0x5 data: 65536

WRITE RETURN: 65500newEventCount: 1
processWriteEvent currEventident : 33 filter : WRITE flags : 0x5 data: 65536

write buffer size: 65536
WRITE currEvent ident : 33 filter : WRITE flags : 0x5 data: 65536

WRITE RETURN: 65500newEventCount: 1
processWriteEvent currEventident : 33 filter : WRITE flags : 0x5 data: 65536

write buffer size: 65536
WRITE currEvent ident : 33 filter : WRITE flags : 0x5 data: 65536

WRITE RETURN: 65500newEventCount: 1
processWriteEvent currEventident : 33 filter : WRITE flags : 0x5 data: 65536

write buffer size: 65536
WRITE currEvent ident : 33 filter : WRITE flags : 0x5 data: 65536

WRITE RETURN: 65500newEventCount: 1
processWriteEvent currEventident : 33 filter : WRITE flags : 0x5 data: 65536

write buffer size: 65536
WRITE currEvent ident : 33 filter : WRITE flags : 0x5 data: 65536

WRITE RETURN: 65500newEventCount: 1
processWriteEvent currEventident : 33 filter : WRITE flags : 0x5 data: 65536

write buffer size: 65536
WRITE currEvent ident : 33 filter : WRITE flags : 0x5 data: 65536

WRITE RETURN: 65500newEventCount: 1
processWriteEvent currEventident : 33 filter : WRITE flags : 0x5 data: 65536

write buffer size: 65536
WRITE currEvent ident : 33 filter : WRITE flags : 0x5 data: 65536

WRITE RETURN: 65500newEventCount: 1
processWriteEvent currEventident : 33 filter : WRITE flags : 0x5 data: 32804

write buffer size: 32804
WRITE currEvent ident : 33 filter : WRITE flags : 0x5 data: 32804

WRITE RETURN: 65500newEventCount: 1
processWriteEvent currEventident : 33 filter : WRITE flags : 0x5 data: 65536

write buffer size: 65536
WRITE currEvent ident : 33 filter : WRITE flags : 0x5 data: 65536

WRITE RETURN: 65500newEventCount: 1
processWriteEvent currEventident : 33 filter : WRITE flags : 0x5 data: 65536

write buffer size: 65536
WRITE currEvent ident : 33 filter : WRITE flags : 0x5 data: 65536

WRITE RETURN: 65500newEventCount: 1
processWriteEvent currEventident : 33 filter : WRITE flags : 0x5 data: 65536

write buffer size: 65536
WRITE currEvent ident : 33 filter : WRITE flags : 0x5 data: 65536

WRITE RETURN: 65500newEventCount: 1
processWriteEvent currEventident : 33 filter : WRITE flags : 0x5 data: 65536

write buffer size: 65536
WRITE currEvent ident : 33 filter : WRITE flags : 0x5 data: 65536

WRITE RETURN: 65500newEventCount: 1
processWriteEvent currEventident : 33 filter : WRITE flags : 0x5 data: 65536

write buffer size: 65536
WRITE currEvent ident : 33 filter : WRITE flags : 0x5 data: 65536

WRITE RETURN: 65500newEventCount: 1
processWriteEvent currEventident : 33 filter : WRITE flags : 0x5 data: 65536

write buffer size: 65536
WRITE currEvent ident : 33 filter : WRITE flags : 0x5 data: 65536

WRITE RETURN: 65500newEventCount: 1
processWriteEvent currEventident : 33 filter : WRITE flags : 0x5 data: 65536

write buffer size: 65536
WRITE currEvent ident : 33 filter : WRITE flags : 0x5 data: 65536

WRITE RETURN: 65500newEventCount: 1
processWriteEvent currEventident : 33 filter : WRITE flags : 0x5 data: 65536

write buffer size: 65536
WRITE currEvent ident : 33 filter : WRITE flags : 0x5 data: 65536

WRITE RETURN: 65500newEventCount: 1
processWriteEvent currEventident : 33 filter : WRITE flags : 0x5 data: 65536

write buffer size: 65536
WRITE currEvent ident : 33 filter : WRITE flags : 0x5 data: 65536

WRITE RETURN: 65500newEventCount: 1
processWriteEvent currEventident : 33 filter : WRITE flags : 0x5 data: 65536

write buffer size: 65536
WRITE currEvent ident : 33 filter : WRITE flags : 0x5 data: 65536

WRITE RETURN: 65500newEventCount: 1
processWriteEvent currEventident : 33 filter : WRITE flags : 0x5 data: 65536

write buffer size: 65536
WRITE currEvent ident : 33 filter : WRITE flags : 0x5 data: 65536

WRITE RETURN: 65500newEventCount: 1
processWriteEvent currEventident : 33 filter : WRITE flags : 0x5 data: 65536

write buffer size: 65536
WRITE currEvent ident : 33 filter : WRITE flags : 0x5 data: 65536

WRITE RETURN: 65500newEventCount: 1
processWriteEvent currEventident : 33 filter : WRITE flags : 0x5 data: 65536

write buffer size: 65536
WRITE currEvent ident : 33 filter : WRITE flags : 0x5 data: 65536

WRITE RETURN: 65500newEventCount: 1
processWriteEvent currEventident : 33 filter : WRITE flags : 0x5 data: 65536

write buffer size: 65536
WRITE currEvent ident : 33 filter : WRITE flags : 0x5 data: 65536

WRITE RETURN: 65500newEventCount: 1
processWriteEvent currEventident : 33 filter : WRITE flags : 0x5 data: 65536

write buffer size: 65536
WRITE currEvent ident : 33 filter : WRITE flags : 0x5 data: 65536

WRITE RETURN: 65500newEventCount: 1
processWriteEvent currEventident : 33 filter : WRITE flags : 0x5 data: 32804

write buffer size: 32804
WRITE currEvent ident : 33 filter : WRITE flags : 0x5 data: 32804

WRITE RETURN: 65500newEventCount: 1
processWriteEvent currEventident : 33 filter : WRITE flags : 0x5 data: 65536

write buffer size: 65536
WRITE currEvent ident : 33 filter : WRITE flags : 0x5 data: 65536

WRITE RETURN: 65500newEventCount: 1
processWriteEvent currEventident : 33 filter : WRITE flags : 0x5 data: 65536

write buffer size: 65536
WRITE currEvent ident : 33 filter : WRITE flags : 0x5 data: 65536

WRITE RETURN: 65500newEventCount: 1
processWriteEvent currEventident : 33 filter : WRITE flags : 0x5 data: 65536

write buffer size: 65536
WRITE currEvent ident : 33 filter : WRITE flags : 0x5 data: 65536

WRITE RETURN: 65500newEventCount: 1
processWriteEvent currEventident : 33 filter : WRITE flags : 0x5 data: 65536

write buffer size: 65536
WRITE currEvent ident : 33 filter : WRITE flags : 0x5 data: 65536

WRITE RETURN: 65500newEventCount: 1
processWriteEvent currEventident : 33 filter : WRITE flags : 0x5 data: 65536

write buffer size: 65536
WRITE currEvent ident : 33 filter : WRITE flags : 0x5 data: 65536

WRITE RETURN: 65500newEventCount: 1
processWriteEvent currEventident : 33 filter : WRITE flags : 0x5 data: 65536

write buffer size: 65536
WRITE currEvent ident : 33 filter : WRITE flags : 0x5 data: 65536

WRITE RETURN: 65500newEventCount: 1
processWriteEvent currEventident : 33 filter : WRITE flags : 0x5 data: 65536

write buffer size: 65536
WRITE currEvent ident : 33 filter : WRITE flags : 0x5 data: 65536

WRITE RETURN: 65500newEventCount: 1
processWriteEvent currEventident : 33 filter : WRITE flags : 0x5 data: 65536

write buffer size: 65536
WRITE currEvent ident : 33 filter : WRITE flags : 0x5 data: 65536

WRITE RETURN: 65500newEventCount: 1
processWriteEvent currEventident : 33 filter : WRITE flags : 0x5 data: 65536

write buffer size: 65536
WRITE currEvent ident : 33 filter : WRITE flags : 0x5 data: 65536

WRITE RETURN: 65500newEventCount: 1
processWriteEvent currEventident : 33 filter : WRITE flags : 0x5 data: 65536

write buffer size: 65536
WRITE currEvent ident : 33 filter : WRITE flags : 0x5 data: 65536

WRITE RETURN: 65500newEventCount: 1
processWriteEvent currEventident : 33 filter : WRITE flags : 0x5 data: 65536

write buffer size: 65536
WRITE currEvent ident : 33 filter : WRITE flags : 0x5 data: 65536

WRITE RETURN: 65500newEventCount: 1
processWriteEvent currEventident : 33 filter : WRITE flags : 0x5 data: 65536

write buffer size: 65536
WRITE currEvent ident : 33 filter : WRITE flags : 0x5 data: 65536

WRITE RETURN: 65500newEventCount: 1
processWriteEvent currEventident : 33 filter : WRITE flags : 0x5 data: 65536

write buffer size: 65536
WRITE currEvent ident : 33 filter : WRITE flags : 0x5 data: 65536

WRITE RETURN: 65500newEventCount: 1
processWriteEvent currEventident : 33 filter : WRITE flags : 0x5 data: 65536

write buffer size: 65536
WRITE currEvent ident : 33 filter : WRITE flags : 0x5 data: 65536

WRITE RETURN: 65500newEventCount: 1
processWriteEvent currEventident : 33 filter : WRITE flags : 0x5 data: 65536

write buffer size: 65536
WRITE currEvent ident : 33 filter : WRITE flags : 0x5 data: 65536

WRITE RETURN: 65500newEventCount: 1
processWriteEvent currEventident : 33 filter : WRITE flags : 0x5 data: 32804

write buffer size: 32804
WRITE currEvent ident : 33 filter : WRITE flags : 0x5 data: 32804

WRITE RETURN: 65500newEventCount: 1
processWriteEvent currEventident : 33 filter : WRITE flags : 0x5 data: 65536

write buffer size: 65536
WRITE currEvent ident : 33 filter : WRITE flags : 0x5 data: 65536

WRITE RETURN: 65500newEventCount: 1
processWriteEvent currEventident : 33 filter : WRITE flags : 0x5 data: 65536

write buffer size: 65536
WRITE currEvent ident : 33 filter : WRITE flags : 0x5 data: 65536

WRITE RETURN: 65500newEventCount: 1
processWriteEvent currEventident : 33 filter : WRITE flags : 0x5 data: 65536

write buffer size: 65536
WRITE currEvent ident : 33 filter : WRITE flags : 0x5 data: 65536

WRITE RETURN: 65500newEventCount: 1
processWriteEvent currEventident : 33 filter : WRITE flags : 0x5 data: 65536

write buffer size: 65536
WRITE currEvent ident : 33 filter : WRITE flags : 0x5 data: 65536

WRITE RETURN: 65500newEventCount: 1
processWriteEvent currEventident : 33 filter : WRITE flags : 0x5 data: 65536

write buffer size: 65536
WRITE currEvent ident : 33 filter : WRITE flags : 0x5 data: 65536

WRITE RETURN: 65500newEventCount: 1
processWriteEvent currEventident : 33 filter : WRITE flags : 0x5 data: 65536

write buffer size: 65536
WRITE currEvent ident : 33 filter : WRITE flags : 0x5 data: 65536

WRITE RETURN: 65500newEventCount: 1
processWriteEvent currEventident : 33 filter : WRITE flags : 0x5 data: 65536

write buffer size: 65536
WRITE currEvent ident : 33 filter : WRITE flags : 0x5 data: 65536

WRITE RETURN: 65500newEventCount: 1
processWriteEvent currEventident : 33 filter : WRITE flags : 0x5 data: 65536

write buffer size: 65536
WRITE currEvent ident : 33 filter : WRITE flags : 0x5 data: 65536

WRITE RETURN: 65500newEventCount: 1
processWriteEvent currEventident : 33 filter : WRITE flags : 0x5 data: 65536

write buffer size: 65536
WRITE currEvent ident : 33 filter : WRITE flags : 0x5 data: 65536

WRITE RETURN: 65500newEventCount: 1
processWriteEvent currEventident : 33 filter : WRITE flags : 0x5 data: 65536

write buffer size: 65536
WRITE currEvent ident : 33 filter : WRITE flags : 0x5 data: 65536

WRITE RETURN: 65500newEventCount: 1
processWriteEvent currEventident : 33 filter : WRITE flags : 0x5 data: 65536

write buffer size: 65536
WRITE currEvent ident : 33 filter : WRITE flags : 0x5 data: 65536

WRITE RETURN: 65500newEventCount: 1
processWriteEvent currEventident : 33 filter : WRITE flags : 0x5 data: 65536

write buffer size: 65536
WRITE currEvent ident : 33 filter : WRITE flags : 0x5 data: 65536

WRITE RETURN: 65500newEventCount: 1
processWriteEvent currEventident : 33 filter : WRITE flags : 0x5 data: 65536

write buffer size: 65536
WRITE currEvent ident : 33 filter : WRITE flags : 0x5 data: 65536

WRITE RETURN: 65500newEventCount: 1
processWriteEvent currEventident : 33 filter : WRITE flags : 0x5 data: 65536

write buffer size: 65536
WRITE currEvent ident : 33 filter : WRITE flags : 0x5 data: 65536

WRITE RETURN: 65500newEventCount: 1
processWriteEvent currEventident : 33 filter : WRITE flags : 0x5 data: 65536

write buffer size: 65536
WRITE currEvent ident : 33 filter : WRITE flags : 0x5 data: 65536

WRITE RETURN: 65500newEventCount: 1
processWriteEvent currEventident : 33 filter : WRITE flags : 0x5 data: 32804

write buffer size: 32804
WRITE currEvent ident : 33 filter : WRITE flags : 0x5 data: 32804

WRITE RETURN: 65500newEventCount: 1
processWriteEvent currEventident : 33 filter : WRITE flags : 0x5 data: 65536

write buffer size: 65536
WRITE currEvent ident : 33 filter : WRITE flags : 0x5 data: 65536

WRITE RETURN: 65500newEventCount: 1
processWriteEvent currEventident : 33 filter : WRITE flags : 0x5 data: 65536

write buffer size: 65536
WRITE currEvent ident : 33 filter : WRITE flags : 0x5 data: 65536

WRITE RETURN: 65500newEventCount: 1
processWriteEvent currEventident : 33 filter : WRITE flags : 0x5 data: 65536

write buffer size: 65536
WRITE currEvent ident : 33 filter : WRITE flags : 0x5 data: 65536

WRITE RETURN: 65500newEventCount: 1
processWriteEvent currEventident : 33 filter : WRITE flags : 0x5 data: 65536

write buffer size: 65536
WRITE currEvent ident : 33 filter : WRITE flags : 0x5 data: 65536

WRITE RETURN: 65500newEventCount: 1
processWriteEvent currEventident : 33 filter : WRITE flags : 0x5 data: 65536

write buffer size: 65536
WRITE currEvent ident : 33 filter : WRITE flags : 0x5 data: 65536

WRITE RETURN: 65500newEventCount: 1
processWriteEvent currEventident : 33 filter : WRITE flags : 0x5 data: 65536

write buffer size: 65536
WRITE currEvent ident : 33 filter : WRITE flags : 0x5 data: 65536

WRITE RETURN: 65500newEventCount: 1
processWriteEvent currEventident : 33 filter : WRITE flags : 0x5 data: 65536

write buffer size: 65536
WRITE currEvent ident : 33 filter : WRITE flags : 0x5 data: 65536

WRITE RETURN: 65500newEventCount: 1
processWriteEvent currEventident : 33 filter : WRITE flags : 0x5 data: 65536

write buffer size: 65536
WRITE currEvent ident : 33 filter : WRITE flags : 0x5 data: 65536

WRITE RETURN: 65500newEventCount: 1
processWriteEvent currEventident : 33 filter : WRITE flags : 0x5 data: 65536

write buffer size: 65536
WRITE currEvent ident : 33 filter : WRITE flags : 0x5 data: 65536

WRITE RETURN: 65500newEventCount: 1
processWriteEvent currEventident : 33 filter : WRITE flags : 0x5 data: 65536

write buffer size: 65536
WRITE currEvent ident : 33 filter : WRITE flags : 0x5 data: 65536

WRITE RETURN: 65500newEventCount: 1
processWriteEvent currEventident : 33 filter : WRITE flags : 0x5 data: 65536

write buffer size: 65536
WRITE currEvent ident : 33 filter : WRITE flags : 0x5 data: 65536

WRITE RETURN: 65500newEventCount: 1
processWriteEvent currEventident : 33 filter : WRITE flags : 0x5 data: 65536

write buffer size: 65536
WRITE currEvent ident : 33 filter : WRITE flags : 0x5 data: 65536

WRITE RETURN: 65500newEventCount: 1
processWriteEvent currEventident : 33 filter : WRITE flags : 0x5 data: 65536

write buffer size: 65536
WRITE currEvent ident : 33 filter : WRITE flags : 0x5 data: 65536

WRITE RETURN: 65500newEventCount: 1
processWriteEvent currEventident : 33 filter : WRITE flags : 0x5 data: 65536

write buffer size: 65536
WRITE currEvent ident : 33 filter : WRITE flags : 0x5 data: 65536

WRITE RETURN: 65500newEventCount: 1
processWriteEvent currEventident : 33 filter : WRITE flags : 0x5 data: 65536

write buffer size: 65536
WRITE currEvent ident : 33 filter : WRITE flags : 0x5 data: 65536

WRITE RETURN: 65500newEventCount: 1
processWriteEvent currEventident : 33 filter : WRITE flags : 0x5 data: 32804

write buffer size: 32804
WRITE currEvent ident : 33 filter : WRITE flags : 0x5 data: 32804

WRITE RETURN: 65500newEventCount: 1
processWriteEvent currEventident : 33 filter : WRITE flags : 0x5 data: 65536

write buffer size: 65536
WRITE currEvent ident : 33 filter : WRITE flags : 0x5 data: 65536

WRITE RETURN: 65500newEventCount: 1
processWriteEvent currEventident : 33 filter : WRITE flags : 0x5 data: 65536

write buffer size: 65536
WRITE currEvent ident : 33 filter : WRITE flags : 0x5 data: 65536

WRITE RETURN: 65500newEventCount: 1
processWriteEvent currEventident : 33 filter : WRITE flags : 0x5 data: 65536

write buffer size: 65536
WRITE currEvent ident : 33 filter : WRITE flags : 0x5 data: 65536

WRITE RETURN: 65500newEventCount: 1
processWriteEvent currEventident : 33 filter : WRITE flags : 0x5 data: 65536

write buffer size: 65536
WRITE currEvent ident : 33 filter : WRITE flags : 0x5 data: 65536

WRITE RETURN: 65500newEventCount: 1
processWriteEvent currEventident : 33 filter : WRITE flags : 0x5 data: 65536

write buffer size: 65536
WRITE currEvent ident : 33 filter : WRITE flags : 0x5 data: 65536

WRITE RETURN: 65500newEventCount: 1
processWriteEvent currEventident : 33 filter : WRITE flags : 0x5 data: 65536

write buffer size: 65536
WRITE currEvent ident : 33 filter : WRITE flags : 0x5 data: 65536

WRITE RETURN: 65500newEventCount: 1
processWriteEvent currEventident : 33 filter : WRITE flags : 0x5 data: 65536

write buffer size: 65536
WRITE currEvent ident : 33 filter : WRITE flags : 0x5 data: 65536

WRITE RETURN: 65500newEventCount: 1
processWriteEvent currEventident : 33 filter : WRITE flags : 0x5 data: 65536

write buffer size: 65536
WRITE currEvent ident : 33 filter : WRITE flags : 0x5 data: 65536

WRITE RETURN: 65500newEventCount: 1
processWriteEvent currEventident : 33 filter : WRITE flags : 0x5 data: 65536

write buffer size: 65536
WRITE currEvent ident : 33 filter : WRITE flags : 0x5 data: 65536

WRITE RETURN: 65500newEventCount: 1
processWriteEvent currEventident : 33 filter : WRITE flags : 0x5 data: 65536

write buffer size: 65536
WRITE currEvent ident : 33 filter : WRITE flags : 0x5 data: 65536

WRITE RETURN: 65500newEventCount: 1
processWriteEvent currEventident : 33 filter : WRITE flags : 0x5 data: 65536

write buffer size: 65536
WRITE currEvent ident : 33 filter : WRITE flags : 0x5 data: 65536

WRITE RETURN: 65500newEventCount: 1
processWriteEvent currEventident : 33 filter : WRITE flags : 0x5 data: 65536

write buffer size: 65536
WRITE currEvent ident : 33 filter : WRITE flags : 0x5 data: 65536

WRITE RETURN: 65500newEventCount: 1
processWriteEvent currEventident : 33 filter : WRITE flags : 0x5 data: 65536

write buffer size: 65536
WRITE currEvent ident : 33 filter : WRITE flags : 0x5 data: 65536

WRITE RETURN: 65500newEventCount: 1
processWriteEvent currEventident : 33 filter : WRITE flags : 0x5 data: 65536

write buffer size: 65536
WRITE currEvent ident : 33 filter : WRITE flags : 0x5 data: 65536

WRITE RETURN: 65500newEventCount: 1
processWriteEvent currEventident : 33 filter : WRITE flags : 0x5 data: 65536

write buffer size: 65536
WRITE currEvent ident : 33 filter : WRITE flags : 0x5 data: 65536

WRITE RETURN: 65500newEventCount: 1
processWriteEvent currEventident : 33 filter : WRITE flags : 0x5 data: 32804

write buffer size: 32804
WRITE currEvent ident : 33 filter : WRITE flags : 0x5 data: 32804

WRITE RETURN: 65500newEventCount: 1
processWriteEvent currEventident : 33 filter : WRITE flags : 0x5 data: 65536

write buffer size: 65536
WRITE currEvent ident : 33 filter : WRITE flags : 0x5 data: 65536

WRITE RETURN: 65500newEventCount: 1
processWriteEvent currEventident : 33 filter : WRITE flags : 0x5 data: 65536

write buffer size: 65536
WRITE currEvent ident : 33 filter : WRITE flags : 0x5 data: 65536

WRITE RETURN: 65500newEventCount: 1
processWriteEvent currEventident : 33 filter : WRITE flags : 0x5 data: 65536

write buffer size: 65536
WRITE currEvent ident : 33 filter : WRITE flags : 0x5 data: 65536

WRITE RETURN: 65500newEventCount: 1
processWriteEvent currEventident : 33 filter : WRITE flags : 0x5 data: 65536

write buffer size: 65536
WRITE currEvent ident : 33 filter : WRITE flags : 0x5 data: 65536

WRITE RETURN: 65500newEventCount: 1
processWriteEvent currEventident : 33 filter : WRITE flags : 0x5 data: 65536

write buffer size: 65536
WRITE currEvent ident : 33 filter : WRITE flags : 0x5 data: 65536

WRITE RETURN: 65500newEventCount: 1
processWriteEvent currEventident : 33 filter : WRITE flags : 0x5 data: 65536

write buffer size: 65536
WRITE currEvent ident : 33 filter : WRITE flags : 0x5 data: 65536

WRITE RETURN: 65500newEventCount: 1
processWriteEvent currEventident : 33 filter : WRITE flags : 0x5 data: 65536

write buffer size: 65536
WRITE currEvent ident : 33 filter : WRITE flags : 0x5 data: 65536

WRITE RETURN: 65500newEventCount: 1
processWriteEvent currEventident : 33 filter : WRITE flags : 0x5 data: 65536

write buffer size: 65536
WRITE currEvent ident : 33 filter : WRITE flags : 0x5 data: 65536

WRITE RETURN: 65500newEventCount: 1
processWriteEvent currEventident : 33 filter : WRITE flags : 0x5 data: 65536

write buffer size: 65536
WRITE currEvent ident : 33 filter : WRITE flags : 0x5 data: 65536

WRITE RETURN: 65500newEventCount: 1
processWriteEvent currEventident : 33 filter : WRITE flags : 0x5 data: 65536

write buffer size: 65536
WRITE currEvent ident : 33 filter : WRITE flags : 0x5 data: 65536

WRITE RETURN: 65500newEventCount: 1
processWriteEvent currEventident : 33 filter : WRITE flags : 0x5 data: 65536

write buffer size: 65536
WRITE currEvent ident : 33 filter : WRITE flags : 0x5 data: 65536

WRITE RETURN: 65500newEventCount: 1
processWriteEvent currEventident : 33 filter : WRITE flags : 0x5 data: 65536

write buffer size: 65536
WRITE currEvent ident : 33 filter : WRITE flags : 0x5 data: 65536

WRITE RETURN: 65500newEventCount: 1
processWriteEvent currEventident : 33 filter : WRITE flags : 0x5 data: 65536

write buffer size: 65536
WRITE currEvent ident : 33 filter : WRITE flags : 0x5 data: 65536

WRITE RETURN: 65500newEventCount: 1
processWriteEvent currEventident : 33 filter : WRITE flags : 0x5 data: 65536

write buffer size: 65536
WRITE currEvent ident : 33 filter : WRITE flags : 0x5 data: 65536

WRITE RETURN: 65500newEventCount: 1
processWriteEvent currEventident : 33 filter : WRITE flags : 0x5 data: 65536

write buffer size: 65536
WRITE currEvent ident : 33 filter : WRITE flags : 0x5 data: 65536

WRITE RETURN: 65500newEventCount: 1
processWriteEvent currEventident : 33 filter : WRITE flags : 0x5 data: 32804

write buffer size: 32804
WRITE currEvent ident : 33 filter : WRITE flags : 0x5 data: 32804

WRITE RETURN: 65500newEventCount: 1
processWriteEvent currEventident : 33 filter : WRITE flags : 0x5 data: 65536

write buffer size: 65536
WRITE currEvent ident : 33 filter : WRITE flags : 0x5 data: 65536

WRITE RETURN: 65500newEventCount: 1
processWriteEvent currEventident : 33 filter : WRITE flags : 0x5 data: 65536

write buffer size: 65536
WRITE currEvent ident : 33 filter : WRITE flags : 0x5 data: 65536

WRITE RETURN: 65500newEventCount: 1
processWriteEvent currEventident : 33 filter : WRITE flags : 0x5 data: 65536

write buffer size: 65536
WRITE currEvent ident : 33 filter : WRITE flags : 0x5 data: 65536

WRITE RETURN: 65500newEventCount: 1
processWriteEvent currEventident : 33 filter : WRITE flags : 0x5 data: 65536

write buffer size: 65536
WRITE currEvent ident : 33 filter : WRITE flags : 0x5 data: 65536

WRITE RETURN: 65500newEventCount: 1
processWriteEvent currEventident : 33 filter : WRITE flags : 0x5 data: 65536

write buffer size: 65536
WRITE currEvent ident : 33 filter : WRITE flags : 0x5 data: 65536

WRITE RETURN: 65500newEventCount: 1
processWriteEvent currEventident : 33 filter : WRITE flags : 0x5 data: 65536

write buffer size: 65536
WRITE currEvent ident : 33 filter : WRITE flags : 0x5 data: 65536

WRITE RETURN: 65500newEventCount: 1
processWriteEvent currEventident : 33 filter : WRITE flags : 0x5 data: 65536

write buffer size: 65536
WRITE currEvent ident : 33 filter : WRITE flags : 0x5 data: 65536

WRITE RETURN: 65500newEventCount: 1
processWriteEvent currEventident : 33 filter : WRITE flags : 0x5 data: 65536

write buffer size: 65536
WRITE currEvent ident : 33 filter : WRITE flags : 0x5 data: 65536

WRITE RETURN: 65500newEventCount: 1
processWriteEvent currEventident : 33 filter : WRITE flags : 0x5 data: 65536

write buffer size: 65536
WRITE currEvent ident : 33 filter : WRITE flags : 0x5 data: 65536

WRITE RETURN: 65500newEventCount: 1
processWriteEvent currEventident : 33 filter : WRITE flags : 0x5 data: 65536

write buffer size: 65536
WRITE currEvent ident : 33 filter : WRITE flags : 0x5 data: 65536

WRITE RETURN: 65500newEventCount: 1
processWriteEvent currEventident : 33 filter : WRITE flags : 0x5 data: 65536

write buffer size: 65536
WRITE currEvent ident : 33 filter : WRITE flags : 0x5 data: 65536

WRITE RETURN: 65500newEventCount: 1
processWriteEvent currEventident : 33 filter : WRITE flags : 0x5 data: 65536

write buffer size: 65536
WRITE currEvent ident : 33 filter : WRITE flags : 0x5 data: 65536

WRITE RETURN: 65500newEventCount: 1
processWriteEvent currEventident : 33 filter : WRITE flags : 0x5 data: 65536

write buffer size: 65536
WRITE currEvent ident : 33 filter : WRITE flags : 0x5 data: 65536

WRITE RETURN: 65500newEventCount: 1
processWriteEvent currEventident : 33 filter : WRITE flags : 0x5 data: 65536

write buffer size: 65536
WRITE currEvent ident : 33 filter : WRITE flags : 0x5 data: 65536

WRITE RETURN: 65500newEventCount: 1
processWriteEvent currEventident : 33 filter : WRITE flags : 0x5 data: 65536

write buffer size: 65536
WRITE currEvent ident : 33 filter : WRITE flags : 0x5 data: 65536

WRITE RETURN: 65500newEventCount: 1
processWriteEvent currEventident : 33 filter : WRITE flags : 0x5 data: 32804

write buffer size: 32804
WRITE currEvent ident : 33 filter : WRITE flags : 0x5 data: 32804

WRITE RETURN: 65500newEventCount: 1
processWriteEvent currEventident : 33 filter : WRITE flags : 0x5 data: 65536

write buffer size: 65536
WRITE currEvent ident : 33 filter : WRITE flags : 0x5 data: 65536

WRITE RETURN: 65500newEventCount: 1
processWriteEvent currEventident : 33 filter : WRITE flags : 0x5 data: 65536

write buffer size: 65536
WRITE currEvent ident : 33 filter : WRITE flags : 0x5 data: 65536

WRITE RETURN: 65500newEventCount: 1
processWriteEvent currEventident : 33 filter : WRITE flags : 0x5 data: 65536

write buffer size: 65536
WRITE currEvent ident : 33 filter : WRITE flags : 0x5 data: 65536

WRITE RETURN: 65500newEventCount: 1
processWriteEvent currEventident : 33 filter : WRITE flags : 0x5 data: 65536

write buffer size: 65536
WRITE currEvent ident : 33 filter : WRITE flags : 0x5 data: 65536

WRITE RETURN: 65500newEventCount: 1
processWriteEvent currEventident : 33 filter : WRITE flags : 0x5 data: 65536

write buffer size: 65536
WRITE currEvent ident : 33 filter : WRITE flags : 0x5 data: 65536

WRITE RETURN: 65500newEventCount: 1
processWriteEvent currEventident : 33 filter : WRITE flags : 0x5 data: 65536

write buffer size: 65536
WRITE currEvent ident : 33 filter : WRITE flags : 0x5 data: 65536

WRITE RETURN: 65500newEventCount: 1
processWriteEvent currEventident : 33 filter : WRITE flags : 0x5 data: 65536

write buffer size: 65536
WRITE currEvent ident : 33 filter : WRITE flags : 0x5 data: 65536

WRITE RETURN: 65500newEventCount: 1
processWriteEvent currEventident : 33 filter : WRITE flags : 0x5 data: 65536

write buffer size: 65536
WRITE currEvent ident : 33 filter : WRITE flags : 0x5 data: 65536

WRITE RETURN: 65500newEventCount: 1
processWriteEvent currEventident : 33 filter : WRITE flags : 0x5 data: 65536

write buffer size: 65536
WRITE currEvent ident : 33 filter : WRITE flags : 0x5 data: 65536

WRITE RETURN: 65500newEventCount: 1
processWriteEvent currEventident : 33 filter : WRITE flags : 0x5 data: 65536

write buffer size: 65536
WRITE currEvent ident : 33 filter : WRITE flags : 0x5 data: 65536

WRITE RETURN: 65500newEventCount: 1
processWriteEvent currEventident : 33 filter : WRITE flags : 0x5 data: 65536

write buffer size: 65536
WRITE currEvent ident : 33 filter : WRITE flags : 0x5 data: 65536

WRITE RETURN: 65500newEventCount: 1
processWriteEvent currEventident : 33 filter : WRITE flags : 0x5 data: 65536

write buffer size: 65536
WRITE currEvent ident : 33 filter : WRITE flags : 0x5 data: 65536

WRITE RETURN: 65500newEventCount: 1
processWriteEvent currEventident : 33 filter : WRITE flags : 0x5 data: 65536

write buffer size: 65536
WRITE currEvent ident : 33 filter : WRITE flags : 0x5 data: 65536

WRITE RETURN: 65500newEventCount: 1
processWriteEvent currEventident : 33 filter : WRITE flags : 0x5 data: 65536

write buffer size: 65536
WRITE currEvent ident : 33 filter : WRITE flags : 0x5 data: 65536

WRITE RETURN: 65500newEventCount: 1
processWriteEvent currEventident : 33 filter : WRITE flags : 0x5 data: 65536

write buffer size: 65536
WRITE currEvent ident : 33 filter : WRITE flags : 0x5 data: 65536

WRITE RETURN: 65500newEventCount: 1
processWriteEvent currEventident : 33 filter : WRITE flags : 0x5 data: 32804

write buffer size: 32804
WRITE currEvent ident : 33 filter : WRITE flags : 0x5 data: 32804

WRITE RETURN: 65500newEventCount: 1
processWriteEvent currEventident : 33 filter : WRITE flags : 0x5 data: 65536

write buffer size: 65536
WRITE currEvent ident : 33 filter : WRITE flags : 0x5 data: 65536

WRITE RETURN: 65500newEventCount: 1
processWriteEvent currEventident : 33 filter : WRITE flags : 0x5 data: 65536

write buffer size: 65536
WRITE currEvent ident : 33 filter : WRITE flags : 0x5 data: 65536

WRITE RETURN: 65500newEventCount: 1
processWriteEvent currEventident : 33 filter : WRITE flags : 0x5 data: 65536

write buffer size: 65536
WRITE currEvent ident : 33 filter : WRITE flags : 0x5 data: 65536

WRITE RETURN: 65500newEventCount: 1
processWriteEvent currEventident : 33 filter : WRITE flags : 0x5 data: 65536

write buffer size: 65536
WRITE currEvent ident : 33 filter : WRITE flags : 0x5 data: 65536

WRITE RETURN: 65500newEventCount: 1
processWriteEvent currEventident : 33 filter : WRITE flags : 0x5 data: 65536

write buffer size: 65536
WRITE currEvent ident : 33 filter : WRITE flags : 0x5 data: 65536

WRITE RETURN: 65500newEventCount: 1
processWriteEvent currEventident : 33 filter : WRITE flags : 0x5 data: 65536

write buffer size: 65536
WRITE currEvent ident : 33 filter : WRITE flags : 0x5 data: 65536

WRITE RETURN: 65500newEventCount: 1
processWriteEvent currEventident : 33 filter : WRITE flags : 0x5 data: 65536

write buffer size: 65536
WRITE currEvent ident : 33 filter : WRITE flags : 0x5 data: 65536

WRITE RETURN: 65500newEventCount: 1
processWriteEvent currEventident : 33 filter : WRITE flags : 0x5 data: 65536

write buffer size: 65536
WRITE currEvent ident : 33 filter : WRITE flags : 0x5 data: 65536

WRITE RETURN: 65500newEventCount: 1
processWriteEvent currEventident : 33 filter : WRITE flags : 0x5 data: 65536

write buffer size: 65536
WRITE currEvent ident : 33 filter : WRITE flags : 0x5 data: 65536

WRITE RETURN: 65500newEventCount: 1
processWriteEvent currEventident : 33 filter : WRITE flags : 0x5 data: 65536

write buffer size: 65536
WRITE currEvent ident : 33 filter : WRITE flags : 0x5 data: 65536

WRITE RETURN: 65500newEventCount: 1
processWriteEvent currEventident : 33 filter : WRITE flags : 0x5 data: 65536

write buffer size: 65536
WRITE currEvent ident : 33 filter : WRITE flags : 0x5 data: 65536

WRITE RETURN: 65500newEventCount: 1
processWriteEvent currEventident : 33 filter : WRITE flags : 0x5 data: 65536

write buffer size: 65536
WRITE currEvent ident : 33 filter : WRITE flags : 0x5 data: 65536

WRITE RETURN: 65500newEventCount: 1
processWriteEvent currEventident : 33 filter : WRITE flags : 0x5 data: 65536

write buffer size: 65536
WRITE currEvent ident : 33 filter : WRITE flags : 0x5 data: 65536

WRITE RETURN: 65500newEventCount: 1
processWriteEvent currEventident : 33 filter : WRITE flags : 0x5 data: 65536

write buffer size: 65536
WRITE currEvent ident : 33 filter : WRITE flags : 0x5 data: 65536

WRITE RETURN: 65500newEventCount: 1
processWriteEvent currEventident : 33 filter : WRITE flags : 0x5 data: 65536

write buffer size: 65536
WRITE currEvent ident : 33 filter : WRITE flags : 0x5 data: 65536

WRITE RETURN: 65500newEventCount: 1
processWriteEvent currEventident : 33 filter : WRITE flags : 0x5 data: 32804

write buffer size: 32804
WRITE currEvent ident : 33 filter : WRITE flags : 0x5 data: 32804

WRITE RETURN: 65500newEventCount: 1
processWriteEvent currEventident : 33 filter : WRITE flags : 0x5 data: 65536

write buffer size: 65536
WRITE currEvent ident : 33 filter : WRITE flags : 0x5 data: 65536

WRITE RETURN: 65500newEventCount: 1
processWriteEvent currEventident : 33 filter : WRITE flags : 0x5 data: 65536

write buffer size: 65536
WRITE currEvent ident : 33 filter : WRITE flags : 0x5 data: 65536

WRITE RETURN: 65500newEventCount: 1
processWriteEvent currEventident : 33 filter : WRITE flags : 0x5 data: 65536

write buffer size: 65536
WRITE currEvent ident : 33 filter : WRITE flags : 0x5 data: 65536

WRITE RETURN: 65500newEventCount: 1
processWriteEvent currEventident : 33 filter : WRITE flags : 0x5 data: 65536

write buffer size: 65536
WRITE currEvent ident : 33 filter : WRITE flags : 0x5 data: 65536

WRITE RETURN: 65500newEventCount: 1
processWriteEvent currEventident : 33 filter : WRITE flags : 0x5 data: 65536

write buffer size: 65536
WRITE currEvent ident : 33 filter : WRITE flags : 0x5 data: 65536

WRITE RETURN: 65500newEventCount: 1
processWriteEvent currEventident : 33 filter : WRITE flags : 0x5 data: 65536

write buffer size: 65536
WRITE currEvent ident : 33 filter : WRITE flags : 0x5 data: 65536

WRITE RETURN: 65500newEventCount: 1
processWriteEvent currEventident : 33 filter : WRITE flags : 0x5 data: 65536

write buffer size: 65536
WRITE currEvent ident : 33 filter : WRITE flags : 0x5 data: 65536

WRITE RETURN: 65500newEventCount: 1
processWriteEvent currEventident : 33 filter : WRITE flags : 0x5 data: 65536

write buffer size: 65536
WRITE currEvent ident : 33 filter : WRITE flags : 0x5 data: 65536

WRITE RETURN: 65500newEventCount: 1
processWriteEvent currEventident : 33 filter : WRITE flags : 0x5 data: 65536

write buffer size: 65536
WRITE currEvent ident : 33 filter : WRITE flags : 0x5 data: 65536

WRITE RETURN: 65500newEventCount: 1
processWriteEvent currEventident : 33 filter : WRITE flags : 0x5 data: 65536

write buffer size: 65536
WRITE currEvent ident : 33 filter : WRITE flags : 0x5 data: 65536

WRITE RETURN: 65500newEventCount: 1
processWriteEvent currEventident : 33 filter : WRITE flags : 0x5 data: 65536

write buffer size: 65536
WRITE currEvent ident : 33 filter : WRITE flags : 0x5 data: 65536

WRITE RETURN: 65500newEventCount: 1
processWriteEvent currEventident : 33 filter : WRITE flags : 0x5 data: 65536

write buffer size: 65536
WRITE currEvent ident : 33 filter : WRITE flags : 0x5 data: 65536

WRITE RETURN: 65500newEventCount: 1
processWriteEvent currEventident : 33 filter : WRITE flags : 0x5 data: 65536

write buffer size: 65536
WRITE currEvent ident : 33 filter : WRITE flags : 0x5 data: 65536

WRITE RETURN: 65500newEventCount: 1
processWriteEvent currEventident : 33 filter : WRITE flags : 0x5 data: 65536

write buffer size: 65536
WRITE currEvent ident : 33 filter : WRITE flags : 0x5 data: 65536

WRITE RETURN: 65500newEventCount: 1
processWriteEvent currEventident : 33 filter : WRITE flags : 0x5 data: 65536

write buffer size: 65536
WRITE currEvent ident : 33 filter : WRITE flags : 0x5 data: 65536

WRITE RETURN: 65500newEventCount: 1
processWriteEvent currEventident : 33 filter : WRITE flags : 0x5 data: 32804

write buffer size: 32804
WRITE currEvent ident : 33 filter : WRITE flags : 0x5 data: 32804

WRITE RETURN: 65500newEventCount: 1
processWriteEvent currEventident : 33 filter : WRITE flags : 0x5 data: 65536

write buffer size: 65536
WRITE currEvent ident : 33 filter : WRITE flags : 0x5 data: 65536

WRITE RETURN: 65500newEventCount: 1
processWriteEvent currEventident : 33 filter : WRITE flags : 0x5 data: 65536

write buffer size: 65536
WRITE currEvent ident : 33 filter : WRITE flags : 0x5 data: 65536

WRITE RETURN: 65500newEventCount: 1
processWriteEvent currEventident : 33 filter : WRITE flags : 0x5 data: 65536

write buffer size: 65536
WRITE currEvent ident : 33 filter : WRITE flags : 0x5 data: 65536

WRITE RETURN: 65500newEventCount: 1
processWriteEvent currEventident : 33 filter : WRITE flags : 0x5 data: 65536

write buffer size: 65536
WRITE currEvent ident : 33 filter : WRITE flags : 0x5 data: 65536

WRITE RETURN: 65500newEventCount: 1
processWriteEvent currEventident : 33 filter : WRITE flags : 0x5 data: 65536

write buffer size: 65536
WRITE currEvent ident : 33 filter : WRITE flags : 0x5 data: 65536

WRITE RETURN: 65500newEventCount: 1
processWriteEvent currEventident : 33 filter : WRITE flags : 0x5 data: 65536

write buffer size: 65536
WRITE currEvent ident : 33 filter : WRITE flags : 0x5 data: 65536

WRITE RETURN: 65500newEventCount: 1
processWriteEvent currEventident : 33 filter : WRITE flags : 0x5 data: 65536

write buffer size: 65536
WRITE currEvent ident : 33 filter : WRITE flags : 0x5 data: 65536

WRITE RETURN: 65500newEventCount: 1
processWriteEvent currEventident : 33 filter : WRITE flags : 0x5 data: 65536

write buffer size: 65536
WRITE currEvent ident : 33 filter : WRITE flags : 0x5 data: 65536

WRITE RETURN: 65500newEventCount: 1
processWriteEvent currEventident : 33 filter : WRITE flags : 0x5 data: 65536

write buffer size: 65536
WRITE currEvent ident : 33 filter : WRITE flags : 0x5 data: 65536

WRITE RETURN: 65500newEventCount: 1
processWriteEvent currEventident : 33 filter : WRITE flags : 0x5 data: 65536

write buffer size: 65536
WRITE currEvent ident : 33 filter : WRITE flags : 0x5 data: 65536

WRITE RETURN: 65500newEventCount: 1
processWriteEvent currEventident : 33 filter : WRITE flags : 0x5 data: 65536

write buffer size: 65536
WRITE currEvent ident : 33 filter : WRITE flags : 0x5 data: 65536

WRITE RETURN: 65500newEventCount: 1
processWriteEvent currEventident : 33 filter : WRITE flags : 0x5 data: 65536

write buffer size: 65536
WRITE currEvent ident : 33 filter : WRITE flags : 0x5 data: 65536

WRITE RETURN: 65500newEventCount: 1
processWriteEvent currEventident : 33 filter : WRITE flags : 0x5 data: 65536

write buffer size: 65536
WRITE currEvent ident : 33 filter : WRITE flags : 0x5 data: 65536

WRITE RETURN: 65500newEventCount: 1
processWriteEvent currEventident : 33 filter : WRITE flags : 0x5 data: 65536

write buffer size: 65536
WRITE currEvent ident : 33 filter : WRITE flags : 0x5 data: 65536

WRITE RETURN: 65500newEventCount: 1
processWriteEvent currEventident : 33 filter : WRITE flags : 0x5 data: 65536

write buffer size: 65536
WRITE currEvent ident : 33 filter : WRITE flags : 0x5 data: 65536

WRITE RETURN: 65500newEventCount: 1
processWriteEvent currEventident : 33 filter : WRITE flags : 0x5 data: 32804

write buffer size: 32804
WRITE currEvent ident : 33 filter : WRITE flags : 0x5 data: 32804

WRITE RETURN: 65500newEventCount: 1
processWriteEvent currEventident : 33 filter : WRITE flags : 0x5 data: 65536

write buffer size: 65536
WRITE currEvent ident : 33 filter : WRITE flags : 0x5 data: 65536

WRITE RETURN: 65500newEventCount: 1
processWriteEvent currEventident : 33 filter : WRITE flags : 0x5 data: 65536

write buffer size: 65536
WRITE currEvent ident : 33 filter : WRITE flags : 0x5 data: 65536

WRITE RETURN: 65500newEventCount: 1
processWriteEvent currEventident : 33 filter : WRITE flags : 0x5 data: 65536

write buffer size: 65536
WRITE currEvent ident : 33 filter : WRITE flags : 0x5 data: 65536

WRITE RETURN: 65500newEventCount: 1
processWriteEvent currEventident : 33 filter : WRITE flags : 0x5 data: 65536

write buffer size: 65536
WRITE currEvent ident : 33 filter : WRITE flags : 0x5 data: 65536

WRITE RETURN: 65500newEventCount: 1
processWriteEvent currEventident : 33 filter : WRITE flags : 0x5 data: 65536

write buffer size: 65536
WRITE currEvent ident : 33 filter : WRITE flags : 0x5 data: 65536

WRITE RETURN: 65500newEventCount: 1
processWriteEvent currEventident : 33 filter : WRITE flags : 0x5 data: 65536

write buffer size: 65536
WRITE currEvent ident : 33 filter : WRITE flags : 0x5 data: 65536

WRITE RETURN: 65500newEventCount: 1
processWriteEvent currEventident : 33 filter : WRITE flags : 0x5 data: 65536

write buffer size: 65536
WRITE currEvent ident : 33 filter : WRITE flags : 0x5 data: 65536

WRITE RETURN: 65500newEventCount: 1
processWriteEvent currEventident : 33 filter : WRITE flags : 0x5 data: 65536

write buffer size: 65536
WRITE currEvent ident : 33 filter : WRITE flags : 0x5 data: 65536

WRITE RETURN: 65500newEventCount: 1
processWriteEvent currEventident : 33 filter : WRITE flags : 0x5 data: 65536

write buffer size: 65536
WRITE currEvent ident : 33 filter : WRITE flags : 0x5 data: 65536

WRITE RETURN: 65500newEventCount: 1
processWriteEvent currEventident : 33 filter : WRITE flags : 0x5 data: 65536

write buffer size: 65536
WRITE currEvent ident : 33 filter : WRITE flags : 0x5 data: 65536

WRITE RETURN: 65500newEventCount: 1
processWriteEvent currEventident : 33 filter : WRITE flags : 0x5 data: 65536

write buffer size: 65536
WRITE currEvent ident : 33 filter : WRITE flags : 0x5 data: 65536

WRITE RETURN: 65500newEventCount: 1
processWriteEvent currEventident : 33 filter : WRITE flags : 0x5 data: 65536

write buffer size: 65536
WRITE currEvent ident : 33 filter : WRITE flags : 0x5 data: 65536

WRITE RETURN: 65500newEventCount: 1
processWriteEvent currEventident : 33 filter : WRITE flags : 0x5 data: 65536

write buffer size: 65536
WRITE currEvent ident : 33 filter : WRITE flags : 0x5 data: 65536

WRITE RETURN: 65500newEventCount: 1
processWriteEvent currEventident : 33 filter : WRITE flags : 0x5 data: 65536

write buffer size: 65536
WRITE currEvent ident : 33 filter : WRITE flags : 0x5 data: 65536

WRITE RETURN: 65500newEventCount: 1
processWriteEvent currEventident : 33 filter : WRITE flags : 0x5 data: 65536

write buffer size: 65536
WRITE currEvent ident : 33 filter : WRITE flags : 0x5 data: 65536

WRITE RETURN: 65500newEventCount: 1
processWriteEvent currEventident : 33 filter : WRITE flags : 0x5 data: 32804

write buffer size: 32804
WRITE currEvent ident : 33 filter : WRITE flags : 0x5 data: 32804

WRITE RETURN: 65500newEventCount: 1
processWriteEvent currEventident : 33 filter : WRITE flags : 0x5 data: 65536

write buffer size: 65536
WRITE currEvent ident : 33 filter : WRITE flags : 0x5 data: 65536

WRITE RETURN: 65500newEventCount: 1
processWriteEvent currEventident : 33 filter : WRITE flags : 0x5 data: 65536

write buffer size: 65536
WRITE currEvent ident : 33 filter : WRITE flags : 0x5 data: 65536

WRITE RETURN: 65500newEventCount: 1
processWriteEvent currEventident : 33 filter : WRITE flags : 0x5 data: 65536

write buffer size: 65536
WRITE currEvent ident : 33 filter : WRITE flags : 0x5 data: 65536

WRITE RETURN: 65500newEventCount: 1
processWriteEvent currEventident : 33 filter : WRITE flags : 0x5 data: 65536

write buffer size: 65536
WRITE currEvent ident : 33 filter : WRITE flags : 0x5 data: 65536

WRITE RETURN: 65500newEventCount: 1
processWriteEvent currEventident : 33 filter : WRITE flags : 0x5 data: 65536

write buffer size: 65536
WRITE currEvent ident : 33 filter : WRITE flags : 0x5 data: 65536

WRITE RETURN: 65500newEventCount: 1
processWriteEvent currEventident : 33 filter : WRITE flags : 0x5 data: 65536

write buffer size: 65536
WRITE currEvent ident : 33 filter : WRITE flags : 0x5 data: 65536

WRITE RETURN: 65500newEventCount: 1
processWriteEvent currEventident : 33 filter : WRITE flags : 0x5 data: 65536

write buffer size: 65536
WRITE currEvent ident : 33 filter : WRITE flags : 0x5 data: 65536

WRITE RETURN: 65500newEventCount: 1
processWriteEvent currEventident : 33 filter : WRITE flags : 0x5 data: 65536

write buffer size: 65536
WRITE currEvent ident : 33 filter : WRITE flags : 0x5 data: 65536

WRITE RETURN: 65500newEventCount: 1
processWriteEvent currEventident : 33 filter : WRITE flags : 0x5 data: 65536

write buffer size: 65536
WRITE currEvent ident : 33 filter : WRITE flags : 0x5 data: 65536

WRITE RETURN: 65500newEventCount: 1
processWriteEvent currEventident : 33 filter : WRITE flags : 0x5 data: 65536

write buffer size: 65536
WRITE currEvent ident : 33 filter : WRITE flags : 0x5 data: 65536

WRITE RETURN: 65500newEventCount: 1
processWriteEvent currEventident : 33 filter : WRITE flags : 0x5 data: 65536

write buffer size: 65536
WRITE currEvent ident : 33 filter : WRITE flags : 0x5 data: 65536

WRITE RETURN: 65500newEventCount: 1
processWriteEvent currEventident : 33 filter : WRITE flags : 0x5 data: 65536

write buffer size: 65536
WRITE currEvent ident : 33 filter : WRITE flags : 0x5 data: 65536

WRITE RETURN: 65500newEventCount: 1
processWriteEvent currEventident : 33 filter : WRITE flags : 0x5 data: 65536

write buffer size: 65536
WRITE currEvent ident : 33 filter : WRITE flags : 0x5 data: 65536

WRITE RETURN: 65500newEventCount: 1
processWriteEvent currEventident : 33 filter : WRITE flags : 0x5 data: 65536

write buffer size: 65536
WRITE currEvent ident : 33 filter : WRITE flags : 0x5 data: 65536

WRITE RETURN: 65500newEventCount: 1
processWriteEvent currEventident : 33 filter : WRITE flags : 0x5 data: 65536

write buffer size: 65536
WRITE currEvent ident : 33 filter : WRITE flags : 0x5 data: 65536

WRITE RETURN: 65500newEventCount: 1
processWriteEvent currEventident : 33 filter : WRITE flags : 0x5 data: 32804

write buffer size: 32804
WRITE currEvent ident : 33 filter : WRITE flags : 0x5 data: 32804

WRITE RETURN: 65500newEventCount: 1
processWriteEvent currEventident : 33 filter : WRITE flags : 0x5 data: 65536

write buffer size: 65536
WRITE currEvent ident : 33 filter : WRITE flags : 0x5 data: 65536

WRITE RETURN: 65500newEventCount: 1
processWriteEvent currEventident : 33 filter : WRITE flags : 0x5 data: 65536

write buffer size: 65536
WRITE currEvent ident : 33 filter : WRITE flags : 0x5 data: 65536

WRITE RETURN: 65500newEventCount: 1
processWriteEvent currEventident : 33 filter : WRITE flags : 0x5 data: 65536

write buffer size: 65536
WRITE currEvent ident : 33 filter : WRITE flags : 0x5 data: 65536

WRITE RETURN: 65500newEventCount: 1
processWriteEvent currEventident : 33 filter : WRITE flags : 0x5 data: 65536

write buffer size: 65536
WRITE currEvent ident : 33 filter : WRITE flags : 0x5 data: 65536

WRITE RETURN: 65500newEventCount: 1
processWriteEvent currEventident : 33 filter : WRITE flags : 0x5 data: 65536

write buffer size: 65536
WRITE currEvent ident : 33 filter : WRITE flags : 0x5 data: 65536

WRITE RETURN: 65500newEventCount: 1
processWriteEvent currEventident : 33 filter : WRITE flags : 0x5 data: 65536

write buffer size: 65536
WRITE currEvent ident : 33 filter : WRITE flags : 0x5 data: 65536

WRITE RETURN: 65500newEventCount: 1
processWriteEvent currEventident : 33 filter : WRITE flags : 0x5 data: 65536

write buffer size: 65536
WRITE currEvent ident : 33 filter : WRITE flags : 0x5 data: 65536

WRITE RETURN: 65500newEventCount: 1
processWriteEvent currEventident : 33 filter : WRITE flags : 0x5 data: 65536

write buffer size: 65536
WRITE currEvent ident : 33 filter : WRITE flags : 0x5 data: 65536

WRITE RETURN: 65500newEventCount: 1
processWriteEvent currEventident : 33 filter : WRITE flags : 0x5 data: 65536

write buffer size: 65536
WRITE currEvent ident : 33 filter : WRITE flags : 0x5 data: 65536

WRITE RETURN: 65500newEventCount: 1
processWriteEvent currEventident : 33 filter : WRITE flags : 0x5 data: 65536

write buffer size: 65536
WRITE currEvent ident : 33 filter : WRITE flags : 0x5 data: 65536

WRITE RETURN: 65500newEventCount: 1
processWriteEvent currEventident : 33 filter : WRITE flags : 0x5 data: 65536

write buffer size: 65536
WRITE currEvent ident : 33 filter : WRITE flags : 0x5 data: 65536

WRITE RETURN: 65500newEventCount: 1
processWriteEvent currEventident : 33 filter : WRITE flags : 0x5 data: 65536

write buffer size: 65536
WRITE currEvent ident : 33 filter : WRITE flags : 0x5 data: 65536

WRITE RETURN: 65500newEventCount: 1
processWriteEvent currEventident : 33 filter : WRITE flags : 0x5 data: 65536

write buffer size: 65536
WRITE currEvent ident : 33 filter : WRITE flags : 0x5 data: 65536

WRITE RETURN: 65500newEventCount: 1
processWriteEvent currEventident : 33 filter : WRITE flags : 0x5 data: 65536

write buffer size: 65536
WRITE currEvent ident : 33 filter : WRITE flags : 0x5 data: 65536

WRITE RETURN: 65500newEventCount: 1
processWriteEvent currEventident : 33 filter : WRITE flags : 0x5 data: 65536

write buffer size: 65536
WRITE currEvent ident : 33 filter : WRITE flags : 0x5 data: 65536

WRITE RETURN: 65500newEventCount: 1
processWriteEvent currEventident : 33 filter : WRITE flags : 0x5 data: 32804

write buffer size: 32804
WRITE currEvent ident : 33 filter : WRITE flags : 0x5 data: 32804

WRITE RETURN: 65500newEventCount: 1
processWriteEvent currEventident : 33 filter : WRITE flags : 0x5 data: 65536

write buffer size: 65536
WRITE currEvent ident : 33 filter : WRITE flags : 0x5 data: 65536

WRITE RETURN: 65500newEventCount: 1
processWriteEvent currEventident : 33 filter : WRITE flags : 0x5 data: 65536

write buffer size: 65536
WRITE currEvent ident : 33 filter : WRITE flags : 0x5 data: 65536

WRITE RETURN: 65500newEventCount: 1
processWriteEvent currEventident : 33 filter : WRITE flags : 0x5 data: 65536

write buffer size: 65536
WRITE currEvent ident : 33 filter : WRITE flags : 0x5 data: 65536

WRITE RETURN: 65500newEventCount: 1
processWriteEvent currEventident : 33 filter : WRITE flags : 0x5 data: 65536

write buffer size: 65536
WRITE currEvent ident : 33 filter : WRITE flags : 0x5 data: 65536

WRITE RETURN: 65500newEventCount: 1
processWriteEvent currEventident : 33 filter : WRITE flags : 0x5 data: 65536

write buffer size: 65536
WRITE currEvent ident : 33 filter : WRITE flags : 0x5 data: 65536

WRITE RETURN: 65500newEventCount: 1
processWriteEvent currEventident : 33 filter : WRITE flags : 0x5 data: 65536

write buffer size: 65536
WRITE currEvent ident : 33 filter : WRITE flags : 0x5 data: 65536

WRITE RETURN: 65500newEventCount: 1
processWriteEvent currEventident : 33 filter : WRITE flags : 0x5 data: 65536

write buffer size: 65536
WRITE currEvent ident : 33 filter : WRITE flags : 0x5 data: 65536

WRITE RETURN: 65500newEventCount: 1
processWriteEvent currEventident : 33 filter : WRITE flags : 0x5 data: 65536

write buffer size: 65536
WRITE currEvent ident : 33 filter : WRITE flags : 0x5 data: 65536

WRITE RETURN: 65500newEventCount: 1
processWriteEvent currEventident : 33 filter : WRITE flags : 0x5 data: 65536

write buffer size: 65536
WRITE currEvent ident : 33 filter : WRITE flags : 0x5 data: 65536

WRITE RETURN: 65500newEventCount: 1
processWriteEvent currEventident : 33 filter : WRITE flags : 0x5 data: 65536

write buffer size: 65536
WRITE currEvent ident : 33 filter : WRITE flags : 0x5 data: 65536

WRITE RETURN: 65500newEventCount: 1
processWriteEvent currEventident : 33 filter : WRITE flags : 0x5 data: 65536

write buffer size: 65536
WRITE currEvent ident : 33 filter : WRITE flags : 0x5 data: 65536

WRITE RETURN: 65500newEventCount: 1
processWriteEvent currEventident : 33 filter : WRITE flags : 0x5 data: 65536

write buffer size: 65536
WRITE currEvent ident : 33 filter : WRITE flags : 0x5 data: 65536

WRITE RETURN: 65500newEventCount: 1
processWriteEvent currEventident : 33 filter : WRITE flags : 0x5 data: 65536

write buffer size: 65536
WRITE currEvent ident : 33 filter : WRITE flags : 0x5 data: 65536

WRITE RETURN: 65500newEventCount: 1
processWriteEvent currEventident : 33 filter : WRITE flags : 0x5 data: 65536

write buffer size: 65536
WRITE currEvent ident : 33 filter : WRITE flags : 0x5 data: 65536

WRITE RETURN: 65500newEventCount: 1
processWriteEvent currEventident : 33 filter : WRITE flags : 0x5 data: 65536

write buffer size: 65536
WRITE currEvent ident : 33 filter : WRITE flags : 0x5 data: 65536

WRITE RETURN: 65500newEventCount: 1
processWriteEvent currEventident : 33 filter : WRITE flags : 0x5 data: 32804

write buffer size: 32804
WRITE currEvent ident : 33 filter : WRITE flags : 0x5 data: 32804

WRITE RETURN: 65500newEventCount: 1
processWriteEvent currEventident : 33 filter : WRITE flags : 0x5 data: 65536

write buffer size: 65536
WRITE currEvent ident : 33 filter : WRITE flags : 0x5 data: 65536

WRITE RETURN: 65500newEventCount: 1
processWriteEvent currEventident : 33 filter : WRITE flags : 0x5 data: 65536

write buffer size: 65536
WRITE currEvent ident : 33 filter : WRITE flags : 0x5 data: 65536

WRITE RETURN: 65500newEventCount: 1
processWriteEvent currEventident : 33 filter : WRITE flags : 0x5 data: 65536

write buffer size: 65536
WRITE currEvent ident : 33 filter : WRITE flags : 0x5 data: 65536

WRITE RETURN: 65500newEventCount: 1
processWriteEvent currEventident : 33 filter : WRITE flags : 0x5 data: 65536

write buffer size: 65536
WRITE currEvent ident : 33 filter : WRITE flags : 0x5 data: 65536

WRITE RETURN: 65500newEventCount: 1
processWriteEvent currEventident : 33 filter : WRITE flags : 0x5 data: 65536

write buffer size: 65536
WRITE currEvent ident : 33 filter : WRITE flags : 0x5 data: 65536

WRITE RETURN: 65500newEventCount: 1
processWriteEvent currEventident : 33 filter : WRITE flags : 0x5 data: 65536

write buffer size: 65536
WRITE currEvent ident : 33 filter : WRITE flags : 0x5 data: 65536

WRITE RETURN: 65500newEventCount: 1
processWriteEvent currEventident : 33 filter : WRITE flags : 0x5 data: 65536

write buffer size: 65536
WRITE currEvent ident : 33 filter : WRITE flags : 0x5 data: 65536

WRITE RETURN: 65500newEventCount: 1
processWriteEvent currEventident : 33 filter : WRITE flags : 0x5 data: 65536

write buffer size: 65536
WRITE currEvent ident : 33 filter : WRITE flags : 0x5 data: 65536

WRITE RETURN: 65500newEventCount: 1
processWriteEvent currEventident : 33 filter : WRITE flags : 0x5 data: 65536

write buffer size: 65536
WRITE currEvent ident : 33 filter : WRITE flags : 0x5 data: 65536

WRITE RETURN: 65500newEventCount: 1
processWriteEvent currEventident : 33 filter : WRITE flags : 0x5 data: 65536

write buffer size: 65536
WRITE currEvent ident : 33 filter : WRITE flags : 0x5 data: 65536

WRITE RETURN: 65500newEventCount: 1
processWriteEvent currEventident : 33 filter : WRITE flags : 0x5 data: 65536

write buffer size: 65536
WRITE currEvent ident : 33 filter : WRITE flags : 0x5 data: 65536

WRITE RETURN: 65500newEventCount: 1
processWriteEvent currEventident : 33 filter : WRITE flags : 0x5 data: 65536

write buffer size: 65536
WRITE currEvent ident : 33 filter : WRITE flags : 0x5 data: 65536

WRITE RETURN: 65500newEventCount: 1
processWriteEvent currEventident : 33 filter : WRITE flags : 0x5 data: 65536

write buffer size: 65536
WRITE currEvent ident : 33 filter : WRITE flags : 0x5 data: 65536

WRITE RETURN: 65500newEventCount: 1
processWriteEvent currEventident : 33 filter : WRITE flags : 0x5 data: 65536

write buffer size: 65536
WRITE currEvent ident : 33 filter : WRITE flags : 0x5 data: 65536

WRITE RETURN: 65500newEventCount: 1
processWriteEvent currEventident : 33 filter : WRITE flags : 0x5 data: 65536

write buffer size: 65536
WRITE currEvent ident : 33 filter : WRITE flags : 0x5 data: 65536

WRITE RETURN: 65500newEventCount: 1
processWriteEvent currEventident : 33 filter : WRITE flags : 0x5 data: 32804

write buffer size: 32804
WRITE currEvent ident : 33 filter : WRITE flags : 0x5 data: 32804

WRITE RETURN: 65500newEventCount: 1
processWriteEvent currEventident : 33 filter : WRITE flags : 0x5 data: 65536

write buffer size: 65536
WRITE currEvent ident : 33 filter : WRITE flags : 0x5 data: 65536

WRITE RETURN: 65500newEventCount: 1
processWriteEvent currEventident : 33 filter : WRITE flags : 0x5 data: 65536

write buffer size: 65536
WRITE currEvent ident : 33 filter : WRITE flags : 0x5 data: 65536

WRITE RETURN: 65500newEventCount: 1
processWriteEvent currEventident : 33 filter : WRITE flags : 0x5 data: 65536

write buffer size: 65536
WRITE currEvent ident : 33 filter : WRITE flags : 0x5 data: 65536

WRITE RETURN: 65500newEventCount: 1
processWriteEvent currEventident : 33 filter : WRITE flags : 0x5 data: 65536

write buffer size: 65536
WRITE currEvent ident : 33 filter : WRITE flags : 0x5 data: 65536

WRITE RETURN: 65500newEventCount: 1
processWriteEvent currEventident : 33 filter : WRITE flags : 0x5 data: 65536

write buffer size: 65536
WRITE currEvent ident : 33 filter : WRITE flags : 0x5 data: 65536

WRITE RETURN: 65500newEventCount: 1
processWriteEvent currEventident : 33 filter : WRITE flags : 0x5 data: 65536

write buffer size: 65536
WRITE currEvent ident : 33 filter : WRITE flags : 0x5 data: 65536

WRITE RETURN: 65500newEventCount: 1
processWriteEvent currEventident : 33 filter : WRITE flags : 0x5 data: 65536

write buffer size: 65536
WRITE currEvent ident : 33 filter : WRITE flags : 0x5 data: 65536

WRITE RETURN: 65500newEventCount: 1
processWriteEvent currEventident : 33 filter : WRITE flags : 0x5 data: 65536

write buffer size: 65536
WRITE currEvent ident : 33 filter : WRITE flags : 0x5 data: 65536

WRITE RETURN: 65500newEventCount: 1
processWriteEvent currEventident : 33 filter : WRITE flags : 0x5 data: 65536

write buffer size: 65536
WRITE currEvent ident : 33 filter : WRITE flags : 0x5 data: 65536

WRITE RETURN: 65500newEventCount: 1
processWriteEvent currEventident : 33 filter : WRITE flags : 0x5 data: 65536

write buffer size: 65536
WRITE currEvent ident : 33 filter : WRITE flags : 0x5 data: 65536

WRITE RETURN: 65500newEventCount: 1
processWriteEvent currEventident : 33 filter : WRITE flags : 0x5 data: 65536

write buffer size: 65536
WRITE currEvent ident : 33 filter : WRITE flags : 0x5 data: 65536

WRITE RETURN: 65500newEventCount: 1
processWriteEvent currEventident : 33 filter : WRITE flags : 0x5 data: 65536

write buffer size: 65536
WRITE currEvent ident : 33 filter : WRITE flags : 0x5 data: 65536

WRITE RETURN: 65500newEventCount: 1
processWriteEvent currEventident : 33 filter : WRITE flags : 0x5 data: 65536

write buffer size: 65536
WRITE currEvent ident : 33 filter : WRITE flags : 0x5 data: 65536

WRITE RETURN: 65500newEventCount: 1
processWriteEvent currEventident : 33 filter : WRITE flags : 0x5 data: 65536

write buffer size: 65536
WRITE currEvent ident : 33 filter : WRITE flags : 0x5 data: 65536

WRITE RETURN: 65500newEventCount: 1
processWriteEvent currEventident : 33 filter : WRITE flags : 0x5 data: 65536

write buffer size: 65536
WRITE currEvent ident : 33 filter : WRITE flags : 0x5 data: 65536

WRITE RETURN: 65500newEventCount: 1
processWriteEvent currEventident : 33 filter : WRITE flags : 0x5 data: 32804

write buffer size: 32804
WRITE currEvent ident : 33 filter : WRITE flags : 0x5 data: 32804

WRITE RETURN: 65500newEventCount: 1
processWriteEvent currEventident : 33 filter : WRITE flags : 0x5 data: 65536

write buffer size: 65536
WRITE currEvent ident : 33 filter : WRITE flags : 0x5 data: 65536

WRITE RETURN: 65500newEventCount: 1
processWriteEvent currEventident : 33 filter : WRITE flags : 0x5 data: 65536

write buffer size: 65536
WRITE currEvent ident : 33 filter : WRITE flags : 0x5 data: 65536

WRITE RETURN: 65500newEventCount: 1
processWriteEvent currEventident : 33 filter : WRITE flags : 0x5 data: 65536

write buffer size: 65536
WRITE currEvent ident : 33 filter : WRITE flags : 0x5 data: 65536

WRITE RETURN: 65500newEventCount: 1
processWriteEvent currEventident : 33 filter : WRITE flags : 0x5 data: 65536

write buffer size: 65536
WRITE currEvent ident : 33 filter : WRITE flags : 0x5 data: 65536

WRITE RETURN: 65500newEventCount: 1
processWriteEvent currEventident : 33 filter : WRITE flags : 0x5 data: 65536

write buffer size: 65536
WRITE currEvent ident : 33 filter : WRITE flags : 0x5 data: 65536

WRITE RETURN: 65500newEventCount: 1
processWriteEvent currEventident : 33 filter : WRITE flags : 0x5 data: 65536

write buffer size: 65536
WRITE currEvent ident : 33 filter : WRITE flags : 0x5 data: 65536

WRITE RETURN: 65500newEventCount: 1
processWriteEvent currEventident : 33 filter : WRITE flags : 0x5 data: 65536

write buffer size: 65536
WRITE currEvent ident : 33 filter : WRITE flags : 0x5 data: 65536

WRITE RETURN: 65500newEventCount: 1
processWriteEvent currEventident : 33 filter : WRITE flags : 0x5 data: 65536

write buffer size: 65536
WRITE currEvent ident : 33 filter : WRITE flags : 0x5 data: 65536

WRITE RETURN: 65500newEventCount: 1
processWriteEvent currEventident : 33 filter : WRITE flags : 0x5 data: 65536

write buffer size: 65536
WRITE currEvent ident : 33 filter : WRITE flags : 0x5 data: 65536

WRITE RETURN: 65500newEventCount: 1
processWriteEvent currEventident : 33 filter : WRITE flags : 0x5 data: 65536

write buffer size: 65536
WRITE currEvent ident : 33 filter : WRITE flags : 0x5 data: 65536

WRITE RETURN: 65500newEventCount: 1
processWriteEvent currEventident : 33 filter : WRITE flags : 0x5 data: 65536

write buffer size: 65536
WRITE currEvent ident : 33 filter : WRITE flags : 0x5 data: 65536

WRITE RETURN: 65500newEventCount: 1
processWriteEvent currEventident : 33 filter : WRITE flags : 0x5 data: 65536

write buffer size: 65536
WRITE currEvent ident : 33 filter : WRITE flags : 0x5 data: 65536

WRITE RETURN: 65500newEventCount: 1
processWriteEvent currEventident : 33 filter : WRITE flags : 0x5 data: 65536

write buffer size: 65536
WRITE currEvent ident : 33 filter : WRITE flags : 0x5 data: 65536

WRITE RETURN: 65500newEventCount: 1
processWriteEvent currEventident : 33 filter : WRITE flags : 0x5 data: 65536

write buffer size: 65536
WRITE currEvent ident : 33 filter : WRITE flags : 0x5 data: 65536

WRITE RETURN: 65500newEventCount: 1
processWriteEvent currEventident : 33 filter : WRITE flags : 0x5 data: 65536

write buffer size: 65536
WRITE currEvent ident : 33 filter : WRITE flags : 0x5 data: 65536

WRITE RETURN: 65500newEventCount: 1
processWriteEvent currEventident : 33 filter : WRITE flags : 0x5 data: 32804

write buffer size: 32804
WRITE currEvent ident : 33 filter : WRITE flags : 0x5 data: 32804

WRITE RETURN: 65500newEventCount: 1
processWriteEvent currEventident : 33 filter : WRITE flags : 0x5 data: 65536

write buffer size: 65536
WRITE currEvent ident : 33 filter : WRITE flags : 0x5 data: 65536

WRITE RETURN: 65500newEventCount: 1
processWriteEvent currEventident : 33 filter : WRITE flags : 0x5 data: 65536

write buffer size: 65536
WRITE currEvent ident : 33 filter : WRITE flags : 0x5 data: 65536

WRITE RETURN: 65500newEventCount: 1
processWriteEvent currEventident : 33 filter : WRITE flags : 0x5 data: 65536

write buffer size: 65536
WRITE currEvent ident : 33 filter : WRITE flags : 0x5 data: 65536

WRITE RETURN: 65500newEventCount: 1
processWriteEvent currEventident : 33 filter : WRITE flags : 0x5 data: 65536

write buffer size: 65536
WRITE currEvent ident : 33 filter : WRITE flags : 0x5 data: 65536

WRITE RETURN: 65500newEventCount: 1
processWriteEvent currEventident : 33 filter : WRITE flags : 0x5 data: 65536

write buffer size: 65536
WRITE currEvent ident : 33 filter : WRITE flags : 0x5 data: 65536

WRITE RETURN: 65500newEventCount: 1
processWriteEvent currEventident : 33 filter : WRITE flags : 0x5 data: 65536

write buffer size: 65536
WRITE currEvent ident : 33 filter : WRITE flags : 0x5 data: 65536

WRITE RETURN: 65500newEventCount: 1
processWriteEvent currEventident : 33 filter : WRITE flags : 0x5 data: 65536

write buffer size: 65536
WRITE currEvent ident : 33 filter : WRITE flags : 0x5 data: 65536

WRITE RETURN: 65500newEventCount: 1
processWriteEvent currEventident : 33 filter : WRITE flags : 0x5 data: 65536

write buffer size: 65536
WRITE currEvent ident : 33 filter : WRITE flags : 0x5 data: 65536

WRITE RETURN: 65500newEventCount: 1
processWriteEvent currEventident : 33 filter : WRITE flags : 0x5 data: 65536

write buffer size: 65536
WRITE currEvent ident : 33 filter : WRITE flags : 0x5 data: 65536

WRITE RETURN: 65500newEventCount: 1
processWriteEvent currEventident : 33 filter : WRITE flags : 0x5 data: 65536

write buffer size: 65536
WRITE currEvent ident : 33 filter : WRITE flags : 0x5 data: 65536

WRITE RETURN: 65500newEventCount: 1
processWriteEvent currEventident : 33 filter : WRITE flags : 0x5 data: 65536

write buffer size: 65536
WRITE currEvent ident : 33 filter : WRITE flags : 0x5 data: 65536

WRITE RETURN: 65500newEventCount: 1
processWriteEvent currEventident : 33 filter : WRITE flags : 0x5 data: 65536

write buffer size: 65536
WRITE currEvent ident : 33 filter : WRITE flags : 0x5 data: 65536

WRITE RETURN: 65500newEventCount: 1
processWriteEvent currEventident : 33 filter : WRITE flags : 0x5 data: 65536

write buffer size: 65536
WRITE currEvent ident : 33 filter : WRITE flags : 0x5 data: 65536

WRITE RETURN: 65500newEventCount: 1
processWriteEvent currEventident : 33 filter : WRITE flags : 0x5 data: 65536

write buffer size: 65536
WRITE currEvent ident : 33 filter : WRITE flags : 0x5 data: 65536

WRITE RETURN: 65500newEventCount: 1
processWriteEvent currEventident : 33 filter : WRITE flags : 0x5 data: 65536

write buffer size: 65536
WRITE currEvent ident : 33 filter : WRITE flags : 0x5 data: 65536

WRITE RETURN: 65500newEventCount: 1
processWriteEvent currEventident : 33 filter : WRITE flags : 0x5 data: 49188

write buffer size: 49188
WRITE currEvent ident : 33 filter : WRITE flags : 0x5 data: 49188

WRITE RETURN: 65500newEventCount: 1
processWriteEvent currEventident : 33 filter : WRITE flags : 0x5 data: 65536

write buffer size: 65536
WRITE currEvent ident : 33 filter : WRITE flags : 0x5 data: 65536

WRITE RETURN: 65500newEventCount: 1
processWriteEvent currEventident : 33 filter : WRITE flags : 0x5 data: 65536

write buffer size: 65536
WRITE currEvent ident : 33 filter : WRITE flags : 0x5 data: 65536

WRITE RETURN: 65500newEventCount: 1
processWriteEvent currEventident : 33 filter : WRITE flags : 0x5 data: 65536

write buffer size: 65536
WRITE currEvent ident : 33 filter : WRITE flags : 0x5 data: 65536

WRITE RETURN: 65500newEventCount: 1
processWriteEvent currEventident : 33 filter : WRITE flags : 0x5 data: 65536

write buffer size: 65536
WRITE currEvent ident : 33 filter : WRITE flags : 0x5 data: 65536

WRITE RETURN: 65500newEventCount: 1
processWriteEvent currEventident : 33 filter : WRITE flags : 0x5 data: 65536

write buffer size: 65536
WRITE currEvent ident : 33 filter : WRITE flags : 0x5 data: 65536

WRITE RETURN: 65500newEventCount: 1
processWriteEvent currEventident : 33 filter : WRITE flags : 0x5 data: 65536

write buffer size: 65536
WRITE currEvent ident : 33 filter : WRITE flags : 0x5 data: 65536

WRITE RETURN: 65500newEventCount: 1
processWriteEvent currEventident : 33 filter : WRITE flags : 0x5 data: 65536

write buffer size: 65536
WRITE currEvent ident : 33 filter : WRITE flags : 0x5 data: 65536

WRITE RETURN: 65500newEventCount: 1
processWriteEvent currEventident : 33 filter : WRITE flags : 0x5 data: 65536

write buffer size: 65536
WRITE currEvent ident : 33 filter : WRITE flags : 0x5 data: 65536

WRITE RETURN: 65500newEventCount: 1
processWriteEvent currEventident : 33 filter : WRITE flags : 0x5 data: 65536

write buffer size: 65536
WRITE currEvent ident : 33 filter : WRITE flags : 0x5 data: 65536

WRITE RETURN: 65500newEventCount: 1
processWriteEvent currEventident : 33 filter : WRITE flags : 0x5 data: 65536

write buffer size: 65536
WRITE currEvent ident : 33 filter : WRITE flags : 0x5 data: 65536

WRITE RETURN: 65500newEventCount: 1
processWriteEvent currEventident : 33 filter : WRITE flags : 0x5 data: 65536

write buffer size: 65536
WRITE currEvent ident : 33 filter : WRITE flags : 0x5 data: 65536

WRITE RETURN: 65500newEventCount: 1
processWriteEvent currEventident : 33 filter : WRITE flags : 0x5 data: 65536

write buffer size: 65536
WRITE currEvent ident : 33 filter : WRITE flags : 0x5 data: 65536

WRITE RETURN: 65500newEventCount: 1
processWriteEvent currEventident : 33 filter : WRITE flags : 0x5 data: 65536

write buffer size: 65536
WRITE currEvent ident : 33 filter : WRITE flags : 0x5 data: 65536

WRITE RETURN: 65500newEventCount: 1
processWriteEvent currEventident : 33 filter : WRITE flags : 0x5 data: 65536

write buffer size: 65536
WRITE currEvent ident : 33 filter : WRITE flags : 0x5 data: 65536

WRITE RETURN: 65500newEventCount: 1
processWriteEvent currEventident : 33 filter : WRITE flags : 0x5 data: 65536

write buffer size: 65536
WRITE currEvent ident : 33 filter : WRITE flags : 0x5 data: 65536

WRITE RETURN: 65500newEventCount: 1
processWriteEvent currEventident : 33 filter : WRITE flags : 0x5 data: 49188

write buffer size: 49188
WRITE currEvent ident : 33 filter : WRITE flags : 0x5 data: 49188

WRITE RETURN: 65500newEventCount: 1
processWriteEvent currEventident : 33 filter : WRITE flags : 0x5 data: 65536

write buffer size: 65536
WRITE currEvent ident : 33 filter : WRITE flags : 0x5 data: 65536

WRITE RETURN: 65500newEventCount: 1
processWriteEvent currEventident : 33 filter : WRITE flags : 0x5 data: 65536

write buffer size: 65536
WRITE currEvent ident : 33 filter : WRITE flags : 0x5 data: 65536

WRITE RETURN: 65500newEventCount: 1
processWriteEvent currEventident : 33 filter : WRITE flags : 0x5 data: 65536

write buffer size: 65536
WRITE currEvent ident : 33 filter : WRITE flags : 0x5 data: 65536

WRITE RETURN: 65500newEventCount: 1
processWriteEvent currEventident : 33 filter : WRITE flags : 0x5 data: 65536

write buffer size: 65536
WRITE currEvent ident : 33 filter : WRITE flags : 0x5 data: 65536

WRITE RETURN: 65500newEventCount: 1
processWriteEvent currEventident : 33 filter : WRITE flags : 0x5 data: 65536

write buffer size: 65536
WRITE currEvent ident : 33 filter : WRITE flags : 0x5 data: 65536

WRITE RETURN: 65500newEventCount: 1
processWriteEvent currEventident : 33 filter : WRITE flags : 0x5 data: 65536

write buffer size: 65536
WRITE currEvent ident : 33 filter : WRITE flags : 0x5 data: 65536

WRITE RETURN: 65500newEventCount: 1
processWriteEvent currEventident : 33 filter : WRITE flags : 0x5 data: 65536

write buffer size: 65536
WRITE currEvent ident : 33 filter : WRITE flags : 0x5 data: 65536

WRITE RETURN: 65500newEventCount: 1
processWriteEvent currEventident : 33 filter : WRITE flags : 0x5 data: 65536

write buffer size: 65536
WRITE currEvent ident : 33 filter : WRITE flags : 0x5 data: 65536

WRITE RETURN: 65500newEventCount: 1
processWriteEvent currEventident : 33 filter : WRITE flags : 0x5 data: 65536

write buffer size: 65536
WRITE currEvent ident : 33 filter : WRITE flags : 0x5 data: 65536

WRITE RETURN: 65500newEventCount: 1
processWriteEvent currEventident : 33 filter : WRITE flags : 0x5 data: 65536

write buffer size: 65536
WRITE currEvent ident : 33 filter : WRITE flags : 0x5 data: 65536

WRITE RETURN: 65500newEventCount: 1
processWriteEvent currEventident : 33 filter : WRITE flags : 0x5 data: 65536

write buffer size: 65536
WRITE currEvent ident : 33 filter : WRITE flags : 0x5 data: 65536

WRITE RETURN: 65500newEventCount: 1
processWriteEvent currEventident : 33 filter : WRITE flags : 0x5 data: 65536

write buffer size: 65536
WRITE currEvent ident : 33 filter : WRITE flags : 0x5 data: 65536

WRITE RETURN: 65500newEventCount: 1
processWriteEvent currEventident : 33 filter : WRITE flags : 0x5 data: 65536

write buffer size: 65536
WRITE currEvent ident : 33 filter : WRITE flags : 0x5 data: 65536

WRITE RETURN: 65500newEventCount: 1
processWriteEvent currEventident : 33 filter : WRITE flags : 0x5 data: 65536

write buffer size: 65536
WRITE currEvent ident : 33 filter : WRITE flags : 0x5 data: 65536

WRITE RETURN: 65500newEventCount: 1
processWriteEvent currEventident : 33 filter : WRITE flags : 0x5 data: 65536

write buffer size: 65536
WRITE currEvent ident : 33 filter : WRITE flags : 0x5 data: 65536

WRITE RETURN: 65500newEventCount: 1
processWriteEvent currEventident : 33 filter : WRITE flags : 0x5 data: 49188

write buffer size: 49188
WRITE currEvent ident : 33 filter : WRITE flags : 0x5 data: 49188

WRITE RETURN: 65500newEventCount: 1
processWriteEvent currEventident : 33 filter : WRITE flags : 0x5 data: 65536

write buffer size: 65536
WRITE currEvent ident : 33 filter : WRITE flags : 0x5 data: 65536

WRITE RETURN: 65500newEventCount: 1
processWriteEvent currEventident : 33 filter : WRITE flags : 0x5 data: 65536

write buffer size: 65536
WRITE currEvent ident : 33 filter : WRITE flags : 0x5 data: 65536

WRITE RETURN: 65500newEventCount: 1
processWriteEvent currEventident : 33 filter : WRITE flags : 0x5 data: 65536

write buffer size: 65536
WRITE currEvent ident : 33 filter : WRITE flags : 0x5 data: 65536

WRITE RETURN: 65500newEventCount: 1
processWriteEvent currEventident : 33 filter : WRITE flags : 0x5 data: 65536

write buffer size: 65536
WRITE currEvent ident : 33 filter : WRITE flags : 0x5 data: 65536

WRITE RETURN: 65500newEventCount: 1
processWriteEvent currEventident : 33 filter : WRITE flags : 0x5 data: 65536

write buffer size: 65536
WRITE currEvent ident : 33 filter : WRITE flags : 0x5 data: 65536

WRITE RETURN: 65500newEventCount: 1
processWriteEvent currEventident : 33 filter : WRITE flags : 0x5 data: 65536

write buffer size: 65536
WRITE currEvent ident : 33 filter : WRITE flags : 0x5 data: 65536

WRITE RETURN: 65500newEventCount: 1
processWriteEvent currEventident : 33 filter : WRITE flags : 0x5 data: 65536

write buffer size: 65536
WRITE currEvent ident : 33 filter : WRITE flags : 0x5 data: 65536

WRITE RETURN: 65500newEventCount: 1
processWriteEvent currEventident : 33 filter : WRITE flags : 0x5 data: 65536

write buffer size: 65536
WRITE currEvent ident : 33 filter : WRITE flags : 0x5 data: 65536

WRITE RETURN: 65500newEventCount: 1
processWriteEvent currEventident : 33 filter : WRITE flags : 0x5 data: 65536

write buffer size: 65536
WRITE currEvent ident : 33 filter : WRITE flags : 0x5 data: 65536

WRITE RETURN: 65500newEventCount: 1
processWriteEvent currEventident : 33 filter : WRITE flags : 0x5 data: 65536

write buffer size: 65536
WRITE currEvent ident : 33 filter : WRITE flags : 0x5 data: 65536

WRITE RETURN: 65500newEventCount: 1
processWriteEvent currEventident : 33 filter : WRITE flags : 0x5 data: 65536

write buffer size: 65536
WRITE currEvent ident : 33 filter : WRITE flags : 0x5 data: 65536

WRITE RETURN: 65500newEventCount: 1
processWriteEvent currEventident : 33 filter : WRITE flags : 0x5 data: 65536

write buffer size: 65536
WRITE currEvent ident : 33 filter : WRITE flags : 0x5 data: 65536

WRITE RETURN: 65500newEventCount: 1
processWriteEvent currEventident : 33 filter : WRITE flags : 0x5 data: 65536

write buffer size: 65536
WRITE currEvent ident : 33 filter : WRITE flags : 0x5 data: 65536

WRITE RETURN: 65500newEventCount: 1
processWriteEvent currEventident : 33 filter : WRITE flags : 0x5 data: 65536

write buffer size: 65536
WRITE currEvent ident : 33 filter : WRITE flags : 0x5 data: 65536

WRITE RETURN: 65500newEventCount: 1
processWriteEvent currEventident : 33 filter : WRITE flags : 0x5 data: 65536

write buffer size: 65536
WRITE currEvent ident : 33 filter : WRITE flags : 0x5 data: 65536

WRITE RETURN: 65500newEventCount: 1
processWriteEvent currEventident : 33 filter : WRITE flags : 0x5 data: 49188

write buffer size: 49188
WRITE currEvent ident : 33 filter : WRITE flags : 0x5 data: 49188

WRITE RETURN: 65500newEventCount: 1
processWriteEvent currEventident : 33 filter : WRITE flags : 0x5 data: 65536

write buffer size: 65536
WRITE currEvent ident : 33 filter : WRITE flags : 0x5 data: 65536

WRITE RETURN: 65500newEventCount: 1
processWriteEvent currEventident : 33 filter : WRITE flags : 0x5 data: 65536

write buffer size: 65536
WRITE currEvent ident : 33 filter : WRITE flags : 0x5 data: 65536

WRITE RETURN: 65500newEventCount: 1
processWriteEvent currEventident : 33 filter : WRITE flags : 0x5 data: 65536

write buffer size: 65536
WRITE currEvent ident : 33 filter : WRITE flags : 0x5 data: 65536

WRITE RETURN: 65500newEventCount: 1
processWriteEvent currEventident : 33 filter : WRITE flags : 0x5 data: 65536

write buffer size: 65536
WRITE currEvent ident : 33 filter : WRITE flags : 0x5 data: 65536

WRITE RETURN: 65500newEventCount: 1
processWriteEvent currEventident : 33 filter : WRITE flags : 0x5 data: 65536

write buffer size: 65536
WRITE currEvent ident : 33 filter : WRITE flags : 0x5 data: 65536

WRITE RETURN: 65500newEventCount: 1
processWriteEvent currEventident : 33 filter : WRITE flags : 0x5 data: 65536

write buffer size: 65536
WRITE currEvent ident : 33 filter : WRITE flags : 0x5 data: 65536

WRITE RETURN: 65500newEventCount: 1
processWriteEvent currEventident : 33 filter : WRITE flags : 0x5 data: 65536

write buffer size: 65536
WRITE currEvent ident : 33 filter : WRITE flags : 0x5 data: 65536

WRITE RETURN: 65500newEventCount: 1
processWriteEvent currEventident : 33 filter : WRITE flags : 0x5 data: 65536

write buffer size: 65536
WRITE currEvent ident : 33 filter : WRITE flags : 0x5 data: 65536

WRITE RETURN: 65500newEventCount: 1
processWriteEvent currEventident : 33 filter : WRITE flags : 0x5 data: 65536

write buffer size: 65536
WRITE currEvent ident : 33 filter : WRITE flags : 0x5 data: 65536

WRITE RETURN: 65500newEventCount: 1
processWriteEvent currEventident : 33 filter : WRITE flags : 0x5 data: 65536

write buffer size: 65536
WRITE currEvent ident : 33 filter : WRITE flags : 0x5 data: 65536

WRITE RETURN: 65500newEventCount: 1
processWriteEvent currEventident : 33 filter : WRITE flags : 0x5 data: 65536

write buffer size: 65536
WRITE currEvent ident : 33 filter : WRITE flags : 0x5 data: 65536

WRITE RETURN: 65500newEventCount: 1
processWriteEvent currEventident : 33 filter : WRITE flags : 0x5 data: 65536

write buffer size: 65536
WRITE currEvent ident : 33 filter : WRITE flags : 0x5 data: 65536

WRITE RETURN: 65500newEventCount: 1
processWriteEvent currEventident : 33 filter : WRITE flags : 0x5 data: 65536

write buffer size: 65536
WRITE currEvent ident : 33 filter : WRITE flags : 0x5 data: 65536

WRITE RETURN: 65500newEventCount: 1
processWriteEvent currEventident : 33 filter : WRITE flags : 0x5 data: 65536

write buffer size: 65536
WRITE currEvent ident : 33 filter : WRITE flags : 0x5 data: 65536

WRITE RETURN: 65500newEventCount: 1
processWriteEvent currEventident : 33 filter : WRITE flags : 0x5 data: 65536

write buffer size: 65536
WRITE currEvent ident : 33 filter : WRITE flags : 0x5 data: 65536

WRITE RETURN: 65500newEventCount: 1
processWriteEvent currEventident : 33 filter : WRITE flags : 0x5 data: 49188

write buffer size: 49188
WRITE currEvent ident : 33 filter : WRITE flags : 0x5 data: 49188

WRITE RETURN: 65500newEventCount: 1
processWriteEvent currEventident : 33 filter : WRITE flags : 0x5 data: 65536

write buffer size: 65536
WRITE currEvent ident : 33 filter : WRITE flags : 0x5 data: 65536

WRITE RETURN: 65500newEventCount: 1
processWriteEvent currEventident : 33 filter : WRITE flags : 0x5 data: 65536

write buffer size: 65536
WRITE currEvent ident : 33 filter : WRITE flags : 0x5 data: 65536

WRITE RETURN: 65500newEventCount: 1
processWriteEvent currEventident : 33 filter : WRITE flags : 0x5 data: 65536

write buffer size: 65536
WRITE currEvent ident : 33 filter : WRITE flags : 0x5 data: 65536

WRITE RETURN: 65500newEventCount: 1
processWriteEvent currEventident : 33 filter : WRITE flags : 0x5 data: 65536

write buffer size: 65536
WRITE currEvent ident : 33 filter : WRITE flags : 0x5 data: 65536

WRITE RETURN: 65500newEventCount: 1
processWriteEvent currEventident : 33 filter : WRITE flags : 0x5 data: 65536

write buffer size: 65536
WRITE currEvent ident : 33 filter : WRITE flags : 0x5 data: 65536

WRITE RETURN: 65500newEventCount: 1
processWriteEvent currEventident : 33 filter : WRITE flags : 0x5 data: 65536

write buffer size: 65536
WRITE currEvent ident : 33 filter : WRITE flags : 0x5 data: 65536

WRITE RETURN: 65500newEventCount: 1
processWriteEvent currEventident : 33 filter : WRITE flags : 0x5 data: 65536

write buffer size: 65536
WRITE currEvent ident : 33 filter : WRITE flags : 0x5 data: 65536

WRITE RETURN: 65500newEventCount: 1
processWriteEvent currEventident : 33 filter : WRITE flags : 0x5 data: 65536

write buffer size: 65536
WRITE currEvent ident : 33 filter : WRITE flags : 0x5 data: 65536

WRITE RETURN: 65500newEventCount: 1
processWriteEvent currEventident : 33 filter : WRITE flags : 0x5 data: 65536

write buffer size: 65536
WRITE currEvent ident : 33 filter : WRITE flags : 0x5 data: 65536

WRITE RETURN: 65500newEventCount: 1
processWriteEvent currEventident : 33 filter : WRITE flags : 0x5 data: 65536

write buffer size: 65536
WRITE currEvent ident : 33 filter : WRITE flags : 0x5 data: 65536

WRITE RETURN: 65500newEventCount: 1
processWriteEvent currEventident : 33 filter : WRITE flags : 0x5 data: 65536

write buffer size: 65536
WRITE currEvent ident : 33 filter : WRITE flags : 0x5 data: 65536

WRITE RETURN: 65500newEventCount: 1
processWriteEvent currEventident : 33 filter : WRITE flags : 0x5 data: 65536

write buffer size: 65536
WRITE currEvent ident : 33 filter : WRITE flags : 0x5 data: 65536

WRITE RETURN: 65500newEventCount: 1
processWriteEvent currEventident : 33 filter : WRITE flags : 0x5 data: 65536

write buffer size: 65536
WRITE currEvent ident : 33 filter : WRITE flags : 0x5 data: 65536

WRITE RETURN: 65500newEventCount: 1
processWriteEvent currEventident : 33 filter : WRITE flags : 0x5 data: 65536

write buffer size: 65536
WRITE currEvent ident : 33 filter : WRITE flags : 0x5 data: 65536

WRITE RETURN: 65500newEventCount: 1
processWriteEvent currEventident : 33 filter : WRITE flags : 0x5 data: 65536

write buffer size: 65536
WRITE currEvent ident : 33 filter : WRITE flags : 0x5 data: 65536

WRITE RETURN: 65500newEventCount: 1
processWriteEvent currEventident : 33 filter : WRITE flags : 0x5 data: 49188

write buffer size: 49188
WRITE currEvent ident : 33 filter : WRITE flags : 0x5 data: 49188

WRITE RETURN: 65500newEventCount: 1
processWriteEvent currEventident : 33 filter : WRITE flags : 0x5 data: 65536

write buffer size: 65536
WRITE currEvent ident : 33 filter : WRITE flags : 0x5 data: 65536

WRITE RETURN: 65500newEventCount: 1
processWriteEvent currEventident : 33 filter : WRITE flags : 0x5 data: 65536

write buffer size: 65536
WRITE currEvent ident : 33 filter : WRITE flags : 0x5 data: 65536

WRITE RETURN: 65500newEventCount: 1
processWriteEvent currEventident : 33 filter : WRITE flags : 0x5 data: 65536

write buffer size: 65536
WRITE currEvent ident : 33 filter : WRITE flags : 0x5 data: 65536

WRITE RETURN: 65500newEventCount: 1
processWriteEvent currEventident : 33 filter : WRITE flags : 0x5 data: 65536

write buffer size: 65536
WRITE currEvent ident : 33 filter : WRITE flags : 0x5 data: 65536

WRITE RETURN: 65500newEventCount: 1
processWriteEvent currEventident : 33 filter : WRITE flags : 0x5 data: 65536

write buffer size: 65536
WRITE currEvent ident : 33 filter : WRITE flags : 0x5 data: 65536

WRITE RETURN: 65500newEventCount: 1
processWriteEvent currEventident : 33 filter : WRITE flags : 0x5 data: 65536

write buffer size: 65536
WRITE currEvent ident : 33 filter : WRITE flags : 0x5 data: 65536

WRITE RETURN: 65500newEventCount: 1
processWriteEvent currEventident : 33 filter : WRITE flags : 0x5 data: 65536

write buffer size: 65536
WRITE currEvent ident : 33 filter : WRITE flags : 0x5 data: 65536

WRITE RETURN: 65500newEventCount: 1
processWriteEvent currEventident : 33 filter : WRITE flags : 0x5 data: 65536

write buffer size: 65536
WRITE currEvent ident : 33 filter : WRITE flags : 0x5 data: 65536

WRITE RETURN: 65500newEventCount: 1
processWriteEvent currEventident : 33 filter : WRITE flags : 0x5 data: 65536

write buffer size: 65536
WRITE currEvent ident : 33 filter : WRITE flags : 0x5 data: 65536

WRITE RETURN: 65500newEventCount: 1
processWriteEvent currEventident : 33 filter : WRITE flags : 0x5 data: 65536

write buffer size: 65536
WRITE currEvent ident : 33 filter : WRITE flags : 0x5 data: 65536

WRITE RETURN: 65500newEventCount: 1
processWriteEvent currEventident : 33 filter : WRITE flags : 0x5 data: 65536

write buffer size: 65536
WRITE currEvent ident : 33 filter : WRITE flags : 0x5 data: 65536

WRITE RETURN: 65500newEventCount: 1
processWriteEvent currEventident : 33 filter : WRITE flags : 0x5 data: 65536

write buffer size: 65536
WRITE currEvent ident : 33 filter : WRITE flags : 0x5 data: 65536

WRITE RETURN: 65500newEventCount: 1
processWriteEvent currEventident : 33 filter : WRITE flags : 0x5 data: 65536

write buffer size: 65536
WRITE currEvent ident : 33 filter : WRITE flags : 0x5 data: 65536

WRITE RETURN: 65500newEventCount: 1
processWriteEvent currEventident : 33 filter : WRITE flags : 0x5 data: 65536

write buffer size: 65536
WRITE currEvent ident : 33 filter : WRITE flags : 0x5 data: 65536

WRITE RETURN: 65500newEventCount: 1
processWriteEvent currEventident : 33 filter : WRITE flags : 0x5 data: 65536

write buffer size: 65536
WRITE currEvent ident : 33 filter : WRITE flags : 0x5 data: 65536

WRITE RETURN: 65500newEventCount: 1
processWriteEvent currEventident : 33 filter : WRITE flags : 0x5 data: 49188

write buffer size: 49188
WRITE currEvent ident : 33 filter : WRITE flags : 0x5 data: 49188

WRITE RETURN: 65500newEventCount: 1
processWriteEvent currEventident : 33 filter : WRITE flags : 0x5 data: 65536

write buffer size: 65536
WRITE currEvent ident : 33 filter : WRITE flags : 0x5 data: 65536

WRITE RETURN: 65500newEventCount: 1
processWriteEvent currEventident : 33 filter : WRITE flags : 0x5 data: 65536

write buffer size: 65536
WRITE currEvent ident : 33 filter : WRITE flags : 0x5 data: 65536

WRITE RETURN: 65500newEventCount: 1
processWriteEvent currEventident : 33 filter : WRITE flags : 0x5 data: 65536

write buffer size: 65536
WRITE currEvent ident : 33 filter : WRITE flags : 0x5 data: 65536

WRITE RETURN: 65500newEventCount: 1
processWriteEvent currEventident : 33 filter : WRITE flags : 0x5 data: 65536

write buffer size: 65536
WRITE currEvent ident : 33 filter : WRITE flags : 0x5 data: 65536

WRITE RETURN: 65500newEventCount: 1
processWriteEvent currEventident : 33 filter : WRITE flags : 0x5 data: 65536

write buffer size: 65536
WRITE currEvent ident : 33 filter : WRITE flags : 0x5 data: 65536

WRITE RETURN: 65500newEventCount: 1
processWriteEvent currEventident : 33 filter : WRITE flags : 0x5 data: 65536

write buffer size: 65536
WRITE currEvent ident : 33 filter : WRITE flags : 0x5 data: 65536

WRITE RETURN: 65500newEventCount: 1
processWriteEvent currEventident : 33 filter : WRITE flags : 0x5 data: 65536

write buffer size: 65536
WRITE currEvent ident : 33 filter : WRITE flags : 0x5 data: 65536

WRITE RETURN: 65500newEventCount: 1
processWriteEvent currEventident : 33 filter : WRITE flags : 0x5 data: 65536

write buffer size: 65536
WRITE currEvent ident : 33 filter : WRITE flags : 0x5 data: 65536

WRITE RETURN: 65500newEventCount: 1
processWriteEvent currEventident : 33 filter : WRITE flags : 0x5 data: 65536

write buffer size: 65536
WRITE currEvent ident : 33 filter : WRITE flags : 0x5 data: 65536

WRITE RETURN: 65500newEventCount: 1
processWriteEvent currEventident : 33 filter : WRITE flags : 0x5 data: 65536

write buffer size: 65536
WRITE currEvent ident : 33 filter : WRITE flags : 0x5 data: 65536

WRITE RETURN: 65500newEventCount: 1
processWriteEvent currEventident : 33 filter : WRITE flags : 0x5 data: 65536

write buffer size: 65536
WRITE currEvent ident : 33 filter : WRITE flags : 0x5 data: 65536

WRITE RETURN: 65500newEventCount: 1
processWriteEvent currEventident : 33 filter : WRITE flags : 0x5 data: 65536

write buffer size: 65536
WRITE currEvent ident : 33 filter : WRITE flags : 0x5 data: 65536

WRITE RETURN: 65500newEventCount: 1
processWriteEvent currEventident : 33 filter : WRITE flags : 0x5 data: 65536

write buffer size: 65536
WRITE currEvent ident : 33 filter : WRITE flags : 0x5 data: 65536

WRITE RETURN: 65500newEventCount: 1
processWriteEvent currEventident : 33 filter : WRITE flags : 0x5 data: 65536

write buffer size: 65536
WRITE currEvent ident : 33 filter : WRITE flags : 0x5 data: 65536

WRITE RETURN: 65500newEventCount: 1
processWriteEvent currEventident : 33 filter : WRITE flags : 0x5 data: 65536

write buffer size: 65536
WRITE currEvent ident : 33 filter : WRITE flags : 0x5 data: 65536

WRITE RETURN: 65500newEventCount: 1
processWriteEvent currEventident : 33 filter : WRITE flags : 0x5 data: 49188

write buffer size: 49188
WRITE currEvent ident : 33 filter : WRITE flags : 0x5 data: 49188

WRITE RETURN: 65500newEventCount: 1
processWriteEvent currEventident : 33 filter : WRITE flags : 0x5 data: 65536

write buffer size: 65536
WRITE currEvent ident : 33 filter : WRITE flags : 0x5 data: 65536

WRITE RETURN: 65500newEventCount: 1
processWriteEvent currEventident : 33 filter : WRITE flags : 0x5 data: 65536

write buffer size: 65536
WRITE currEvent ident : 33 filter : WRITE flags : 0x5 data: 65536

WRITE RETURN: 65500newEventCount: 1
processWriteEvent currEventident : 33 filter : WRITE flags : 0x5 data: 65536

write buffer size: 65536
WRITE currEvent ident : 33 filter : WRITE flags : 0x5 data: 65536

WRITE RETURN: 65500newEventCount: 1
processWriteEvent currEventident : 33 filter : WRITE flags : 0x5 data: 65536

write buffer size: 65536
WRITE currEvent ident : 33 filter : WRITE flags : 0x5 data: 65536

WRITE RETURN: 65500newEventCount: 1
processWriteEvent currEventident : 33 filter : WRITE flags : 0x5 data: 65536

write buffer size: 65536
WRITE currEvent ident : 33 filter : WRITE flags : 0x5 data: 65536

WRITE RETURN: 65500newEventCount: 1
processWriteEvent currEventident : 33 filter : WRITE flags : 0x5 data: 65536

write buffer size: 65536
WRITE currEvent ident : 33 filter : WRITE flags : 0x5 data: 65536

WRITE RETURN: 65500newEventCount: 1
processWriteEvent currEventident : 33 filter : WRITE flags : 0x5 data: 65536

write buffer size: 65536
WRITE currEvent ident : 33 filter : WRITE flags : 0x5 data: 65536

WRITE RETURN: 65500newEventCount: 1
processWriteEvent currEventident : 33 filter : WRITE flags : 0x5 data: 65536

write buffer size: 65536
WRITE currEvent ident : 33 filter : WRITE flags : 0x5 data: 65536

WRITE RETURN: 65500newEventCount: 1
processWriteEvent currEventident : 33 filter : WRITE flags : 0x5 data: 65536

write buffer size: 65536
WRITE currEvent ident : 33 filter : WRITE flags : 0x5 data: 65536

WRITE RETURN: 65500newEventCount: 1
processWriteEvent currEventident : 33 filter : WRITE flags : 0x5 data: 65536

write buffer size: 65536
WRITE currEvent ident : 33 filter : WRITE flags : 0x5 data: 65536

WRITE RETURN: 65500newEventCount: 1
processWriteEvent currEventident : 33 filter : WRITE flags : 0x5 data: 65536

write buffer size: 65536
WRITE currEvent ident : 33 filter : WRITE flags : 0x5 data: 65536

WRITE RETURN: 65500newEventCount: 1
processWriteEvent currEventident : 33 filter : WRITE flags : 0x5 data: 65536

write buffer size: 65536
WRITE currEvent ident : 33 filter : WRITE flags : 0x5 data: 65536

WRITE RETURN: 65500newEventCount: 1
processWriteEvent currEventident : 33 filter : WRITE flags : 0x5 data: 65536

write buffer size: 65536
WRITE currEvent ident : 33 filter : WRITE flags : 0x5 data: 65536

WRITE RETURN: 65500newEventCount: 1
processWriteEvent currEventident : 33 filter : WRITE flags : 0x5 data: 65536

write buffer size: 65536
WRITE currEvent ident : 33 filter : WRITE flags : 0x5 data: 65536

WRITE RETURN: 65500newEventCount: 1
processWriteEvent currEventident : 33 filter : WRITE flags : 0x5 data: 65536

write buffer size: 65536
WRITE currEvent ident : 33 filter : WRITE flags : 0x5 data: 65536

WRITE RETURN: 65500newEventCount: 1
processWriteEvent currEventident : 33 filter : WRITE flags : 0x5 data: 49188

write buffer size: 49188
WRITE currEvent ident : 33 filter : WRITE flags : 0x5 data: 49188

WRITE RETURN: 65500newEventCount: 1
processWriteEvent currEventident : 33 filter : WRITE flags : 0x5 data: 65536

write buffer size: 65536
WRITE currEvent ident : 33 filter : WRITE flags : 0x5 data: 65536

WRITE RETURN: 65500newEventCount: 1
processWriteEvent currEventident : 33 filter : WRITE flags : 0x5 data: 65536

write buffer size: 65536
WRITE currEvent ident : 33 filter : WRITE flags : 0x5 data: 65536

WRITE RETURN: 65500newEventCount: 1
processWriteEvent currEventident : 33 filter : WRITE flags : 0x5 data: 65536

write buffer size: 65536
WRITE currEvent ident : 33 filter : WRITE flags : 0x5 data: 65536

WRITE RETURN: 65500newEventCount: 1
processWriteEvent currEventident : 33 filter : WRITE flags : 0x5 data: 65536

write buffer size: 65536
WRITE currEvent ident : 33 filter : WRITE flags : 0x5 data: 65536

WRITE RETURN: 65500newEventCount: 1
processWriteEvent currEventident : 33 filter : WRITE flags : 0x5 data: 65536

write buffer size: 65536
WRITE currEvent ident : 33 filter : WRITE flags : 0x5 data: 65536

WRITE RETURN: 65500newEventCount: 1
processWriteEvent currEventident : 33 filter : WRITE flags : 0x5 data: 65536

write buffer size: 65536
WRITE currEvent ident : 33 filter : WRITE flags : 0x5 data: 65536

WRITE RETURN: 65500newEventCount: 1
processWriteEvent currEventident : 33 filter : WRITE flags : 0x5 data: 65536

write buffer size: 65536
WRITE currEvent ident : 33 filter : WRITE flags : 0x5 data: 65536

WRITE RETURN: 65500newEventCount: 1
processWriteEvent currEventident : 33 filter : WRITE flags : 0x5 data: 65536

write buffer size: 65536
WRITE currEvent ident : 33 filter : WRITE flags : 0x5 data: 65536

WRITE RETURN: 65500newEventCount: 1
processWriteEvent currEventident : 33 filter : WRITE flags : 0x5 data: 65536

write buffer size: 65536
WRITE currEvent ident : 33 filter : WRITE flags : 0x5 data: 65536

WRITE RETURN: 65500newEventCount: 1
processWriteEvent currEventident : 33 filter : WRITE flags : 0x5 data: 65536

write buffer size: 65536
WRITE currEvent ident : 33 filter : WRITE flags : 0x5 data: 65536

WRITE RETURN: 65500newEventCount: 1
processWriteEvent currEventident : 33 filter : WRITE flags : 0x5 data: 65536

write buffer size: 65536
WRITE currEvent ident : 33 filter : WRITE flags : 0x5 data: 65536

WRITE RETURN: 65500newEventCount: 1
processWriteEvent currEventident : 33 filter : WRITE flags : 0x5 data: 65536

write buffer size: 65536
WRITE currEvent ident : 33 filter : WRITE flags : 0x5 data: 65536

WRITE RETURN: 65500newEventCount: 1
processWriteEvent currEventident : 33 filter : WRITE flags : 0x5 data: 65536

write buffer size: 65536
WRITE currEvent ident : 33 filter : WRITE flags : 0x5 data: 65536

WRITE RETURN: 65500newEventCount: 1
processWriteEvent currEventident : 33 filter : WRITE flags : 0x5 data: 65536

write buffer size: 65536
WRITE currEvent ident : 33 filter : WRITE flags : 0x5 data: 65536

WRITE RETURN: 65500newEventCount: 1
processWriteEvent currEventident : 33 filter : WRITE flags : 0x5 data: 65536

write buffer size: 65536
WRITE currEvent ident : 33 filter : WRITE flags : 0x5 data: 65536

WRITE RETURN: 65500newEventCount: 1
processWriteEvent currEventident : 33 filter : WRITE flags : 0x5 data: 49188

write buffer size: 49188
WRITE currEvent ident : 33 filter : WRITE flags : 0x5 data: 49188

WRITE RETURN: 65500newEventCount: 1
processWriteEvent currEventident : 33 filter : WRITE flags : 0x5 data: 65536

write buffer size: 65536
WRITE currEvent ident : 33 filter : WRITE flags : 0x5 data: 65536

WRITE RETURN: 65500newEventCount: 1
processWriteEvent currEventident : 33 filter : WRITE flags : 0x5 data: 65536

write buffer size: 65536
WRITE currEvent ident : 33 filter : WRITE flags : 0x5 data: 65536

WRITE RETURN: 65500newEventCount: 1
processWriteEvent currEventident : 33 filter : WRITE flags : 0x5 data: 65536

write buffer size: 65536
WRITE currEvent ident : 33 filter : WRITE flags : 0x5 data: 65536

WRITE RETURN: 65500newEventCount: 1
processWriteEvent currEventident : 33 filter : WRITE flags : 0x5 data: 65536

write buffer size: 65536
WRITE currEvent ident : 33 filter : WRITE flags : 0x5 data: 65536

WRITE RETURN: 65500newEventCount: 1
processWriteEvent currEventident : 33 filter : WRITE flags : 0x5 data: 65536

write buffer size: 65536
WRITE currEvent ident : 33 filter : WRITE flags : 0x5 data: 65536

WRITE RETURN: 65500newEventCount: 1
processWriteEvent currEventident : 33 filter : WRITE flags : 0x5 data: 65536

write buffer size: 65536
WRITE currEvent ident : 33 filter : WRITE flags : 0x5 data: 65536

WRITE RETURN: 65500newEventCount: 1
processWriteEvent currEventident : 33 filter : WRITE flags : 0x5 data: 65536

write buffer size: 65536
WRITE currEvent ident : 33 filter : WRITE flags : 0x5 data: 65536

WRITE RETURN: 65500newEventCount: 1
processWriteEvent currEventident : 33 filter : WRITE flags : 0x5 data: 65536

write buffer size: 65536
WRITE currEvent ident : 33 filter : WRITE flags : 0x5 data: 65536

WRITE RETURN: 65500newEventCount: 1
processWriteEvent currEventident : 33 filter : WRITE flags : 0x5 data: 65536

write buffer size: 65536
WRITE currEvent ident : 33 filter : WRITE flags : 0x5 data: 65536

WRITE RETURN: 65500newEventCount: 1
processWriteEvent currEventident : 33 filter : WRITE flags : 0x5 data: 65536

write buffer size: 65536
WRITE currEvent ident : 33 filter : WRITE flags : 0x5 data: 65536

WRITE RETURN: 65500newEventCount: 1
processWriteEvent currEventident : 33 filter : WRITE flags : 0x5 data: 65536

write buffer size: 65536
WRITE currEvent ident : 33 filter : WRITE flags : 0x5 data: 65536

WRITE RETURN: 65500newEventCount: 1
processWriteEvent currEventident : 33 filter : WRITE flags : 0x5 data: 65536

write buffer size: 65536
WRITE currEvent ident : 33 filter : WRITE flags : 0x5 data: 65536

WRITE RETURN: 65500newEventCount: 1
processWriteEvent currEventident : 33 filter : WRITE flags : 0x5 data: 65536

write buffer size: 65536
WRITE currEvent ident : 33 filter : WRITE flags : 0x5 data: 65536

WRITE RETURN: 65500newEventCount: 1
processWriteEvent currEventident : 33 filter : WRITE flags : 0x5 data: 65536

write buffer size: 65536
WRITE currEvent ident : 33 filter : WRITE flags : 0x5 data: 65536

WRITE RETURN: 65500newEventCount: 1
processWriteEvent currEventident : 33 filter : WRITE flags : 0x5 data: 65536

write buffer size: 65536
WRITE currEvent ident : 33 filter : WRITE flags : 0x5 data: 65536

WRITE RETURN: 65500newEventCount: 1
processWriteEvent currEventident : 33 filter : WRITE flags : 0x5 data: 49188

write buffer size: 49188
WRITE currEvent ident : 33 filter : WRITE flags : 0x5 data: 49188

WRITE RETURN: 65500newEventCount: 1
processWriteEvent currEventident : 33 filter : WRITE flags : 0x5 data: 65536

write buffer size: 65536
WRITE currEvent ident : 33 filter : WRITE flags : 0x5 data: 65536

WRITE RETURN: 65500newEventCount: 1
processWriteEvent currEventident : 33 filter : WRITE flags : 0x5 data: 65536

write buffer size: 65536
WRITE currEvent ident : 33 filter : WRITE flags : 0x5 data: 65536

WRITE RETURN: 65500newEventCount: 1
processWriteEvent currEventident : 33 filter : WRITE flags : 0x5 data: 65536

write buffer size: 65536
WRITE currEvent ident : 33 filter : WRITE flags : 0x5 data: 65536

WRITE RETURN: 65500newEventCount: 1
processWriteEvent currEventident : 33 filter : WRITE flags : 0x5 data: 65536

write buffer size: 65536
WRITE currEvent ident : 33 filter : WRITE flags : 0x5 data: 65536

WRITE RETURN: 65500newEventCount: 1
processWriteEvent currEventident : 33 filter : WRITE flags : 0x5 data: 65536

write buffer size: 65536
WRITE currEvent ident : 33 filter : WRITE flags : 0x5 data: 65536

WRITE RETURN: 65500newEventCount: 1
processWriteEvent currEventident : 33 filter : WRITE flags : 0x5 data: 65536

write buffer size: 65536
WRITE currEvent ident : 33 filter : WRITE flags : 0x5 data: 65536

WRITE RETURN: 65500newEventCount: 1
processWriteEvent currEventident : 33 filter : WRITE flags : 0x5 data: 65536

write buffer size: 65536
WRITE currEvent ident : 33 filter : WRITE flags : 0x5 data: 65536

WRITE RETURN: 65500newEventCount: 1
processWriteEvent currEventident : 33 filter : WRITE flags : 0x5 data: 65536

write buffer size: 65536
WRITE currEvent ident : 33 filter : WRITE flags : 0x5 data: 65536

WRITE RETURN: 65500newEventCount: 1
processWriteEvent currEventident : 33 filter : WRITE flags : 0x5 data: 65536

write buffer size: 65536
WRITE currEvent ident : 33 filter : WRITE flags : 0x5 data: 65536

WRITE RETURN: 65500newEventCount: 1
processWriteEvent currEventident : 33 filter : WRITE flags : 0x5 data: 65536

write buffer size: 65536
WRITE currEvent ident : 33 filter : WRITE flags : 0x5 data: 65536

WRITE RETURN: 65500newEventCount: 1
processWriteEvent currEventident : 33 filter : WRITE flags : 0x5 data: 65536

write buffer size: 65536
WRITE currEvent ident : 33 filter : WRITE flags : 0x5 data: 65536

WRITE RETURN: 65500newEventCount: 1
processWriteEvent currEventident : 33 filter : WRITE flags : 0x5 data: 65536

write buffer size: 65536
WRITE currEvent ident : 33 filter : WRITE flags : 0x5 data: 65536

WRITE RETURN: 65500newEventCount: 1
processWriteEvent currEventident : 33 filter : WRITE flags : 0x5 data: 65536

write buffer size: 65536
WRITE currEvent ident : 33 filter : WRITE flags : 0x5 data: 65536

WRITE RETURN: 65500newEventCount: 1
processWriteEvent currEventident : 33 filter : WRITE flags : 0x5 data: 65536

write buffer size: 65536
WRITE currEvent ident : 33 filter : WRITE flags : 0x5 data: 65536

WRITE RETURN: 65500newEventCount: 1
processWriteEvent currEventident : 33 filter : WRITE flags : 0x5 data: 65536

write buffer size: 65536
WRITE currEvent ident : 33 filter : WRITE flags : 0x5 data: 65536

WRITE RETURN: 65500newEventCount: 1
processWriteEvent currEventident : 33 filter : WRITE flags : 0x5 data: 49188

write buffer size: 49188
WRITE currEvent ident : 33 filter : WRITE flags : 0x5 data: 49188

WRITE RETURN: 65500newEventCount: 1
processWriteEvent currEventident : 33 filter : WRITE flags : 0x5 data: 65536

write buffer size: 65536
WRITE currEvent ident : 33 filter : WRITE flags : 0x5 data: 65536

WRITE RETURN: 65500newEventCount: 1
processWriteEvent currEventident : 33 filter : WRITE flags : 0x5 data: 65536

write buffer size: 65536
WRITE currEvent ident : 33 filter : WRITE flags : 0x5 data: 65536

WRITE RETURN: 65500newEventCount: 1
processWriteEvent currEventident : 33 filter : WRITE flags : 0x5 data: 65536

write buffer size: 65536
WRITE currEvent ident : 33 filter : WRITE flags : 0x5 data: 65536

WRITE RETURN: 65500newEventCount: 1
processWriteEvent currEventident : 33 filter : WRITE flags : 0x5 data: 65536

write buffer size: 65536
WRITE currEvent ident : 33 filter : WRITE flags : 0x5 data: 65536

WRITE RETURN: 65500newEventCount: 1
processWriteEvent currEventident : 33 filter : WRITE flags : 0x5 data: 65536

write buffer size: 65536
WRITE currEvent ident : 33 filter : WRITE flags : 0x5 data: 65536

WRITE RETURN: 65500newEventCount: 1
processWriteEvent currEventident : 33 filter : WRITE flags : 0x5 data: 65536

write buffer size: 65536
WRITE currEvent ident : 33 filter : WRITE flags : 0x5 data: 65536

WRITE RETURN: 65500newEventCount: 1
processWriteEvent currEventident : 33 filter : WRITE flags : 0x5 data: 65536

write buffer size: 65536
WRITE currEvent ident : 33 filter : WRITE flags : 0x5 data: 65536

WRITE RETURN: 65500newEventCount: 1
processWriteEvent currEventident : 33 filter : WRITE flags : 0x5 data: 65536

write buffer size: 65536
WRITE currEvent ident : 33 filter : WRITE flags : 0x5 data: 65536

WRITE RETURN: 65500newEventCount: 1
processWriteEvent currEventident : 33 filter : WRITE flags : 0x5 data: 65536

write buffer size: 65536
WRITE currEvent ident : 33 filter : WRITE flags : 0x5 data: 65536

WRITE RETURN: 65500newEventCount: 1
processWriteEvent currEventident : 33 filter : WRITE flags : 0x5 data: 65536

write buffer size: 65536
WRITE currEvent ident : 33 filter : WRITE flags : 0x5 data: 65536

WRITE RETURN: 65500newEventCount: 1
processWriteEvent currEventident : 33 filter : WRITE flags : 0x5 data: 65536

write buffer size: 65536
WRITE currEvent ident : 33 filter : WRITE flags : 0x5 data: 65536

WRITE RETURN: 65500newEventCount: 1
processWriteEvent currEventident : 33 filter : WRITE flags : 0x5 data: 65536

write buffer size: 65536
WRITE currEvent ident : 33 filter : WRITE flags : 0x5 data: 65536

WRITE RETURN: 65500newEventCount: 1
processWriteEvent currEventident : 33 filter : WRITE flags : 0x5 data: 65536

write buffer size: 65536
WRITE currEvent ident : 33 filter : WRITE flags : 0x5 data: 65536

WRITE RETURN: 65500newEventCount: 1
processWriteEvent currEventident : 33 filter : WRITE flags : 0x5 data: 65536

write buffer size: 65536
WRITE currEvent ident : 33 filter : WRITE flags : 0x5 data: 65536

WRITE RETURN: 65500newEventCount: 1
processWriteEvent currEventident : 33 filter : WRITE flags : 0x5 data: 65536

write buffer size: 65536
WRITE currEvent ident : 33 filter : WRITE flags : 0x5 data: 65536

WRITE RETURN: 65500newEventCount: 1
processWriteEvent currEventident : 33 filter : WRITE flags : 0x5 data: 49188

write buffer size: 49188
WRITE currEvent ident : 33 filter : WRITE flags : 0x5 data: 49188

WRITE RETURN: 65500newEventCount: 1
processWriteEvent currEventident : 33 filter : WRITE flags : 0x5 data: 65536

write buffer size: 65536
WRITE currEvent ident : 33 filter : WRITE flags : 0x5 data: 65536

WRITE RETURN: 65500newEventCount: 1
processWriteEvent currEventident : 33 filter : WRITE flags : 0x5 data: 65536

write buffer size: 65536
WRITE currEvent ident : 33 filter : WRITE flags : 0x5 data: 65536

WRITE RETURN: 65500newEventCount: 1
processWriteEvent currEventident : 33 filter : WRITE flags : 0x5 data: 65536

write buffer size: 65536
WRITE currEvent ident : 33 filter : WRITE flags : 0x5 data: 65536

WRITE RETURN: 65500newEventCount: 1
processWriteEvent currEventident : 33 filter : WRITE flags : 0x5 data: 65536

write buffer size: 65536
WRITE currEvent ident : 33 filter : WRITE flags : 0x5 data: 65536

WRITE RETURN: 65500newEventCount: 1
processWriteEvent currEventident : 33 filter : WRITE flags : 0x5 data: 65536

write buffer size: 65536
WRITE currEvent ident : 33 filter : WRITE flags : 0x5 data: 65536

WRITE RETURN: 65500newEventCount: 1
processWriteEvent currEventident : 33 filter : WRITE flags : 0x5 data: 65536

write buffer size: 65536
WRITE currEvent ident : 33 filter : WRITE flags : 0x5 data: 65536

WRITE RETURN: 65500newEventCount: 1
processWriteEvent currEventident : 33 filter : WRITE flags : 0x5 data: 65536

write buffer size: 65536
WRITE currEvent ident : 33 filter : WRITE flags : 0x5 data: 65536

WRITE RETURN: 65500newEventCount: 1
processWriteEvent currEventident : 33 filter : WRITE flags : 0x5 data: 65536

write buffer size: 65536
WRITE currEvent ident : 33 filter : WRITE flags : 0x5 data: 65536

WRITE RETURN: 65500newEventCount: 1
processWriteEvent currEventident : 33 filter : WRITE flags : 0x5 data: 65536

write buffer size: 65536
WRITE currEvent ident : 33 filter : WRITE flags : 0x5 data: 65536

WRITE RETURN: 65500newEventCount: 1
processWriteEvent currEventident : 33 filter : WRITE flags : 0x5 data: 65536

write buffer size: 65536
WRITE currEvent ident : 33 filter : WRITE flags : 0x5 data: 65536

WRITE RETURN: 65500newEventCount: 1
processWriteEvent currEventident : 33 filter : WRITE flags : 0x5 data: 65536

write buffer size: 65536
WRITE currEvent ident : 33 filter : WRITE flags : 0x5 data: 65536

WRITE RETURN: 65500newEventCount: 1
processWriteEvent currEventident : 33 filter : WRITE flags : 0x5 data: 65536

write buffer size: 65536
WRITE currEvent ident : 33 filter : WRITE flags : 0x5 data: 65536

WRITE RETURN: 65500newEventCount: 1
processWriteEvent currEventident : 33 filter : WRITE flags : 0x5 data: 65536

write buffer size: 65536
WRITE currEvent ident : 33 filter : WRITE flags : 0x5 data: 65536

WRITE RETURN: 65500newEventCount: 1
processWriteEvent currEventident : 33 filter : WRITE flags : 0x5 data: 65536

write buffer size: 65536
WRITE currEvent ident : 33 filter : WRITE flags : 0x5 data: 65536

WRITE RETURN: 65500newEventCount: 1
processWriteEvent currEventident : 33 filter : WRITE flags : 0x5 data: 65536

write buffer size: 65536
WRITE currEvent ident : 33 filter : WRITE flags : 0x5 data: 65536

WRITE RETURN: 65500newEventCount: 1
processWriteEvent currEventident : 33 filter : WRITE flags : 0x5 data: 49188

write buffer size: 49188
WRITE currEvent ident : 33 filter : WRITE flags : 0x5 data: 49188

WRITE RETURN: 65500newEventCount: 1
processWriteEvent currEventident : 33 filter : WRITE flags : 0x5 data: 65536

write buffer size: 65536
WRITE currEvent ident : 33 filter : WRITE flags : 0x5 data: 65536

WRITE RETURN: 65500newEventCount: 1
processWriteEvent currEventident : 33 filter : WRITE flags : 0x5 data: 65536

write buffer size: 65536
WRITE currEvent ident : 33 filter : WRITE flags : 0x5 data: 65536

WRITE RETURN: 65500newEventCount: 1
processWriteEvent currEventident : 33 filter : WRITE flags : 0x5 data: 65536

write buffer size: 65536
WRITE currEvent ident : 33 filter : WRITE flags : 0x5 data: 65536

WRITE RETURN: 65500newEventCount: 1
processWriteEvent currEventident : 33 filter : WRITE flags : 0x5 data: 65536

write buffer size: 65536
WRITE currEvent ident : 33 filter : WRITE flags : 0x5 data: 65536

WRITE RETURN: 65500newEventCount: 1
processWriteEvent currEventident : 33 filter : WRITE flags : 0x5 data: 65536

write buffer size: 65536
WRITE currEvent ident : 33 filter : WRITE flags : 0x5 data: 65536

WRITE RETURN: 65500newEventCount: 1
processWriteEvent currEventident : 33 filter : WRITE flags : 0x5 data: 65536

write buffer size: 65536
WRITE currEvent ident : 33 filter : WRITE flags : 0x5 data: 65536

WRITE RETURN: 65500newEventCount: 1
processWriteEvent currEventident : 33 filter : WRITE flags : 0x5 data: 65536

write buffer size: 65536
WRITE currEvent ident : 33 filter : WRITE flags : 0x5 data: 65536

WRITE RETURN: 65500newEventCount: 1
processWriteEvent currEventident : 33 filter : WRITE flags : 0x5 data: 65536

write buffer size: 65536
WRITE currEvent ident : 33 filter : WRITE flags : 0x5 data: 65536

WRITE RETURN: 65500newEventCount: 1
processWriteEvent currEventident : 33 filter : WRITE flags : 0x5 data: 65536

write buffer size: 65536
WRITE currEvent ident : 33 filter : WRITE flags : 0x5 data: 65536

WRITE RETURN: 65500newEventCount: 1
processWriteEvent currEventident : 33 filter : WRITE flags : 0x5 data: 65536

write buffer size: 65536
WRITE currEvent ident : 33 filter : WRITE flags : 0x5 data: 65536

WRITE RETURN: 65500newEventCount: 1
processWriteEvent currEventident : 33 filter : WRITE flags : 0x5 data: 65536

write buffer size: 65536
WRITE currEvent ident : 33 filter : WRITE flags : 0x5 data: 65536

WRITE RETURN: 65500newEventCount: 1
processWriteEvent currEventident : 33 filter : WRITE flags : 0x5 data: 65536

write buffer size: 65536
WRITE currEvent ident : 33 filter : WRITE flags : 0x5 data: 65536

WRITE RETURN: 65500newEventCount: 1
processWriteEvent currEventident : 33 filter : WRITE flags : 0x5 data: 65536

write buffer size: 65536
WRITE currEvent ident : 33 filter : WRITE flags : 0x5 data: 65536

WRITE RETURN: 65500newEventCount: 1
processWriteEvent currEventident : 33 filter : WRITE flags : 0x5 data: 65536

write buffer size: 65536
WRITE currEvent ident : 33 filter : WRITE flags : 0x5 data: 65536

WRITE RETURN: 65500newEventCount: 1
processWriteEvent currEventident : 33 filter : WRITE flags : 0x5 data: 65536

write buffer size: 65536
WRITE currEvent ident : 33 filter : WRITE flags : 0x5 data: 65536

WRITE RETURN: 65500newEventCount: 1
processWriteEvent currEventident : 33 filter : WRITE flags : 0x5 data: 49188

write buffer size: 49188
WRITE currEvent ident : 33 filter : WRITE flags : 0x5 data: 49188

WRITE RETURN: 65500newEventCount: 1
processWriteEvent currEventident : 33 filter : WRITE flags : 0x5 data: 65536

write buffer size: 65536
WRITE currEvent ident : 33 filter : WRITE flags : 0x5 data: 65536

WRITE RETURN: 65500newEventCount: 1
processWriteEvent currEventident : 33 filter : WRITE flags : 0x5 data: 65536

write buffer size: 65536
WRITE currEvent ident : 33 filter : WRITE flags : 0x5 data: 65536

WRITE RETURN: 65500newEventCount: 1
processWriteEvent currEventident : 33 filter : WRITE flags : 0x5 data: 65536

write buffer size: 65536
WRITE currEvent ident : 33 filter : WRITE flags : 0x5 data: 65536

WRITE RETURN: 65500newEventCount: 1
processWriteEvent currEventident : 33 filter : WRITE flags : 0x5 data: 65536

write buffer size: 65536
WRITE currEvent ident : 33 filter : WRITE flags : 0x5 data: 65536

WRITE RETURN: 65500newEventCount: 1
processWriteEvent currEventident : 33 filter : WRITE flags : 0x5 data: 65536

write buffer size: 65536
WRITE currEvent ident : 33 filter : WRITE flags : 0x5 data: 65536

WRITE RETURN: 65500newEventCount: 1
processWriteEvent currEventident : 33 filter : WRITE flags : 0x5 data: 65536

write buffer size: 65536
WRITE currEvent ident : 33 filter : WRITE flags : 0x5 data: 65536

WRITE RETURN: 65500newEventCount: 1
processWriteEvent currEventident : 33 filter : WRITE flags : 0x5 data: 65536

write buffer size: 65536
WRITE currEvent ident : 33 filter : WRITE flags : 0x5 data: 65536

WRITE RETURN: 65500newEventCount: 1
processWriteEvent currEventident : 33 filter : WRITE flags : 0x5 data: 65536

write buffer size: 65536
WRITE currEvent ident : 33 filter : WRITE flags : 0x5 data: 65536

WRITE RETURN: 65500newEventCount: 1
processWriteEvent currEventident : 33 filter : WRITE flags : 0x5 data: 65536

write buffer size: 65536
WRITE currEvent ident : 33 filter : WRITE flags : 0x5 data: 65536

WRITE RETURN: 65500newEventCount: 1
processWriteEvent currEventident : 33 filter : WRITE flags : 0x5 data: 65536

write buffer size: 65536
WRITE currEvent ident : 33 filter : WRITE flags : 0x5 data: 65536

WRITE RETURN: 65500newEventCount: 1
processWriteEvent currEventident : 33 filter : WRITE flags : 0x5 data: 65536

write buffer size: 65536
WRITE currEvent ident : 33 filter : WRITE flags : 0x5 data: 65536

WRITE RETURN: 65500newEventCount: 1
processWriteEvent currEventident : 33 filter : WRITE flags : 0x5 data: 65536

write buffer size: 65536
WRITE currEvent ident : 33 filter : WRITE flags : 0x5 data: 65536

WRITE RETURN: 65500newEventCount: 1
processWriteEvent currEventident : 33 filter : WRITE flags : 0x5 data: 65536

write buffer size: 65536
WRITE currEvent ident : 33 filter : WRITE flags : 0x5 data: 65536

WRITE RETURN: 65500newEventCount: 1
processWriteEvent currEventident : 33 filter : WRITE flags : 0x5 data: 65536

write buffer size: 65536
WRITE currEvent ident : 33 filter : WRITE flags : 0x5 data: 65536

WRITE RETURN: 65500newEventCount: 1
processWriteEvent currEventident : 33 filter : WRITE flags : 0x5 data: 65536

write buffer size: 65536
WRITE currEvent ident : 33 filter : WRITE flags : 0x5 data: 65536

WRITE RETURN: 65500newEventCount: 1
processWriteEvent currEventident : 33 filter : WRITE flags : 0x5 data: 49188

write buffer size: 49188
WRITE currEvent ident : 33 filter : WRITE flags : 0x5 data: 49188

WRITE RETURN: 65500newEventCount: 1
processWriteEvent currEventident : 33 filter : WRITE flags : 0x5 data: 65536

write buffer size: 65536
WRITE currEvent ident : 33 filter : WRITE flags : 0x5 data: 65536

WRITE RETURN: 65500newEventCount: 1
processWriteEvent currEventident : 33 filter : WRITE flags : 0x5 data: 65536

write buffer size: 65536
WRITE currEvent ident : 33 filter : WRITE flags : 0x5 data: 65536

WRITE RETURN: 65500newEventCount: 1
processWriteEvent currEventident : 33 filter : WRITE flags : 0x5 data: 65536

write buffer size: 65536
WRITE currEvent ident : 33 filter : WRITE flags : 0x5 data: 65536

WRITE RETURN: 65500newEventCount: 1
processWriteEvent currEventident : 33 filter : WRITE flags : 0x5 data: 65536

write buffer size: 65536
WRITE currEvent ident : 33 filter : WRITE flags : 0x5 data: 65536

WRITE RETURN: 65500newEventCount: 1
processWriteEvent currEventident : 33 filter : WRITE flags : 0x5 data: 65536

write buffer size: 65536
WRITE currEvent ident : 33 filter : WRITE flags : 0x5 data: 65536

WRITE RETURN: 65500newEventCount: 1
processWriteEvent currEventident : 33 filter : WRITE flags : 0x5 data: 65536

write buffer size: 65536
WRITE currEvent ident : 33 filter : WRITE flags : 0x5 data: 65536

WRITE RETURN: 65500newEventCount: 1
processWriteEvent currEventident : 33 filter : WRITE flags : 0x5 data: 65536

write buffer size: 65536
WRITE currEvent ident : 33 filter : WRITE flags : 0x5 data: 65536

WRITE RETURN: 65500newEventCount: 1
processWriteEvent currEventident : 33 filter : WRITE flags : 0x5 data: 65536

write buffer size: 65536
WRITE currEvent ident : 33 filter : WRITE flags : 0x5 data: 65536

WRITE RETURN: 65500newEventCount: 1
processWriteEvent currEventident : 33 filter : WRITE flags : 0x5 data: 65536

write buffer size: 65536
WRITE currEvent ident : 33 filter : WRITE flags : 0x5 data: 65536

WRITE RETURN: 65500newEventCount: 1
processWriteEvent currEventident : 33 filter : WRITE flags : 0x5 data: 65536

write buffer size: 65536
WRITE currEvent ident : 33 filter : WRITE flags : 0x5 data: 65536

WRITE RETURN: 65500newEventCount: 1
processWriteEvent currEventident : 33 filter : WRITE flags : 0x5 data: 65536

write buffer size: 65536
WRITE currEvent ident : 33 filter : WRITE flags : 0x5 data: 65536

WRITE RETURN: 65500newEventCount: 1
processWriteEvent currEventident : 33 filter : WRITE flags : 0x5 data: 65536

write buffer size: 65536
WRITE currEvent ident : 33 filter : WRITE flags : 0x5 data: 65536

WRITE RETURN: 65500newEventCount: 1
processWriteEvent currEventident : 33 filter : WRITE flags : 0x5 data: 65536

write buffer size: 65536
WRITE currEvent ident : 33 filter : WRITE flags : 0x5 data: 65536

WRITE RETURN: 65500newEventCount: 1
processWriteEvent currEventident : 33 filter : WRITE flags : 0x5 data: 65536

write buffer size: 65536
WRITE currEvent ident : 33 filter : WRITE flags : 0x5 data: 65536

WRITE RETURN: 65500newEventCount: 1
processWriteEvent currEventident : 33 filter : WRITE flags : 0x5 data: 65536

write buffer size: 65536
WRITE currEvent ident : 33 filter : WRITE flags : 0x5 data: 65536

WRITE RETURN: 65500newEventCount: 1
processWriteEvent currEventident : 33 filter : WRITE flags : 0x5 data: 49188

write buffer size: 49188
WRITE currEvent ident : 33 filter : WRITE flags : 0x5 data: 49188

WRITE RETURN: 65500newEventCount: 1
processWriteEvent currEventident : 33 filter : WRITE flags : 0x5 data: 65536

write buffer size: 65536
WRITE currEvent ident : 33 filter : WRITE flags : 0x5 data: 65536

WRITE RETURN: 65500newEventCount: 1
processWriteEvent currEventident : 33 filter : WRITE flags : 0x5 data: 65536

write buffer size: 65536
WRITE currEvent ident : 33 filter : WRITE flags : 0x5 data: 65536

WRITE RETURN: 65500newEventCount: 1
processWriteEvent currEventident : 33 filter : WRITE flags : 0x5 data: 65536

write buffer size: 65536
WRITE currEvent ident : 33 filter : WRITE flags : 0x5 data: 65536

WRITE RETURN: 65500newEventCount: 1
processWriteEvent currEventident : 33 filter : WRITE flags : 0x5 data: 65536

write buffer size: 65536
WRITE currEvent ident : 33 filter : WRITE flags : 0x5 data: 65536

WRITE RETURN: 65500newEventCount: 1
processWriteEvent currEventident : 33 filter : WRITE flags : 0x5 data: 65536

write buffer size: 65536
WRITE currEvent ident : 33 filter : WRITE flags : 0x5 data: 65536

WRITE RETURN: 65500newEventCount: 1
processWriteEvent currEventident : 33 filter : WRITE flags : 0x5 data: 65536

write buffer size: 65536
WRITE currEvent ident : 33 filter : WRITE flags : 0x5 data: 65536

WRITE RETURN: 65500newEventCount: 1
processWriteEvent currEventident : 33 filter : WRITE flags : 0x5 data: 65536

write buffer size: 65536
WRITE currEvent ident : 33 filter : WRITE flags : 0x5 data: 65536

WRITE RETURN: 65500newEventCount: 1
processWriteEvent currEventident : 33 filter : WRITE flags : 0x5 data: 65536

write buffer size: 65536
WRITE currEvent ident : 33 filter : WRITE flags : 0x5 data: 65536

WRITE RETURN: 65500newEventCount: 1
processWriteEvent currEventident : 33 filter : WRITE flags : 0x5 data: 65536

write buffer size: 65536
WRITE currEvent ident : 33 filter : WRITE flags : 0x5 data: 65536

WRITE RETURN: 65500newEventCount: 1
processWriteEvent currEventident : 33 filter : WRITE flags : 0x5 data: 65536

write buffer size: 65536
WRITE currEvent ident : 33 filter : WRITE flags : 0x5 data: 65536

WRITE RETURN: 65500newEventCount: 1
processWriteEvent currEventident : 33 filter : WRITE flags : 0x5 data: 65536

write buffer size: 65536
WRITE currEvent ident : 33 filter : WRITE flags : 0x5 data: 65536

WRITE RETURN: 65500newEventCount: 1
processWriteEvent currEventident : 33 filter : WRITE flags : 0x5 data: 65536

write buffer size: 65536
WRITE currEvent ident : 33 filter : WRITE flags : 0x5 data: 65536

WRITE RETURN: 65500newEventCount: 1
processWriteEvent currEventident : 33 filter : WRITE flags : 0x5 data: 65536

write buffer size: 65536
WRITE currEvent ident : 33 filter : WRITE flags : 0x5 data: 65536

WRITE RETURN: 65500newEventCount: 1
processWriteEvent currEventident : 33 filter : WRITE flags : 0x5 data: 65536

write buffer size: 65536
WRITE currEvent ident : 33 filter : WRITE flags : 0x5 data: 65536

WRITE RETURN: 65500newEventCount: 1
processWriteEvent currEventident : 33 filter : WRITE flags : 0x5 data: 65536

write buffer size: 65536
WRITE currEvent ident : 33 filter : WRITE flags : 0x5 data: 65536

WRITE RETURN: 65500newEventCount: 1
processWriteEvent currEventident : 33 filter : WRITE flags : 0x5 data: 49188

write buffer size: 49188
WRITE currEvent ident : 33 filter : WRITE flags : 0x5 data: 49188

WRITE RETURN: 65500newEventCount: 1
processWriteEvent currEventident : 33 filter : WRITE flags : 0x5 data: 65536

write buffer size: 65536
WRITE currEvent ident : 33 filter : WRITE flags : 0x5 data: 65536

WRITE RETURN: 65500newEventCount: 1
processWriteEvent currEventident : 33 filter : WRITE flags : 0x5 data: 65536

write buffer size: 65536
WRITE currEvent ident : 33 filter : WRITE flags : 0x5 data: 65536

WRITE RETURN: 65500newEventCount: 1
processWriteEvent currEventident : 33 filter : WRITE flags : 0x5 data: 65536

write buffer size: 65536
WRITE currEvent ident : 33 filter : WRITE flags : 0x5 data: 65536

WRITE RETURN: 65500newEventCount: 1
processWriteEvent currEventident : 33 filter : WRITE flags : 0x5 data: 65536

write buffer size: 65536
WRITE currEvent ident : 33 filter : WRITE flags : 0x5 data: 65536

WRITE RETURN: 65500newEventCount: 1
processWriteEvent currEventident : 33 filter : WRITE flags : 0x5 data: 65536

write buffer size: 65536
WRITE currEvent ident : 33 filter : WRITE flags : 0x5 data: 65536

WRITE RETURN: 65500newEventCount: 1
processWriteEvent currEventident : 33 filter : WRITE flags : 0x5 data: 65536

write buffer size: 65536
WRITE currEvent ident : 33 filter : WRITE flags : 0x5 data: 65536

WRITE RETURN: 65500newEventCount: 1
processWriteEvent currEventident : 33 filter : WRITE flags : 0x5 data: 65536

write buffer size: 65536
WRITE currEvent ident : 33 filter : WRITE flags : 0x5 data: 65536

WRITE RETURN: 65500newEventCount: 1
processWriteEvent currEventident : 33 filter : WRITE flags : 0x5 data: 65536

write buffer size: 65536
WRITE currEvent ident : 33 filter : WRITE flags : 0x5 data: 65536

WRITE RETURN: 65500newEventCount: 1
processWriteEvent currEventident : 33 filter : WRITE flags : 0x5 data: 65536

write buffer size: 65536
WRITE currEvent ident : 33 filter : WRITE flags : 0x5 data: 65536

WRITE RETURN: 65500newEventCount: 1
processWriteEvent currEventident : 33 filter : WRITE flags : 0x5 data: 65536

write buffer size: 65536
WRITE currEvent ident : 33 filter : WRITE flags : 0x5 data: 65536

WRITE RETURN: 65500newEventCount: 1
processWriteEvent currEventident : 33 filter : WRITE flags : 0x5 data: 65536

write buffer size: 65536
WRITE currEvent ident : 33 filter : WRITE flags : 0x5 data: 65536

WRITE RETURN: 65500newEventCount: 1
processWriteEvent currEventident : 33 filter : WRITE flags : 0x5 data: 65536

write buffer size: 65536
WRITE currEvent ident : 33 filter : WRITE flags : 0x5 data: 65536

WRITE RETURN: 65500newEventCount: 1
processWriteEvent currEventident : 33 filter : WRITE flags : 0x5 data: 65536

write buffer size: 65536
WRITE currEvent ident : 33 filter : WRITE flags : 0x5 data: 65536

WRITE RETURN: 65500newEventCount: 1
processWriteEvent currEventident : 33 filter : WRITE flags : 0x5 data: 65536

write buffer size: 65536
WRITE currEvent ident : 33 filter : WRITE flags : 0x5 data: 65536

WRITE RETURN: 65500newEventCount: 1
processWriteEvent currEventident : 33 filter : WRITE flags : 0x5 data: 65536

write buffer size: 65536
WRITE currEvent ident : 33 filter : WRITE flags : 0x5 data: 65536

WRITE RETURN: 65500newEventCount: 1
processWriteEvent currEventident : 33 filter : WRITE flags : 0x5 data: 49188

write buffer size: 49188
WRITE currEvent ident : 33 filter : WRITE flags : 0x5 data: 49188

WRITE RETURN: 65500newEventCount: 1
processWriteEvent currEventident : 33 filter : WRITE flags : 0x5 data: 65536

write buffer size: 65536
WRITE currEvent ident : 33 filter : WRITE flags : 0x5 data: 65536

WRITE RETURN: 65500newEventCount: 1
processWriteEvent currEventident : 33 filter : WRITE flags : 0x5 data: 65536

write buffer size: 65536
WRITE currEvent ident : 33 filter : WRITE flags : 0x5 data: 65536

WRITE RETURN: 65500newEventCount: 1
processWriteEvent currEventident : 33 filter : WRITE flags : 0x5 data: 65536

write buffer size: 65536
WRITE currEvent ident : 33 filter : WRITE flags : 0x5 data: 65536

WRITE RETURN: 65500newEventCount: 1
processWriteEvent currEventident : 33 filter : WRITE flags : 0x5 data: 65536

write buffer size: 65536
WRITE currEvent ident : 33 filter : WRITE flags : 0x5 data: 65536

WRITE RETURN: 65500newEventCount: 1
processWriteEvent currEventident : 33 filter : WRITE flags : 0x5 data: 65536

write buffer size: 65536
WRITE currEvent ident : 33 filter : WRITE flags : 0x5 data: 65536

WRITE RETURN: 65500newEventCount: 1
processWriteEvent currEventident : 33 filter : WRITE flags : 0x5 data: 65536

write buffer size: 65536
WRITE currEvent ident : 33 filter : WRITE flags : 0x5 data: 65536

WRITE RETURN: 65500newEventCount: 1
processWriteEvent currEventident : 33 filter : WRITE flags : 0x5 data: 65536

write buffer size: 65536
WRITE currEvent ident : 33 filter : WRITE flags : 0x5 data: 65536

WRITE RETURN: 65500newEventCount: 1
processWriteEvent currEventident : 33 filter : WRITE flags : 0x5 data: 65536

write buffer size: 65536
WRITE currEvent ident : 33 filter : WRITE flags : 0x5 data: 65536

WRITE RETURN: 65500newEventCount: 1
processWriteEvent currEventident : 33 filter : WRITE flags : 0x5 data: 65536

write buffer size: 65536
WRITE currEvent ident : 33 filter : WRITE flags : 0x5 data: 65536

WRITE RETURN: 65500newEventCount: 1
processWriteEvent currEventident : 33 filter : WRITE flags : 0x5 data: 65536

write buffer size: 65536
WRITE currEvent ident : 33 filter : WRITE flags : 0x5 data: 65536

WRITE RETURN: 65500newEventCount: 1
processWriteEvent currEventident : 33 filter : WRITE flags : 0x5 data: 65536

write buffer size: 65536
WRITE currEvent ident : 33 filter : WRITE flags : 0x5 data: 65536

WRITE RETURN: 65500newEventCount: 1
processWriteEvent currEventident : 33 filter : WRITE flags : 0x5 data: 65536

write buffer size: 65536
WRITE currEvent ident : 33 filter : WRITE flags : 0x5 data: 65536

WRITE RETURN: 65500newEventCount: 1
processWriteEvent currEventident : 33 filter : WRITE flags : 0x5 data: 65536

write buffer size: 65536
WRITE currEvent ident : 33 filter : WRITE flags : 0x5 data: 65536

WRITE RETURN: 65500newEventCount: 1
processWriteEvent currEventident : 33 filter : WRITE flags : 0x5 data: 65536

write buffer size: 65536
WRITE currEvent ident : 33 filter : WRITE flags : 0x5 data: 65536

WRITE RETURN: 65500newEventCount: 1
processWriteEvent currEventident : 33 filter : WRITE flags : 0x5 data: 65536

write buffer size: 65536
WRITE currEvent ident : 33 filter : WRITE flags : 0x5 data: 65536

WRITE RETURN: 65500newEventCount: 1
processWriteEvent currEventident : 33 filter : WRITE flags : 0x5 data: 49188

write buffer size: 49188
WRITE currEvent ident : 33 filter : WRITE flags : 0x5 data: 49188

WRITE RETURN: 65500newEventCount: 1
processWriteEvent currEventident : 33 filter : WRITE flags : 0x5 data: 65536

write buffer size: 65536
WRITE currEvent ident : 33 filter : WRITE flags : 0x5 data: 65536

WRITE RETURN: 65500newEventCount: 1
processWriteEvent currEventident : 33 filter : WRITE flags : 0x5 data: 65536

write buffer size: 65536
WRITE currEvent ident : 33 filter : WRITE flags : 0x5 data: 65536

WRITE RETURN: 65500newEventCount: 1
processWriteEvent currEventident : 33 filter : WRITE flags : 0x5 data: 65536

write buffer size: 65536
WRITE currEvent ident : 33 filter : WRITE flags : 0x5 data: 65536

WRITE RETURN: 65500newEventCount: 1
processWriteEvent currEventident : 33 filter : WRITE flags : 0x5 data: 65536

write buffer size: 65536
WRITE currEvent ident : 33 filter : WRITE flags : 0x5 data: 65536

WRITE RETURN: 65500newEventCount: 1
processWriteEvent currEventident : 33 filter : WRITE flags : 0x5 data: 65536

write buffer size: 65536
WRITE currEvent ident : 33 filter : WRITE flags : 0x5 data: 65536

WRITE RETURN: 65500newEventCount: 1
processWriteEvent currEventident : 33 filter : WRITE flags : 0x5 data: 65536

write buffer size: 65536
WRITE currEvent ident : 33 filter : WRITE flags : 0x5 data: 65536

WRITE RETURN: 65500newEventCount: 1
processWriteEvent currEventident : 33 filter : WRITE flags : 0x5 data: 65536

write buffer size: 65536
WRITE currEvent ident : 33 filter : WRITE flags : 0x5 data: 65536

WRITE RETURN: 65500newEventCount: 1
processWriteEvent currEventident : 33 filter : WRITE flags : 0x5 data: 65536

write buffer size: 65536
WRITE currEvent ident : 33 filter : WRITE flags : 0x5 data: 65536

WRITE RETURN: 65500newEventCount: 1
processWriteEvent currEventident : 33 filter : WRITE flags : 0x5 data: 65536

write buffer size: 65536
WRITE currEvent ident : 33 filter : WRITE flags : 0x5 data: 65536

WRITE RETURN: 65500newEventCount: 1
processWriteEvent currEventident : 33 filter : WRITE flags : 0x5 data: 65536

write buffer size: 65536
WRITE currEvent ident : 33 filter : WRITE flags : 0x5 data: 65536

WRITE RETURN: 65500newEventCount: 1
processWriteEvent currEventident : 33 filter : WRITE flags : 0x5 data: 65536

write buffer size: 65536
WRITE currEvent ident : 33 filter : WRITE flags : 0x5 data: 65536

WRITE RETURN: 65500newEventCount: 1
processWriteEvent currEventident : 33 filter : WRITE flags : 0x5 data: 65536

write buffer size: 65536
WRITE currEvent ident : 33 filter : WRITE flags : 0x5 data: 65536

WRITE RETURN: 65500newEventCount: 1
processWriteEvent currEventident : 33 filter : WRITE flags : 0x5 data: 65536

write buffer size: 65536
WRITE currEvent ident : 33 filter : WRITE flags : 0x5 data: 65536

WRITE RETURN: 65500newEventCount: 1
processWriteEvent currEventident : 33 filter : WRITE flags : 0x5 data: 65536

write buffer size: 65536
WRITE currEvent ident : 33 filter : WRITE flags : 0x5 data: 65536

WRITE RETURN: 65500newEventCount: 1
processWriteEvent currEventident : 33 filter : WRITE flags : 0x5 data: 65536

write buffer size: 65536
WRITE currEvent ident : 33 filter : WRITE flags : 0x5 data: 65536

WRITE RETURN: 65500newEventCount: 1
processWriteEvent currEventident : 33 filter : WRITE flags : 0x5 data: 49188

write buffer size: 49188
WRITE currEvent ident : 33 filter : WRITE flags : 0x5 data: 49188

WRITE RETURN: 65500newEventCount: 1
processWriteEvent currEventident : 33 filter : WRITE flags : 0x5 data: 65536

write buffer size: 65536
WRITE currEvent ident : 33 filter : WRITE flags : 0x5 data: 65536

WRITE RETURN: 65500newEventCount: 1
processWriteEvent currEventident : 33 filter : WRITE flags : 0x5 data: 65536

write buffer size: 65536
WRITE currEvent ident : 33 filter : WRITE flags : 0x5 data: 65536

WRITE RETURN: 65500newEventCount: 1
processWriteEvent currEventident : 33 filter : WRITE flags : 0x5 data: 65536

write buffer size: 65536
WRITE currEvent ident : 33 filter : WRITE flags : 0x5 data: 65536

WRITE RETURN: 65500newEventCount: 1
processWriteEvent currEventident : 33 filter : WRITE flags : 0x5 data: 65536

write buffer size: 65536
WRITE currEvent ident : 33 filter : WRITE flags : 0x5 data: 65536

WRITE RETURN: 65500newEventCount: 1
processWriteEvent currEventident : 33 filter : WRITE flags : 0x5 data: 65536

write buffer size: 65536
WRITE currEvent ident : 33 filter : WRITE flags : 0x5 data: 65536

WRITE RETURN: 65500newEventCount: 1
processWriteEvent currEventident : 33 filter : WRITE flags : 0x5 data: 65536

write buffer size: 65536
WRITE currEvent ident : 33 filter : WRITE flags : 0x5 data: 65536

WRITE RETURN: 65500newEventCount: 1
processWriteEvent currEventident : 33 filter : WRITE flags : 0x5 data: 65536

write buffer size: 65536
WRITE currEvent ident : 33 filter : WRITE flags : 0x5 data: 65536

WRITE RETURN: 65500newEventCount: 1
processWriteEvent currEventident : 33 filter : WRITE flags : 0x5 data: 65536

write buffer size: 65536
WRITE currEvent ident : 33 filter : WRITE flags : 0x5 data: 65536

WRITE RETURN: 65500newEventCount: 1
processWriteEvent currEventident : 33 filter : WRITE flags : 0x5 data: 65536

write buffer size: 65536
WRITE currEvent ident : 33 filter : WRITE flags : 0x5 data: 65536

WRITE RETURN: 65500newEventCount: 1
processWriteEvent currEventident : 33 filter : WRITE flags : 0x5 data: 65536

write buffer size: 65536
WRITE currEvent ident : 33 filter : WRITE flags : 0x5 data: 65536

WRITE RETURN: 65500newEventCount: 1
processWriteEvent currEventident : 33 filter : WRITE flags : 0x5 data: 65536

write buffer size: 65536
WRITE currEvent ident : 33 filter : WRITE flags : 0x5 data: 65536

WRITE RETURN: 65500newEventCount: 1
processWriteEvent currEventident : 33 filter : WRITE flags : 0x5 data: 65536

write buffer size: 65536
WRITE currEvent ident : 33 filter : WRITE flags : 0x5 data: 65536

WRITE RETURN: 65500newEventCount: 1
processWriteEvent currEventident : 33 filter : WRITE flags : 0x5 data: 65536

write buffer size: 65536
WRITE currEvent ident : 33 filter : WRITE flags : 0x5 data: 65536

WRITE RETURN: 65500newEventCount: 1
processWriteEvent currEventident : 33 filter : WRITE flags : 0x5 data: 65536

write buffer size: 65536
WRITE currEvent ident : 33 filter : WRITE flags : 0x5 data: 65536

WRITE RETURN: 65500newEventCount: 1
processWriteEvent currEventident : 33 filter : WRITE flags : 0x5 data: 65536

write buffer size: 65536
WRITE currEvent ident : 33 filter : WRITE flags : 0x5 data: 65536

WRITE RETURN: 65500newEventCount: 1
processWriteEvent currEventident : 33 filter : WRITE flags : 0x5 data: 49188

write buffer size: 49188
WRITE currEvent ident : 33 filter : WRITE flags : 0x5 data: 49188

WRITE RETURN: 65500newEventCount: 1
processWriteEvent currEventident : 33 filter : WRITE flags : 0x5 data: 65536

write buffer size: 65536
WRITE currEvent ident : 33 filter : WRITE flags : 0x5 data: 65536

WRITE RETURN: 65500newEventCount: 1
processWriteEvent currEventident : 33 filter : WRITE flags : 0x5 data: 65536

write buffer size: 65536
WRITE currEvent ident : 33 filter : WRITE flags : 0x5 data: 65536

WRITE RETURN: 65500newEventCount: 1
processWriteEvent currEventident : 33 filter : WRITE flags : 0x5 data: 65536

write buffer size: 65536
WRITE currEvent ident : 33 filter : WRITE flags : 0x5 data: 65536

WRITE RETURN: 65500newEventCount: 1
processWriteEvent currEventident : 33 filter : WRITE flags : 0x5 data: 65536

write buffer size: 65536
WRITE currEvent ident : 33 filter : WRITE flags : 0x5 data: 65536

WRITE RETURN: 65500newEventCount: 1
processWriteEvent currEventident : 33 filter : WRITE flags : 0x5 data: 65536

write buffer size: 65536
WRITE currEvent ident : 33 filter : WRITE flags : 0x5 data: 65536

WRITE RETURN: 65500newEventCount: 1
processWriteEvent currEventident : 33 filter : WRITE flags : 0x5 data: 65536

write buffer size: 65536
WRITE currEvent ident : 33 filter : WRITE flags : 0x5 data: 65536

WRITE RETURN: 65500newEventCount: 1
processWriteEvent currEventident : 33 filter : WRITE flags : 0x5 data: 65536

write buffer size: 65536
WRITE currEvent ident : 33 filter : WRITE flags : 0x5 data: 65536

WRITE RETURN: 65500newEventCount: 1
processWriteEvent currEventident : 33 filter : WRITE flags : 0x5 data: 65536

write buffer size: 65536
WRITE currEvent ident : 33 filter : WRITE flags : 0x5 data: 65536

WRITE RETURN: 65500newEventCount: 1
processWriteEvent currEventident : 33 filter : WRITE flags : 0x5 data: 65536

write buffer size: 65536
WRITE currEvent ident : 33 filter : WRITE flags : 0x5 data: 65536

WRITE RETURN: 65500newEventCount: 1
processWriteEvent currEventident : 33 filter : WRITE flags : 0x5 data: 65536

write buffer size: 65536
WRITE currEvent ident : 33 filter : WRITE flags : 0x5 data: 65536

WRITE RETURN: 65500newEventCount: 1
processWriteEvent currEventident : 33 filter : WRITE flags : 0x5 data: 65536

write buffer size: 65536
WRITE currEvent ident : 33 filter : WRITE flags : 0x5 data: 65536

WRITE RETURN: 65500newEventCount: 1
processWriteEvent currEventident : 33 filter : WRITE flags : 0x5 data: 65536

write buffer size: 65536
WRITE currEvent ident : 33 filter : WRITE flags : 0x5 data: 65536

WRITE RETURN: 65500newEventCount: 1
processWriteEvent currEventident : 33 filter : WRITE flags : 0x5 data: 65536

write buffer size: 65536
WRITE currEvent ident : 33 filter : WRITE flags : 0x5 data: 65536

WRITE RETURN: 65500newEventCount: 1
processWriteEvent currEventident : 33 filter : WRITE flags : 0x5 data: 65536

write buffer size: 65536
WRITE currEvent ident : 33 filter : WRITE flags : 0x5 data: 65536

WRITE RETURN: 65500newEventCount: 1
processWriteEvent currEventident : 33 filter : WRITE flags : 0x5 data: 65536

write buffer size: 65536
WRITE currEvent ident : 33 filter : WRITE flags : 0x5 data: 65536

WRITE RETURN: 65500newEventCount: 1
processWriteEvent currEventident : 33 filter : WRITE flags : 0x5 data: 49188

write buffer size: 49188
WRITE currEvent ident : 33 filter : WRITE flags : 0x5 data: 49188

WRITE RETURN: 65500newEventCount: 1
processWriteEvent currEventident : 33 filter : WRITE flags : 0x5 data: 65536

write buffer size: 65536
WRITE currEvent ident : 33 filter : WRITE flags : 0x5 data: 65536

WRITE RETURN: 65500newEventCount: 1
processWriteEvent currEventident : 33 filter : WRITE flags : 0x5 data: 65536

write buffer size: 65536
WRITE currEvent ident : 33 filter : WRITE flags : 0x5 data: 65536

WRITE RETURN: 65500newEventCount: 1
processWriteEvent currEventident : 33 filter : WRITE flags : 0x5 data: 65536

write buffer size: 65536
WRITE currEvent ident : 33 filter : WRITE flags : 0x5 data: 65536

WRITE RETURN: 65500newEventCount: 1
processWriteEvent currEventident : 33 filter : WRITE flags : 0x5 data: 65536

write buffer size: 65536
WRITE currEvent ident : 33 filter : WRITE flags : 0x5 data: 65536

WRITE RETURN: 65500newEventCount: 1
processWriteEvent currEventident : 33 filter : WRITE flags : 0x5 data: 65536

write buffer size: 65536
WRITE currEvent ident : 33 filter : WRITE flags : 0x5 data: 65536

WRITE RETURN: 65500newEventCount: 1
processWriteEvent currEventident : 33 filter : WRITE flags : 0x5 data: 65536

write buffer size: 65536
WRITE currEvent ident : 33 filter : WRITE flags : 0x5 data: 65536

WRITE RETURN: 65500newEventCount: 1
processWriteEvent currEventident : 33 filter : WRITE flags : 0x5 data: 65536

write buffer size: 65536
WRITE currEvent ident : 33 filter : WRITE flags : 0x5 data: 65536

WRITE RETURN: 65500newEventCount: 1
processWriteEvent currEventident : 33 filter : WRITE flags : 0x5 data: 65536

write buffer size: 65536
WRITE currEvent ident : 33 filter : WRITE flags : 0x5 data: 65536

WRITE RETURN: 65500newEventCount: 1
processWriteEvent currEventident : 33 filter : WRITE flags : 0x5 data: 65536

write buffer size: 65536
WRITE currEvent ident : 33 filter : WRITE flags : 0x5 data: 65536

WRITE RETURN: 65500newEventCount: 1
processWriteEvent currEventident : 33 filter : WRITE flags : 0x5 data: 65536

write buffer size: 65536
WRITE currEvent ident : 33 filter : WRITE flags : 0x5 data: 65536

WRITE RETURN: 65500newEventCount: 1
processWriteEvent currEventident : 33 filter : WRITE flags : 0x5 data: 65536

write buffer size: 65536
WRITE currEvent ident : 33 filter : WRITE flags : 0x5 data: 65536

WRITE RETURN: 65500newEventCount: 1
processWriteEvent currEventident : 33 filter : WRITE flags : 0x5 data: 65536

write buffer size: 65536
WRITE currEvent ident : 33 filter : WRITE flags : 0x5 data: 65536

WRITE RETURN: 65500newEventCount: 1
processWriteEvent currEventident : 33 filter : WRITE flags : 0x5 data: 65536

write buffer size: 65536
WRITE currEvent ident : 33 filter : WRITE flags : 0x5 data: 65536

WRITE RETURN: 65500newEventCount: 1
processWriteEvent currEventident : 33 filter : WRITE flags : 0x5 data: 65536

write buffer size: 65536
WRITE currEvent ident : 33 filter : WRITE flags : 0x5 data: 65536

WRITE RETURN: 65500newEventCount: 1
processWriteEvent currEventident : 33 filter : WRITE flags : 0x5 data: 65536

write buffer size: 65536
WRITE currEvent ident : 33 filter : WRITE flags : 0x5 data: 65536

WRITE RETURN: 65500newEventCount: 1
processWriteEvent currEventident : 33 filter : WRITE flags : 0x5 data: 49188

write buffer size: 49188
WRITE currEvent ident : 33 filter : WRITE flags : 0x5 data: 49188

WRITE RETURN: 65500newEventCount: 1
processWriteEvent currEventident : 33 filter : WRITE flags : 0x5 data: 65536

write buffer size: 65536
WRITE currEvent ident : 33 filter : WRITE flags : 0x5 data: 65536

WRITE RETURN: 65500newEventCount: 1
processWriteEvent currEventident : 33 filter : WRITE flags : 0x5 data: 65536

write buffer size: 65536
WRITE currEvent ident : 33 filter : WRITE flags : 0x5 data: 65536

WRITE RETURN: 65500newEventCount: 1
processWriteEvent currEventident : 33 filter : WRITE flags : 0x5 data: 65536

write buffer size: 65536
WRITE currEvent ident : 33 filter : WRITE flags : 0x5 data: 65536

WRITE RETURN: 65500newEventCount: 1
processWriteEvent currEventident : 33 filter : WRITE flags : 0x5 data: 65536

write buffer size: 65536
WRITE currEvent ident : 33 filter : WRITE flags : 0x5 data: 65536

WRITE RETURN: 65500newEventCount: 1
processWriteEvent currEventident : 33 filter : WRITE flags : 0x5 data: 65536

write buffer size: 65536
WRITE currEvent ident : 33 filter : WRITE flags : 0x5 data: 65536

WRITE RETURN: 65500newEventCount: 1
processWriteEvent currEventident : 33 filter : WRITE flags : 0x5 data: 65536

write buffer size: 65536
WRITE currEvent ident : 33 filter : WRITE flags : 0x5 data: 65536

WRITE RETURN: 65500newEventCount: 1
processWriteEvent currEventident : 33 filter : WRITE flags : 0x5 data: 65536

write buffer size: 65536
WRITE currEvent ident : 33 filter : WRITE flags : 0x5 data: 65536

WRITE RETURN: 65500newEventCount: 1
processWriteEvent currEventident : 33 filter : WRITE flags : 0x5 data: 65536

write buffer size: 65536
WRITE currEvent ident : 33 filter : WRITE flags : 0x5 data: 65536

WRITE RETURN: 65500newEventCount: 1
processWriteEvent currEventident : 33 filter : WRITE flags : 0x5 data: 65536

write buffer size: 65536
WRITE currEvent ident : 33 filter : WRITE flags : 0x5 data: 65536

WRITE RETURN: 65500newEventCount: 1
processWriteEvent currEventident : 33 filter : WRITE flags : 0x5 data: 65536

write buffer size: 65536
WRITE currEvent ident : 33 filter : WRITE flags : 0x5 data: 65536

WRITE RETURN: 65500newEventCount: 1
processWriteEvent currEventident : 33 filter : WRITE flags : 0x5 data: 65536

write buffer size: 65536
WRITE currEvent ident : 33 filter : WRITE flags : 0x5 data: 65536

WRITE RETURN: 65500newEventCount: 1
processWriteEvent currEventident : 33 filter : WRITE flags : 0x5 data: 65536

write buffer size: 65536
WRITE currEvent ident : 33 filter : WRITE flags : 0x5 data: 65536

WRITE RETURN: 65500newEventCount: 1
processWriteEvent currEventident : 33 filter : WRITE flags : 0x5 data: 65536

write buffer size: 65536
WRITE currEvent ident : 33 filter : WRITE flags : 0x5 data: 65536

WRITE RETURN: 65500newEventCount: 1
processWriteEvent currEventident : 33 filter : WRITE flags : 0x5 data: 65536

write buffer size: 65536
WRITE currEvent ident : 33 filter : WRITE flags : 0x5 data: 65536

WRITE RETURN: 65500newEventCount: 1
processWriteEvent currEventident : 33 filter : WRITE flags : 0x5 data: 65536

write buffer size: 65536
WRITE currEvent ident : 33 filter : WRITE flags : 0x5 data: 65536

WRITE RETURN: 65500newEventCount: 1
processWriteEvent currEventident : 33 filter : WRITE flags : 0x5 data: 49188

write buffer size: 49188
WRITE currEvent ident : 33 filter : WRITE flags : 0x5 data: 49188

WRITE RETURN: 65500newEventCount: 1
processWriteEvent currEventident : 33 filter : WRITE flags : 0x5 data: 65536

write buffer size: 65536
WRITE currEvent ident : 33 filter : WRITE flags : 0x5 data: 65536

WRITE RETURN: 65500newEventCount: 1
processWriteEvent currEventident : 33 filter : WRITE flags : 0x5 data: 65536

write buffer size: 65536
WRITE currEvent ident : 33 filter : WRITE flags : 0x5 data: 65536

WRITE RETURN: 65500newEventCount: 1
processWriteEvent currEventident : 33 filter : WRITE flags : 0x5 data: 65536

write buffer size: 65536
WRITE currEvent ident : 33 filter : WRITE flags : 0x5 data: 65536

WRITE RETURN: 65500newEventCount: 1
processWriteEvent currEventident : 33 filter : WRITE flags : 0x5 data: 65536

write buffer size: 65536
WRITE currEvent ident : 33 filter : WRITE flags : 0x5 data: 65536

WRITE RETURN: 65500newEventCount: 1
processWriteEvent currEventident : 33 filter : WRITE flags : 0x5 data: 65536

write buffer size: 65536
WRITE currEvent ident : 33 filter : WRITE flags : 0x5 data: 65536

WRITE RETURN: 65500newEventCount: 1
processWriteEvent currEventident : 33 filter : WRITE flags : 0x5 data: 65536

write buffer size: 65536
WRITE currEvent ident : 33 filter : WRITE flags : 0x5 data: 65536

WRITE RETURN: 65500newEventCount: 1
processWriteEvent currEventident : 33 filter : WRITE flags : 0x5 data: 65536

write buffer size: 65536
WRITE currEvent ident : 33 filter : WRITE flags : 0x5 data: 65536

WRITE RETURN: 65500newEventCount: 1
processWriteEvent currEventident : 33 filter : WRITE flags : 0x5 data: 65536

write buffer size: 65536
WRITE currEvent ident : 33 filter : WRITE flags : 0x5 data: 65536

WRITE RETURN: 65500newEventCount: 1
processWriteEvent currEventident : 33 filter : WRITE flags : 0x5 data: 65536

write buffer size: 65536
WRITE currEvent ident : 33 filter : WRITE flags : 0x5 data: 65536

WRITE RETURN: 65500newEventCount: 1
processWriteEvent currEventident : 33 filter : WRITE flags : 0x5 data: 65536

write buffer size: 65536
WRITE currEvent ident : 33 filter : WRITE flags : 0x5 data: 65536

WRITE RETURN: 65500newEventCount: 1
processWriteEvent currEventident : 33 filter : WRITE flags : 0x5 data: 65536

write buffer size: 65536
WRITE currEvent ident : 33 filter : WRITE flags : 0x5 data: 65536

WRITE RETURN: 65500newEventCount: 1
processWriteEvent currEventident : 33 filter : WRITE flags : 0x5 data: 65536

write buffer size: 65536
WRITE currEvent ident : 33 filter : WRITE flags : 0x5 data: 65536

WRITE RETURN: 65500newEventCount: 1
processWriteEvent currEventident : 33 filter : WRITE flags : 0x5 data: 65536

write buffer size: 65536
WRITE currEvent ident : 33 filter : WRITE flags : 0x5 data: 65536

WRITE RETURN: 65500newEventCount: 1
processWriteEvent currEventident : 33 filter : WRITE flags : 0x5 data: 65536

write buffer size: 65536
WRITE currEvent ident : 33 filter : WRITE flags : 0x5 data: 65536

WRITE RETURN: 65500newEventCount: 1
processWriteEvent currEventident : 33 filter : WRITE flags : 0x5 data: 65536

write buffer size: 65536
WRITE currEvent ident : 33 filter : WRITE flags : 0x5 data: 65536

WRITE RETURN: 65500newEventCount: 1
processWriteEvent currEventident : 33 filter : WRITE flags : 0x5 data: 49188

write buffer size: 49188
WRITE currEvent ident : 33 filter : WRITE flags : 0x5 data: 49188

WRITE RETURN: 65500newEventCount: 1
processWriteEvent currEventident : 33 filter : WRITE flags : 0x5 data: 65536

write buffer size: 65536
WRITE currEvent ident : 33 filter : WRITE flags : 0x5 data: 65536

WRITE RETURN: 65500newEventCount: 1
processWriteEvent currEventident : 33 filter : WRITE flags : 0x5 data: 65536

write buffer size: 65536
WRITE currEvent ident : 33 filter : WRITE flags : 0x5 data: 65536

WRITE RETURN: 65500newEventCount: 1
processWriteEvent currEventident : 33 filter : WRITE flags : 0x5 data: 65536

write buffer size: 65536
WRITE currEvent ident : 33 filter : WRITE flags : 0x5 data: 65536

WRITE RETURN: 65500newEventCount: 1
processWriteEvent currEventident : 33 filter : WRITE flags : 0x5 data: 65536

write buffer size: 65536
WRITE currEvent ident : 33 filter : WRITE flags : 0x5 data: 65536

WRITE RETURN: 65500newEventCount: 1
processWriteEvent currEventident : 33 filter : WRITE flags : 0x5 data: 65536

write buffer size: 65536
WRITE currEvent ident : 33 filter : WRITE flags : 0x5 data: 65536

WRITE RETURN: 65500newEventCount: 1
processWriteEvent currEventident : 33 filter : WRITE flags : 0x5 data: 65536

write buffer size: 65536
WRITE currEvent ident : 33 filter : WRITE flags : 0x5 data: 65536

WRITE RETURN: 65500newEventCount: 1
processWriteEvent currEventident : 33 filter : WRITE flags : 0x5 data: 65536

write buffer size: 65536
WRITE currEvent ident : 33 filter : WRITE flags : 0x5 data: 65536

WRITE RETURN: 65500newEventCount: 1
processWriteEvent currEventident : 33 filter : WRITE flags : 0x5 data: 65536

write buffer size: 65536
WRITE currEvent ident : 33 filter : WRITE flags : 0x5 data: 65536

WRITE RETURN: 65500newEventCount: 1
processWriteEvent currEventident : 33 filter : WRITE flags : 0x5 data: 65536

write buffer size: 65536
WRITE currEvent ident : 33 filter : WRITE flags : 0x5 data: 65536

WRITE RETURN: 65500newEventCount: 1
processWriteEvent currEventident : 33 filter : WRITE flags : 0x5 data: 65536

write buffer size: 65536
WRITE currEvent ident : 33 filter : WRITE flags : 0x5 data: 65536

WRITE RETURN: 65500newEventCount: 1
processWriteEvent currEventident : 33 filter : WRITE flags : 0x5 data: 65536

write buffer size: 65536
WRITE currEvent ident : 33 filter : WRITE flags : 0x5 data: 65536

WRITE RETURN: 65500newEventCount: 1
processWriteEvent currEventident : 33 filter : WRITE flags : 0x5 data: 65536

write buffer size: 65536
WRITE currEvent ident : 33 filter : WRITE flags : 0x5 data: 65536

WRITE RETURN: 65500newEventCount: 1
processWriteEvent currEventident : 33 filter : WRITE flags : 0x5 data: 65536

write buffer size: 65536
WRITE currEvent ident : 33 filter : WRITE flags : 0x5 data: 65536

WRITE RETURN: 65500newEventCount: 1
processWriteEvent currEventident : 33 filter : WRITE flags : 0x5 data: 65536

write buffer size: 65536
WRITE currEvent ident : 33 filter : WRITE flags : 0x5 data: 65536

WRITE RETURN: 65500newEventCount: 1
processWriteEvent currEventident : 33 filter : WRITE flags : 0x5 data: 65536

write buffer size: 65536
WRITE currEvent ident : 33 filter : WRITE flags : 0x5 data: 65536

WRITE RETURN: 65500newEventCount: 1
processWriteEvent currEventident : 33 filter : WRITE flags : 0x5 data: 49188

write buffer size: 49188
WRITE currEvent ident : 33 filter : WRITE flags : 0x5 data: 49188

WRITE RETURN: 65500newEventCount: 1
processWriteEvent currEventident : 33 filter : WRITE flags : 0x5 data: 65536

write buffer size: 65536
WRITE currEvent ident : 33 filter : WRITE flags : 0x5 data: 65536

WRITE RETURN: 65500newEventCount: 1
processWriteEvent currEventident : 33 filter : WRITE flags : 0x5 data: 65536

write buffer size: 65536
WRITE currEvent ident : 33 filter : WRITE flags : 0x5 data: 65536

WRITE RETURN: 65500newEventCount: 1
processWriteEvent currEventident : 33 filter : WRITE flags : 0x5 data: 65536

write buffer size: 65536
WRITE currEvent ident : 33 filter : WRITE flags : 0x5 data: 65536

WRITE RETURN: 65500newEventCount: 1
processWriteEvent currEventident : 33 filter : WRITE flags : 0x5 data: 65536

write buffer size: 65536
WRITE currEvent ident : 33 filter : WRITE flags : 0x5 data: 65536

WRITE RETURN: 65500newEventCount: 1
processWriteEvent currEventident : 33 filter : WRITE flags : 0x5 data: 65536

write buffer size: 65536
WRITE currEvent ident : 33 filter : WRITE flags : 0x5 data: 65536

WRITE RETURN: 65500newEventCount: 1
processWriteEvent currEventident : 33 filter : WRITE flags : 0x5 data: 65536

write buffer size: 65536
WRITE currEvent ident : 33 filter : WRITE flags : 0x5 data: 65536

WRITE RETURN: 65500newEventCount: 1
processWriteEvent currEventident : 33 filter : WRITE flags : 0x5 data: 65536

write buffer size: 65536
WRITE currEvent ident : 33 filter : WRITE flags : 0x5 data: 65536

WRITE RETURN: 65500newEventCount: 1
processWriteEvent currEventident : 33 filter : WRITE flags : 0x5 data: 65536

write buffer size: 65536
WRITE currEvent ident : 33 filter : WRITE flags : 0x5 data: 65536

WRITE RETURN: 65500newEventCount: 1
processWriteEvent currEventident : 33 filter : WRITE flags : 0x5 data: 65536

write buffer size: 65536
WRITE currEvent ident : 33 filter : WRITE flags : 0x5 data: 65536

WRITE RETURN: 65500newEventCount: 1
processWriteEvent currEventident : 33 filter : WRITE flags : 0x5 data: 65536

write buffer size: 65536
WRITE currEvent ident : 33 filter : WRITE flags : 0x5 data: 65536

WRITE RETURN: 65500newEventCount: 1
processWriteEvent currEventident : 33 filter : WRITE flags : 0x5 data: 65536

write buffer size: 65536
WRITE currEvent ident : 33 filter : WRITE flags : 0x5 data: 65536

WRITE RETURN: 65500newEventCount: 1
processWriteEvent currEventident : 33 filter : WRITE flags : 0x5 data: 65536

write buffer size: 65536
WRITE currEvent ident : 33 filter : WRITE flags : 0x5 data: 65536

WRITE RETURN: 65500newEventCount: 1
processWriteEvent currEventident : 33 filter : WRITE flags : 0x5 data: 65536

write buffer size: 65536
WRITE currEvent ident : 33 filter : WRITE flags : 0x5 data: 65536

WRITE RETURN: 65500newEventCount: 1
processWriteEvent currEventident : 33 filter : WRITE flags : 0x5 data: 65536

write buffer size: 65536
WRITE currEvent ident : 33 filter : WRITE flags : 0x5 data: 65536

WRITE RETURN: 65500newEventCount: 1
processWriteEvent currEventident : 33 filter : WRITE flags : 0x5 data: 65536

write buffer size: 65536
WRITE currEvent ident : 33 filter : WRITE flags : 0x5 data: 65536

WRITE RETURN: 65500newEventCount: 1
processWriteEvent currEventident : 33 filter : WRITE flags : 0x5 data: 49188

write buffer size: 49188
WRITE currEvent ident : 33 filter : WRITE flags : 0x5 data: 49188

WRITE RETURN: 65500newEventCount: 1
processWriteEvent currEventident : 33 filter : WRITE flags : 0x5 data: 65536

write buffer size: 65536
WRITE currEvent ident : 33 filter : WRITE flags : 0x5 data: 65536

WRITE RETURN: 65500newEventCount: 1
processWriteEvent currEventident : 33 filter : WRITE flags : 0x5 data: 65536

write buffer size: 65536
WRITE currEvent ident : 33 filter : WRITE flags : 0x5 data: 65536

WRITE RETURN: 65500newEventCount: 1
processWriteEvent currEventident : 33 filter : WRITE flags : 0x5 data: 65536

write buffer size: 65536
WRITE currEvent ident : 33 filter : WRITE flags : 0x5 data: 65536

WRITE RETURN: 65500newEventCount: 1
processWriteEvent currEventident : 33 filter : WRITE flags : 0x5 data: 65536

write buffer size: 65536
WRITE currEvent ident : 33 filter : WRITE flags : 0x5 data: 65536

WRITE RETURN: 65500newEventCount: 1
processWriteEvent currEventident : 33 filter : WRITE flags : 0x5 data: 65536

write buffer size: 65536
WRITE currEvent ident : 33 filter : WRITE flags : 0x5 data: 65536

WRITE RETURN: 65500newEventCount: 1
processWriteEvent currEventident : 33 filter : WRITE flags : 0x5 data: 65536

write buffer size: 65536
WRITE currEvent ident : 33 filter : WRITE flags : 0x5 data: 65536

WRITE RETURN: 65500newEventCount: 1
processWriteEvent currEventident : 33 filter : WRITE flags : 0x5 data: 65536

write buffer size: 65536
WRITE currEvent ident : 33 filter : WRITE flags : 0x5 data: 65536

WRITE RETURN: 65500newEventCount: 1
processWriteEvent currEventident : 33 filter : WRITE flags : 0x5 data: 65536

write buffer size: 65536
WRITE currEvent ident : 33 filter : WRITE flags : 0x5 data: 65536

WRITE RETURN: 65500newEventCount: 1
processWriteEvent currEventident : 33 filter : WRITE flags : 0x5 data: 65536

write buffer size: 65536
WRITE currEvent ident : 33 filter : WRITE flags : 0x5 data: 65536

WRITE RETURN: 65500newEventCount: 1
processWriteEvent currEventident : 33 filter : WRITE flags : 0x5 data: 65536

write buffer size: 65536
WRITE currEvent ident : 33 filter : WRITE flags : 0x5 data: 65536

WRITE RETURN: 65500newEventCount: 1
processWriteEvent currEventident : 33 filter : WRITE flags : 0x5 data: 65536

write buffer size: 65536
WRITE currEvent ident : 33 filter : WRITE flags : 0x5 data: 65536

WRITE RETURN: 65500newEventCount: 1
processWriteEvent currEventident : 33 filter : WRITE flags : 0x5 data: 65536

write buffer size: 65536
WRITE currEvent ident : 33 filter : WRITE flags : 0x5 data: 65536

WRITE RETURN: 65500newEventCount: 1
processWriteEvent currEventident : 33 filter : WRITE flags : 0x5 data: 65536

write buffer size: 65536
WRITE currEvent ident : 33 filter : WRITE flags : 0x5 data: 65536

WRITE RETURN: 65500newEventCount: 1
processWriteEvent currEventident : 33 filter : WRITE flags : 0x5 data: 65536

write buffer size: 65536
WRITE currEvent ident : 33 filter : WRITE flags : 0x5 data: 65536

WRITE RETURN: 65500newEventCount: 1
processWriteEvent currEventident : 33 filter : WRITE flags : 0x5 data: 65536

write buffer size: 65536
WRITE currEvent ident : 33 filter : WRITE flags : 0x5 data: 65536

WRITE RETURN: 65500newEventCount: 1
processWriteEvent currEventident : 33 filter : WRITE flags : 0x5 data: 49188

write buffer size: 49188
WRITE currEvent ident : 33 filter : WRITE flags : 0x5 data: 49188

WRITE RETURN: 65500newEventCount: 1
processWriteEvent currEventident : 33 filter : WRITE flags : 0x5 data: 65536

write buffer size: 65536
WRITE currEvent ident : 33 filter : WRITE flags : 0x5 data: 65536

WRITE RETURN: 65500newEventCount: 1
processWriteEvent currEventident : 33 filter : WRITE flags : 0x5 data: 65536

write buffer size: 65536
WRITE currEvent ident : 33 filter : WRITE flags : 0x5 data: 65536

WRITE RETURN: 65500newEventCount: 1
processWriteEvent currEventident : 33 filter : WRITE flags : 0x5 data: 65536

write buffer size: 65536
WRITE currEvent ident : 33 filter : WRITE flags : 0x5 data: 65536

WRITE RETURN: 65500newEventCount: 1
processWriteEvent currEventident : 33 filter : WRITE flags : 0x5 data: 65536

write buffer size: 65536
WRITE currEvent ident : 33 filter : WRITE flags : 0x5 data: 65536

WRITE RETURN: 65500newEventCount: 1
processWriteEvent currEventident : 33 filter : WRITE flags : 0x5 data: 65536

write buffer size: 65536
WRITE currEvent ident : 33 filter : WRITE flags : 0x5 data: 65536

WRITE RETURN: 65500newEventCount: 1
processWriteEvent currEventident : 33 filter : WRITE flags : 0x5 data: 65536

write buffer size: 65536
WRITE currEvent ident : 33 filter : WRITE flags : 0x5 data: 65536

WRITE RETURN: 65500newEventCount: 1
processWriteEvent currEventident : 33 filter : WRITE flags : 0x5 data: 65536

write buffer size: 65536
WRITE currEvent ident : 33 filter : WRITE flags : 0x5 data: 65536

WRITE RETURN: 65500newEventCount: 1
processWriteEvent currEventident : 33 filter : WRITE flags : 0x5 data: 65536

write buffer size: 65536
WRITE currEvent ident : 33 filter : WRITE flags : 0x5 data: 65536

WRITE RETURN: 65500newEventCount: 1
processWriteEvent currEventident : 33 filter : WRITE flags : 0x5 data: 65536

write buffer size: 65536
WRITE currEvent ident : 33 filter : WRITE flags : 0x5 data: 65536

WRITE RETURN: 65500newEventCount: 1
processWriteEvent currEventident : 33 filter : WRITE flags : 0x5 data: 65536

write buffer size: 65536
WRITE currEvent ident : 33 filter : WRITE flags : 0x5 data: 65536

WRITE RETURN: 65500newEventCount: 1
processWriteEvent currEventident : 33 filter : WRITE flags : 0x5 data: 65536

write buffer size: 65536
WRITE currEvent ident : 33 filter : WRITE flags : 0x5 data: 65536

WRITE RETURN: 65500newEventCount: 1
processWriteEvent currEventident : 33 filter : WRITE flags : 0x5 data: 65536

write buffer size: 65536
WRITE currEvent ident : 33 filter : WRITE flags : 0x5 data: 65536

WRITE RETURN: 65500newEventCount: 1
processWriteEvent currEventident : 33 filter : WRITE flags : 0x5 data: 65536

write buffer size: 65536
WRITE currEvent ident : 33 filter : WRITE flags : 0x5 data: 65536

WRITE RETURN: 65500newEventCount: 1
processWriteEvent currEventident : 33 filter : WRITE flags : 0x5 data: 65536

write buffer size: 65536
WRITE currEvent ident : 33 filter : WRITE flags : 0x5 data: 65536

WRITE RETURN: 65500newEventCount: 1
processWriteEvent currEventident : 33 filter : WRITE flags : 0x5 data: 65536

write buffer size: 65536
WRITE currEvent ident : 33 filter : WRITE flags : 0x5 data: 65536

WRITE RETURN: 65500newEventCount: 1
processWriteEvent currEventident : 33 filter : WRITE flags : 0x5 data: 65536

write buffer size: 65536
WRITE currEvent ident : 33 filter : WRITE flags : 0x5 data: 65536

WRITE RETURN: 65500newEventCount: 1
processWriteEvent currEventident : 33 filter : WRITE flags : 0x5 data: 65536

write buffer size: 65536
WRITE currEvent ident : 33 filter : WRITE flags : 0x5 data: 65536

WRITE RETURN: 65500newEventCount: 1
processWriteEvent currEventident : 33 filter : WRITE flags : 0x5 data: 65536

write buffer size: 65536
WRITE currEvent ident : 33 filter : WRITE flags : 0x5 data: 65536

WRITE RETURN: 65500newEventCount: 1
processWriteEvent currEventident : 33 filter : WRITE flags : 0x5 data: 65536

write buffer size: 65536
WRITE currEvent ident : 33 filter : WRITE flags : 0x5 data: 65536

WRITE RETURN: 65500newEventCount: 1
processWriteEvent currEventident : 33 filter : WRITE flags : 0x5 data: 65536

write buffer size: 65536
WRITE currEvent ident : 33 filter : WRITE flags : 0x5 data: 65536

WRITE RETURN: 65500newEventCount: 1
processWriteEvent currEventident : 33 filter : WRITE flags : 0x5 data: 65536

write buffer size: 65536
WRITE currEvent ident : 33 filter : WRITE flags : 0x5 data: 65536

WRITE RETURN: 65500newEventCount: 1
processWriteEvent currEventident : 33 filter : WRITE flags : 0x5 data: 65536

write buffer size: 65536
WRITE currEvent ident : 33 filter : WRITE flags : 0x5 data: 65536

WRITE RETURN: 65500newEventCount: 1
processWriteEvent currEventident : 33 filter : WRITE flags : 0x5 data: 65536

write buffer size: 65536
WRITE currEvent ident : 33 filter : WRITE flags : 0x5 data: 65536

WRITE RETURN: 65500newEventCount: 1
processWriteEvent currEventident : 33 filter : WRITE flags : 0x5 data: 65536

write buffer size: 65536
WRITE currEvent ident : 33 filter : WRITE flags : 0x5 data: 65536

WRITE RETURN: 65500newEventCount: 1
processWriteEvent currEventident : 33 filter : WRITE flags : 0x5 data: 65536

write buffer size: 65536
WRITE currEvent ident : 33 filter : WRITE flags : 0x5 data: 65536

WRITE RETURN: 65500newEventCount: 1
processWriteEvent currEventident : 33 filter : WRITE flags : 0x5 data: 65536

write buffer size: 65536
WRITE currEvent ident : 33 filter : WRITE flags : 0x5 data: 65536

WRITE RETURN: 65500newEventCount: 1
processWriteEvent currEventident : 33 filter : WRITE flags : 0x5 data: 65536

write buffer size: 65536
WRITE currEvent ident : 33 filter : WRITE flags : 0x5 data: 65536

WRITE RETURN: 65500newEventCount: 1
processWriteEvent currEventident : 33 filter : WRITE flags : 0x5 data: 65536

write buffer size: 65536
WRITE currEvent ident : 33 filter : WRITE flags : 0x5 data: 65536

WRITE RETURN: 65500newEventCount: 1
processWriteEvent currEventident : 33 filter : WRITE flags : 0x5 data: 65536

write buffer size: 65536
WRITE currEvent ident : 33 filter : WRITE flags : 0x5 data: 65536

WRITE RETURN: 65500newEventCount: 1
processWriteEvent currEventident : 33 filter : WRITE flags : 0x5 data: 65536

write buffer size: 65536
WRITE currEvent ident : 33 filter : WRITE flags : 0x5 data: 65536

WRITE RETURN: 65500newEventCount: 1
processWriteEvent currEventident : 33 filter : WRITE flags : 0x5 data: 65536

write buffer size: 65536
WRITE currEvent ident : 33 filter : WRITE flags : 0x5 data: 65536

WRITE RETURN: 65500newEventCount: 1
processWriteEvent currEventident : 33 filter : WRITE flags : 0x5 data: 65536

write buffer size: 65536
WRITE currEvent ident : 33 filter : WRITE flags : 0x5 data: 65536

WRITE RETURN: 65500newEventCount: 1
processWriteEvent currEventident : 33 filter : WRITE flags : 0x5 data: 65536

write buffer size: 65536
WRITE currEvent ident : 33 filter : WRITE flags : 0x5 data: 65536

WRITE RETURN: 65500newEventCount: 1
processWriteEvent currEventident : 33 filter : WRITE flags : 0x5 data: 65536

write buffer size: 65536
WRITE currEvent ident : 33 filter : WRITE flags : 0x5 data: 65536

WRITE RETURN: 65500newEventCount: 1
processWriteEvent currEventident : 33 filter : WRITE flags : 0x5 data: 65536

write buffer size: 65536
WRITE currEvent ident : 33 filter : WRITE flags : 0x5 data: 65536

WRITE RETURN: 65500newEventCount: 1
processWriteEvent currEventident : 33 filter : WRITE flags : 0x5 data: 65536

write buffer size: 65536
WRITE currEvent ident : 33 filter : WRITE flags : 0x5 data: 65536

WRITE RETURN: 65500newEventCount: 1
processWriteEvent currEventident : 33 filter : WRITE flags : 0x5 data: 65536

write buffer size: 65536
WRITE currEvent ident : 33 filter : WRITE flags : 0x5 data: 65536

WRITE RETURN: 65500newEventCount: 1
processWriteEvent currEventident : 33 filter : WRITE flags : 0x5 data: 65536

write buffer size: 65536
WRITE currEvent ident : 33 filter : WRITE flags : 0x5 data: 65536

WRITE RETURN: 65500newEventCount: 1
processWriteEvent currEventident : 33 filter : WRITE flags : 0x5 data: 65536

write buffer size: 65536
WRITE currEvent ident : 33 filter : WRITE flags : 0x5 data: 65536

WRITE RETURN: 65500newEventCount: 1
processWriteEvent currEventident : 33 filter : WRITE flags : 0x5 data: 65536

write buffer size: 65536
WRITE currEvent ident : 33 filter : WRITE flags : 0x5 data: 65536

WRITE RETURN: 65500newEventCount: 1
processWriteEvent currEventident : 33 filter : WRITE flags : 0x5 data: 65536

write buffer size: 65536
WRITE currEvent ident : 33 filter : WRITE flags : 0x5 data: 65536

WRITE RETURN: 65500newEventCount: 1
processWriteEvent currEventident : 33 filter : WRITE flags : 0x5 data: 65536

write buffer size: 65536
WRITE currEvent ident : 33 filter : WRITE flags : 0x5 data: 65536

WRITE RETURN: 65500newEventCount: 1
processWriteEvent currEventident : 33 filter : WRITE flags : 0x5 data: 65536

write buffer size: 65536
WRITE currEvent ident : 33 filter : WRITE flags : 0x5 data: 65536

WRITE RETURN: 65500newEventCount: 1
processWriteEvent currEventident : 33 filter : WRITE flags : 0x5 data: 65536

write buffer size: 65536
WRITE currEvent ident : 33 filter : WRITE flags : 0x5 data: 65536

WRITE RETURN: 65500newEventCount: 1
processWriteEvent currEventident : 33 filter : WRITE flags : 0x5 data: 65536

write buffer size: 65536
WRITE currEvent ident : 33 filter : WRITE flags : 0x5 data: 65536

WRITE RETURN: 65500newEventCount: 1
processWriteEvent currEventident : 33 filter : WRITE flags : 0x5 data: 65536

write buffer size: 65536
WRITE currEvent ident : 33 filter : WRITE flags : 0x5 data: 65536

WRITE RETURN: 65500newEventCount: 1
processWriteEvent currEventident : 33 filter : WRITE flags : 0x5 data: 65536

write buffer size: 65536
WRITE currEvent ident : 33 filter : WRITE flags : 0x5 data: 65536

WRITE RETURN: 65500newEventCount: 1
processWriteEvent currEventident : 33 filter : WRITE flags : 0x5 data: 65536

write buffer size: 65536
WRITE currEvent ident : 33 filter : WRITE flags : 0x5 data: 65536

WRITE RETURN: 65500newEventCount: 1
processWriteEvent currEventident : 33 filter : WRITE flags : 0x5 data: 65536

write buffer size: 65536
WRITE currEvent ident : 33 filter : WRITE flags : 0x5 data: 65536

WRITE RETURN: 65500newEventCount: 1
processWriteEvent currEventident : 33 filter : WRITE flags : 0x5 data: 65536

write buffer size: 65536
WRITE currEvent ident : 33 filter : WRITE flags : 0x5 data: 65536

WRITE RETURN: 65500newEventCount: 1
processWriteEvent currEventident : 33 filter : WRITE flags : 0x5 data: 65536

write buffer size: 65536
WRITE currEvent ident : 33 filter : WRITE flags : 0x5 data: 65536

WRITE RETURN: 65500newEventCount: 1
processWriteEvent currEventident : 33 filter : WRITE flags : 0x5 data: 65536

write buffer size: 65536
WRITE currEvent ident : 33 filter : WRITE flags : 0x5 data: 65536

WRITE RETURN: 65500newEventCount: 1
processWriteEvent currEventident : 33 filter : WRITE flags : 0x5 data: 65536

write buffer size: 65536
WRITE currEvent ident : 33 filter : WRITE flags : 0x5 data: 65536

WRITE RETURN: 65500newEventCount: 1
processWriteEvent currEventident : 33 filter : WRITE flags : 0x5 data: 65536

write buffer size: 65536
WRITE currEvent ident : 33 filter : WRITE flags : 0x5 data: 65536

WRITE RETURN: 65500newEventCount: 1
processWriteEvent currEventident : 33 filter : WRITE flags : 0x5 data: 65536

write buffer size: 65536
WRITE currEvent ident : 33 filter : WRITE flags : 0x5 data: 65536

WRITE RETURN: 65500newEventCount: 1
processWriteEvent currEventident : 33 filter : WRITE flags : 0x5 data: 65536

write buffer size: 65536
WRITE currEvent ident : 33 filter : WRITE flags : 0x5 data: 65536

WRITE RETURN: 65500newEventCount: 1
processWriteEvent currEventident : 33 filter : WRITE flags : 0x5 data: 65536

write buffer size: 65536
WRITE currEvent ident : 33 filter : WRITE flags : 0x5 data: 65536

WRITE RETURN: 65500newEventCount: 1
processWriteEvent currEventident : 33 filter : WRITE flags : 0x5 data: 65536

write buffer size: 65536
WRITE currEvent ident : 33 filter : WRITE flags : 0x5 data: 65536

WRITE RETURN: 65500newEventCount: 1
processWriteEvent currEventident : 33 filter : WRITE flags : 0x5 data: 65536

write buffer size: 65536
WRITE currEvent ident : 33 filter : WRITE flags : 0x5 data: 65536

WRITE RETURN: 65500newEventCount: 1
processWriteEvent currEventident : 33 filter : WRITE flags : 0x5 data: 65536

write buffer size: 65536
WRITE currEvent ident : 33 filter : WRITE flags : 0x5 data: 65536

WRITE RETURN: 65500newEventCount: 1
processWriteEvent currEventident : 33 filter : WRITE flags : 0x5 data: 65536

write buffer size: 65536
WRITE currEvent ident : 33 filter : WRITE flags : 0x5 data: 65536

WRITE RETURN: 65500newEventCount: 1
processWriteEvent currEventident : 33 filter : WRITE flags : 0x5 data: 65536

write buffer size: 65536
WRITE currEvent ident : 33 filter : WRITE flags : 0x5 data: 65536

WRITE RETURN: 65500newEventCount: 1
processWriteEvent currEventident : 33 filter : WRITE flags : 0x5 data: 65536

write buffer size: 65536
WRITE currEvent ident : 33 filter : WRITE flags : 0x5 data: 65536

WRITE RETURN: 65500newEventCount: 1
processWriteEvent currEventident : 33 filter : WRITE flags : 0x5 data: 65536

write buffer size: 65536
WRITE currEvent ident : 33 filter : WRITE flags : 0x5 data: 65536

WRITE RETURN: 65500newEventCount: 1
processWriteEvent currEventident : 33 filter : WRITE flags : 0x5 data: 65536

write buffer size: 65536
WRITE currEvent ident : 33 filter : WRITE flags : 0x5 data: 65536

WRITE RETURN: 65500newEventCount: 1
processWriteEvent currEventident : 33 filter : WRITE flags : 0x5 data: 65536

write buffer size: 65536
WRITE currEvent ident : 33 filter : WRITE flags : 0x5 data: 65536

WRITE RETURN: 65500newEventCount: 1
processWriteEvent currEventident : 33 filter : WRITE flags : 0x5 data: 65536

write buffer size: 65536
WRITE currEvent ident : 33 filter : WRITE flags : 0x5 data: 65536

WRITE RETURN: 65500newEventCount: 1
processWriteEvent currEventident : 33 filter : WRITE flags : 0x5 data: 65536

write buffer size: 65536
WRITE currEvent ident : 33 filter : WRITE flags : 0x5 data: 65536

WRITE RETURN: 65500newEventCount: 1
processWriteEvent currEventident : 33 filter : WRITE flags : 0x5 data: 65536

write buffer size: 65536
WRITE currEvent ident : 33 filter : WRITE flags : 0x5 data: 65536

WRITE RETURN: 65500newEventCount: 1
processWriteEvent currEventident : 33 filter : WRITE flags : 0x5 data: 65536

write buffer size: 65536
WRITE currEvent ident : 33 filter : WRITE flags : 0x5 data: 65536

WRITE RETURN: 65500newEventCount: 1
processWriteEvent currEventident : 33 filter : WRITE flags : 0x5 data: 65536

write buffer size: 65536
WRITE currEvent ident : 33 filter : WRITE flags : 0x5 data: 65536

WRITE RETURN: 65500newEventCount: 1
processWriteEvent currEventident : 33 filter : WRITE flags : 0x5 data: 65536

write buffer size: 65536
WRITE currEvent ident : 33 filter : WRITE flags : 0x5 data: 65536

WRITE RETURN: 65500newEventCount: 1
processWriteEvent currEventident : 33 filter : WRITE flags : 0x5 data: 65536

write buffer size: 65536
WRITE currEvent ident : 33 filter : WRITE flags : 0x5 data: 65536

WRITE RETURN: 65500newEventCount: 1
processWriteEvent currEventident : 33 filter : WRITE flags : 0x5 data: 65536

write buffer size: 65536
WRITE currEvent ident : 33 filter : WRITE flags : 0x5 data: 65536

WRITE RETURN: 65500newEventCount: 1
processWriteEvent currEventident : 33 filter : WRITE flags : 0x5 data: 65536

write buffer size: 65536
WRITE currEvent ident : 33 filter : WRITE flags : 0x5 data: 65536

WRITE RETURN: 65500newEventCount: 1
processWriteEvent currEventident : 33 filter : WRITE flags : 0x5 data: 65536

write buffer size: 65536
WRITE currEvent ident : 33 filter : WRITE flags : 0x5 data: 65536

WRITE RETURN: 65500newEventCount: 1
processWriteEvent currEventident : 33 filter : WRITE flags : 0x5 data: 65536

write buffer size: 65536
WRITE currEvent ident : 33 filter : WRITE flags : 0x5 data: 65536

WRITE RETURN: 65500newEventCount: 1
processWriteEvent currEventident : 33 filter : WRITE flags : 0x5 data: 65536

write buffer size: 65536
WRITE currEvent ident : 33 filter : WRITE flags : 0x5 data: 65536

WRITE RETURN: 65500newEventCount: 1
processWriteEvent currEventident : 33 filter : WRITE flags : 0x5 data: 65536

write buffer size: 65536
WRITE currEvent ident : 33 filter : WRITE flags : 0x5 data: 65536

WRITE RETURN: 65500newEventCount: 1
processWriteEvent currEventident : 33 filter : WRITE flags : 0x5 data: 65536

write buffer size: 65536
WRITE currEvent ident : 33 filter : WRITE flags : 0x5 data: 65536

WRITE RETURN: 65500newEventCount: 1
processWriteEvent currEventident : 33 filter : WRITE flags : 0x5 data: 65536

write buffer size: 65536
WRITE currEvent ident : 33 filter : WRITE flags : 0x5 data: 65536

WRITE RETURN: 65500newEventCount: 1
processWriteEvent currEventident : 33 filter : WRITE flags : 0x5 data: 65536

write buffer size: 65536
WRITE currEvent ident : 33 filter : WRITE flags : 0x5 data: 65536

WRITE RETURN: 65500newEventCount: 1
processWriteEvent currEventident : 33 filter : WRITE flags : 0x5 data: 65536

write buffer size: 65536
WRITE currEvent ident : 33 filter : WRITE flags : 0x5 data: 65536

WRITE RETURN: 65500newEventCount: 1
processWriteEvent currEventident : 33 filter : WRITE flags : 0x5 data: 65536

write buffer size: 65536
WRITE currEvent ident : 33 filter : WRITE flags : 0x5 data: 65536

WRITE RETURN: 65500newEventCount: 1
processWriteEvent currEventident : 33 filter : WRITE flags : 0x5 data: 65536

write buffer size: 65536
WRITE currEvent ident : 33 filter : WRITE flags : 0x5 data: 65536

WRITE RETURN: 65500newEventCount: 1
processWriteEvent currEventident : 33 filter : WRITE flags : 0x5 data: 65536

write buffer size: 65536
WRITE currEvent ident : 33 filter : WRITE flags : 0x5 data: 65536

WRITE RETURN: 65500newEventCount: 1
processWriteEvent currEventident : 33 filter : WRITE flags : 0x5 data: 65536

write buffer size: 65536
WRITE currEvent ident : 33 filter : WRITE flags : 0x5 data: 65536

WRITE RETURN: 65500newEventCount: 1
processWriteEvent currEventident : 33 filter : WRITE flags : 0x5 data: 65536

write buffer size: 65536
WRITE currEvent ident : 33 filter : WRITE flags : 0x5 data: 65536

WRITE RETURN: 65500newEventCount: 1
processWriteEvent currEventident : 33 filter : WRITE flags : 0x5 data: 65536

write buffer size: 65536
WRITE currEvent ident : 33 filter : WRITE flags : 0x5 data: 65536

WRITE RETURN: 65500newEventCount: 1
processWriteEvent currEventident : 33 filter : WRITE flags : 0x5 data: 65536

write buffer size: 65536
WRITE currEvent ident : 33 filter : WRITE flags : 0x5 data: 65536

WRITE RETURN: 65500newEventCount: 1
processWriteEvent currEventident : 33 filter : WRITE flags : 0x5 data: 65536

write buffer size: 65536
WRITE currEvent ident : 33 filter : WRITE flags : 0x5 data: 65536

WRITE RETURN: 65500newEventCount: 1
processWriteEvent currEventident : 33 filter : WRITE flags : 0x5 data: 65536

write buffer size: 65536
WRITE currEvent ident : 33 filter : WRITE flags : 0x5 data: 65536

WRITE RETURN: 65500newEventCount: 1
processWriteEvent currEventident : 33 filter : WRITE flags : 0x5 data: 65536

write buffer size: 65536
WRITE currEvent ident : 33 filter : WRITE flags : 0x5 data: 65536

WRITE RETURN: 65500newEventCount: 1
processWriteEvent currEventident : 33 filter : WRITE flags : 0x5 data: 65536

write buffer size: 65536
WRITE currEvent ident : 33 filter : WRITE flags : 0x5 data: 65536

WRITE RETURN: 65500newEventCount: 1
processWriteEvent currEventident : 33 filter : WRITE flags : 0x5 data: 65536

write buffer size: 65536
WRITE currEvent ident : 33 filter : WRITE flags : 0x5 data: 65536

WRITE RETURN: 65500newEventCount: 1
processWriteEvent currEventident : 33 filter : WRITE flags : 0x5 data: 65536

write buffer size: 65536
WRITE currEvent ident : 33 filter : WRITE flags : 0x5 data: 65536

WRITE RETURN: 65500newEventCount: 1
processWriteEvent currEventident : 33 filter : WRITE flags : 0x5 data: 65536

write buffer size: 65536
WRITE currEvent ident : 33 filter : WRITE flags : 0x5 data: 65536

WRITE RETURN: 65500newEventCount: 1
processWriteEvent currEventident : 33 filter : WRITE flags : 0x5 data: 65536

write buffer size: 65536
WRITE currEvent ident : 33 filter : WRITE flags : 0x5 data: 65536

WRITE RETURN: 65500newEventCount: 1
processWriteEvent currEventident : 33 filter : WRITE flags : 0x5 data: 65536

write buffer size: 65536
WRITE currEvent ident : 33 filter : WRITE flags : 0x5 data: 65536

WRITE RETURN: 65500newEventCount: 1
processWriteEvent currEventident : 33 filter : WRITE flags : 0x5 data: 65536

write buffer size: 65536
WRITE currEvent ident : 33 filter : WRITE flags : 0x5 data: 65536

WRITE RETURN: 65500newEventCount: 1
processWriteEvent currEventident : 33 filter : WRITE flags : 0x5 data: 65536

write buffer size: 65536
WRITE currEvent ident : 33 filter : WRITE flags : 0x5 data: 65536

WRITE RETURN: 65500newEventCount: 1
processWriteEvent currEventident : 33 filter : WRITE flags : 0x5 data: 65536

write buffer size: 65536
WRITE currEvent ident : 33 filter : WRITE flags : 0x5 data: 65536

WRITE RETURN: 65500newEventCount: 1
processWriteEvent currEventident : 33 filter : WRITE flags : 0x5 data: 65536

write buffer size: 65536
WRITE currEvent ident : 33 filter : WRITE flags : 0x5 data: 65536

WRITE RETURN: 65500newEventCount: 1
processWriteEvent currEventident : 33 filter : WRITE flags : 0x5 data: 65536

write buffer size: 65536
WRITE currEvent ident : 33 filter : WRITE flags : 0x5 data: 65536

WRITE RETURN: 65500newEventCount: 1
processWriteEvent currEventident : 33 filter : WRITE flags : 0x5 data: 65536

write buffer size: 65536
WRITE currEvent ident : 33 filter : WRITE flags : 0x5 data: 65536

WRITE RETURN: 65500newEventCount: 1
processWriteEvent currEventident : 33 filter : WRITE flags : 0x5 data: 65536

write buffer size: 65536
WRITE currEvent ident : 33 filter : WRITE flags : 0x5 data: 65536

WRITE RETURN: 65500newEventCount: 1
processWriteEvent currEventident : 33 filter : WRITE flags : 0x5 data: 65536

write buffer size: 65536
WRITE currEvent ident : 33 filter : WRITE flags : 0x5 data: 65536

WRITE RETURN: 65500newEventCount: 1
processWriteEvent currEventident : 33 filter : WRITE flags : 0x5 data: 65536

write buffer size: 65536
WRITE currEvent ident : 33 filter : WRITE flags : 0x5 data: 65536

WRITE RETURN: 65500newEventCount: 1
processWriteEvent currEventident : 33 filter : WRITE flags : 0x5 data: 65536

write buffer size: 65536
WRITE currEvent ident : 33 filter : WRITE flags : 0x5 data: 65536

WRITE RETURN: 65500newEventCount: 1
processWriteEvent currEventident : 33 filter : WRITE flags : 0x5 data: 65536

write buffer size: 65536
WRITE currEvent ident : 33 filter : WRITE flags : 0x5 data: 65536

WRITE RETURN: 65500newEventCount: 1
processWriteEvent currEventident : 33 filter : WRITE flags : 0x5 data: 65536

write buffer size: 65536
WRITE currEvent ident : 33 filter : WRITE flags : 0x5 data: 65536

WRITE RETURN: 65500newEventCount: 1
processWriteEvent currEventident : 33 filter : WRITE flags : 0x5 data: 65536

write buffer size: 65536
WRITE currEvent ident : 33 filter : WRITE flags : 0x5 data: 65536

WRITE RETURN: 65500newEventCount: 1
processWriteEvent currEventident : 33 filter : WRITE flags : 0x5 data: 65536

write buffer size: 65536
WRITE currEvent ident : 33 filter : WRITE flags : 0x5 data: 65536

WRITE RETURN: 65500newEventCount: 1
processWriteEvent currEventident : 33 filter : WRITE flags : 0x5 data: 65536

write buffer size: 65536
WRITE currEvent ident : 33 filter : WRITE flags : 0x5 data: 65536

WRITE RETURN: 65500newEventCount: 1
processWriteEvent currEventident : 33 filter : WRITE flags : 0x5 data: 65536

write buffer size: 65536
WRITE currEvent ident : 33 filter : WRITE flags : 0x5 data: 65536

WRITE RETURN: 65500newEventCount: 1
processWriteEvent currEventident : 33 filter : WRITE flags : 0x5 data: 65536

write buffer size: 65536
WRITE currEvent ident : 33 filter : WRITE flags : 0x5 data: 65536

WRITE RETURN: 65500newEventCount: 1
processWriteEvent currEventident : 33 filter : WRITE flags : 0x5 data: 65536

write buffer size: 65536
WRITE currEvent ident : 33 filter : WRITE flags : 0x5 data: 65536

WRITE RETURN: 65500newEventCount: 1
processWriteEvent currEventident : 33 filter : WRITE flags : 0x5 data: 65536

write buffer size: 65536
WRITE currEvent ident : 33 filter : WRITE flags : 0x5 data: 65536

WRITE RETURN: 65500newEventCount: 1
processWriteEvent currEventident : 33 filter : WRITE flags : 0x5 data: 65536

write buffer size: 65536
WRITE currEvent ident : 33 filter : WRITE flags : 0x5 data: 65536

WRITE RETURN: 65500newEventCount: 1
processWriteEvent currEventident : 33 filter : WRITE flags : 0x5 data: 65536

write buffer size: 65536
WRITE currEvent ident : 33 filter : WRITE flags : 0x5 data: 65536

WRITE RETURN: 65500newEventCount: 1
processWriteEvent currEventident : 33 filter : WRITE flags : 0x5 data: 65536

write buffer size: 65536
WRITE currEvent ident : 33 filter : WRITE flags : 0x5 data: 65536

WRITE RETURN: 65500newEventCount: 1
processWriteEvent currEventident : 33 filter : WRITE flags : 0x5 data: 65536

write buffer size: 65536
WRITE currEvent ident : 33 filter : WRITE flags : 0x5 data: 65536

WRITE RETURN: 65500newEventCount: 1
processWriteEvent currEventident : 33 filter : WRITE flags : 0x5 data: 65536

write buffer size: 65536
WRITE currEvent ident : 33 filter : WRITE flags : 0x5 data: 65536

WRITE RETURN: 65500newEventCount: 1
processWriteEvent currEventident : 33 filter : WRITE flags : 0x5 data: 65536

write buffer size: 65536
WRITE currEvent ident : 33 filter : WRITE flags : 0x5 data: 65536

WRITE RETURN: 65500newEventCount: 1
processWriteEvent currEventident : 33 filter : WRITE flags : 0x5 data: 65536

write buffer size: 65536
WRITE currEvent ident : 33 filter : WRITE flags : 0x5 data: 65536

WRITE RETURN: 65500newEventCount: 1
processWriteEvent currEventident : 33 filter : WRITE flags : 0x5 data: 65536

write buffer size: 65536
WRITE currEvent ident : 33 filter : WRITE flags : 0x5 data: 65536

WRITE RETURN: 65500newEventCount: 1
processWriteEvent currEventident : 33 filter : WRITE flags : 0x5 data: 65536

write buffer size: 65536
WRITE currEvent ident : 33 filter : WRITE flags : 0x5 data: 65536

WRITE RETURN: 65500newEventCount: 1
processWriteEvent currEventident : 33 filter : WRITE flags : 0x5 data: 65536

write buffer size: 65536
WRITE currEvent ident : 33 filter : WRITE flags : 0x5 data: 65536

WRITE RETURN: 65500newEventCount: 1
processWriteEvent currEventident : 33 filter : WRITE flags : 0x5 data: 65536

write buffer size: 65536
WRITE currEvent ident : 33 filter : WRITE flags : 0x5 data: 65536

WRITE RETURN: 65500newEventCount: 1
processWriteEvent currEventident : 33 filter : WRITE flags : 0x5 data: 65536

write buffer size: 65536
WRITE currEvent ident : 33 filter : WRITE flags : 0x5 data: 65536

WRITE RETURN: 65500newEventCount: 1
processWriteEvent currEventident : 33 filter : WRITE flags : 0x5 data: 65536

write buffer size: 65536
WRITE currEvent ident : 33 filter : WRITE flags : 0x5 data: 65536

WRITE RETURN: 65500newEventCount: 1
processWriteEvent currEventident : 33 filter : WRITE flags : 0x5 data: 65536

write buffer size: 65536
WRITE currEvent ident : 33 filter : WRITE flags : 0x5 data: 65536

WRITE RETURN: 65500newEventCount: 1
processWriteEvent currEventident : 33 filter : WRITE flags : 0x5 data: 65536

write buffer size: 65536
WRITE currEvent ident : 33 filter : WRITE flags : 0x5 data: 65536

WRITE RETURN: 65500newEventCount: 1
processWriteEvent currEventident : 33 filter : WRITE flags : 0x5 data: 65536

write buffer size: 65536
WRITE currEvent ident : 33 filter : WRITE flags : 0x5 data: 65536

WRITE RETURN: 65500newEventCount: 1
processWriteEvent currEventident : 33 filter : WRITE flags : 0x5 data: 65536

write buffer size: 65536
WRITE currEvent ident : 33 filter : WRITE flags : 0x5 data: 65536

WRITE RETURN: 65500newEventCount: 1
processWriteEvent currEventident : 33 filter : WRITE flags : 0x5 data: 65536

write buffer size: 65536
WRITE currEvent ident : 33 filter : WRITE flags : 0x5 data: 65536

WRITE RETURN: 65500newEventCount: 1
processWriteEvent currEventident : 33 filter : WRITE flags : 0x5 data: 65536

write buffer size: 65536
WRITE currEvent ident : 33 filter : WRITE flags : 0x5 data: 65536

WRITE RETURN: 65500newEventCount: 1
processWriteEvent currEventident : 33 filter : WRITE flags : 0x5 data: 65536

write buffer size: 65536
WRITE currEvent ident : 33 filter : WRITE flags : 0x5 data: 65536

WRITE RETURN: 65500newEventCount: 1
processWriteEvent currEventident : 33 filter : WRITE flags : 0x5 data: 65536

write buffer size: 65536
WRITE currEvent ident : 33 filter : WRITE flags : 0x5 data: 65536

WRITE RETURN: 65500newEventCount: 1
processWriteEvent currEventident : 33 filter : WRITE flags : 0x5 data: 65536

write buffer size: 65536
WRITE currEvent ident : 33 filter : WRITE flags : 0x5 data: 65536

WRITE RETURN: 65500newEventCount: 1
processWriteEvent currEventident : 33 filter : WRITE flags : 0x5 data: 65536

write buffer size: 65536
WRITE currEvent ident : 33 filter : WRITE flags : 0x5 data: 65536

WRITE RETURN: 65500newEventCount: 1
processWriteEvent currEventident : 33 filter : WRITE flags : 0x5 data: 65536

write buffer size: 65536
WRITE currEvent ident : 33 filter : WRITE flags : 0x5 data: 65536

WRITE RETURN: 65500newEventCount: 1
processWriteEvent currEventident : 33 filter : WRITE flags : 0x5 data: 65536

write buffer size: 65536
WRITE currEvent ident : 33 filter : WRITE flags : 0x5 data: 65536

WRITE RETURN: 65500newEventCount: 1
processWriteEvent currEventident : 33 filter : WRITE flags : 0x5 data: 65536

write buffer size: 65536
WRITE currEvent ident : 33 filter : WRITE flags : 0x5 data: 65536

WRITE RETURN: 65500newEventCount: 1
processWriteEvent currEventident : 33 filter : WRITE flags : 0x5 data: 65536

write buffer size: 65536
WRITE currEvent ident : 33 filter : WRITE flags : 0x5 data: 65536

WRITE RETURN: 65500newEventCount: 1
processWriteEvent currEventident : 33 filter : WRITE flags : 0x5 data: 65536

write buffer size: 65536
WRITE currEvent ident : 33 filter : WRITE flags : 0x5 data: 65536

WRITE RETURN: 65500newEventCount: 1
processWriteEvent currEventident : 33 filter : WRITE flags : 0x5 data: 65536

write buffer size: 65536
WRITE currEvent ident : 33 filter : WRITE flags : 0x5 data: 65536

WRITE RETURN: 65500newEventCount: 1
processWriteEvent currEventident : 33 filter : WRITE flags : 0x5 data: 65536

write buffer size: 65536
WRITE currEvent ident : 33 filter : WRITE flags : 0x5 data: 65536

WRITE RETURN: 65500newEventCount: 1
processWriteEvent currEventident : 33 filter : WRITE flags : 0x5 data: 65536

write buffer size: 65536
WRITE currEvent ident : 33 filter : WRITE flags : 0x5 data: 65536

WRITE RETURN: 65500newEventCount: 1
processWriteEvent currEventident : 33 filter : WRITE flags : 0x5 data: 65536

write buffer size: 65536
WRITE currEvent ident : 33 filter : WRITE flags : 0x5 data: 65536

WRITE RETURN: 65500newEventCount: 1
processWriteEvent currEventident : 33 filter : WRITE flags : 0x5 data: 65536

write buffer size: 65536
WRITE currEvent ident : 33 filter : WRITE flags : 0x5 data: 65536

WRITE RETURN: 65500newEventCount: 1
processWriteEvent currEventident : 33 filter : WRITE flags : 0x5 data: 65536

write buffer size: 65536
WRITE currEvent ident : 33 filter : WRITE flags : 0x5 data: 65536

WRITE RETURN: 65500newEventCount: 1
processWriteEvent currEventident : 33 filter : WRITE flags : 0x5 data: 65536

write buffer size: 65536
WRITE currEvent ident : 33 filter : WRITE flags : 0x5 data: 65536

WRITE RETURN: 65500newEventCount: 1
processWriteEvent currEventident : 33 filter : WRITE flags : 0x5 data: 65536

write buffer size: 65536
WRITE currEvent ident : 33 filter : WRITE flags : 0x5 data: 65536

WRITE RETURN: 65500newEventCount: 1
processWriteEvent currEventident : 33 filter : WRITE flags : 0x5 data: 65536

write buffer size: 65536
WRITE currEvent ident : 33 filter : WRITE flags : 0x5 data: 65536

WRITE RETURN: 65500newEventCount: 1
processWriteEvent currEventident : 33 filter : WRITE flags : 0x5 data: 65536

write buffer size: 65536
WRITE currEvent ident : 33 filter : WRITE flags : 0x5 data: 65536

WRITE RETURN: 65500newEventCount: 1
processWriteEvent currEventident : 33 filter : WRITE flags : 0x5 data: 65536

write buffer size: 65536
WRITE currEvent ident : 33 filter : WRITE flags : 0x5 data: 65536

WRITE RETURN: 65500newEventCount: 1
processWriteEvent currEventident : 33 filter : WRITE flags : 0x5 data: 65536

write buffer size: 65536
WRITE currEvent ident : 33 filter : WRITE flags : 0x5 data: 65536

WRITE RETURN: 65500newEventCount: 1
processWriteEvent currEventident : 33 filter : WRITE flags : 0x5 data: 65536

write buffer size: 65536
WRITE currEvent ident : 33 filter : WRITE flags : 0x5 data: 65536

WRITE RETURN: 65500newEventCount: 1
processWriteEvent currEventident : 33 filter : WRITE flags : 0x5 data: 65536

write buffer size: 65536
WRITE currEvent ident : 33 filter : WRITE flags : 0x5 data: 65536

WRITE RETURN: 65500newEventCount: 1
processWriteEvent currEventident : 33 filter : WRITE flags : 0x5 data: 65536

write buffer size: 65536
WRITE currEvent ident : 33 filter : WRITE flags : 0x5 data: 65536

WRITE RETURN: 65500newEventCount: 1
processWriteEvent currEventident : 33 filter : WRITE flags : 0x5 data: 65536

write buffer size: 65536
WRITE currEvent ident : 33 filter : WRITE flags : 0x5 data: 65536

WRITE RETURN: 65500newEventCount: 1
processWriteEvent currEventident : 33 filter : WRITE flags : 0x5 data: 65536

write buffer size: 65536
WRITE currEvent ident : 33 filter : WRITE flags : 0x5 data: 65536

WRITE RETURN: 65500newEventCount: 1
processWriteEvent currEventident : 33 filter : WRITE flags : 0x5 data: 65536

write buffer size: 65536
WRITE currEvent ident : 33 filter : WRITE flags : 0x5 data: 65536

WRITE RETURN: 65500newEventCount: 1
processWriteEvent currEventident : 33 filter : WRITE flags : 0x5 data: 65536

write buffer size: 65536
WRITE currEvent ident : 33 filter : WRITE flags : 0x5 data: 65536

WRITE RETURN: 47000END
newEventCount: 1
[INFO] 16392
33[INFO] client disconnected
33: disconnectClient
newEventCount: 1
processReadEvent currEvent: ident : 34 filter : READ flags : 0x5 data: 100000000

34 = READ currEvent.ident
ReadEventBean::runBeanEvent = 30
1048576, 1048576 = result
newEventCount: 1
processReadEvent currEvent: ident : 34 filter : READ flags : 0x5 data: 98951424

34 = READ currEvent.ident
ReadEventBean::runBeanEvent = 34
1048576, 2097152 = result
newEventCount: 1
processReadEvent currEvent: ident : 34 filter : READ flags : 0x5 data: 97902848

34 = READ currEvent.ident
ReadEventBean::runBeanEvent = 34
1048576, 3145728 = result
newEventCount: 1
processReadEvent currEvent: ident : 34 filter : READ flags : 0x5 data: 96854272

34 = READ currEvent.ident
ReadEventBean::runBeanEvent = 34
1048576, 4194304 = result
newEventCount: 1
processReadEvent currEvent: ident : 34 filter : READ flags : 0x5 data: 95805696

34 = READ currEvent.ident
ReadEventBean::runBeanEvent = 34
1048576, 5242880 = result
newEventCount: 1
processReadEvent currEvent: ident : 34 filter : READ flags : 0x5 data: 94757120

34 = READ currEvent.ident
ReadEventBean::runBeanEvent = 34
1048576, 6291456 = result
newEventCount: 1
processReadEvent currEvent: ident : 34 filter : READ flags : 0x5 data: 93708544

34 = READ currEvent.ident
ReadEventBean::runBeanEvent = 34
1048576, 7340032 = result
newEventCount: 1
processReadEvent currEvent: ident : 34 filter : READ flags : 0x5 data: 92659968

34 = READ currEvent.ident
ReadEventBean::runBeanEvent = 34
1048576, 8388608 = result
newEventCount: 1
processReadEvent currEvent: ident : 34 filter : READ flags : 0x5 data: 91611392

34 = READ currEvent.ident
ReadEventBean::runBeanEvent = 34
1048576, 9437184 = result
newEventCount: 1
processReadEvent currEvent: ident : 34 filter : READ flags : 0x5 data: 90562816

34 = READ currEvent.ident
ReadEventBean::runBeanEvent = 34
1048576, 10485760 = result
newEventCount: 1
processReadEvent currEvent: ident : 34 filter : READ flags : 0x5 data: 89514240

34 = READ currEvent.ident
ReadEventBean::runBeanEvent = 34
1048576, 11534336 = result
newEventCount: 1
processReadEvent currEvent: ident : 34 filter : READ flags : 0x5 data: 88465664

34 = READ currEvent.ident
ReadEventBean::runBeanEvent = 34
1048576, 12582912 = result
newEventCount: 1
processReadEvent currEvent: ident : 34 filter : READ flags : 0x5 data: 87417088

34 = READ currEvent.ident
ReadEventBean::runBeanEvent = 34
1048576, 13631488 = result
newEventCount: 1
processReadEvent currEvent: ident : 34 filter : READ flags : 0x5 data: 86368512

34 = READ currEvent.ident
ReadEventBean::runBeanEvent = 34
1048576, 14680064 = result
newEventCount: 1
processReadEvent currEvent: ident : 34 filter : READ flags : 0x5 data: 85319936

34 = READ currEvent.ident
ReadEventBean::runBeanEvent = 34
1048576, 15728640 = result
newEventCount: 1
processReadEvent currEvent: ident : 34 filter : READ flags : 0x5 data: 84271360

34 = READ currEvent.ident
ReadEventBean::runBeanEvent = 34
1048576, 16777216 = result
Child process45000 exited with status [0]
newEventCount: 1
processReadEvent currEvent: ident : 34 filter : READ flags : 0x5 data: 83222784

34 = READ currEvent.ident
ReadEventBean::runBeanEvent = 34
1048576, 17825792 = result
newEventCount: 1
processReadEvent currEvent: ident : 34 filter : READ flags : 0x5 data: 82174208

34 = READ currEvent.ident
ReadEventBean::runBeanEvent = 34
1048576, 18874368 = result
newEventCount: 1
processReadEvent currEvent: ident : 34 filter : READ flags : 0x5 data: 81125632

34 = READ currEvent.ident
ReadEventBean::runBeanEvent = 34
1048576, 19922944 = result
newEventCount: 1
processReadEvent currEvent: ident : 34 filter : READ flags : 0x5 data: 80077056

34 = READ currEvent.ident
ReadEventBean::runBeanEvent = 34
1048576, 20971520 = result
newEventCount: 1
processReadEvent currEvent: ident : 34 filter : READ flags : 0x5 data: 79028480

34 = READ currEvent.ident
ReadEventBean::runBeanEvent = 34
1048576, 22020096 = result
newEventCount: 1
processReadEvent currEvent: ident : 34 filter : READ flags : 0x5 data: 77979904

34 = READ currEvent.ident
ReadEventBean::runBeanEvent = 34
1048576, 23068672 = result
newEventCount: 1
processReadEvent currEvent: ident : 34 filter : READ flags : 0x5 data: 76931328

34 = READ currEvent.ident
ReadEventBean::runBeanEvent = 34
1048576, 24117248 = result
newEventCount: 1
processReadEvent currEvent: ident : 34 filter : READ flags : 0x5 data: 75882752

34 = READ currEvent.ident
ReadEventBean::runBeanEvent = 34
1048576, 25165824 = result
newEventCount: 1
processReadEvent currEvent: ident : 34 filter : READ flags : 0x5 data: 74834176

34 = READ currEvent.ident
ReadEventBean::runBeanEvent = 34
1048576, 26214400 = result
newEventCount: 1
processReadEvent currEvent: ident : 34 filter : READ flags : 0x5 data: 73785600

34 = READ currEvent.ident
ReadEventBean::runBeanEvent = 34
1048576, 27262976 = result
newEventCount: 1
processReadEvent currEvent: ident : 34 filter : READ flags : 0x5 data: 72737024

34 = READ currEvent.ident
ReadEventBean::runBeanEvent = 34
1048576, 28311552 = result
newEventCount: 1
processReadEvent currEvent: ident : 34 filter : READ flags : 0x5 data: 71688448

34 = READ currEvent.ident
ReadEventBean::runBeanEvent = 34
1048576, 29360128 = result
newEventCount: 1
processReadEvent currEvent: ident : 34 filter : READ flags : 0x5 data: 70639872

34 = READ currEvent.ident
ReadEventBean::runBeanEvent = 34
1048576, 30408704 = result
newEventCount: 1
processReadEvent currEvent: ident : 34 filter : READ flags : 0x5 data: 69591296

34 = READ currEvent.ident
ReadEventBean::runBeanEvent = 34
1048576, 31457280 = result
newEventCount: 1
processReadEvent currEvent: ident : 34 filter : READ flags : 0x5 data: 68542720

34 = READ currEvent.ident
ReadEventBean::runBeanEvent = 34
1048576, 32505856 = result
newEventCount: 1
processReadEvent currEvent: ident : 34 filter : READ flags : 0x5 data: 67494144

34 = READ currEvent.ident
ReadEventBean::runBeanEvent = 34
1048576, 33554432 = result
newEventCount: 1
processReadEvent currEvent: ident : 34 filter : READ flags : 0x5 data: 66445568

34 = READ currEvent.ident
ReadEventBean::runBeanEvent = 34
1048576, 34603008 = result
newEventCount: 1
processReadEvent currEvent: ident : 34 filter : READ flags : 0x5 data: 65396992

34 = READ currEvent.ident
ReadEventBean::runBeanEvent = 34
1048576, 35651584 = result
newEventCount: 1
processReadEvent currEvent: ident : 34 filter : READ flags : 0x5 data: 64348416

34 = READ currEvent.ident
ReadEventBean::runBeanEvent = 34
1048576, 36700160 = result
newEventCount: 1
processReadEvent currEvent: ident : 34 filter : READ flags : 0x5 data: 63299840

34 = READ currEvent.ident
ReadEventBean::runBeanEvent = 34
1048576, 37748736 = result
newEventCount: 1
processReadEvent currEvent: ident : 34 filter : READ flags : 0x5 data: 62251264

34 = READ currEvent.ident
ReadEventBean::runBeanEvent = 34
1048576, 38797312 = result
newEventCount: 1
processReadEvent currEvent: ident : 34 filter : READ flags : 0x5 data: 61202688

34 = READ currEvent.ident
ReadEventBean::runBeanEvent = 34
1048576, 39845888 = result
newEventCount: 1
processReadEvent currEvent: ident : 34 filter : READ flags : 0x5 data: 60154112

34 = READ currEvent.ident
ReadEventBean::runBeanEvent = 34
1048576, 40894464 = result
newEventCount: 1
processReadEvent currEvent: ident : 34 filter : READ flags : 0x5 data: 59105536

34 = READ currEvent.ident
ReadEventBean::runBeanEvent = 34
1048576, 41943040 = result
newEventCount: 1
processReadEvent currEvent: ident : 34 filter : READ flags : 0x5 data: 58056960

34 = READ currEvent.ident
ReadEventBean::runBeanEvent = 34
1048576, 42991616 = result
newEventCount: 1
processReadEvent currEvent: ident : 34 filter : READ flags : 0x5 data: 57008384

34 = READ currEvent.ident
ReadEventBean::runBeanEvent = 34
1048576, 44040192 = result
newEventCount: 1
processReadEvent currEvent: ident : 34 filter : READ flags : 0x5 data: 55959808

34 = READ currEvent.ident
ReadEventBean::runBeanEvent = 34
1048576, 45088768 = result
newEventCount: 1
processReadEvent currEvent: ident : 34 filter : READ flags : 0x5 data: 54911232

34 = READ currEvent.ident
ReadEventBean::runBeanEvent = 34
1048576, 46137344 = result
newEventCount: 1
processReadEvent currEvent: ident : 34 filter : READ flags : 0x5 data: 53862656

34 = READ currEvent.ident
ReadEventBean::runBeanEvent = 34
1048576, 47185920 = result
newEventCount: 1
processReadEvent currEvent: ident : 34 filter : READ flags : 0x5 data: 52814080

34 = READ currEvent.ident
ReadEventBean::runBeanEvent = 34
1048576, 48234496 = result
newEventCount: 1
processReadEvent currEvent: ident : 34 filter : READ flags : 0x5 data: 51765504

34 = READ currEvent.ident
ReadEventBean::runBeanEvent = 34
1048576, 49283072 = result
newEventCount: 1
processReadEvent currEvent: ident : 34 filter : READ flags : 0x5 data: 50716928

34 = READ currEvent.ident
ReadEventBean::runBeanEvent = 34
1048576, 50331648 = result
newEventCount: 1
processReadEvent currEvent: ident : 34 filter : READ flags : 0x5 data: 49668352

34 = READ currEvent.ident
ReadEventBean::runBeanEvent = 34
1048576, 51380224 = result
newEventCount: 1
processReadEvent currEvent: ident : 34 filter : READ flags : 0x5 data: 48619776

34 = READ currEvent.ident
ReadEventBean::runBeanEvent = 34
1048576, 52428800 = result
newEventCount: 1
processReadEvent currEvent: ident : 34 filter : READ flags : 0x5 data: 47571200

34 = READ currEvent.ident
ReadEventBean::runBeanEvent = 34
1048576, 53477376 = result
newEventCount: 1
processReadEvent currEvent: ident : 34 filter : READ flags : 0x5 data: 46522624

34 = READ currEvent.ident
ReadEventBean::runBeanEvent = 34
1048576, 54525952 = result
newEventCount: 1
processReadEvent currEvent: ident : 34 filter : READ flags : 0x5 data: 45474048

34 = READ currEvent.ident
ReadEventBean::runBeanEvent = 34
1048576, 55574528 = result
newEventCount: 1
processReadEvent currEvent: ident : 34 filter : READ flags : 0x5 data: 44425472

34 = READ currEvent.ident
ReadEventBean::runBeanEvent = 34
1048576, 56623104 = result
newEventCount: 1
processReadEvent currEvent: ident : 34 filter : READ flags : 0x5 data: 43376896

34 = READ currEvent.ident
ReadEventBean::runBeanEvent = 34
1048576, 57671680 = result
newEventCount: 1
processReadEvent currEvent: ident : 34 filter : READ flags : 0x5 data: 42328320

34 = READ currEvent.ident
ReadEventBean::runBeanEvent = 34
1048576, 58720256 = result
newEventCount: 1
processReadEvent currEvent: ident : 34 filter : READ flags : 0x5 data: 41279744

34 = READ currEvent.ident
ReadEventBean::runBeanEvent = 34
1048576, 59768832 = result
newEventCount: 1
processReadEvent currEvent: ident : 34 filter : READ flags : 0x5 data: 40231168

34 = READ currEvent.ident
ReadEventBean::runBeanEvent = 34
1048576, 60817408 = result
newEventCount: 1
processReadEvent currEvent: ident : 34 filter : READ flags : 0x5 data: 39182592

34 = READ currEvent.ident
ReadEventBean::runBeanEvent = 34
1048576, 61865984 = result
newEventCount: 1
processReadEvent currEvent: ident : 34 filter : READ flags : 0x5 data: 38134016

34 = READ currEvent.ident
ReadEventBean::runBeanEvent = 34
1048576, 62914560 = result
newEventCount: 1
processReadEvent currEvent: ident : 34 filter : READ flags : 0x5 data: 37085440

34 = READ currEvent.ident
ReadEventBean::runBeanEvent = 34
1048576, 63963136 = result
newEventCount: 1
processReadEvent currEvent: ident : 34 filter : READ flags : 0x5 data: 36036864

34 = READ currEvent.ident
ReadEventBean::runBeanEvent = 34
1048576, 65011712 = result
newEventCount: 1
processReadEvent currEvent: ident : 34 filter : READ flags : 0x5 data: 34988288

34 = READ currEvent.ident
ReadEventBean::runBeanEvent = 34
1048576, 66060288 = result
newEventCount: 1
processReadEvent currEvent: ident : 34 filter : READ flags : 0x5 data: 33939712

34 = READ currEvent.ident
ReadEventBean::runBeanEvent = 34
1048576, 67108864 = result
newEventCount: 1
processReadEvent currEvent: ident : 34 filter : READ flags : 0x5 data: 32891136

34 = READ currEvent.ident
ReadEventBean::runBeanEvent = 34
1048576, 68157440 = result
newEventCount: 1
processReadEvent currEvent: ident : 34 filter : READ flags : 0x5 data: 31842560

34 = READ currEvent.ident
ReadEventBean::runBeanEvent = 34
1048576, 69206016 = result
newEventCount: 1
processReadEvent currEvent: ident : 34 filter : READ flags : 0x5 data: 30793984

34 = READ currEvent.ident
ReadEventBean::runBeanEvent = 34
1048576, 70254592 = result
newEventCount: 1
processReadEvent currEvent: ident : 34 filter : READ flags : 0x5 data: 29745408

34 = READ currEvent.ident
ReadEventBean::runBeanEvent = 34
1048576, 71303168 = result
newEventCount: 1
processReadEvent currEvent: ident : 34 filter : READ flags : 0x5 data: 28696832

34 = READ currEvent.ident
ReadEventBean::runBeanEvent = 34
1048576, 72351744 = result
newEventCount: 1
processReadEvent currEvent: ident : 34 filter : READ flags : 0x5 data: 27648256

34 = READ currEvent.ident
ReadEventBean::runBeanEvent = 34
1048576, 73400320 = result
newEventCount: 1
processReadEvent currEvent: ident : 34 filter : READ flags : 0x5 data: 26599680

34 = READ currEvent.ident
ReadEventBean::runBeanEvent = 34
1048576, 74448896 = result
newEventCount: 1
processReadEvent currEvent: ident : 34 filter : READ flags : 0x5 data: 25551104

34 = READ currEvent.ident
ReadEventBean::runBeanEvent = 34
1048576, 75497472 = result
newEventCount: 1
processReadEvent currEvent: ident : 34 filter : READ flags : 0x5 data: 24502528

34 = READ currEvent.ident
ReadEventBean::runBeanEvent = 34
1048576, 76546048 = result
newEventCount: 1
processReadEvent currEvent: ident : 34 filter : READ flags : 0x5 data: 23453952

34 = READ currEvent.ident
ReadEventBean::runBeanEvent = 34
1048576, 77594624 = result
newEventCount: 1
processReadEvent currEvent: ident : 34 filter : READ flags : 0x5 data: 22405376

34 = READ currEvent.ident
ReadEventBean::runBeanEvent = 34
1048576, 78643200 = result
newEventCount: 1
processReadEvent currEvent: ident : 34 filter : READ flags : 0x5 data: 21356800

34 = READ currEvent.ident
ReadEventBean::runBeanEvent = 34
1048576, 79691776 = result
newEventCount: 1
processReadEvent currEvent: ident : 34 filter : READ flags : 0x5 data: 20308224

34 = READ currEvent.ident
ReadEventBean::runBeanEvent = 34
1048576, 80740352 = result
newEventCount: 1
processReadEvent currEvent: ident : 34 filter : READ flags : 0x5 data: 19259648

34 = READ currEvent.ident
ReadEventBean::runBeanEvent = 34
1048576, 81788928 = result
newEventCount: 1
processReadEvent currEvent: ident : 34 filter : READ flags : 0x5 data: 18211072

34 = READ currEvent.ident
ReadEventBean::runBeanEvent = 34
1048576, 82837504 = result
newEventCount: 1
processReadEvent currEvent: ident : 34 filter : READ flags : 0x5 data: 17162496

34 = READ currEvent.ident
ReadEventBean::runBeanEvent = 34
1048576, 83886080 = result
newEventCount: 1
processReadEvent currEvent: ident : 34 filter : READ flags : 0x5 data: 16113920

34 = READ currEvent.ident
ReadEventBean::runBeanEvent = 34
1048576, 84934656 = result
newEventCount: 1
processReadEvent currEvent: ident : 34 filter : READ flags : 0x5 data: 15065344

34 = READ currEvent.ident
ReadEventBean::runBeanEvent = 34
1048576, 85983232 = result
newEventCount: 1
processReadEvent currEvent: ident : 34 filter : READ flags : 0x5 data: 14016768

34 = READ currEvent.ident
ReadEventBean::runBeanEvent = 34
1048576, 87031808 = result
newEventCount: 1
processReadEvent currEvent: ident : 34 filter : READ flags : 0x5 data: 12968192

34 = READ currEvent.ident
ReadEventBean::runBeanEvent = 34
1048576, 88080384 = result
newEventCount: 1
processReadEvent currEvent: ident : 34 filter : READ flags : 0x5 data: 11919616

34 = READ currEvent.ident
ReadEventBean::runBeanEvent = 34
1048576, 89128960 = result
newEventCount: 1
processReadEvent currEvent: ident : 34 filter : READ flags : 0x5 data: 10871040

34 = READ currEvent.ident
ReadEventBean::runBeanEvent = 34
1048576, 90177536 = result
newEventCount: 1
processReadEvent currEvent: ident : 34 filter : READ flags : 0x5 data: 9822464

34 = READ currEvent.ident
ReadEventBean::runBeanEvent = 34
1048576, 91226112 = result
newEventCount: 1
processReadEvent currEvent: ident : 34 filter : READ flags : 0x5 data: 8773888

34 = READ currEvent.ident
ReadEventBean::runBeanEvent = 34
1048576, 92274688 = result
newEventCount: 1
processReadEvent currEvent: ident : 34 filter : READ flags : 0x5 data: 7725312

34 = READ currEvent.ident
ReadEventBean::runBeanEvent = 34
1048576, 93323264 = result
newEventCount: 1
processReadEvent currEvent: ident : 34 filter : READ flags : 0x5 data: 6676736

34 = READ currEvent.ident
ReadEventBean::runBeanEvent = 34
1048576, 94371840 = result
newEventCount: 1
processReadEvent currEvent: ident : 34 filter : READ flags : 0x5 data: 5628160

34 = READ currEvent.ident
ReadEventBean::runBeanEvent = 34
1048576, 95420416 = result
newEventCount: 1
processReadEvent currEvent: ident : 34 filter : READ flags : 0x5 data: 4579584

34 = READ currEvent.ident
ReadEventBean::runBeanEvent = 34
1048576, 96468992 = result
newEventCount: 1
processReadEvent currEvent: ident : 34 filter : READ flags : 0x5 data: 3531008

34 = READ currEvent.ident
ReadEventBean::runBeanEvent = 34
1048576, 97517568 = result
newEventCount: 1
processReadEvent currEvent: ident : 34 filter : READ flags : 0x5 data: 2482432

34 = READ currEvent.ident
ReadEventBean::runBeanEvent = 34
1048576, 98566144 = result
newEventCount: 1
processReadEvent currEvent: ident : 34 filter : READ flags : 0x5 data: 1433856

34 = READ currEvent.ident
ReadEventBean::runBeanEvent = 34
1048576, 99614720 = result
newEventCount: 1
processReadEvent currEvent: ident : 34 filter : READ flags : 0x5 data: 385280

34 = READ currEvent.ident
ReadEventBean::runBeanEvent = 34
385280, 100000000 = result
100000000 = Content-Length
newEventCount: 1
processWriteEvent currEventident : 8 filter : WRITE flags : 0x9 data: 146988

write buffer size: 146988
0x607000007170 = SendEventBean::runBeanEvent
WRITE RETURN: 65500
[HTTP/1.1 200 OK
Content-Length: 100000000
Content-Type: text/plain
Date: Fri, 01 Mar 2024 19:06:13 GMT
Keep-Alive: timeout=60, max=999
Server: localhost

bbbbbbbbbbbbbbbbbbbbbbbbbbbbbbbbbbbbbbbbbbbbbbbbbbbbbbbbbbbbbbbbbbbbbbbbbbbbbbbbbbbbbbbbbbbbbbbbbbbbbbbbbbbbbbbbbbbbbbbbbbbbbbbbbbbbbbbbbbbbbbbbbbbbbbbbbbbbbbbbbbbbbbbbbbbbbbbbbbbbbbbbbbbbbbbbbbbbbbbbbbbbbbbbbbbbbbbbbbbbbbbbbbbbbbbbbbbbbbbbbbbbbbbbbbbbbbbbbbbbbbbbbbbbbbbbbbbbbbbbbbbbbbbbbbbbbbbbbbbbbbbbbbbbbbbbbbbbbbbbbbbbbbbbbbbbbbbbbbbbbbbbbbbbbbbbbbbbbbbbbbbbbbbbbbbbbbbbbbbbbbbbbbbbbbbbbbbbbbbbbbbbbbbbbbbbbbbbbbbbbbbbbbbbbbbbbbbbbbbbbbbbbbbbbbbbbbbbbbbbbbbbbbbbbbbbbbbbbbbbbbbbbbbbbbbbbbbbbbbbbbbbbbbbbbbbbbbbbbbbbbbbbbbbbbbbbbbbbbbbbbbbbbbbbbbbbbbbbbbbbbbbbbbbbbbbbbbbbbbbbbbbbbbbbbbbbbbbbbbbbbbbbbbbbbbbbbbbbbbbbbbbbbbbbbbbbbbbbbbbbbbbbbbbbbbbbbbbbbbbbbbbbbbbbbbbbbbbbbbbbbbbbbbbbbbbbbbbbbbbbbbbbbbbbbbbbbbbbbbbbbbbbbbbbbbbbbbbbbbbbbbbbbbbbbbbbbbbbbbbbbbbbbbbbbbbbbbbbbbbbbbbbbbbbbbbbbbbbbbbbbbbbbbbbbbbbbbbbbbbbbbbbbbbbbbbbbbbbbbbbbbbbbbbbbbbbbbbbbbbbbbbbbbbbbbbbbbbbbbbbbbbbbbbbbbbbbbbbbbbbbbbbbbbbbbbbbbbbbbbbbbbbbbbbbbbbbbbbbbbbbbbbbbbbbbbbbbbbbbbbbbbbbbbbbbbbbbbbbbbbbbbbbbbbbbbbbbbbbbbbbbbbbbbbbbbbbbbbbbbbbbbbbbbbbbbbbbbbbbbbbbbbbbbbbbbbbbbbbbbbbbbbbbbbbbbbbbbbbbbbbbbbbbbbbbbbbbbbbbbbbbbbbbbbbbbbbbbbbbbbbbbbbbbbbbbbbbbbbbbbbbbbbbbbbbbbbbbbbbbbbbbbbbbbbbbbbbbbbbbbbbbbbbbbbbbbbbbbbbbbbbbbbbbbbbbbbbbbbbbbbbbbbbbbbbbbbbbbbbbbbbbbbbbbbbbbbbbbbbbbbbbbbbbbbbbbbbbbbbbbbbbbbbbbbbbbbbbbbbbbbbbbbbbbbbbbbbbbbbbbbbbbbbbbbbbbbbbbbbbbbbbbbbbbbbbbbbbbbbbbbbbbbbbbbbbbbbbbbbbbbbbbbbbbbbbbbbbbbbbbbbbbbbbbbbbbbbbbbbbbbbbbbbbbbbbbbbbbbbbbbbbbbbbbbbbbbbbbbbbbbbbbbbbbbbbbbbbbbbbbbbbbbbbbbbbbbbbbbbbbbbbbbbbbbbbbbbbbbbbbbbbbbbbbbbbbbbbbbbbbbbbbbbbbbbbbbbbbbbbbbbbbbbbbbbbbbbbbbbbbbbbbbbbbbbbbbbbbbbbbbbbbbbbbbbbbbbbbbbbbbbbbbbbbbbbbbbbbbbbbbbbbbbbbbbbbbbbbbbbbbbbbbbbbbbbbbbbbbbbbbbbbbbbbbbbbbbbbbbbbbbbbbbbbbbbbbbbbbbbbbbbbbbbbbbbbbbbbbbbbbbbbbbbbbbbbbbbbbbbbbbbbbbbbbbbbbbbbbbbbbbbbbbbbbbbbbbbbbbbbbbbbbbbbbbbbbbbbbbbbbbbbbbbbbbbbbbbbbbbbbbbbbbbbbbbbbbbbbbbbbbbbbbbbbbbbbbbbbbbbbbbbbbbbbbbbbbbbbbbbbbbbbbbbbbbbbbbbbbbbbbbbbbbbbbbbbbbbbbbbbbbbbbbbbbbbbbbbbbbbbbbbbbbbbbbbbbbbbbbbbbbbbbbbbbbbbbbbbbbbbbbbbbbbbbbbbbbbbbbbbbbbbbbbbbbbbbbbbbbbbbbbbbbbbbbbbbbbbbbbbbbbbbbbbbbbbbbbbbbbbbbbbbbbbbbbbbbbbbbbbbbbbbbbbbbbbbbbbbbbbbbbbbbbbbbbbbbbbbbbbbbbbbbbbbbbbbbbbbbbbbbbbbbbbbbbbbbbbbbbbbbbbbbbbbbbbbbbbbbbbbbbbbbbbbbbbbbbbbbbbbbbbbbbbbbbbbbbbbbbbbbbbbbbbbbbbbbbbbbbbbbbbbbbbbbbbbbbbbbbbbbbbbbbbbbbbbbbbbbbbbbbbbbbbbbbbbbbbbbbbbbbbbbbbbbbbbbbbbbbbbbbbbbbbbbbbbbbbbbbbbbbbbbbbbbbbbbbbbbbbbbbbbbbbbbbbbbbbbbbbbbbbbbbbbbbbbbbbbbbbbbbbbbbbbbbbbbbbbbbbbbbbbbbbbbbbbbbbbbbbbbbbbbbbbbbbbbbbbbbbbbbbbbbbbbbbbbbbbbbbbbbbbbbbbbbbbbbbbbbbbbbbbbbbbbbbbbbbbbbbbbbbbbbbbbbbbbbbbbbbbbbbbbbbbbbbbbbbbbbbbbbbbbbbbbbbbbbbbbbbbbbbbbbbbbbbbbbbbbbbbbbbbbbbbbbbbbbbbbbbbbbbbbbbbbbbbbbbbbbbbbbbbbbbbbbbbbbbbbbbbbbbbbbbbbbbbbbbbbbbbbbbbbbbbbbbbbbbbbbbbbbbbbbbbbbbbbbbbbbbbbbbbbbbbbbbbbbbbbbbbbbbbbbbbbbbbbbbbbbbbbbbbbbbbbbbbbbbbbbbbbbbbbbbbbbbbbbbbbbbbbbbbbbbbbbbbbbbbbbbbbbbbbbbbbbbbbbbbbbbbbbbbbbbbbbbbbbbbbbbbbbbbbbbbbbbbbbbbbbbbbbbbbbbbbbbbbbbbbbbbbbbbbbbbbbbbbbbbbbbbbbbbbbbbbbbbbbbbbbbbbbbbbbbbbbbbbbbbbbbbbbbbbbbbbbbbbbbbbbbbbbbbbbbbbbbbbbbbbbbbbbbbbbbbbbbbbbbbbbbbbbbbbbbbbbbbbbbbbbbbbbbbbbbbbbbbbbbbbbbbbbbbbbbbbbbbbbbbbbbbbbbbbbbbbbbbbbbbbbbbbbbbbbbbbbbbbbbbbbbbbbbbbbbbbbbbbbbbbbbbbbbbbbbbbbbbbbbbbbbbbbbbbbbbbbbbbbbbbbbbbbbbbbbbbbbbbbbbbbbbbbbbbbbbbbbbbbbbbbbbbbbbbbbbbbbbbbbbbbbbbbbbbbbbbbbbbbbbbbbbbbbbbbbbbbbbbbbbbbbbbbbbbbbbbbbbbbbbbbbbbbbbbbbbbbbbbbbbbbbbbbbbbbbbbbbbbbbbbbbbbbbbbbbbbbbbbbbbbbbbbbbbbbbbbbbbbbbbbbbbbbbbbbbbbbbbbbbbbbbbbbbbbbbbbbbbbbbbbbbbbbbbbbbbbbbbbbbbbbbbbbbbbbbbbbbbbbbbbbbbbbbbbbbbbbbbbbbbbbbbbbbbbbbbbbbbbbbbbbbbbbbbbbbbbbbbbbbbbbbbbbbbbbbbbbbbbbbbbbbbbbbbbbbbbbbbbbbbbbbbbbbbbbbbbbbbbbbbbbbbbbbbbbbbbbbbbbbbbbbbbbbbbbbbbbbbbbbbbbbbbbbbbbbbbbbbbbbbbbbbbbbbbbbbbbbbbbbbbbbbbbbbbbbbbbbbbbbbbbbbbbbbbbbbbbbbbbbbbbbbbbbbbbbbbbbbbbbbbbbbbbbbbbbbbbbbbbbbbbbbbbbbbbbbbbbbbbbbbbbbbbbbbbbbbbbbbbbbbbbbbbbbbbbbbbbbbbbbbbbbbbbbbbbbbbbbbbbbbbbbbbbbbbbbbbbbbbbbbbbbbbbbbbbbbbbbbbbbbbbbbbbbbbbbbbbbbbbbbbbbbbbbbbbbbbbbbbbbbbbbbbbbbbbbbbbbbbbbbbbbbbbbbbbbbbbbbbbbbbbbbbbbbbbbbbbbbbbbbbbbbbbbbbbbbbbbbbbbbbbbbbbbbbbbbbbbbbbbbbbbbbbbbbbbbbbbbbbbbbbbbbbbbbbbbbbbbbbbbbbbbbbbbbbbbbbbbbbbbbbbbbbbbbbbbbbbbbbbbbbbbbbbbbbbbbbbbbbbbbbbbbbbbbbbbbbbbbbbbbbbbbbbbbbbbbbbbbbbbbbbbbbbbbbbbbbbbbbbbbbbbbbbbbbbbbbbbbbbbbbbbbbbbbbbbbbbbbbbbbbbbbbbbbbbbbbbbbbbbbbbbbbbbbbbbbbbbbbbbbbbbbbbbbbbbbbbbbbbbbbbbbbbbbbbbbbbbbbbbbbbbbbbbbbbbbbbbbbbbbbbbbbbbbbbbbbbbbbbbbbbbbbbbbbbbbbbbbbbbbbbbbbbbbbbbbbbbbbbbbbbbbbbbbbbbbbbbbbbbbbbbbbbbbbbbbbbbbbbbbbbbbbbbbbbbbbbbbbbbbbbbbbbbbbbbbbbbbbbbbbbbbbbbbbbbbbbbbbbbbbbbbbbbbbbbbbbbbbbbbbbbbbbbbbbbbbbbbbbbbbbbbbbbbbbbbbbbbbbbbbbbbbbbbbbbbbbbbbbbbbbbbbbbbbbbbbbbbbbbbbbbbbbbbbbbbbbbbbbbbbbbbbbbbbbbbbbbbbbbbbbbbbbbbbbbbbbbbbbbbbbbbbbbbbbbbbbbbbbbbbbbbbbbbbbbbbbbbbbbbbbbbbbbbbbbbbbbbbbbbbbbbbbbbbbbbbbbbbbbbbbbbbbbbbbbbbbbbbbbbbbbbbbbbbbbbbbbbbbbbbbbbbbbbbbbbbbbbbbbbbbbbbbbbbbbbbbbbbbbbbbbbbbbbbbbbbbbbbbbbbbbbbbbbbbbbbbbbbbbbbbbbbbbbbbbbbbbbbbbbbbbbbbbbbbbbbbbbbbbbbbbbbbbbbbbbbbbbbbbbbbbbbbbbbbbbbbbbbbbbbbbbbbbbbbbbbbbbbbbbbbbbbbbbbbbbbbbbbbbbbbbbbbbbbbbbbbbbbbbbbbbbbbbbbbbbbbbbbbbbbbbbbbbbbbbbbbbbbbbbbbbbbbbbbbbbbbbbbbbbbbbbbbbbbbbbbbbbbbbbbbbbbbbbbbbbbbbbbbbbbbbbbbbbbbbbbbbbbbbbbbbbbbbbbbbbbbbbbbbbbbbbbbbbbbbbbbbbbbbbbbbbbbbbbbbbbbbbbbbbbbbbbbbbbbbbbbbbbbbbbbbbbbbbbbbbbbbbbbbbbbbbbbbbbbbbbbbbbbbbbbbbbbbbbbbbbbbbbbbbbbbbbbbbbbbbbbbbbbbbbbbbbbbbbbbbbbbbbbbbbbbbbbbbbbbbbbbbbbbbbbbbbbbbbbbbbbbbbbbbbbbbbbbbbbbbbbbbbbbbbbbbbbbbbbbbbbbbbbbbbbbbbbbbbbbbbbbbbbbbbbbbbbbbbbbbbbbbbbbbbbbbbbbbbbbbbbbbbbbbbbbbbbbbbbbbbbbbbbbbbbbbbbbbbbbbbbbbbbbbbbbbbbbbbbbbbbbbbbbbbbbbbbbbbbbbbbbbbbbbbbbbbbbbbbbbbbbbbbbbbbbbbbbbbbbbbbbbbbbbbbbbbbbbbbbbbbbbbbbbbbbbbbbbbbbbbbbbbbbbbbbbbbbbbbbbbbbbbbbbbbbbbbbbbbbbbbbbbbbbbbbbbbbbbbbbbbbbbbbbbbbbbbbbbbbbbbbbbbbbbbbbbbbbbbbbbbbbbbbbbbbbbbbbbbbbbbbbbbbbbbbbbbbbbbbbbbbbbbbbbbbbbbbbbbbbbbbbbbbbbbbbbbbbbbbbbbbbbbbbbbbbbbbbbbbbbbbbbbbbbbbbbbbbbbbbbbbbbbbbbbbbbbbbbbbbbbbbbbbbbbbbbbbbbbbbbbbbbbbbbbbbbbbbbbbbbbbbbbbbbbbbbbbbbbbbbbbbbbbbbbbbbbbbbbbbbbbbbbbbbbbbbbbbbbbbbbbbbbbbbbbbbbbbbbbbbbbbbbbbbbbbbbbbbbbbbbbbbbbbbbbbbbbbbbbbbbbbbbbbbbbbbbbbbbbbbbbbbbbbbbbbbbbbbbbbbbbbbbbbbbbbbbbbbbbbbbbbbbbbbbbbbbbbbbbbbbbbbbbbbbbbbbbbbbbbbbbbbbbbbbbbbbbbbbbbbbbbbbbbbbbbbbbbbbbbbbbbbbbbbbbbbbbbbbbbbbbbbbbbbbbbbbbbbbbbbbbbbbbbbbbbbbbbbbbbbbbbbbbbbbbbbbbbbbbbbbbbbbbbbbbbbbbbbbbbbbbbbbbbbbbbbbbbbbbbbbbbbbbbbbbbbbbbbbbbbbbbbbbbbbbbbbbbbbbbbbbbbbbbbbbbbbbbbbbbbbbbbbbbbbbbbbbbbbbbbbbbbbbbbbbbbbbbbbbbbbbbbbbbbbbbbbbbbbbbbbbbbbbbbbbbbbbbbbbbbbbbbbbbbbbbbbbbbbbbbbbbbbbbbbbbbbbbbbbbbbbbbbbbbbbbbbbbbbbbbbbbbbbbbbbbbbbbbbbbbbbbbbbbbbbbbbbbbbbbbbbbbbbbbbbbbbbbbbbbbbbbbbbbbbbbbbbbbbbbbbbbbbbbbbbbbbbbbbbbbbbbbbbbbbbbbbbbbbbbbbbbbbbbbbbbbbbbbbbbbbbbbbbbbbbbbbbbbbbbbbbbbbbbbbbbbbbbbbbbbbbbbbbbbbbbbbbbbbbbbbbbbbbbbbbbbbbbbbbbbbbbbbbbbbbbbbbbbbbbbbbbbbbbbbbbbbbbbbbbbbbbbbbbbbbbbbbbbbbbbbbbbbbbbbbbbbbbbbbbbbbbbbbbbbbbbbbbbbbbbbbbbbbbbbbbbbbbbbbbbbbbbbbbbbbbbbbbbbbbbbbbbbbbbbbbbbbbbbbbbbbbbbbbbbbbbbbbbbbbbbbbbbbbbbbbbbbbbbbbbbbbbbbbbbbbbbbbbbbbbbbbbbbbbbbbbbbbbbbbbbbbbbbbbbbbbbbbbbbbbbbbbbbbbbbbbbbbbbbbbbbbbbbbbbbbbbbbbbbbbbbbbbbbbbbbbbbbbbbbbbbbbbbbbbbbbbbbbbbbbbbbbbbbbbbbbbbbbbbbbbbbbbbbbbbbbbbbbbbbbbbbbbbbbbbbbbbbbbbbbbbbbbbbbbbbbbbbbbbbbbbbbbbbbbbbbbbbbbbbbbbbbbbbbbbbbbbbbbbbbbbbbbbbbbbbbbbbbbbbbbbbbbbbbbbbbbbbbbbbbbbbbbbbbbbbbbbbbbbbbbbbbbbbbbbbbbbbbbbbbbbbbbbbbbbbbbbbbbbbbbbbbbbbbbbbbbbbbbbbbbbbbbbbbbbbbbbbbbbbbbbbbbbbbbbbbbbbbbbbbbbbbbbbbbbbbbbbbbbbbbbbbbbbbbbbbbbbbbbbbbbbbbbbbbbbbbbbbbbbbbbbbbbbbbbbbbbbbbbbbbbbbbbbbbbbbbbbbbbbbbbbbbbbbbbbbbbbbbbbbbbbbbbbbbbbbbbbbbbbbbbbbbbbbbbbbbbbbbbbbbbbbbbbbbbbbbbbbbbbbbbbbbbbbbbbbbbbbbbbbbbbbbbbbbbbbbbbbbbbbbbbbbbbbbbbbbbbbbbbbbbbbbbbbbbbbbbbbbbbbbbbbbbbbbbbbbbbbbbbbbbbbbbbbbbbbbbbbbbbbbbbbbbbbbbbbbbbbbbbbbbbbbbbbbbbbbbbbbbbbbbbbbbbbbbbbbbbbbbbbbbbbbbbbbbbbbbbbbbbbbbbbbbbbbbbbbbbbbbbbbbbbbbbbbbbbbbbbbbbbbbbbbbbbbbbbbbbbbbbbbbbbbbbbbbbbbbbbbbbbbbbbbbbbbbbbbbbbbbbbbbbbbbbbbbbbbbbbbbbbbbbbbbbbbbbbbbbbbbbbbbbbbbbbbbbbbbbbbbbbbbbbbbbbbbbbbbbbbbbbbbbbbbbbbbbbbbbbbbbbbbbbbbbbbbbbbbbbbbbbbbbbbbbbbbbbbbbbbbbbbbbbbbbbbbbbbbbbbbbbbbbbbbbbbbbbbbbbbbbbbbbbbbbbbbbbbbbbbbbbbbbbbbbbbbbbbbbbbbbbbbbbbbbbbbbbbbbbbbbbbbbbbbbbbbbbbbbbbbbbbbbbbbbbbbbbbbbbbbbbbbbbbbbbbbbbbbbbbbbbbbbbbbbbbbbbbbbbbbbbbbbbbbbbbbbbbbbbbbbbbbbbbbbbbbbbbbbbbbbbbbbbbbbbbbbbbbbbbbbbbbbbbbbbbbbbbbbbbbbbbbbbbbbbbbbbbbbbbbbbbbbbbbbbbbbbbbbbbbbbbbbbbbbbbbbbbbbbbbbbbbbbbbbbbbbbbbbbbbbbbbbbbbbbbbbbbbbbbbbbbbbbbbbbbbbbbbbbbbbbbbbbbbbbbbbbbbbbbbbbbbbbbbbbbbbbbbbbbbbbbbbbbbbbbbbbbbbbbbbbbbbbbbbbbbbbbbbbbbbbbbbbbbbbbbbbbbbbbbbbbbbbbbbbbbbbbbbbbbbbbbbbbbbbbbbbbbbbbbbbbbbbbbbbbbbbbbbbbbbbbbbbbbbbbbbbbbbbbbbbbbbbbbbbbbbbbbbbbbbbbbbbbbbbbbbbbbbbbbbbbbbbbbbbbbbbbbbbbbbbbbbbbbbbbbbbbbbbbbbbbbbbbbbbbbbbbbbbbbbbbbbbbbbbbbbbbbbbbbbbbbbbbbbbbbbbbbbbbbbbbbbbbbbbbbbbbbbbbbbbbbbbbbbbbbbbbbbbbbbbbbbbbbbbbbbbbbbbbbbbbbbbbbbbbbbbbbbbbbbbbbbbbbbbbbbbbbbbbbbbbbbbbbbbbbbbbbbbbbbbbbbbbbbbbbbbbbbbbbbbbbbbbbbbbbbbbbbbbbbbbbbbbbbbbbbbbbbbbbbbbbbbbbbbbbbbbbbbbbbbbbbbbbbbbbbbbbbbbbbbbbbbbbbbbbbbbbbbbbbbbbbbbbbbbbbbbbbbbbbbbbbbbbbbbbbbbbbbbbbbbbbbbbbbbbbbbbbbbbbbbbbbbbbbbbbbbbbbbbbbbbbbbbbbbbbbbbbbbbbbbbbbbbbbbbbbbbbbbbbbbbbbbbbbbbbbbbbbbbbbbbbbbbbbbbbbbbbbbbbbbbbbbbbbbbbbbbbbbbbbbbbbbbbbbbbbbbbbbbbbbbbbbbbbbbbbbbbbbbbbbbbbbbbbbbbbbbbbbbbbbbbbbbbbbbbbbbbbbbbbbbbbbbbbbbbbbbbbbbbbbbbbbbbbbbbbbbbbbbbbbbbbbbbbbbbbbbbbbbbbbbbbbbbbbbbbbbbbbbbbbbbbbbbbbbbbbbbbbbbbbbbbbbbbbbbbbbbbbbbbbbbbbbbbbbbbbbbbbbbbbbbbbbbbbbbbbbbbbbbbbbbbbbbbbbbbbbbbbbbbbbbbbbbbbbbbbbbbbbbbbbbbbbbbbbbbbbbbbbbbbbbbbbbbbbbbbbbbbbbbbbbbbbbbbbbbbbbbbbbbbbbbbbbbbbbbbbbbbbbbbbbbbbbbbbbbbbbbbbbbbbbbbbbbbbbbbbbbbbbbbbbbbbbbbbbbbbbbbbbbbbbbbbbbbbbbbbbbbbbbbbbbbbbbbbbbbbbbbbbbbbbbbbbbbbbbbbbbbbbbbbbbbbbbbbbbbbbbbbbbbbbbbbbbbbbbbbbbbbbbbbbbbbbbbbbbbbbbbbbbbbbbbbbbbbbbbbbbbbbbbbbbbbbbbbbbbbbbbbbbbbbbbbbbbbbbbbbbbbbbbbbbbbbbbbbbbbbbbbbbbbbbbbbbbbbbbbbbbbbbbbbbbbbbbbbbbbbbbbbbbbbbbbbbbbbbbbbbbbbbbbbbbbbbbbbbbbbbbbbbbbbbbbbbbbbbbbbbbbbbbbbbbbbbbbbbbbbbbbbbbbbbbbbbbbbbbbbbbbbbbbbbbbbbbbbbbbbbbbbbbbbbbbbbbbbbbbbbbbbbbbbbbbbbbbbbbbbbbbbbbbbbbbbbbbbbbbbbbbbbbbbbbbbbbbbbbbbbbbbbbbbbbbbbbbbbbbbbbbbbbbbbbbbbbbbbbbbbbbbbbbbbbbbbbbbbbbbbbbbbbbbbbbbbbbbbbbbbbbbbbbbbbbbbbbbbbbbbbbbbbbbbbbbbbbbbbbbbbbbbbbbbbbbbbbbbbbbbbbbbbbbbbbbbbbbbbbbbbbbbbbbbbbbbbbbbbbbbbbbbbbbbbbbbbbbbbbbbbbbbbbbbbbbbbbbbbbbbbbbbbbbbbbbbbbbbbbbbbbbbbbbbbbbbbbbbbbbbbbbbbbbbbbbbbbbbbbbbbbbbbbbbbbbbbbbbbbbbbbbbbbbbbbbbbbbbbbbbbbbbbbbbbbbbbbbbbbbbbbbbbbbbbbbbbbbbbbbbbbbbbbbbbbbbbbbbbbbbbbbbbbbbbbbbbbbbbbbbbbbbbbbbbbbbbbbbbbbbbbbbbbbbbbbbbbbbbbbbbbbbbbbbbbbbbbbbbbbbbbbbbbbbbbbbbbbbbbbbbbbbbbbbbbbbbbbbbbbbbbbbbbbbbbbbbbbbbbbbbbbbbbbbbbbbbbbbbbbbbbbbbbbbbbbbbbbbbbbbbbbbbbbbbbbbbbbbbbbbbbbbbbbbbbbbbbbbbbbbbbbbbbbbbbbbbbbbbbbbbbbbbbbbbbbbbbbbbbbbbbbbbbbbbbbbbbbbbbbbbbbbbbbbbbbbbbbbbbbbbbbbbbbbbbbbbbbbbbbbbbbbbbbbbbbbbbbbbbbbbbbbbbbbbbbbbbbbbbbbbbbbbbbbbbbbbbbbbbbbbbbbbbbbbbbbbbbbbbbbbbbbbbbbbbbbbbbbbbbbbbbbbbbbbbbbbbbbbbbbbbbbbbbbbbbbbbbbbbbbbbbbbbbbbbbbbbbbbbbbbbbbbbbbbbbbbbbbbbbbbbbbbbbbbbbbbbbbbbbbbbbbbbbbbbbbbbbbbbbbbbbbbbbbbbbbbbbbbbbbbbbbbbbbbbbbbbbbbbbbbbbbbbbbbbbbbbbbbbbbbbbbbbbbbbbbbbbbbbbbbbbbbbbbbbbbbbbbbbbbbbbbbbbbbbbbbbbbbbbbbbbbbbbbbbbbbbbbbbbbbbbbbbbbbbbbbbbbbbbbbbbbbbbbbbbbbbbbbbbbbbbbbbbbbbbbbbbbbbbbbbbbbbbbbbbbbbbbbbbbbbbbbbbbbbbbbbbbbbbbbbbbbbbbbbbbbbbbbbbbbbbbbbbbbbbbbbbbbbbbbbbbbbbbbbbbbbbbbbbbbbbbbbbbbbbbbbbbbbbbbbbbbbbbbbbbbbbbbbbbbbbbbbbbbbbbbbbbbbbbbbbbbbbbbbbbbbbbbbbbbbbbbbbbbbbbbbbbbbbbbbbbbbbbbbbbbbbbbbbbbbbbbbbbbbbbbbbbbbbbbbbbbbbbbbbbbbbbbbbbbbbbbbbbbbbbbbbbbbbbbbbbbbbbbbbbbbbbbbbbbbbbbbbbbbbbbbbbbbbbbbbbbbbbbbbbbbbbbbbbbbbbbbbbbbbbbbbbbbbbbbbbbbbbbbbbbbbbbbbbbbbbbbbbbbbbbbbbbbbbbbbbbbbbbbbbbbbbbbbbbbbbbbbbbbbbbbbbbbbbbbbbbbbbbbbbbbbbbbbbbbbbbbbbbbbbbbbbbbbbbbbbbbbbbbbbbbbbbbbbbbbbbbbbbbbbbbbbbbbbbbbbbbbbbbbbbbbbbbbbbbbbbbbbbbbbbbbbbbbbbbbbbbbbbbbbbbbbbbbbbbbbbbbbbbbbbbbbbbbbbbbbbbbbbbbbbbbbbbbbbbbbbbbbbbbbbbbbbbbbbbbbbbbbbbbbbbbbbbbbbbbbbbbbbbbbbbbbbbbbbbbbbbbbbbbbbbbbbbbbbbbbbbbbbbbbbbbbbbbbbbbbbbbbbbbbbbbbbbbbbbbbbbbbbbbbbbbbbbbbbbbbbbbbbbbbbbbbbbbbbbbbbbbbbbbbbbbbbbbbbbbbbbbbbbbbbbbbbbbbbbbbbbbbbbbbbbbbbbbbbbbbbbbbbbbbbbbbbbbbbbbbbbbbbbbbbbbbbbbbbbbbbbbbbbbbbbbbbbbbbbbbbbbbbbbbbbbbbbbbbbbbbbbbbbbbbbbbbbbbbbbbbbbbbbbbbbbbbbbbbbbbbbbbbbbbbbbbbbbbbbbbbbbbbbbbbbbbbbbbbbbbbbbbbbbbbbbbbbbbbbbbbbbbbbbbbbbbbbbbbbbbbbbbbbbbbbbbbbbbbbbbbbbbbbbbbbbbbbbbbbbbbbbbbbbbbbbbbbbbbbbbbbbbbbbbbbbbbbbbbbbbbbbbbbbbbbbbbbbbbbbbbbbbbbbbbbbbbbbbbbbbbbbbbbbbbbbbbbbbbbbbbbbbbbbbbbbbbbbbbbbbbbbbbbbbbbbbbbbbbbbbbbbbbbbbbbbbbbbbbbbbbbbbbbbbbbbbbbbbbbbbbbbbbbbbbbbbbbbbbbbbbbbbbbbbbbbbbbbbbbbbbbbbbbbbbbbbbbbbbbbbbbbbbbbbbbbbbbbbbbbbbbbbbbbbbbbbbbbbbbbbbbbbbbbbbbbbbbbbbbbbbbbbbbbbbbbbbbbbbbbbbbbbbbbbbbbbbbbbbbbbbbbbbbbbbbbbbbbbbbbbbbbbbbbbbbbbbbbbbbbbbbbbbbbbbbbbbbbbbbbbbbbbbbbbbbbbbbbbbbbbbbbbbbbbbbbbbbbbbbbbbbbbbbbbbbbbbbbbbbbbbbbbbbbbbbbbbbbbbbbbbbbbbbbbbbbbbbbbbbbbbbbbbbbbbbbbbbbbbbbbbbbbbbbbbbbbbbbbbbbbbbbbbbbbbbbbbbbbbbbbbbbbbbbbbbbbbbbbbbbbbbbbbbbbbbbbbbbbbbbbbbbbbbbbbbbbbbbbbbbbbbbbbbbbbbbbbbbbbbbbbbbbbbbbbbbbbbbbbbbbbbbbbbbbbbbbbbbbbbbbbbbbbbbbbbbbbbbbbbbbbbbbbbbbbbbbbbbbbbbbbbbbbbbbbbbbbbbbbbbbbbbbbbbbbbbbbbbbbbbbbbbbbbbbbbbbbbbbbbbbbbbbbbbbbbbbbbbbbbbbbbbbbbbbbbbbbbbbbbbbbbbbbbbbbbbbbbbbbbbbbbbbbbbbbbbbbbbbbbbbbbbbbbbbbbbbbbbbbbbbbbbbbbbbbbbbbbbbbbbbbbbbbbbbbbbbbbbbbbbbbbbbbbbbbbbbbbbbbbbbbbbbbbbbbbbbbbbbbbbbbbbbbbbbbbbbbbbbbbbbbbbbbbbbbbbbbbbbbbbbbbbbbbbbbbbbbbbbbbbbbbbbbbbbbbbbbbbbbbbbbbbbbbbbbbbbbbbbbbbbbbbbbbbbbbbbbbbbbbbbbbbbbbbbbbbbbbbbbbbbbbbbbbbbbbbbbbbbbbbbbbbbbbbbbbbbbbbbbbbbbbbbbbbbbbbbbbbbbbbbbbbbbbbbbbbbbbbbbbbbbbbbbbbbbbbbbbbbbbbbbbbbbbbbbbbbbbbbbbbbbbbbbbbbbbbbbbbbbbbbbbbbbbbbbbbbbbbbbbbbbbbbbbbbbbbbbbbbbbbbbbbbbbbbbbbbbbbbbbbbbbbbbbbbbbbbbbbbbbbbbbbbbbbbbbbbbbbbbbbbbbbbbbbbbbbbbbbbbbbbbbbbbbbbbbbbbbbbbbbbbbbbbbbbbbbbbbbbbbbbbbbbbbbbbbbbbbbbbbbbbbbbbbbbbbbbbbbbbbbbbbbbbbbbbbbbbbbbbbbbbbbbbbbbbbbbbbbbbbbbbbbbbbbbbbbbbbbbbbbbbbbbbbbbbbbbbbbbbbbbbbbbbbbbbbbbbbbbbbbbbbbbbbbbbbbbbbbbbbbbbbbbbbbbbbbbbbbbbbbbbbbbbbbbbbbbbbbbbbbbbbbbbbbbbbbbbbbbbbbbbbbbbbbbbbbbbbbbbbbbbbbbbbbbbbbbbbbbbbbbbbbbbbbbbbbbbbbbbbbbbbbbbbbbbbbbbbbbbbbbbbbbbbbbbbbbbbbbbbbbbbbbbbbbbbbbbbbbbbbbbbbbbbbbbbbbbbbbbbbbbbbbbbbbbbbbbbbbbbbbbbbbbbbbbbbbbbbbbbbbbbbbbbbbbbbbbbbbbbbbbbbbbbbbbbbbbbbbbbbbbbbbbbbbbbbbbbbbbbbbbbbbbbbbbbbbbbbbbbbbbbbbbbbbbbbbbbbbbbbbbbbbbbbbbbbbbbbbbbbbbbbbbbbbbbbbbbbbbbbbbbbbbbbbbbbbbbbbbbbbbbbbbbbbbbbbbbbbbbbbbbbbbbbbbbbbbbbbbbbbbbbbbbbbbbbbbbbbbbbbbbbbbbbbbbbbbbbbbbbbbbbbbbbbbbbbbbbbbbbbbbbbbbbbbbbbbbbbbbbbbbbbbbbbbbbbbbbbbbbbbbbbbbbbbbbbbbbbbbbbbbbbbbbbbbbbbbbbbbbbbbbbbbbbbbbbbbbbbbbbbbbbbbbbbbbbbbbbbbbbbbbbbbbbbbbbbbbbbbbbbbbbbbbbbbbbbbbbbbbbbbbbbbbbbbbbbbbbbbbbbbbbbbbbbbbbbbbbbbbbbbbbbbbbbbbbbbbbbbbbbbbbbbbbbbbbbbbbbbbbbbbbbbbbbbbbbbbbbbbbbbbbbbbbbbbbbbbbbbbbbbbbbbbbbbbbbbbbbbbbbbbbbbbbbbbbbbbbbbbbbbbbbbbbbbbbbbbbbbbbbbbbbbbbbbbbbbbbbbbbbbbbbbbbbbbbbbbbbbbbbbbbbbbbbbbbbbbbbbbbbbbbbbbbbbbbbbbbbbbbbbbbbbbbbbbbbbbbbbbbbbbbbbbbbbbbbbbbbbbbbbbbbbbbbbbbbbbbbbbbbbbbbbbbbbbbbbbbbbbbbbbbbbbbbbbbbbbbbbbbbbbbbbbbbbbbbbbbbbbbbbbbbbbbbbbbbbbbbbbbbbbbbbbbbbbbbbbbbbbbbbbbbbbbbbbbbbbbbbbbbbbbbbbbbbbbbbbbbbbbbbbbbbbbbbbbbbbbbbbbbbbbbbbbbbbbbbbbbbbbbbbbbbbbbbbbbbbbbbbbbbbbbbbbbbbbbbbbbbbbbbbbbbbbbbbbbbbbbbbbbbbbbbbbbbbbbbbbbbbbbbbbbbbbbbbbbbbbbbbbbbbbbbbbbbbbbbbbbbbbbbbbbbbbbbbbbbbbbbbbbbbbbbbbbbbbbbbbbbbbbbbbbbbbbbbbbbbbbbbbbbbbbbbbbbbbbbbbbbbbbbbbbbbbbbbbbbbbbbbbbbbbbbbbbbbbbbbbbbbbbbbbbbbbbbbbbbbbbbbbbbbbbbbbbbbbbbbbbbbbbbbbbbbbbbbbbbbbbbbbbbbbbbbbbbbbbbbbbbbbbbbbbbbbbbbbbbbbbbbbbbbbbbbbbbbbbbbbbbbbbbbbbbbbbbbbbbbbbbbbbbbbbbbbbbbbbbbbbbbbbbbbbbbbbbbbbbbbbbbbbbbbbbbbbbbbbbbbbbbbbbbbbbbbbbbbbbbbbbbbbbbbbbbbbbbbbbbbbbbbbbbbbbbbbbbbbbbbbbbbbbbbbbbbbbbbbbbbbbbbbbbbbbbbbbbbbbbbbbbbbbbbbbbbbbbbbbbbbbbbbbbbbbbbbbbbbbbbbbbbbbbbbbbbbbbbbbbbbbbbbbbbbbbbbbbbbbbbbbbbbbbbbbbbbbbbbbbbbbbbbbbbbbbbbbbbbbbbbbbbbbbbbbbbbbbbbbbbbbbbbbbbbbbbbbbbbbbbbbbbbbbbbbbbbbbbbbbbbbbbbbbbbbbbbbbbbbbbbbbbbbbbbbbbbbbbbbbbbbbbbbbbbbbbbbbbbbbbbbbbbbbbbbbbbbbbbbbbbbbbbbbbbbbbbbbbbbbbbbbbbbbbbbbbbbbbbbbbbbbbbbbbbbbbbbbbbbbbbbbbbbbbbbbbbbbbbbbbbbbbbbbbbbbbbbbbbbbbbbbbbbbbbbbbbbbbbbbbbbbbbbbbbbbbbbbbbbbbbbbbbbbbbbbbbbbbbbbbbbbbbbbbbbbbbbbbbbbbbbbbbbbbbbbbbbbbbbbbbbbbbbbbbbbbbbbbbbbbbbbbbbbbbbbbbbbbbbbbbbbbbbbbbbbbbbbbbbbbbbbbbbbbbbbbbbbbbbbbbbbbbbbbbbbbbbbbbbbbbbbbbbbbbbbbbbbbbbbbbbbbbbbbbbbbbbbbbbbbbbbbbbbbbbbbbbbbbbbbbbbbbbbbbbbbbbbbbbbbbbbbbbbbbbbbbbbbbbbbbbbbbbbbbbbbbbbbbbbbbbbbbbbbbbbbbbbbbbbbbbbbbbbbbbbbbbbbbbbbbbbbbbbbbbbbbbbbbbbbbbbbbbbbbbbbbbbbbbbbbbbbbbbbbbbbbbbbbbbbbbbbbbbbbbbbbbbbbbbbbbbbbbbbbbbbbbbbbbbbbbbbbbbbbbbbbbbbbbbbbbbbbbbbbbbbbbbbbbbbbbbbbbbbbbbbbbbbbbbbbbbbbbbbbbbbbbbbbbbbbbbbbbbbbbbbbbbbbbbbbbbbbbbbbbbbbbbbbbbbbbbbbbbbbbbbbbbbbbbbbbbbbbbbbbbbbbbbbbbbbbbbbbbbbbbbbbbbbbbbbbbbbbbbbbbbbbbbbbbbbbbbbbbbbbbbbbbbbbbbbbbbbbbbbbbbbbbbbbbbbbbbbbbbbbbbbbbbbbbbbbbbbbbbbbbbbbbbbbbbbbbbbbbbbbbbbbbbbbbbbbbbbbbbbbbbbbbbbbbbbbbbbbbbbbbbbbbbbbbbbbbbbbbbbbbbbbbbbbbbbbbbbbbbbbbbbbbbbbbbbbbbbbbbbbbbbbbbbbbbbbbbbbbbbbbbbbbbbbbbbbbbbbbbbbbbbbbbbbbbbbbbbbbbbbbbbbbbbbbbbbbbbbbbbbbbbbbbbbbbbbbbbbbbbbbbbbbbbbbbbbbbbbbbbbbbbbbbbbbbbbbbbbbbbbbbbbbbbbbbbbbbbbbbbbbbbbbbbbbbbbbbbbbbbbbbbbbbbbbbbbbbbbbbbbbbbbbbbbbbbbbbbbbbbbbbbbbbbbbbbbbbbbbbbbbbbbbbbbbbbbbbbbbbbbbbbbbbbbbbbbbbbbbbbbbbbbbbbbbbbbbbbbbbbbbbbbbbbbbbbbbbbbbbbbbbbbbbbbbbbbbbbbbbbbbbbbbbbbbbbbbbbbbbbbbbbbbbbbbbbbbbbbbbbbbbbbbbbbbbbbbbbbbbbbbbbbbbbbbbbbbbbbbbbbbbbbbbbbbbbbbbbbbbbbbbbbbbbbbbbbbbbbbbbbbbbbbbbbbbbbbbbbbbbbbbbbbbbbbbbbbbbbbbbbbbbbbbbbbbbbbbbbbbbbbbbbbbbbbbbbbbbbbbbbbbbbbbbbbbbbbbbbbbbbbbbbbbbbbbbbbbbbbbbbbbbbbbbbbbbbbbbbbbbbbbbbbbbbbbbbbbbbbbbbbbbbbbbbbbbbbbbbbbbbbbbbbbbbbbbbbbbbbbbbbbbbbbbbbbbbbbbbbbbbbbbbbbbbbbbbbbbbbbbbbbbbbbbbbbbbbbbbbbbbbbbbbbbbbbbbbbbbbbbbbbbbbbbbbbbbbbbbbbbbbbbbbbbbbbbbbbbbbbbbbbbbbbbbbbbbbbbbbbbbbbbbbbbbbbbbbbbbbbbbbbbbbbbbbbbbbbbbbbbbbbbbbbbbbbbbbbbbbbbbbbbbbbbbbbbbbbbbbbbbbbbbbbbbbbbbbbbbbbbbbbbbbbbbbbbbbbbbbbbbbbbbbbbbbbbbbbbbbbbbbbbbbbbbbbbbbbbbbbbbbbbbbbbbbbbbbbbbbbbbbbbbbbbbbbbbbbbbbbbbbbbbbbbbbbbbbbbbbbbbbbbbbbbbbbbbbbbbbbbbbbbbbbbbbbbbbbbbbbbbbbbbbbbbbbbbbbbbbbbbbbbbbbbbbbbbbbbbbbbbbbbbbbbbbbbbbbbbbbbbbbbbbbbbbbbbbbbbbbbbbbbbbbbbbbbbbbbbbbbbbbbbbbbbbbbbbbbbbbbbbbbbbbbbbbbbbbbbbbbbbbbbbbbbbbbbbbbbbbbbbbbbbbbbbbbbbbbbbbbbbbbbbbbbbbbbbbbbbbbbbbbbbbbbbbbbbbbbbbbbbbbbbbbbbbbbbbbbbbbbbbbbbbbbbbbbbbbbbbbbbbbbbbbbbbbbbbbbbbbbbbbbbbbbbbbbbbbbbbbbbbbbbbbbbbbbbbbbbbbbbbbbbbbbbbbbbbbbbbbbbbbbbbbbbbbbbbbbbbbbbbbbbbbbbbbbbbbbbbbbbbbbbbbbbbbbbbbbbbbbbbbbbbbbbbbbbbbbbbbbbbbbbbbbbbbbbbbbbbbbbbbbbbbbbbbbbbbbbbbbbbbbbbbbbbbbbbbbbbbbbbbbbbbbbbbbbbbbbbbbbbbbbbbbbbbbbbbbbbbbbbbbbbbbbbbbbbbbbbbbbbbbbbbbbbbbbbbbbbbbbbbbbbbbbbbbbbbbbbbbbbbbbbbbbbbbbbbbbbbbbbbbbbbbbbbbbbbbbbbbbbbbbbbbbbbbbbbbbbbbbbbbbbbbbbbbbbbbbbbbbbbbbbbbbbbbbbbbbbbbbbbbbbbbbbbbbbbbbbbbbbbbbbbbbbbbbbbbbbbbbbbbbbbbbbbbbbbbbbbbbbbbbbbbbbbbbbbbbbbbbbbbbbbbbbbbbbbbbbbbbbbbbbbbbbbbbbbbbbbbbbbbbbbbbbbbbbbbbbbbbbbbbbbbbbbbbbbbbbbbbbbbbbbbbbbbbbbbbbbbbbbbbbbbbbbbbbbbbbbbbbbbbbbbbbbbbbbbbbbbbbbbbbbbbbbbbbbbbbbbbbbbbbbbbbbbbbbbbbbbbbbbbbbbbbbbbbbbbbbbbbbbbbbbbbbbbbbbbbbbbbbbbbbbbbbbbbbbbbbbbbbbbbbbbbbbbbbbbbbbbbbbbbbbbbbbbbbbbbbbbbbbbbbbbbbbbbbbbbbbbbbbbbbbbbbbbbbbbbbbbbbbbbbbbbbbbbbbbbbbbbbbbbbbbbbbbbbbbbbbbbbbbbbbbbbbbbbbbbbbbbbbbbbbbbbbbbbbbbbbbbbbbbbbbbbbbbbbbbbbbbbbbbbbbbbbbbbbbbbbbbbbbbbbbbbbbbbbbbbbbbbbbbbbbbbbbbbbbbbbbbbbbbbbbbbbbbbbbbbbbbbbbbbbbbbbbbbbbbbbbbbbbbbbbbbbbbbbbbbbbbbbbbbbbbbbbbbbbbbbbbbbbbbbbbbbbbbbbbbbbbbbbbbbbbbbbbbbbbbbbbbbbbbbbbbbbbbbbbbbbbbbbbbbbbbbbbbbbbbbbbbbbbbbbbbbbbbbbbbbbbbbbbbbbbbbbbbbbbbbbbbbbbbbbbbbbbbbbbbbbbbbbbbbbbbbbbbbbbbbbbbbbbbbbbbbbbbbbbbbbbbbbbbbbbbbbbbbbbbbbbbbbbbbbbbbbbbbbbbbbbbbbbbbbbbbbbbbbbbbbbbbbbbbbbbbbbbbbbbbbbbbbbbbbbbbbbbbbbbbbbbbbbbbbbbbbbbbbbbbbbbbbbbbbbbbbbbbbbbbbbbbbbbbbbbbbbbbbbbbbbbbbbbbbbbbbbbbbbbbbbbbbbbbbbbbbbbbbbbbbbbbbbbbbbbbbbbbbbbbbbbbbbbbbbbbbbbbbbbbbbbbbbbbbbbbbbbbbbbbbbbbbbbbbbbbbbbbbbbbbbbbbbbbbbbbbbbbbbbbbbbbbbbbbbbbbbbbbbbbbbbbbbbbbbbbbbbbbbbbbbbbbbbbbbbbbbbbbbbbbbbbbbbbbbbbbbbbbbbbbbbbbbbbbbbbbbbbbbbbbbbbbbbbbbbbbbbbbbbbbbbbbbbbbbbbbbbbbbbbbbbbbbbbbbbbbbbbbbbbbbbbbbbbbbbbbbbbbbbbbbbbbbbbbbbbbbbbbbbbbbbbbbbbbbbbbbbbbbbbbbbbbbbbbbbbbbbbbbbbbbbbbbbbbbbbbbbbbbbbbbbbbbbbbbbbbbbbbbbbbbbbbbbbbbbbbbbbbbbbbbbbbbbbbbbbbbbbbbbbbbbbbbbbbbbbbbbbbbbbbbbbbbbbbbbbbbbbbbbbbbbbbbbbbbbbbbbbbbbbbbbbbbbbbbbbbbbbbbbbbbbbbbbbbbbbbbbbbbbbbbbbbbbbbbbbbbbbbbbbbbbbbbbbbbbbbbbbbbbbbbbbbbbbbbbbbbbbbbbbbbbbbbbbbbbbbbbbbbbbbbbbbbbbbbbbbbbbbbbbbbbbbbbbbbbbbbbbbbbbbbbbbbbbbbbbbbbbbbbbbbbbbbbbbbbbbbbbbbbbbbbbbbbbbbbbbbbbbbbbbbbbbbbbbbbbbbbbbbbbbbbbbbbbbbbbbbbbbbbbbbbbbbbbbbbbbbbbbbbbbbbbbbbbbbbbbbbbbbbbbbbbbbbbbbbbbbbbbbbbbbbbbbbbbbbbbbbbbbbbbbbbbbbbbbbbbbbbbbbbbbbbbbbbbbbbbbbbbbbbbbbbbbbbbbbbbbbbbbbbbbbbbbbbbbbbbbbbbbbbbbbbbbbbbbbbbbbbbbbbbbbbbbbbbbbbbbbbbbbbbbbbbbbbbbbbbbbbbbbbbbbbbbbbbbbbbbbbbbbbbbbbbbbbbbbbbbbbbbbbbbbbbbbbbbbbbbbbbbbbbbbbbbbbbbbbbbbbbbbbbbbbbbbbbbbbbbbbbbbbbbbbbbbbbbbbbbbbbbbbbbbbbbbbbbbbbbbbbbbbbbbbbbbbbbbbbbbbbbbbbbbbbbbbbbbbbbbbbbbbbbbbbbbbbbbbbbbbbbbbbbbbbbbbbbbbbbbbbbbbbbbbbbbbbbbbbbbbbbbbbbbbbbbbbbbbbbbbbbbbbbbbbbbbbbbbbbbbbbbbbbbbbbbbbbbbbbbbbbbbbbbbbbbbbbbbbbbbbbbbbbbbbbbbbbbbbbbbbbbbbbbbbbbbbbbbbbbbbbbbbbbbbbbbbbbbbbbbbbbbbbbbbbbbbbbbbbbbbbbbbbbbbbbbbbbbbbbbbbbbbbbbbbbbbbbbbbbbbbbbbbbbbbbbbbbbbbbbbbbbbbbbbbbbbbbbbbbbbbbbbbbbbbbbbbbbbbbbbbbbbbbbbbbbbbbbbbbbbbbbbbbbbbbbbbbbbbbbbbbbbbbbbbbbbbbbbbbbbbbbbbbbbbbbbbbbbbbbbbbbbbbbbbbbbbbbbbbbbbbbbbbbbbbbbbbbbbbbbbbbbbbbbbbbbbbbbbbbbbbbbbbbbbbbbbbbbbbbbbbbbbbbbbbbbbbbbbbbbbbbbbbbbbbbbbbbbbbbbbbbbbbbbbbbbbbbbbbbbbbbbbbbbbbbbbbbbbbbbbbbbbbbbbbbbbbbbbbbbbbbbbbbbbbbbbbbbbbbbbbbbbbbbbbbbbbbbbbbbbbbbbbbbbbbbbbbbbbbbbbbbbbbbbbbbbbbbbbbbbbbbbbbbbbbbbbbbbbbbbbbbbbbbbbbbbbbbbbbbbbbbbbbbbbbbbbbbbbbbbbbbbbbbbbbbbbbbbbbbbbbbbbbbbbbbbbbbbbbbbbbbbbbbbbbbbbbbbbbbbbbbbbbbbbbbbbbbbbbbbbbbbbbbbbbbbbbbbbbbbbbbbbbbbbbbbbbbbbbbbbbbbbbbbbbbbbbbbbbbbbbbbbbbbbbbbbbbbbbbbbbbbbbbbbbbbbbbbbbbbbbbbbbbbbbbbbbbbbbbbbbbbbbbbbbbbbbbbbbbbbbbbbbbbbbbbbbbbbbbbbbbbbbbbbbbbbbbbbbbbbbbbbbbbbbbbbbbbbbbbbbbbbbbbbbbbbbbbbbbbbbbbbbbbbbbbbbbbbbbbbbbbbbbbbbbbbbbbbbbbbbbbbbbbbbbbbbbbbbbbbbbbbbbbbbbbbbbbbbbbbbbbbbbbbbbbbbbbbbbbbbbbbbbbbbbbbbbbbbbbbbbbbbbbbbbbbbbbbbbbbbbbbbbbbbbbbbbbbbbbbbbbbbbbbbbbbbbbbbbbbbbbbbbbbbbbbbbbbbbbbbbbbbbbbbbbbbbbbbbbbbbbbbbbbbbbbbbbbbbbbbbbbbbbbbbbbbbbbbbbbbbbbbbbbbbbbbbbbbbbbbbbbbbbbbbbbbbbbbbbbbbbbbbbbbbbbbbbbbbbbbbbbbbbbbbbbbbbbbbbbbbbbbbbbbbbbbbbbbbbbbbbbbbbbbbbbbbbbbbbbbbbbbbbbbbbbbbbbbbbbbbbbbbbbbbbbbbbbbbbbbbbbbbbbbbbbbbbbbbbbbbbbbbbbbbbbbbbbbbbbbbbbbbbbbbbbbbbbbbbbbbbbbbbbbbbbbbbbbbbbbbbbbbbbbbbbbbbbbbbbbbbbbbbbbbbbbbbbbbbbbbbbbbbbbbbbbbbbbbbbbbbbbbbbbbbbbbbbbbbbbbbbbbbbbbbbbbbbbbbbbbbbbbbbbbbbbbbbbbbbbbbbbbbbbbbbbbbbbbbbbbbbbbbbbbbbbbbbbbbbbbbbbbbbbbbbbbbbbbbbbbbbbbbbbbbbbbbbbbbbbbbbbbbbbbbbbbbbbbbbbbbbbbbbbbbbbbbbbbbbbbbbbbbbbbbbbbbbbbbbbbbbbbbbbbbbbbbbbbbbbbbbbbbbbbbbbbbbbbbbbbbbbbbbbbbbbbbbbbbbbbbbbbbbbbbbbbbbbbbbbbbbbbbbbbbbbbbbbbbbbbbbbbbbbbbbbbbbbbbbbbbbbbbbbbbbbbbbbbbbbbbbbbbbbbbbbbbbbbbbbbbbbbbbbbbbbbbbbbbbbbbbbbbbbbbbbbbbbbbbbbbbbbbbbbbbbbbbbbbbbbbbbbbbbbbbbbbbbbbbbbbbbbbbbbbbbbbbbbbbbbbbbbbbbbbbbbbbbbbbbbbbbbbbbbbbbbbbbbbbbbbbbbbbbbbbbbbbbbbbbbbbbbbbbbbbbbbbbbbbbbbbbbbbbbbbbbbbbbbbbbbbbbbbbbbbbbbbbbbbbbbbbbbbbbbbbbbbbbbbbbbbbbbbbbbbbbbbbbbbbbbbbbbbbbbbbbbbbbbbbbbbbbbbbbbbbbbbbbbbbbbbbbbbbbbbbbbbbbbbbbbbbbbbbbbbbbbbbbbbbbbbbbbbbbbbbbbbbbbbbbbbbbbbbbbbbbbbbbbbbbbbbbbbbbbbbbbbbbbbbbbbbbbbbbbbbbbbbbbbbbbbbbbbbbbbbbbbbbbbbbbbbbbbbbbbbbbbbbbbbbbbbbbbbbbbbbbbbbbbbbbbbbbbbbbbbbbbbbbbbbbbbbbbbbbbbbbbbbbbbbbbbbbbbbbbbbbbbbbbbbbbbbbbbbbbbbbbbbbbbbbbbbbbbbbbbbbbbbbbbbbbbbbbbbbbbbbbbbbbbbbbbbbbbbbbbbbbbbbbbbbbbbbbbbbbbbbbbbbbbbbbbbbbbbbbbbbbbbbbbbbbbbbbbbbbbbbbbbbbbbbbbbbbbbbbbbbbbbbbbbbbbbbbbbbbbbbbbbbbbbbbbbbbbbbbbbbbbbbbbbbbbbbbbbbbbbbbbbbbbbbbbbbbbbbbbbbbbbbbbbbbbbbbbbbbbbbbbbbbbbbbbbbbbbbbbbbbbbbbbbbbbbbbbbbbbbbbbbbbbbbbbbbbbbbbbbbbbbbbbbbbbbbbbbbbbbbbbbbbbbbbbbbbbbbbbbbbbbbbbbbbbbbbbbbbbbbbbbbbbbbbbbbbbbbbbbbbbbbbbbbbbbbbbbbbbbbbbbbbbbbbbbbbbbbbbbbbbbbbbbbbbbbbbbbbbbbbbbbbbbbbbbbbbbbbbbbbbbbbbbbbbbbbbbbbbbbbbbbbbbbbbbbbbbbbbbbbbbbbbbbbbbbbbbbbbbbbbbbbbbbbbbbbbbbbbbbbbbbbbbbbbbbbbbbbbbbbbbbbbbbbbbbbbbbbbbbbbbbbbbbbbbbbbbbbbbbbbbbbbbbbbbbbbbbbbbbbbbbbbbbbbbbbbbbbbbbbbbbbbbbbbbbbbbbbbbbbbbbbbbbbbbbbbbbbbbbbbbbbbbbbbbbbbbbbbbbbbbbbbbbbbbbbbbbbbbbbbbbbbbbbbbbbbbbbbbbbbbbbbbbbbbbbbbbbbbbbbbbbbbbbbbbbbbbbbbbbbbbbbbbbbbbbbbbbbbbbbbbbbbbbbbbbbbbbbbbbbbbbbbbbbbbbbbbbbbbbbbbbbbbbbbbbbbbbbbbbbbbbbbbbbbbbbbbbbbbbbbbbbbbbbbbbbbbbbbbbbbbbbbbbbbbbbbbbbbbbbbbbbbbbbbbbbbbbbbbbbbbbbbbbbbbbbbbbbbbbbbbbbbbbbbbbbbbbbbbbbbbbbbbbbbbbbbbbbbbbbbbbbbbbbbbbbbbbbbbbbbbbbbbbbbbbbbbbbbbbbbbbbbbbbbbbbbbbbbbbbbbbbbbbbbbbbbbbbbbbbbbbbbbbbbbbbbbbbbbbbbbbbbbbbbbbbbbbbbbbbbbbbbbbbbbbbbbbbbbbbbbbbbbbbbbbbbbbbbbbbbbbbbbbbbbbbbbbbbbbbbbbbbbbbbbbbbbbbbbbbbbbbbbbbbbbbbbbbbbbbbbbbbbbbbbbbbbbbbbbbbbbbbbbbbbbbbbbbbbbbbbbbbbbbbbbbbbbbbbbbbbbbbbbbbbbbbbbbbbbbbbbbbbbbbbbbbbbbbbbbbbbbbbbbbbbbbbbbbbbbbbbbbbbbbbbbbbbbbbbbbbbbbbbbbbbbbbbbbbbbbbbbbbbbbbbbbbbbbbbbbbbbbbbbbbbbbbbbbbbbbbbbbbbbbbbbbbbbbbbbbbbbbbbbbbbbbbbbbbbbbbbbbbbbbbbbbbbbbbbbbbbbbbbbbbbbbbbbbbbbbbbbbbbbbbbbbbbbbbbbbbbbbbbbbbbbbbbbbbbbbbbbbbbbbbbbbbbbbbbbbbbbbbbbbbbbbbbbbbbbbbbbbbbbbbbbbbbbbbbbbbbbbbbbbbbbbbbbbbbbbbbbbbbbbbbbbbbbbbbbbbbbbbbbbbbbbbbbbbbbbbbbbbbbbbbbbbbbbbbbbbbbbbbbbbbbbbbbbbbbbbbbbbbbbbbbbbbbbbbbbbbbbbbbbbbbbbbbbbbbbbbbbbbbbbbbbbbbbbbbbbbbbbbbbbbbbbbbbbbbbbbbbbbbbbbbbbbbbbbbbbbbbbbbbbbbbbbbbbbbbbbbbbbbbbbbbbbbbbbbbbbbbbbbbbbbbbbbbbbbbbbbbbbbbbbbbbbbbbbbbbbbbbbbbbbbbbbbbbbbbbbbbbbbbbbbbbbbbbbbbbbbbbbbbbbbbbbbbbbbbbbbbbbbbbbbbbbbbbbbbbbbbbbbbbbbbbbbbbbbbbbbbbbbbbbbbbbbbbbbbbbbbbbbbbbbbbbbbbbbbbbbbbbbbbbbbbbbbbbbbbbbbbbbbbbbbbbbbbbbbbbbbbbbbbbbbbbbbbbbbbbbbbbbbbbbbbbbbbbbbbbbbbbbbbbbbbbbbbbbbbbbbbbbbbbbbbbbbbbbbbbbbbbbbbbbbbbbbbbbbbbbbbbbbbbbbbbbbbbbbbbbbbbbbbbbbbbbbbbbbbbbbbbbbbbbbbbbbbbbbbbbbbbbbbbbbbbbbbbbbbbbbbbbbbbbbbbbbbbbbbbbbbbbbbbbbbbbbbbbbbbbbbbbbbbbbbbbbbbbbbbbbbbbbbbbbbbbbbbbbbbbbbbbbbbbbbbbbbbbbbbbbbbbbbbbbbbbbbbbbbbbbbbbbbbbbbbbbbbbbbbbbbbbbbbbbbbbbbbbbbbbbbbbbbbbbbbbbbbbbbbbbbbbbbbbbbbbbbbbbbbbbbbbbbbbbbbbbbbbbbbbbbbbbbbbbbbbbbbbbbbbbbbbbbbbbbbbbbbbbbbbbbbbbbbbbbbbbbbbbbbbbbbbbbbbbbbbbbbbbbbbbbbbbbbbbbbbbbbbbbbbbbbbbbbbbbbbbbbbbbbbbbbbbbbbbbbbbbbbbbbbbbbbbbbbbbbbbbbbbbbbbbbbbbbbbbbbbbbbbbbbbbbbbbbbbbbbbbbbbbbbbbbbbbbbbbbbbbbbbbbbbbbbbbbbbbbbbbbbbbbbbbbbbbbbbbbbbbbbbbbbbbbbbbbbbbbbbbbbbbbbbbbbbbbbbbbbbbbbbbbbbbbbbbbbbbbbbbbbbbbbbbbbbbbbbbbbbbbbbbbbbbbbbbbbbbbbbbbbbbbbbbbbbbbbbbbbbbbbbbbbbbbbbbbbbbbbbbbbbbbbbbbbbbbbbbbbbbbbbbbbbbbbbbbbbbbbbbbbbbbbbbbbbbbbbbbbbbbbbbbbbbbbbbbbbbbbbbbbbbbbbbbbbbbbbbbbbbbbbbbbbbbbbbbbbbbbbbbbbbbbbbbbbbbbbbbbbbbbbbbbbbbbbbbbbbbbbbbbbbbbbbbbbbbbbbbbbbbbbbbbbbbbbbbbbbbbbbbbbbbbbbbbbbbbbbbbbbbbbbbbbbbbbbbbbbbbbbbbbbbbbbbbbbbbbbbbbbbbbbbbbbbbbbbbbbbbbbbbbbbbbbbbbbbbbbbbbbbbbbbbbbbbbbbbbbbbbbbbbbbbbbbbbbbbbbbbbbbbbbbbbbbbbbbbbbbbbbbbbbbbbbbbbbbbbbbbbbbbbbbbbbbbbbbbbbbbbbbbbbbbbbbbbbbbbbbbbbbbbbbbbbbbbbbbbbbbbbbbbbbbbbbbbbbbbbbbbbbbbbbbbbbbbbbbbbbbbbbbbbbbbbbbbbbbbbbbbbbbbbbbbbbbbbbbbbbbbbbbbbbbbbbbbbbbbbbbbbbbbbbbbbbbbbbbbbbbbbbbbbbbbbbbbbbbbbbbbbbbbbbbbbbbbbbbbbbbbbbbbbbbbbbbbbbbbbbbbbbbbbbbbbbbbbbbbbbbbbbbbbbbbbbbbbbbbbbbbbbbbbbbbbbbbbbbbbbbbbbbbbbbbbbbbbbbbbbbbbbbbbbbbbbbbbbbbbbbbbbbbbbbbbbbbbbbbbbbbbbbbbbbbbbbbbbbbbbbbbbbbbbbbbbbbbbbbbbbbbbbbbbbbbbbbbbbbbbbbbbbbbbbbbbbbbbbbbbbbbbbbbbbbbbbbbbbbbbbbbbbbbbbbbbbbbbbbbbbbbbbbbbbbbbbbbbbbbbbbbbbbbbbbbbbbbbbbbbbbbbbbbbbbbbbbbbbbbbbbbbbbbbbbbbbbbbbbbbbbbbbbbbbbbbbbbbbbbbbbbbbbbbbbbbbbbbbbbbbbbbbbbbbbbbbbbbbbbbbbbbbbbbbbbbbbbbbbbbbbbbbbbbbbbbbbbbbbbbbbbbbbbbbbbbbbbbbbbbbbbbbbbbbbbbbbbbbbbbbbbbbbbbbbbbbbbbbbbbbbbbbbbbbbbbbbbbbbbbbbbbbbbbbbbbbbbbbbbbbbbbbbbbbbbbbbbbbbbbbbbbbbbbbbbbbbbbbbbbbbbbbbbbbbbbbbbbbbbbbbbbbbbbbbbbbbbbbbbbbbbbbbbbbbbbbbbbbbbbbbbbbbbbbbbbbbbbbbbbbbbbbbbbbbbbbbbbbbbbbbbbbbbbbbbbbbbbbbbbbbbbbbbbbbbbbbbbbbbbbbbbbbbbbbbbbbbbbbbbbbbbbbbbbbbbbbbbbbbbbbbbbbbbbbbbbbbbbbbbbbbbbbbbbbbbbbbbbbbbbbbbbbbbbbbbbbbbbbbbbbbbbbbbbbbbbbbbbbbbbbbbbbbbbbbbbbbbbbbbbbbbbbbbbbbbbbbbbbbbbbbbbbbbbbbbbbbbbbbbbbbbbbbbbbbbbbbbbbbbbbbbbbbbbbbbbbbbbbbbbbbbbbbbbbbbbbbbbbbbbbbbbbbbbbbbbbbbbbbbbbbbbbbbbbbbbbbbbbbbbbbbbbbbbbbbbbbbbbbbbbbbbbbbbbbbbbbbbbbbbbbbbbbbbbbbbbbbbbbbbbbbbbbbbbbbbbbbbbbbbbbbbbbbbbbbbbbbbbbbbbbbbbbbbbbbbbbbbbbbbbbbbbbbbbbbbbbbbbbbbbbbbbbbbbbbbbbbbbbbbbbbbbbbbbbbbbbbbbbbbbbbbbbbbbbbbbbbbbbbbbbbbbbbbbbbbbbbbbbbbbbbbbbbbbbbbbbbbbbbbbbbbbbbbbbbbbbbbbbbbbbbbbbbbbbbbbbbbbbbbbbbbbbbbbbbbbbbbbbbbbbbbbbbbbbbbbbbbbbbbbbbbbbbbbbbbbbbbbbbbbbbbbbbbbbbbbbbbbbbbbbbbbbbbbbbbbbbbbbbbbbbbbbbbbbbbbbbbbbbbbbbbbbbbbbbbbbbbbbbbbbbbbbbbbbbbbbbbbbbbbbbbbbbbbbbbbbbbbbbbbbbbbbbbbbbbbbbbbbbbbbbbbbbbbbbbbbbbbbbbbbbbbbbbbbbbbbbbbbbbbbbbbbbbbbbbbbbbbbbbbbbbbbbbbbbbbbbbbbbbbbbbbbbbbbbbbbbbbbbbbbbbbbbbbbbbbbbbbbbbbbbbbbbbbbbbbbbbbbbbbbbbbbbbbbbbbbbbbbbbbbbbbbbbbbbbbbbbbbbbbbbbbbbbbbbbbbbbbbbbbbbbbbbbbbbbbbbbbbbbbbbbbbbbbbbbbbbbbbbbbbbbbbbbbbbbbbbbbbbbbbbbbbbbbbbbbbbbbbbbbbbbbbbbbbbbbbbbbbbbbbbbbbbbbbbbbbbbbbbbbbbbbbbbbbbbbbbbbbbbbbbbbbbbbbbbbbbbbbbbbbbbbbbbbbbbbbbbbbbbbbbbbbbbbbbbbbbbbbbbbbbbbbbbbbbbbbbbbbbbbbbbbbbbbbbbbbbbbbbbbbbbbbbbbbbbbbbbbbbbbbbbbbbbbbbbbbbbbbbbbbbbbbbbbbbbbbbbbbbbbbbbbbbbbbbbbbbbbbbbbbbbbbbbbbbbbbbbbbbbbbbbbbbbbbbbbbbbbbbbbbbbbbbbbbbbbbbbbbbbbbbbbbbbbbbbbbbbbbbbbbbbbbbbbbbbbbbbbbbbbbbbbbbbbbbbbbbbbbbbbbbbbbbbbbbbbbbbbbbbbbbbbbbbbbbbbbbbbbbbbbbbbbbbbbbbbbbbbbbbbbbbbbbbbbbbbbbbbbbbbbbbbbbbbbbbbbbbbbbbbbbbbbbbbbbbbbbbbbbbbbbbbbbbbbbbbbbbbbbbbbbbbbbbbbbbbbbbbbbbbbbbbbbbbbbbbbbbbbbbbbbbbbbbbbbbbbbbbbbbbbbbbbbbbbbbbbbbbbbbbbbbbbbbbbbbbbbbbbbbbbbbbbbbbbbbbbbbbbbbbbbbbbbbbbbbbbbbbbbbbbbbbbbbbbbbbbbbbbbbbbbbbbbbbbbbbbbbbbbbbbbbbbbbbbbbbbbbbbbbbbbbbbbbbbbbbbbbbbbbbbbbbbbbbbbbbbbbbbbbbbbbbbbbbbbbbbbbbbbbbbbbbbbbbbbbbbbbbbbbbbbbbbbbbbbbbbbbbbbbbbbbbbbbbbbbbbbbbbbbbbbbbbbbbbbbbbbbbbbbbbbbbbbbbbbbbbbbbbbbbbbbbbbbbbbbbbbbbbbbbbbbbbbbbbbbbbbbbbbbbbbbbbbbbbbbbbbbbbbbbbbbbbbbbbbbbbbbbbbbbbbbbbbbbbbbbbbbbbbbbbbbbbbbbbbbbbbbbbbbbbbbbbbbbbbbbbbbbbbbbbbbbbbbbbbbbbbbbbbbbbbbbbbbbbbbbbbbbbbbbbbbbbbbbbbbbbbbbbbbbbbbbbbbbbbbbbbbbbbbbbbbbbbbbbbbbbbbbbbbbbbbbbbbbbbbbbbbbbbbbbbbbbbbbbbbbbbbbbbbbbbbbbbbbbbbbbbbbbbbbbbbbbbbbbbbbbbbbbbbbbbbbbbbbbbbbbbbbbbbbbbbbbbbbbbbbbbbbbbbbbbbbbbbbbbbbbbbbbbbbbbbbbbbbbbbbbbbbbbbbbbbbbbbbbbbbbbbbbbbbbbbbbbbbbbbbbbbbbbbbbbbbbbbbbbbbbbbbbbbbbbbbbbbbbbbbbbbbbbbbbbbbbbbbbbbbbbbbbbbbbbbbbbbbbbbbbbbbbbbbbbbbbbbbbbbbbbbbbbbbbbbbbbbbbbbbbbbbbbbbbbbbbbbbbbbbbbbbbbbbbbbbbbbbbbbbbbbbbbbbbbbbbbbbbbbbbbbbbbbbbbbbbbbbbbbbbbbbbbbbbbbbbbbbbbbbbbbbbbbbbbbbbbbbbbbbbbbbbbbbbbbbbbbbbbbbbbbbbbbbbbbbbbbbbbbbbbbbbbbbbbbbbbbbbbbbbbbbbbbbbbbbbbbbbbbbbbbbbbbbbbbbbbbbbbbbbbbbbbbbbbbbbbbbbbbbbbbbbbbbbbbbbbbbbbbbbbbbbbbbbbbbbbbbbbbbbbbbbbbbbbbbbbbbbbbbbbbbbbbbbbbbbbbbbbbbbbbbbbbbbbbbbbbbbbbbbbbbbbbbbbbbbbbbbbbbbbbbbbbbbbbbbbbbbbbbbbbbbbbbbbbbbbbbbbbbbbbbbbbbbbbbbbbbbbbbbbbbbbbbbbbbbbbbbbbbbbbbbbbbbbbbbbbbbbbbbbbbbbbbbbbbbbbbbbbbbbbbbbbbbbbbbbbbbbbbbbbbbbbbbbbbbbbbbbbbbbbbbbbbbbbbbbbbbbbbbbbbbbbbbbbbbbbbbbbbbbbbbbbbbbbbbbbbbbbbbbbbbbbbbbbbbbbbbbbbbbbbbbbbbbbbbbbbbbbbbbbbbbbbbbbbbbbbbbbbbbbbbbbbbbbbbbbbbbbbbbbbbbbbbbbbbbbbbbbbbbbbbbbbbbbbbbbbbbbbbbbbbbbbbbbbbbbbbbbbbbbbbbbbbbbbbbbbbbbbbbbbbbbbbbbbbbbbbbbbbbbbbbbbbbbbbbbbbbbbbbbbbbbbbbbbbbbbbbbbbbbbbbbbbbbbbbbbbbbbbbbbbbbbbbbbbbbbbbbbbbbbbbbbbbbbbbbbbbbbbbbbbbbbbbbbbbbbbbbbbbbbbbbbbbbbbbbbbbbbbbbbbbbbbbbbbbbbbbbbbbbbbbbbbbbbbbbbbbbbbbbbbbbbbbbbbbbbbbbbbbbbbbbbbbbbbbbbbbbbbbbbbbbbbbbbbbbbbbbbbbbbbbbbbbbbbbbbbbbbbbbbbbbbbbbbbbbbbbbbbbbbbbbbbbbbbbbbbbbbbbbbbbbbbbbbbbbbbbbbbbbbbbbbbbbbbbbbbbbbbbbbbbbbbbbbbbbbbbbbbbbbbbbbbbbbbbbbbbbbbbbbbbbbbbbbbbbbbbbbbbbbbbbbbbbbbbbbbbbbbbbbbbbbbbbbbbbbbbbbbbbbbbbbbbbbbbbbbbbbbbbbbbbbbbbbbbbbbbbbbbbbbbbbbbbbbbbbbbbbbbbbbbbbbbbbbbbbbbbbbbbbbbbbbbbbbbbbbbbbbbbbbbbbbbbbbbbbbbbbbbbbbbbbbbbbbbbbbbbbbbbbbbbbbbbbbbbbbbbbbbbbbbbbbbbbbbbbbbbbbbbbbbbbbbbbbbbbbbbbbbbbbbbbbbbbbbbbbbbbbbbbbbbbbbbbbbbbbbbbbbbbbbbbbbbbbbbbbbbbbbbbbbbbbbbbbbbbbbbbbbbbbbbbbbbbbbbbbbbbbbbbbbbbbbbbbbbbbbbbbbbbbbbbbbbbbbbbbbbbbbbbbbbbbbbbbbbbbbbbbbbbbbbbbbbbbbbbbbbbbbbbbbbbbbbbbbbbbbbbbbbbbbbbbbbbbbbbbbbbbbbbbbbbbbbbbbbbbbbbbbbbbbbbbbbbbbbbbbbbbbbbbbbbbbbbbbbbbbbbbbbbbbbbbbbbbbbbbbbbbbbbbbbbbbbbbbbbbbbbbbbbbbbbbbbbbbbbbbbbbbbbbbbbbbbbbbbbbbbbbbbbbbbbbbbbbbbbbbbbbbbbbbbbbbbbbbbbbbbbbbbbbbbbbbbbbbbbbbbbbbbbbbbbbbbbbbbbbbbbbbbbbbbbbbbbbbbbbbbbbbbbbbbbbbbbbbbbbbbbbbbbbbbbbbbbbbbbbbbbbbbbbbbbbbbbbbbbbbbbbbbbbbbbbbbbbbbbbbbbbbbbbbbbbbbbbbbbbbbbbbbbbbbbbbbbbbbbbbbbbbbbbbbbbbbbbbbbbbbbbbbbbbbbbbbbbbbbbbbbbbbbbbbbbbbbbbbbbbbbbbbbbbbbbbbbbbbbbbbbbbbbbbbbbbbbbbbbbbbbbbbbbbbbbbbbbbbbbbbbbbbbbbbbbbbbbbbbbbbbbbbbbbbbbbbbbbbbbbbbbbbbbbbbbbbbbbbbbbbbbbbbbbbbbbbbbbbbbbbbbbbbbbbbbbbbbbbbbbbbbbbbbbbbbbbbbbbbbbbbbbbbbbbbbbbbbbbbbbbbbbbbbbbbbbbbbbbbbbbbbbbbbbbbbbbbbbbbbbbbbbbbbbbbbbbbbbbbbbbbbbbbbbbbbbbbbbbbbbbbbbbbbbbbbbbbbbbbbbbbbbbbbbbbbbbbbbbbbbbbbbbbbbbbbbbbbbbbbbbbbbbbbbbbbbbbbbbbbbbbbbbbbbbbbbbbbbbbbbbbbbbbbbbbbbbbbbbbbbbbbbbbbbbbbbbbbbbbbbbbbbbbbbbbbbbbbbbbbbbbbbbbbbbbbbbbbbbbbbbbbbbbbbbbbbbbbbbbbbbbbbbbbbbbbbbbbbbbbbbbbbbbbbbbbbbbbbbbbbbbbbbbbbbbbbbbbbbbbbbbbbbbbbbbbbbbbbbbbbbbbbbbbbbbbbbbbbbbbbbbbbbbbbbbbbbbbbbbbbbbbbbbbbbbbbbbbbbbbbbbbbbbbbbbbbbbbbbbbbbbbbbbbbbbbbbbbbbbbbbbbbbbbbbbbbbbbbbbbbbbbbbbbbbbbbbbbbbbbbbbbbbbbbbbbbbbbbbbbbbbbbbbbbbbbbbbbbbbbbbbbbbbbbbbbbbbbbbbbbbbbbbbbbbbbbbbbbbbbbbbbbbbbbbbbbbbbbbbbbbbbbbbbbbbbbbbbbbbbbbbbbbbbbbbbbbbbbbbbbbbbbbbbbbbbbbbbbbbbbbbbbbbbbbbbbbbbbbbbbbbbbbbbbbbbbbbbbbbbbbbbbbbbbbbbbbbbbbbbbbbbbbbbbbbbbbbbbbbbbbbbbbbbbbbbbbbbbbbbbbbbbbbbbbbbbbbbbbbbbbbbbbbbbbbbbbbbbbbbbbbbbbbbbbbbbbbbbbbbbbbbbbbbbbbbbbbbbbbbbbbbbbbbbbbbbbbbbbbbbbbbbbbbbbbbbbbbbbbbbbbbbbbbbbbbbbbbbbbbbbbbbbbbbbbbbbbbbbbbbbbbbbbbbbbbbbbbbbbbbbbbbbbbbbbbbbbbbbbbbbbbbbbbbbbbbbbbbbbbbbbbbbbbbbbbbbbbbbbbbbbbbbbbbbbbbbbbbbbbbbbbbbbbbbbbbbbbbbbbbbbbbbbbbbbbbbbbbbbbbbbbbbbbbbbbbbbbbbbbbbbbbbbbbbbbbbbbbbbbbbbbbbbbbbbbbbbbbbbbbbbbbbbbbbbbbbbbbbbbbbbbbbbbbbbbbbbbbbbbbbbbbbbbbbbbbbbbbbbbbbbbbbbbbbbbbbbbbbbbbbbbbbbbbbbbbbbbbbbbbbbbbbbbbbbbbbbbbbbbbbbbbbbbbbbbbbbbbbbbbbbbbbbbbbbbbbbbbbbbbbbbbbbbbbbbbbbbbbbbbbbbbbbbbbbbbbbbbbbbbbbbbbbbbbbbbbbbbbbbbbbbbbbbbbbbbbbbbbbbbbbbbbbbbbbbbbbbbbbbbbbbbbbbbbbbbbbbbbbbbbbbbbbbbbbbbbbbbbbbbbbbbbbbbbbbbbbbbbbbbbbbbbbbbbbbbbbbbbbbbbbbbbbbbbbbbbbbbbbbbbbbbbbbbbbbbbbbbbbbbbbbbbbbbbbbbbbbbbbbbbbbbbbbbbbbbbbbbbbbbbbbbbbbbbbbbbbbbbbbbbbbbbbbbbbbbbbbbbbbbbbbbbbbbbbbbbbbbbbbbbbbbbbbbbbbbbbbbbbbbbbbbbbbbbbbbbbbbbbbbbbbbbbbbbbbbbbbbbbbbbbbbbbbbbbbbbbbbbbbbbbbbbbbbbbbbbbbbbbbbbbbbbbbbbbbbbbbbbbbbbbbbbbbbbbbbbbbbbbbbbbbbbbbbbbbbbbbbbbbbbbbbbbbbbbbbbbbbbbbbbbbbbbbbbbbbbbbbbbbbbbbbbbbbbbbbbbbbbbbbbbbbbbbbbbbbbbbbbbbbbbbbbbbbbbbbbbbbbbbbbbbbbbbbbbbbbbbbbbbbbbbbbbbbbbbbbbbbbbbbbbbbbbbbbbbbbbbbbbbbbbbbbbbbbbbbbbbbbbbbbbbbbbbbbbbbbbbbbbbbbbbbbbbbbbbbbbbbbbbbbbbbbbbbbbbbbbbbbbbbbbbbbbbbbbbbbbbbbbbbbbbbbbbbbbbbbbbbbbbbbbbbbbbbbbbbbbbbbbbbbbbbbbbbbbbbbbbbbbbbbbbbbbbbbbbbbbbbbbbbbbbbbbbbbbbbbbbbbbbbbbbbbbbbbbbbbbbbbbbbbbbbbbbbbbbbbbbbbbbbbbbbbbbbbbbbbbbbbbbbbbbbbbbbbbbbbbbbbbbbbbbbbbbbbbbbbbbbbbbbbbbbbbbbbbbbbbbbbbbbbbbbbbbbbbbbbbbbbbbbbbbbbbbbbbbbbbbbbbbbbbbbbbbbbbbbbbbbbbbbbbbbbbbbbbbbbbbbbbbbbbbbbbbbbbbbbbbbbbbbbbbbbbbbbbbbbbbbbbbbbbbbbbbbbbbbbbbbbbbbbbbbbbbbbbbbbbbbbbbbbbbbbbbbbbbbbbbbbbbbbbbbbbbbbbbbbbbbbbbbbbbbbbbbbbbbbbbbbbbbbbbbbbbbbbbbbbbbbbbbbbbbbbbbbbbbbbbbbbbbbbbbbbbbbbbbbbbbbbbbbbbbbbbbbbbbbbbbbbbbbbbbbbbbbbbbbbbbbbbbbbbbbbbbbbbbbbbbbbbbbbbbbbbbbbbbbbbbbbbbbbbbbbbbbbbbbbbbbbbbbbbbbbbbbbbbbbbbbbbbbbbbbbbbbbbbbbbbbbbbbbbbbbbbbbbbbbbbbbbbbbbbbbbbbbbbbbbbbbbbbbbbbbbbbbbbbbbbbbbbbbbbbbbbbbbbbbbbbbbbbbbbbbbbbbbbbbbbbbbbbbbbbbbbbbbbbbbbbbbbbbbbbbbbbbbbbbbbbbbbbbbbbbbbbbbbbbbbbbbbbbbbbbbbbbbbbbbbbbbbbbbbbbbbbbbbbbbbbbbbbbbbbbbbbbbbbbbbbbbbbbbbbbbbbbbbbbbbbbbbbbbbbbbbbbbbbbbbbbbbbbbbbbbbbbbbbbbbbbbbbbbbbbbbbbbbbbbbbbbbbbbbbbbbbbbbbbbbbbbbbbbbbbbbbbbbbbbbbbbbbbbbbbbbbbbbbbbbbbbbbbbbbbbbbbbbbbbbbbbbbbbbbbbbbbbbbbbbbbbbbbbbbbbbbbbbbbbbbbbbbbbbbbbbbbbbbbbbbbbbbbbbbbbbbbbbbbbbbbbbbbbbbbbbbbbbbbbbbbbbbbbbbbbbbbbbbbbbbbbbbbbbbbbbbbbbbbbbbbbbbbbbbbbbbbbbbbbbbbbbbbbbbbbbbbbbbbbbbbbbbbbbbbbbbbbbbbbbbbbbbbbbbbbbbbbbbbbbbbbbbbbbbbbbbbbbbbbbbbbbbbbbbbbbbbbbbbbbbbbbbbbbbbbbbbbbbbbbbbbbbbbbbbbbbbbbbbbbbbbbbbbbbbbbbbbbbbbbbbbbbbbbbbbbbbbbbbbbbbbbbbbbbbbbbbbbbbbbbbbbbbbbbbbbbbbbbbbbbbbbbbbbbbbbbbbbbbbbbbbbbbbbbbbbbbbbbbbbbbbbbbbbbbbbbbbbbbbbbbbbbbbbbbbbbbbbbbbbbbbbbbbbbbbbbbbbbbbbbbbbbbbbbbbbbbbbbbbbbbbbbbbbbbbbbbbbbbbbbbbbbbbbbbbbbbbbbbbbbbbbbbbbbbbbbbbbbbbbbbbbbbbbbbbbbbbbbbbbbbbbbbbbbbbbbbbbbbbbbbbbbbbbbbbbbbbbbbbbbbbbbbbbbbbbbbbbbbbbbbbbbbbbbbbbbbbbbbbbbbbbbbbbbbbbbbbbbbbbbbbbbbbbbbbbbbbbbbbbbbbbbbbbbbbbbbbbbbbbbbbbbbbbbbbbbbbbbbbbbbbbbbbbbbbbbbbbbbbbbbbbbbbbbbbbbbbbbbbbbbbbbbbbbbbbbbbbbbbbbbbbbbbbbbbbbbbbbbbbbbbbbbbbbbbbbbbbbbbbbbbbbbbbbbbbbbbbbbbbbbbbbbbbbbbbbbbbbbbbbbbbbbbbbbbbbbbbbbbbbbbbbbbbbbbbbbbbbbbbbbbbbbbbbbbbbbbbbbbbbbbbbbbbbbbbbbbbbbbbbbbbbbbbbbbbbbbbbbbbbbbbbbbbbbbbbbbbbbbbbbbbbbbbbbbbbbbbbbbbbbbbbbbbbbbbbbbbbbbbbbbbbbbbbbbbbbbbbbbbbbbbbbbbbbbbbbbbbbbbbbbbbbbbbbbbbbbbbbbbbbbbbbbbbbbbbbbbbbbbbbbbbbbbbbbbbbbbbbbbbbbbbbbbbbbbbbbbbbbbbbbbbbbbbbbbbbbbbbbbbbbbbbbbbbbbbbbbbbbbbbbbbbbbbbbbbbbbbbbbbbbbbbbbbbbbbbbbbbbbbbbbbbbbbbbbbbbbbbbbbbbbbbbbbbbbbbbbbbbbbbbbbbbbbbbbbbbbbbbbbbbbbbbbbbbbbbbbbbbbbbbbbbbbbbbbbbbbbbbbbbbbbbbbbbbbbbbbbbbbbbbbbbbbbbbbbbbbbbbbbbbbbbbbbbbbbbbbbbbbbbbbbbbbbbbbbbbbbbbbbbbbbbbbbbbbbbbbbbbbbbbbbbbbbbbbbbbbbbbbbbbbbbbbbbbbbbbbbbbbbbbbbbbbbbbbbbbbbbbbbbbbbbbbbbbbbbbbbbbbbbbbbbbbbbbbbbbbbbbbbbbbbbbbbbbbbbbbbbbbbbbbbbbbbbbbbbbbbbbbbbbbbbbbbbbbbbbbbbbbbbbbbbbbbbbbbbbbbbbbbbbbbbbbbbbbbbbbbbbbbbbbbbbbbbbbbbbbbbbbbbbbbbbbbbbbbbbbbbbbbbbbbbbbbbbbbbbbbbbbbbbbbbbbbbbbbbbbbbbbbbbbbbbbbbbbbbbbbbbbbbbbbbbbbbbbbbbbbbbbbbbbbbbbbbbbbbbbbbbbbbbbbbbbbbbbbbbbbbbbbbbbbbbbbbbbbbbbbbbbbbbbbbbbbbbbbbbbbbbbbbbbbbbbbbbbbbbbbbbbbbbbbbbbbbbbbbbbbbbbbbbbbbbbbbbbbbbbbbbbbbbbbbbbbbbbbbbbbbbbbbbbbbbbbbbbbbbbbbbbbbbbbbbbbbbbbbbbbbbbbbbbbbbbbbbbbbbbbbbbbbbbbbbbbbbbbbbbbbbbbbbbbbbbbbbbbbbbbbbbbbbbbbbbbbbbbbbbbbbbbbbbbbbbbbbbbbbbbbbbbbbbbbbbbbbbbbbbbbbbbbbbbbbbbbbbbbbbbbbbbbbbbbbbbbbbbbbbbbbbbbbbbbbbbbbbbbbbbbbbbbbbbbbbbbbbbbbbbbbbbbbbbbbbbbbbbbbbbbbbbbbbbbbbbbbbbbbbbbbbbbbbbbbbbbbbbbbbbbbbbbbbbbbbbbbbbbbbbbbbbbbbbbbbbbbbbbbbbbbbbbbbbbbbbbbbbbbbbbbbbbbbbbbbbbbbbbbbbbbbbbbbbbbbbbbbbbbbbbbbbbbbbbbbbbbbbbbbbbbbbbbbbbbbbbbbbbbbbbbbbbbbbbbbbbbbbbbbbbbbbbbbbbbbbbbbbbbbbbbbbbbbbbbbbbbbbbbbbbbbbbbbbbbbbbbbbbbbbbbbbbbbbbbbbbbbbbbbbbbbbbbbbbbbbbbbbbbbbbbbbbbbbbbbbbbbbbbbbbbbbbbbbbbbbbbbbbbbbbbbbbbbbbbbbbbbbbbbbbbbbbbbbbbbbbbbbbbbbbbbbbbbbbbbbbbbbbbbbbbbbbbbbbbbbbbbbbbbbbbbbbbbbbbbbbbbbbbbbbbbbbbbbbbbbbbbbbbbbbbbbbbbbbbbbbbbbbbbbbbbbbbbbbbbbbbbbbbbbbbbbbbbbbbbbbbbbbbbbbbbbbbbbbbbbbbbbbbbbbbbbbbbbbbbbbbbbbbbbbbbbbbbbbbbbbbbbbbbbbbbbbbbbbbbbbbbbbbbbbbbbbbbbbbbbbbbbbbbbbbbbbbbbbbbbbbbbbbbbbbbbbbbbbbbbbbbbbbbbbbbbbbbbbbbbbbbbbbbbbbbbbbbbbbbbbbbbbbbbbbbbbbbbbbbbbbbbbbbbbbbbbbbbbbbbbbbbbbbbbbbbbbbbbbbbbbbbbbbbbbbbbbbbbbbbbbbbbbbbbbbbbbbbbbbbbbbbbbbbbbbbbbbbbbbbbbbbbbbbbbbbbbbbbbbbbbbbbbbbbbbbbbbbbbbbbbbbbbbbbbbbbbbbbbbbbbbbbbbbbbbbbbbbbbbbbbbbbbbbbbbbbbbbbbbbbbbbbbbbbbbbbbbbbbbbbbbbbbbbbbbbbbbbbbbbbbbbbbbbbbbbbbbbbbbbbbbbbbbbbbbbbbbbbbbbbbbbbbbbbbbbbbbbbbbbbbbbbbbbbbbbbbbbbbbbbbbbbbbbbbbbbbbbbbbbbbbbbbbbbbbbbbbbbbbbbbbbbbbbbbbbbbbbbbbbbbbbbbbbbbbbbbbbbbbbbbbbbbbbbbbbbbbbbbbbbbbbbbbbbbbbbbbbbbbbbbbbbbbbbbbbbbbbbbbbbbbbbbbbbbbbbbbbbbbbbbbbbbbbbbbbbbbbbbbbbbbbbbbbbbbbbbbbbbbbbbbbbbbbbbbbbbbbbbbbbbbbbbbbbbbbbbbbbbbbbbbbbbbbbbbbbbbbbbbbbbbbbbbbbbbbbbbbbbbbbbbbbbbbbbbbbbbbbbbbbbbbbbbbbbbbbbbbbbbbbbbbbbbbbbbbbbbbbbbbbbbbbbbbbbbbbbbbbbbbbbbbbbbbbbbbbbbbbbbbbbbbbbbbbbbbbbbbbbbbbbbbbbbbbbbbbbbbbbbbbbbbbbbbbbbbbbbbbbbbbbbbbbbbbbbbbbbbbbbbbbbbbbbbbbbbbbbbbbbbbbbbbbbbbbbbbbbbbbbbbbbbbbbbbbbbbbbbbbbbbbbbbbbbbbbbbbbbbbbbbbbbbbbbbbbbbbbbbbbbbbbbbbbbbbbbbbbbbbbbbbbbbbbbbbbbbbbbbbbbbbbbbbbbbbbbbbbbbbbbbbbbbbbbbbbbbbbbbbbbbbbbbbbbbbbbbbbbbbbbbbbbbbbbbbbbbbbbbbbbbbbbbbbbbbbbbbbbbbbbbbbbbbbbbbbbbbbbbbbbbbbbbbbbbbbbbbbbbbbbbbbbbbbbbbbbbbbbbbbbbbbbbbbbbbbbbbbbbbbbbbbbbbbbbbbbbbbbbbbbbbbbbbbbbbbbbbbbbbbbbbbbbbbbbbbbbbbbbbbbbbbbbbbbbbbbbbbbbbbbbbbbbbbbbbbbbbbbbbbbbbbbbbbbbbbbbbbbbbbbbbbbbbbbbbbbbbbbbbbbbbbbbbbbbbbbbbbbbbbbbbbbbbbbbbbbbbbbbbbbbbbbbbbbbbbbbbbbbbbbbbbbbbbbbbbbbbbbbbbbbbbbbbbbbbbbbbbbbbbbbbbbbbbbbbbbbbbbbbbbbbbbbbbbbbbbbbbbbbbbbbbbbbbbbbbbbbbbbbbbbbbbbbbbbbbbbbbbbbbbbbbbbbbbbbbbbbbbbbbbbbbbbbbbbbbbbbbbbbbbbbbbbbbbbbbbbbbbbbbbbbbbbbbbbbbbbbbbbbbbbbbbbbbbbbbbbbbbbbbbbbbbbbbbbbbbbbbbbbbbbbbbbbbbbbbbbbbbbbbbbbbbbbbbbbbbbbbbbbbbbbbbbbbbbbbbbbbbbbbbbbbbbbbbbbbbbbbbbbbbbbbbbbbbbbbbbbbbbbbbbbbbbbbbbbbbbbbbbbbbbbbbbbbbbbbbbbbbbbbbbbbbbbbbbbbbbbbbbbbbbbbbbbbbbbbbbbbbbbbbbbbbbbbbbbbbbbbbbbbbbbbbbbbbbbbbbbbbbbbbbbbbbbbbbbbbbbbbbbbbbbbbbbbbbbbbbbbbbbbbbbbbbbbbbbbbbbbbbbbbbbbbbbbbbbbbbbbbbbbbbbbbbbbbbbbbbbbbbbbbbbbbbbbbbbbbbbbbbbbbbbbbbbbbbbbbbbbbbbbbbbbbbbbbbbbbbbbbbbbbbbbbbbbbbbbbbbbbbbbbbbbbbbbbbbbbbbbbbbbbbbbbbbbbbbbbbbbbbbbbbbbbbbbbbbbbbbbbbbbbbbbbbbbbbbbbbbbbbbbbbbbbbbbbbbbbbbbbbbbbbbbbbbbbbbbbbbbbbbbbbbbbbbbbbbbbbbbbbbbbbbbbbbbbbbbbbbbbbbbbbbbbbbbbbbbbbbbbbbbbbbbbbbbbbbbbbbbbbbbbbbbbbbbbbbbbbbbbbbbbbbbbbbbbbbbbbbbbbbbbbbbbbbbbbbbbbbbbbbbbbbbbbbbbbbbbbbbbbbbbbbbbbbbbbbbbbbbbbbbbbbbbbbbbbbbbbbbbbbbbbbbbbbbbbbbbbbbbbbbbbbbbbbbbbbbbbbbbbbbbbbbbbbbbbbbbbbbbbbbbbbbbbbbbbbbbbbbbbbbbbbbbbbbbbbbbbbbbbbbbbbbbbbbbbbbbbbbbbbbbbbbbbbbbbbbbbbbbbbbbbbbbbbbbbbbbbbbbbbbbbbbbbbbbbbbbbbbbbbbbbbbbbbbbbbbbbbbbbbbbbbbbbbbbbbbbbbbbbbbbbbbbbbbbbbbbbbbbbbbbbbbbbbbbbbbbbbbbbbbbbbbbbbbbbbbbbbbbbbbbbbbbbbbbbbbbbbbbbbbbbbbbbbbbbbbbbbbbbbbbbbbbbbbbbbbbbbbbbbbbbbbbbbbbbbbbbbbbbbbbbbbbbbbbbbbbbbbbbbbbbbbbbbbbbbbbbbbbbbbbbbbbbbbbbbbbbbbbbbbbbbbbbbbbbbbbbbbbbbbbbbbbbbbbbbbbbbbbbbbbbbbbbbbbbbbbbbbbbbbbbbbbbbbbbbbbbbbbbbbbbbbbbbbbbbbbbbbbbbbbbbbbbbbbbbbbbbbbbbbbbbbbbbbbbbbbbbbbbbbbbbbbbbbbbbbbbbbbbbbbbbbbbbbbbbbbbbbbbbbbbbbbbbbbbbbbbbbbbbbbbbbbbbbbbbbbbbbbbbbbbbbbbbbbbbbbbbbbbbbbbbbbbbbbbbbbbbbbbbbbbbbbbbbbbbbbbbbbbbbbbbbbbbbbbbbbbbbbbbbbbbbbbbbbbbbbbbbbbbbbbbbbbbbbbbbbbbbbbbbbbbbbbbbbbbbbbbbbbbbbbbbbbbbbbbbbbbbbbbbbbbbbbbbbbbbbbbbbbbbbbbbbbbbbbbbbbbbbbbbbbbbbbbbbbbbbbbbbbbbbbbbbbbbbbbbbbbbbbbbbbbbbbbbbbbbbbbbbbbbbbbbbbbbbbbbbbbbbbbbbbbbbbbbbbbbbbbbbbbbbbbbbbbbbbbbbbbbbbbbbbbbbbbbbbbbbbbbbbbbbbbbbbbbbbbbbbbbbbbbbbbbbbbbbbbbbbbbbbbbbbbbbbbbbbbbbbbbbbbbbbbbbbbbbbbbbbbbbbbbbbbbbbbbbbbbbbbbbbbbbbbbbbbbbbbbbbbbbbbbbbbbbbbbbbbbbbbbbbbbbbbbbbbbbbbbbbbbbbbbbbbbbbbbbbbbbbbbbbbbbbbbbbbbbbbbbbbbbbbbbbbbbbbbbbbbbbbbbbbbbbbbbbbbbbbbbbbbbbbbbbbbbbbbbbbbbbbbbbbbbbbbbbbbbbbbbbbbbbbbbbbbbbbbbbbbbbbbbbbbbbbbbbbbbbbbbbbbbbbbbbbbbbbbbbbbbbbbbbbbbbbbbbbbbbbbbbbbbbbbbbbbbbbbbbbbbbbbbbbbbbbbbbbbbbbbbbbbbbbbbbbbbbbbbbbbbbbbbbbbbbbbbbbbbbbbbbbbbbbbbbbbbbbbbbbbbbbbbbbbbbbbbbbbbbbbbbbbbbbbbbbbbbbbbbbbbbbbbbbbbbbbbbbbbbbbbbbbbbbbbbbbbbbbbbbbbbbbbbbbbbbbbbbbbbbbbbbbbbbbbbbbbbbbbbbbbbbbbbbbbbbbbbbbbbbbbbbbbbbbbbbbbbbbbbbbbbbbbbbbbbbbbbbbbbbbbbbbbbbbbbbbbbbbbbbbbbbbbbbbbbbbbbbbbbbbbbbbbbbbbbbbbbbbbbbbbbbbbbbbbbbbbbbbbbbbbbbbbbbbbbbbbbbbbbbbbbbbbbbbbbbbbbbbbbbbbbbbbbbbbbbbbbbbbbbbbbbbbbbbbbbbbbbbbbbbbbbbbbbbbbbbbbbbbbbbbbbbbbbbbbbbbbbbbbbbbbbbbbbbbbbbbbbbbbbbbbbbbbbbbbbbbbbbbbbbbbbbbbbbbbbbbbbbbbbbbbbbbbbbbbbbbbbbbbbbbbbbbbbbbbbbbbbbbbbbbbbbbbbbbbbbbbbbbbbbbbbbbbbbbbbbbbbbbbbbbbbbbbbbbbbbbbbbbbbbbbbbbbbbbbbbbbbbbbbbbbbbbbbbbbbbbbbbbbbbbbbbbbbbbbbbbbbbbbbbbbbbbbbbbbbbbbbbbbbbbbbbbbbbbbbbbbbbbbbbbbbbbbbbbbbbbbbbbbbbbbbbbbbbbbbbbbbbbbbbbbbbbbbbbbbbbbbbbbbbbbbbbbbbbbbbbbbbbbbbbbbbbbbbbbbbbbbbbbbbbbbbbbbbbbbbbbbbbbbbbbbbbbbbbbbbbbbbbbbbbbbbbbbbbbbbbbbbbbbbbbbbbbbbbbbbbbbbbbbbbbbbbbbbbbbbbbbbbbbbbbbbbbbbbbbbbbbbbbbbbbbbbbbbbbbbbbbbbbbbbbbbbbbbbbbbbbbbbbbbbbbbbbbbbbbbbbbbbbbbbbbbbbbbbbbbbbbbbbbbbbbbbbbbbbbbbbbbbbbbbbbbbbbbbbbbbbbbbbbbbbbbbbbbbbbbbbbbbbbbbbbbbbbbbbbbbbbbbbbbbbbbbbbbbbbbbbbbbbbbbbbbbbbbbbbbbbbbbbbbbbbbbbbbbbbbbbbbbbbbbbbbbbbbbbbbbbbbbbbbbbbbbbbbbbbbbbbbbbbbbbbbbbbbbbbbbbbbbbbbbbbbbbbbbbbbbbbbbbbbbbbbbbbbbbbbbbbbbbbbbbbbbbbbbbbbbbbbbbbbbbbbbbbbbbbbbbbbbbbbbbbbbbbbbbbbbbbbbbbbbbbbbbbbbbbbbbbbbbbbbbbbbbbbbbbbbbbbbbbbbbbbbbbbbbbbbbbbbbbbbbbbbbbbbbbbbbbbbbbbbbbbbbbbbbbbbbbbbbbbbbbbbbbbbbbbbbbbbbbbbbbbbbbbbbbbbbbbbbbbbbbbbbbbbbbbbbbbbbbbbbbbbbbbbbbbbbbbbbbbbbbbbbbbbbbbbbbbbbbbbbbbbbbbbbbbbbbbbbbbbbbbbbbbbbbbbbbbbbbbbbbbbbbbbbbbbbbbbbbbbbbbbbbbbbbbbbbbbbbbbbbbbbbbbbbbbbbbbbbbbbbbbbbbbbbbbbbbbbbbbbbbbbbbbbbbbbbbbbbbbbbbbbbbbbbbbbbbbbbbbbbbbbbbbbbbbbbbbbbbbbbbbbbbbbbbbbbbbbbbbbbbbbbbbbbbbbbbbbbbbbbbbbbbbbbbbbbbbbbbbbbbbbbbbbbbbbbbbbbbbbbbbbbbbbbbbbbbbbbbbbbbbbbbbbbbbbbbbbbbbbbbbbbbbbbbbbbbbbbbbbbbbbbbbbbbbbbbbbbbbbbbbbbbbbbbbbbbbbbbbbbbbbbbbbbbbbbbbbbbbbbbbbbbbbbbbbbbbbbbbbbbbbbbbbbbbbbbbbbbbbbbbbbbbbbbbbbbbbbbbbbbbbbbbbbbbbbbbbbbbbbbbbbbbbbbbbbbbbbbbbbbbbbbbbbbbbbbbbbbbbbbbbbbbbbbbbbbbbbbbbbbbbbbbbbbbbbbbbbbbbbbbbbbbbbbbbbbbbbbbbbbbbbbbbbbbbbbbbbbbbbbbbbbbbbbbbbbbbbbbbbbbbbbbbbbbbbbbbbbbbbbbbbbbbbbbbbbbbbbbbbbbbbbbbbbbbbbbbbbbbbbbbbbbbbbbbbbbbbbbbbbbbbbbbbbbbbbbbbbbbbbbbbbbbbbbbbbbbbbbbbbbbbbbbbbbbbbbbbbbbbbbbbbbbbbbbbbbbbbbbbbbbbbbbbbbbbbbbbbbbbbbbbbbbbbbbbbbbbbbbbbbbbbbbbbbbbbbbbbbbbbbbbbbbbbbbbbbbbbbbbbbbbbbbbbbbbbbbbbbbbbbbbbbbbbbbbbbbbbbbbbbbbbbbbbbbbbbbbbbbbbbbbbbbbbbbbbbbbbbbbbbbbbbbbbbbbbbbbbbbbbbbbbbbbbbbbbbbbbbbbbbbbbbbbbbbbbbbbbbbbbbbbbbbbbbbbbbbbbbbbbbbbbbbbbbbbbbbbbbbbbbbbbbbbbbbbbbbbbbbbbbbbbbbbbbbbbbbbbbbbbbbbbbbbbbbbbbbbbbbbbbbbbbbbbbbbbbbbbbbbbbbbbbbbbbbbbbbbbbbbbbbbbbbbbbbbbbbbbbbbbbbbbbbbbbbbbbbbbbbbbbbbbbbbbbbbbbbbbbbbbbbbbbbbbbbbbbbbbbbbbbbbbbbbbbbbbbbbbbbbbbbbbbbbbbbbbbbbbbbbbbbbbbbbbbbbbbbbbbbbbbbbbbbbbbbbbbbbbbbbbbbbbbbbbbbbbbbbbbbbbbbbbbbbbbbbbbbbbbbbbbbbbbbbbbbbbbbbbbbbbbbbbbbbbbbbbbbbbbbbbbbbbbbbbbbbbbbbbbbbbbbbbbbbbbbbbbbbbbbbbbbbbbbbbbbbbbbbbbbbbbbbbbbbbbbbbbbbbbbbbbbbbbbbbbbbbbbbbbbbbbbbbbbbbbbbbbbbbbbbbbbbbbbbbbbbbbbbbbbbbbbbbbbbbbbbbbbbbbbbbbbbbbbbbbbbbbbbbbbbbbbbbbbbbbbbbbbbbbbbbbbbbbbbbbbbbbbbbbbbbbbbbbbbbbbbbbbbbbbbbbbbbbbbbbbbbbbbbbbbbbbbbbbbbbbbbbbbbbbbbbbbbbbbbbbbbbbbbbbbbbbbbbbbbbbbbbbbbbbbbbbbbbbbbbbbbbbbbbbbbbbbbbbbbbbbbbbbbbbbbbbbbbbbbbbbbbbbbbbbbbbbbbbbbbbbbbbbbbbbbbbbbbbbbbbbbbbbbbbbbbbbbbbbbbbbbbbbbbbbbbbbbbbbbbbbbbbbbbbbbbbbbbbbbbbbbbbbbbbbbbbbbbbbbbbbbbbbbbbbbbbbbbbbbbbbbbbbbbbbbbbbbbbbbbbbbbbbbbbbbbbbbbbbbbbbbbbbbbbbbbbbbbbbbbbbbbbbbbbbbbbbbbbbbbbbbbbbbbbbbbbbbbbbbbbbbbbbbbbbbbbbbbbbbbbbbbbbbbbbbbbbbbbbbbbbbbbbbbbbbbbbbbbbbbbbbbbbbbbbbbbbbbbbbbbbbbbbbbbbbbbbbbbbbbbbbbbbbbbbbbbbbbbbbbbbbbbbbbbbbbbbbbbbbbbbbbbbbbbbbbbbbbbbbbbbbbbbbbbbbbbbbbbbbbbbbbbbbbbbbbbbbbbbbbbbbbbbbbbbbbbbbbbbbbbbbbbbbbbbbbbbbbbbbbbbbbbbbbbbbbbbbbbbbbbbbbbbbbbbbbbbbbbbbbbbbbbbbbbbbbbbbbbbbbbbbbbbbbbbbbbbbbbbbbbbbbbbbbbbbbbbbbbbbbbbbbbbbbbbbbbbbbbbbbbbbbbbbbbbbbbbbbbbbbbbbbbbbbbbbbbbbbbbbbbbbbbbbbbbbbbbbbbbbbbbbbbbbbbbbbbbbbbbbbbbbbbbbbbbbbbbbbbbbbbbbbbbbbbbbbbbbbbbbbbbbbbbbbbbbbbbbbbbbbbbbbbbbbbbbbbbbbbbbbbbbbbbbbbbbbbbbbbbbbbbbbbbbbbbbbbbbbbbbbbbbbbbbbbbbbbbbbbbbbbbbbbbbbbbbbbbbbbbbbbbbbbbbbbbbbbbbbbbbbbbbbbbbbbbbbbbbbbbbbbbbbbbbbbbbbbbbbbbbbbbbbbbbbbbbbbbbbbbbbbbbbbbbbbbbbbbbbbbbbbbbbbbbbbbbbbbbbbbbbbbbbbbbbbbbbbbbbbbbbbbbbbbbbbbbbbbbbbbbbbbbbbbbbbbbbbbbbbbbbbbbbbbbbbbbbbbbbbbbbbbbbbbbbbbbbbbbbbbbbbbbbbbbbbbbbbbbbbbbbbbbbbbbbbbbbbbbbbbbbbbbbbbbbbbbbbbbbbbbbbbbbbbbbbbbbbbbbbbbbbbbbbbbbbbbbbbbbbbbbbbbbbbbbbbbbbbbbbbbbbbbbbbbbbbbbbbbbbbbbbbbbbbbbbbbbbbbbbbbbbbbbbbbbbbbbbbbbbbbbbbbbbbbbbbbbbbbbbbbbbbbbbbbbbbbbbbbbbbbbbbbbbbbbbbbbbbbbbbbbbbbbbbbbbbbbbbbbbbbbbbbbbbbbbbbbbbbbbbbbbbbbbbbbbbbbbbbbbbbbbbbbbbbbbbbbbbbbbbbbbbbbbbbbbbbbbbbbbbbbbbbbbbbbbbbbbbbbbbbbbbbbbbbbbbbbbbbbbbbbbbbbbbbbbbbbbbbbbbbbbbbbbbbbbbbbbbbbbbbbbbbbbbbbbbbbbbbbbbbbbbbbbbbbbbbbbbbbbbbbbbbbbbbbbbbbbbbbbbbbbbbbbbbbbbbbbbbbbbbbbbbbbbbbbbbbbbbbbbbbbbbbbbbbbbbbbbbbbbbbbbbbbbbbbbbbbbbbbbbbbbbbbbbbbbbbbbbbbbbbbbbbbbbbbbbbbbbbbbbbbbbbbbbbbbbbbbbbbbbbbbbbbbbbbbbbbbbbbbbbbbbbbbbbbbbbbbbbbbbbbbbbbbbbbbbbbbbbbbbbbbbbbbbbbbbbbbbbbbbbbbbbbbbbbbbbbbbbbbbbbbbbbbbbbbbbbbbbbbbbbbbbbbbbbbbbbbbbbbbbbbbbbbbbbbbbbbbbbbbbbbbbbbbbbbbbbbbbbbbbbbbbbbbbbbbbbbbbbbbbbbbbbbbbbbbbbbbbbbbbbbbbbbbbbbbbbbbbbbbbbbbbbbbbbbbbbbbbbbbbbbbbbbbbbbbbbbbbbbbbbbbbbbbbbbbbbbbbbbbbbbbbbbbbbbbbbbbbbbbbbbbbbbbbbbbbbbbbbbbbbbbbbbbbbbbbbbbbbbbbbbbbbbbbbbbbbbbbbbbbbbbbbbbbbbbbbbbbbbbbbbbbbbbbbbbbbbbbbbbbbbbbbbbbbbbbbbbbbbbbbbbbbbbbbbbbbbbbbbbbbbbbbbbbbbbbbbbbbbbbbbbbbbbbbbbbbbbbbbbbbbbbbbbbbbbbbbbbbbbbbbbbbbbbbbbbbbbbbbbbbbbbbbbbbbbbbbbbbbbbbbbbbbbbbbbbbbbbbbbbbbbbbbbbbbbbbbbbbbbbbbbbbbbbbbbbbbbbbbbbbbbbbbbbbbbbbbbbbbbbbbbbbbbbbbbbbbbbbbbbbbbbbbbbbbbbbbbbbbbbbbbbbbbbbbbbbbbbbbbbbbbbbbbbbbbbbbbbbbbbbbbbbbbbbbbbbbbbbbbbbbbbbbbbbbbbbbbbbbbbbbbbbbbbbbbbbbbbbbbbbbbbbbbbbbbbbbbbbbbbbbbbbbbbbbbbbbbbbbbbbbbbbbbbbbbbbbbbbbbbbbbbbbbbbbbbbbbbbbbbbbbbbbbbbbbbbbbbbbbbbbbbbbbbbbbbbbbbbbbbbbbbbbbbbbbbbbbbbbbbbbbbbbbbbbbbbbbbbbbbbbbbbbbbbbbbbbbbbbbbbbbbbbbbbbbbbbbbbbbbbbbbbbbbbbbbbbbbbbbbbbbbbbbbbbbbbbbbbbbbbbbbbbbbbbbbbbbbbbbbbbbbbbbbbbbbbbbbbbbbbbbbbbbbbbbbbbbbbbbbbbbbbbbbbbbbbbbbbbbbbbbbbbbbbbbbbbbbbbbbbbbbbbbbbbbbbbbbbbbbbbbbbbbbbbbbbbbbbbbbbbbbbbbbbbbbbbbbbbbbbbbbbbbbbbbbbbbbbbbbbbbbbbbbbbbbbbbbbbbbbbbbbbbbbbbbbbbbbbbbbbbbbbbbbbbbbbbbbbbbbbbbbbbbbbbbbbbbbbbbbbbbbbbbbbbbbbbbbbbbbbbbbbbbbbbbbbbbbbbbbbbbbbbbbbbbbbbbbbbbbbbbbbbbbbbbbbbbbbbbbbbbbbbbbbbbbbbbbbbbbbbbbbbbbbbbbbbbbbbbbbbbbbbbbbbbbbbbbbbbbbbbbbbbbbbbbbbbbbbbbbbbbbbbbbbbbbbbbbbbbbbbbbbbbbbbbbbbbbbbbbbbbbbbbbbbbbbbbbbbbbbbbbbbbbbbbbbbbbbbbbbbbbbbbbbbbbbbbbbbbbbbbbbbbbbbbbbbbbbbbbbbbbbbbbbbbbbbbbbbbbbbbbbbbbbbbbbbbbbbbbbbbbbbbbbbbbbbbbbbbbbbbbbbbbbbbbbbbbbbbbbbbbbbbbbbbbbbbbbbbbbbbbbbbbbbbbbbbbbbbbbbbbbbbbbbbbbbbbbbbbbbbbbbbbbbbbbbbbbbbbbbbbbbbbbbbbbbbbbbbbbbbbbbbbbbbbbbbbbbbbbbbbbbbbbbbbbbbbbbbbbbbbbbbbbbbbbbbbbbbbbbbbbbbbbbbbbbbbbbbbbbbbbbbbbbbbbbbbbbbbbbbbbbbbbbbbbbbbbbbbbbbbbbbbbbbbbbbbbbbbbbbbbbbbbbbbbbbbbbbbbbbbbbbbbbbbbbbbbbbbbbbbbbbbbbbbbbbbbbbbbbbbbbbbbbbbbbbbbbbbbbbbbbbbbbbbbbbbbbbbbbbbbbbbbbbbbbbbbbbbbbbbbbbbbbbbbbbbbbbbbbbbbbbbbbbbbbbbbbbbbbbbbbbbbbbbbbbbbbbbbbbbbbbbbbbbbbbbbbbbbbbbbbbbbbbbbbbbbbbbbbbbbbbbbbbbbbbbbbbbbbbbbbbbbbbbbbbbbbbbbbbbbbbbbbbbbbbbbbbbbbbbbbbbbbbbbbbbbbbbbbbbbbbbbbbbbbbbbbbbbbbbbbbbbbbbbbbbbbbbbbbbbbbbbbbbbbbbbbbbbbbbbbbbbbbbbbbbbbbbbbbbbbbbbbbbbbbbbbbbbbbbbbbbbbbbbbbbbbbbbbbbbbbbbbbbbbbbbbbbbbbbbbbbbbbbbbbbbbbbbbbbbbbbbbbbbbbbbbbbbbbbbbbbbbbbbbbbbbbbbbbbbbbbbbbbbbbbbbbbbbbbbbbbbbbbbbbbbbbbbbbbbbbbbbbbbbbbbbbbbbbbbbbbbbbbbbbbbbbbbbbbbbbbbbbbbbbbbbbbbbbbbbbbbbbbbbbbbbbbbbbbbbbbbbbbbbbbbbbbbbbbbbbbbbbbbbbbbbbbbbbbbbbbbbbbbbbbbbbbbbbbbbbbbbbbbbbbbbbbbbbbbbbbbbbbbbbbbbbbbbbbbbbbbbbbbbbbbbbbbbbbbbbbbbbbbbbbbbbbbbbbbbbbbbbbbbbbbbbbbbbbbbbbbbbbbbbbbbbbbbbbbbbbbbbbbbbbbbbbbbbbbbbbbbbbbbbbbbbbbbbbbbbbbbbbbbbbbbbbbbbbbbbbbbbbbbbbbbbbbbbbbbbbbbbbbbbbbbbbbbbbbbbbbbbbbbbbbbbbbbbbbbbbbbbbbbbbbbbbbbbbbbbbbbbbbbbbbbbbbbbbbbbbbbbbbbbbbbbbbbbbbbbbbbbbbbbbbbbbbbbbbbbbbbbbbbbbbbbbbbbbbbbbbbbbbbbbbbbbbbbbbbbbbbbbbbbbbbbbbbbbbbbbbbbbbbbbbbbbbbbbbbbbbbbbbbbbbbbbbbbbbbbbbbbbbbbbbbbbbbbbbbbbbbbbbbbbbbbbbbbbbbbbbbbbbbbbbbbbbbbbbbbbbbbbbbbbbbbbbbbbbbbbbbbbbbbbbbbbbbbbbbbbbbbbbbbbbbbbbbbbbbbbbbbbbbbbbbbbbbbbbbbbbbbbbbbbbbbbbbbbbbbbbbbbbbbbbbbbbbbbbbbbbbbbbbbbbbbbbbbbbbbbbbbbbbbbbbbbbbbbbbbbbbbbbbbbbbbbbbbbbbbbbbbbbbbbbbbbbbbbbbbbbbbbbbbbbbbbbbbbbbbbbbbbbbbbbbbbbbbbbbbbbbbbbbbbbbbbbbbbbbbbbbbbbbbbbbbbbbbbbbbbbbbbbbbbbbbbbbbbbbbbbbbbbbbbbbbbbbbbbbbbbbbbbbbbbbbbbbbbbbbbbbbbbbbbbbbbbbbbbbbbbbbbbbbbbbbbbbbbbbbbbbbbbbbbbbbbbbbbbbbbbbbbbbbbbbbbbbbbbbbbbbbbbbbbbbbbbbbbbbbbbbbbbbbbbbbbbbbbbbbbbbbbbbbbbbbbbbbbbbbbbbbbbbbbbbbbbbbbbbbbbbbbbbbbbbbbbbbbbbbbbbbbbbbbbbbbbbbbbbbbbbbbbbbbbbbbbbbbbbbbbbbbbbbbbbbbbbbbbbbbbbbbbbbbbbbbbbbbbbbbbbbbbbbbbbbbbbbbbbbbbbbbbbbbbbbbbbbbbbbbbbbbbbbbbbbbbbbbbbbbbbbbbbbbbbbbbbbbbbbbbbbbbbbbbbbbbbbbbbbbbbbbbbbbbbbbbbbbbbbbbbbbbbbbbbbbbbbbbbbbbbbbbbbbbbbbbbbbbbbbbbbbbbbbbbbbbbbbbbbbbbbbbbbbbbbbbbbbbbbbbbbbbbbbbbbbbbbbbbbbbbbbbbbbbbbbbbbbbbbbbbbbbbbbbbbbbbbbbbbbbbbbbbbbbbbbbbbbbbbbbbbbbbbbbbbbbbbbbbbbbbbbbbbbbbbbbbbbbbbbbbbbbbbbbbbbbbbbbbbbbbbbbbbbbbbbbbbbbbbbbbbbbbbbbbbbbbbbbbbbbbbbbbbbbbbbbbbbbbbbbbbbbbbbbbbbbbbbbbbbbbbbbbbbbbbbbbbbbbbbbbbbbbbbbbbbbbbbbbbbbbbbbbbbbbbbbbbbbbbbbbbbbbbbbbbbbbbbbbbbbbbbbbbbbbbbbbbbbbbbbbbbbbbbbbbbbbbbbbbbbbbbbbbbbbbbbbbbbbbbbbbbbbbbbbbbbbbbbbbbbbbbbbbbbbbbbbbbbbbbbbbbbbbbbbbbbbbbbbbbbbbbbbbbbbbbbbbbbbbbbbbbbbbbbbbbbbbbbbbbbbbbbbbbbbbbbbbbbbbbbbbbbbbbbbbbbbbbbbbbbbbbbbbbbbbbbbbbbbbbbbbbbbbbbbbbbbbbbbbbbbbbbbbbbbbbbbbbbbbbbbbbbbbbbbbbbbbbbbbbbbbbbbbbbbbbbbbbbbbbbbbbbbbbbbbbbbbbbbbbbbbbbbbbbbbbbbbbbbbbbbbbbbbbbbbbbbbbbbbbbbbbbbbbbbbbbbbbbbbbbbbbbbbbbbbbbbbbbbbbbbbbbbbbbbbbbbbbbbbbbbbbbbbbbbbbbbbbbbbbbbbbbbbbbbbbbbbbbbbbbbbbbbbbbbbbbbbbbbbbbbbbbbbbbbbbbbbbbbbbbbbbbbbbbbbbbbbbbbbbbbbbbbbbbbbbbbbbbbbbbbbbbbbbbbbbbbbbbbbbbbbbbbbbbbbbbbbbbbbbbbbbbbbbbbbbbbbbbbbbbbbbbbbbbbbbbbbbbbbbbbbbbbbbbbbbbbbbbbbbbbbbbbbbbbbbbbbbbbbbbbbbbbbbbbbbbbbbbbbbbbbbbbbbbbbbbbbbbbbbbbbbbbbbbbbbbbbbbbbbbbbbbbbbbbbbbbbbbbbbbbbbbbbbbbbbbbbbbbbbbbbbbbbbbbbbbbbbbbbbbbbbbbbbbbbbbbbbbbbbbbbbbbbbbbbbbbbbbbbbbbbbbbbbbbbbbbbbbbbbbbbbbbbbbbbbbbbbbbbbbbbbbbbbbbbbbbbbbbbbbbbbbbbbbbbbbbbbbbbbbbbbbbbbbbbbbbbbbbbbbbbbbbbbbbbbbbbbbbbbbbbbbbbbbbbbbbbbbbbbbbbbbbbbbbbbbbbbbbbbbbbbbbbbbbbbbbbbbbbbbbbbbbbbbbbbbbbbbbbbbbbbbbbbbbbbbbbbbbbbbbbbbbbbbbbbbbbbbbbbbbbbbbbbbbbbbbbbbbbbbbbbbbbbbbbbbbbbbbbbbbbbbbbbbbbbbbbbbbbbbbbbbbbbbbbbbbbbbbbbbbbbbbbbbbbbbbbbbbbbbbbbbbbbbbbbbbbbbbbbbbbbbbbbbbbbbbbbbbbbbbbbbbbbbbbbbbbbbbbbbbbbbbbbbbbbbbbbbbbbbbbbbbbbbbbbbbbbbbbbbbbbbbbbbbbbbbbbbbbbbbbbbbbbbbbbbbbbbbbbbbbbbbbbbbbbbbbbbbbbbbbbbbbbbbbbbbbbbbbbbbbbbbbbbbbbbbbbbbbbbbbbbbbbbbbbbbbbbbbbbbbbbbbbbbbbbbbbbbbbbbbbbbbbbbbbbbbbbbbbbbbbbbbbbbbbbbbbbbbbbbbbbbbbbbbbbbbbbbbbbbbbbbbbbbbbbbbbbbbbbbbbbbbbbbbbbbbbbbbbbbbbbbbbbbbbbbbbbbbbbbbbbbbbbbbbbbbbbbbbbbbbbbbbbbbbbbbbbbbbbbbbbbbbbbbbbbbbbbbbbbbbbbbbbbbbbbbbbbbbbbbbbbbbbbbbbbbbbbbbbbbbbbbbbbbbbbbbbbbbbbbbbbbbbbbbbbbbbbbbbbbbbbbbbbbbbbbbbbbbbbbbbbbbbbbbbbbbbbbbbbbbbbbbbbbbbbbbbbbbbbbbbbbbbbbbbbbbbbbbbbbbbbbbbbbbbbbbbbbbbbbbbbbbbbbbbbbbbbbbbbbbbbbbbbbbbbbbbbbbbbbbbbbbbbbbbbbbbbbbbbbbbbbbbbbbbbbbbbbbbbbbbbbbbbbbbbbbbbbbbbbbbbbbbbbbbbbbbbbbbbbbbbbbbbbbbbbbbbbbbbbbbbbbbbbbbbbbbbbbbbbbbbbbbbbbbbbbbbbbbbbbbbbbbbbbbbbbbbbbbbbbbbbbbbbbbbbbbbbbbbbbbbbbbbbbbbbbbbbbbbbbbbbbbbbbbbbbbbbbbbbbbbbbbbbbbbbbbbbbbbbbbbbbbbbbbbbbbbbbbbbbbbbbbbbbbbbbbbbbbbbbbbbbbbbbbbbbbbbbbbbbbbbbbbbbbbbbbbbbbbbbbbbbbbbbbbbbbbbbbbbbbbbbbbbbbbbbbbbbbbbbbbbbbbbbbbbbbbbbbbbbbbbbbbbbbbbbbbbbbbbbbbbbbbbbbbbbbbbbbbbbbbbbbbbbbbbbbbbbbbbbbbbbbbbbbbbbbbbbbbbbbbbbbbbbbbbbbbbbbbbbbbbbbbbbbbbbbbbbbbbbbbbbbbbbbbbbbbbbbbbbbbbbbbbbbbbbbbbbbbbbbbbbbbbbbbbbbbbbbbbbbbbbbbbbbbbbbbbbbbbbbbbbbbbbbbbbbbbbbbbbbbbbbbbbbbbbbbbbbbbbbbbbbbbbbbbbbbbbbbbbbbbbbbbbbbbbbbbbbbbbbbbbbbbbbbbbbbbbbbbbbbbbbbbbbbbbbbbbbbbbbbbbbbbbbbbbbbbbbbbbbbbbbbbbbbbbbbbbbbbbbbbbbbbbbbbbbbbbbbbbbbbbbbbbbbbbbbbbbbbbbbbbbbbbbbbbbbbbbbbbbbbbbbbbbbbbbbbbbbbbbbbbbbbbbbbbbbbbbbbbbbbbbbbbbbbbbbbbbbbbbbbbbbbbbbbbbbbbbbbbbbbbbbbbbbbbbbbbbbbbbbbbbbbbbbbbbbbbbbbbbbbbbbbbbbbbbbbbbbbbbbbbbbbbbbbbbbbbbbbbbbbbbbbbbbbbbbbbbbbbbbbbbbbbbbbbbbbbbbbbbbbbbbbbbbbbbbbbbbbbbbbbbbbbbbbbbbbbbbbbbbbbbbbbbbbbbbbbbbbbbbbbbbbbbbbbbbbbbbbbbbbbbbbbbbbbbbbbbbbbbbbbbbbbbbbbbbbbbbbbbbbbbbbbbbbbbbbbbbbbbbbbbbbbbbbbbbbbbbbbbbbbbbbbbbbbbbbbbbbbbbbbbbbbbbbbbbbbbbbbbbbbbbbbbbbbbbbbbbbbbbbbbbbbbbbbbbbbbbbbbbbbbbbbbbbbbbbbbbbbbbbbbbbbbbbbbbbbbbbbbbbbbbbbbbbbbbbbbbbbbbbbbbbbbbbbbbbbbbbbbbbbbbbbbbbbbbbbbbbbbbbbbbbbbbbbbbbbbbbbbbbbbbbbbbbbbbbbbbbbbbbbbbbbbbbbbbbbbbbbbbbbbbbbbbbbbbbbbbbbbbbbbbbbbbbbbbbbbbbbbbbbbbbbbbbbbbbbbbbbbbbbbbbbbbbbbbbbbbbbbbbbbbbbbbbbbbbbbbbbbbbbbbbbbbbbbbbbbbbbbbbbbbbbbbbbbbbbbbbbbbbbbbbbbbbbbbbbbbbbbbbbbbbbbbbbbbbbbbbbbbbbbbbbbbbbbbbbbbbbbbbbbbbbbbbbbbbbbbbbbbbbbbbbbbbbbbbbbbbbbbbbbbbbbbbbbbbbbbbbbbbbbbbbbbbbbbbbbbbbbbbbbbbbbbbbbbbbbbbbbbbbbbbbbbbbbbbbbbbbbbbbbbbbbbbbbbbbbbbbbbbbbbbbbbbbbbbbbbbbbbbbbbbbbbbbbbbbbbbbbbbbbbbbbbbbbbbbbbbbbbbbbbbbbbbbbbbbbbbbbbbbbbbbbbbbbbbbbbbbbbbbbbbbbbbbbbbbbbbbbbbbbbbbbbbbbbbbbbbbbbbbbbbbbbbbbbbbbbbbbbbbbbbbbbbbbbbbbbbbbbbbbbbbbbbbbbbbbbbbbbbbbbbbbbbbbbbbbbbbbbbbbbbbbbbbbbbbbbbbbbbbbbbbbbbbbbbbbbbbbbbbbbbbbbbbbbbbbbbbbbbbbbbbbbbbbbbbbbbbbbbbbbbbbbbbbbbbbbbbbbbbbbbbbbbbbbbbbbbbbbbbbbbbbbbbbbbbbbbbbbbbbbbbbbbbbbbbbbbbbbbbbbbbbbbbbbbbbbbbbbbbbbbbbbbbbbbbbbbbbbbbbbbbbbbbbbbbbbbbbbbbbbbbbbbbbbbbbbbbbbbbbbbbbbbbbbbbbbbbbbbbbbbbbbbbbbbbbbbbbbbbbbbbbbbbbbbbbbbbbbbbbbbbbbbbbbbbbbbbbbbbbbbbbbbbbbbbbbbbbbbbbbbbbbbbbbbbbbbbbbbbbbbbbbbbbbbbbbbbbbbbbbbbbbbbbbbbbbbbbbbbbbbbbbbbbbbbbbbbbbbbbbbbbbbbbbbbbbbbbbbbbbbbbbbbbbbbbbbbbbbbbbbbbbbbbbbbbbbbbbbbbbbbbbbbbbbbbbbbbbbbbbbbbbbbbbbbbbbbbbbbbbbbbbbbbbbbbbbbbbbbbbbbbbbbbbbbbbbbbbbbbbbbbbbbbbbbbbbbbbbbbbbbbbbbbbbbbbbbbbbbbbbbbbbbbbbbbbbbbbbbbbbbbbbbbbbbbbbbbbbbbbbbbbbbbbbbbbbbbbbbbbbbbbbbbbbbbbbbbbbbbbbbbbbbbbbbbbbbbbbbbbbbbbbbbbbbbbbbbbbbbbbbbbbbbbbbbbbbbbbbbbbbbbbbbbbbbbbbbbbbbbbbbbbbbbbbbbbbbbbbbbbbbbbbbbbbbbbbbbbbbbbbbbbbbbbbbbbbbbbbbbbbbbbbbbbbbbbbbbbbbbbbbbbbbbbbbbbbbbbbbbbbbbbbbbbbbbbbbbbbbbbbbbbbbbbbbbbbbbbbbbbbbbbbbbbbbbbbbbbbbbbbbbbbbbbbbbbbbbbbbbbbbbbbbbbbbbbbbbbbbbbbbbbbbbbbbbbbbbbbbbbbbbbbbbbbbbbbbbbbbbbbbbbbbbbbbbbbbbbbbbbbbbbbbbbbbbbbbbbbbbbbbbbbbbbbbbbbbbbbbbbbbbbbbbbbbbbbbbbbbbbbbbbbbbbbbbbbbbbbbbbbbbbbbbbbbbbbbbbbbbbbbbbbbbbbbbbbbbbbbbbbbbbbbbbbbbbbbbbbbbbbbbbbbbbbbbbbbbbbbbbbbbbbbbbbbbbbbbbbbbbbbbbbbbbbbbbbbbbbbbbbbbbbbbbbbbbbbbbbbbbbbbbbbbbbbbbbbbbbbbbbbbbbbbbbbbbbbbbbbbbbbbbbbbbbbbbbbbbbbbbbbbbbbbbbbbbbbbbbbbbbbbbbbbbbbbbbbbbbbbbbbbbbbbbbbbbbbbbbbbbbbbbbbbbbbbbbbbbbbbbbbbbbbbbbbbbbbbbbbbbbbbbbbbbbbbbbbbbbbbbbbbbbbbbbbbbbbbbbbbbbbbbbbbbbbbbbbbbbbbbbbbbbbbbbbbbbbbbbbbbbbbbbbbbbbbbbbbbbbbbbbbbbbbbbbbbbbbbbbbbbbbbbbbbbbbbbbbbbbbbbbbbbbbbbbbbbbbbbbbbbbbbbbbbbbbbbbbbbbbbbbbbbbbbbbbbbbbbbbbbbbbbbbbbbbbbbbbbbbbbbbbbbbbbbbbbbbbbbbbbbbbbbbbbbbbbbbbbbbbbbbbbbbbbbbbbbbbbbbbbbbbbbbbbbbbbbbbbbbbbbbbbbbbbbbbbbbbbbbbbbbbbbbbbbbbbbbbbbbbbbbbbbbbbbbbbbbbbbbbbbbbbbbbbbbbbbbbbbbbbbbbbbbbbbbbbbbbbbbbbbbbbbbbbbbbbbbbbbbbbbbbbbbbbbbbbbbbbbbbbbbbbbbbbbbbbbbbbbbbbbbbbbbbbbbbbbbbbbbbbbbbbbbbbbbbbbbbbbbbbbbbbbbbbbbbbbbbbbbbbbbbbbbbbbbbbbbbbbbbbbbbbbbbbbbbbbbbbbbbbbbbbbbbbbbbbbbbbbbbbbbbbbbbbbbbbbbbbbbbbbbbbbbbbbbbbbbbbbbbbbbbbbbbbbbbbbbbbbbbbbbbbbbbbbbbbbbbbbbbbbbbbbbbbbbbbbbbbbbbbbbbbbbbbbbbbbbbbbbbbbbbbbbbbbbbbbbbbbbbbbbbbbbbbbbbbbbbbbbbbbbbbbbbbbbbbbbbbbbbbbbbbbbbbbbbbbbbbbbbbbbbbbbbbbbbbbbbbbbbbbbbbbbbbbbbbbbbbbbbbbbbbbbbbbbbbbbbbbbbbbbbbbbbbbbbbbbbbbbbbbbbbbbbbbbbbbbbbbbbbbbbbbbbbbbbbbbbbbbbbbbbbbbbbbbbbbbbbbbbbbbbbbbbbbbbbbbbbbbbbbbbbbbbbbbbbbbbbbbbbbbbbbbbbbbbbbbbbbbbbbbbbbbbbbbbbbbbbbbbbbbbbbbbbbbbbbbbbbbbbbbbbbbbbbbbbbbbbbbbbbbbbbbbbbbbbbbbbbbbbbbbbbbbbbbbbbbbbbbbbbbbbbbbbbbbbbbbbbbbbbbbbbbbbbbbbbbbbbbbbbbbbbbbbbbbbbbbbbbbbbbbbbbbbbbbbbbbbbbbbbbbbbbbbbbbbbbbbbbbbbbbbbbbbbbbbbbbbbbbbbbbbbbbbbbbbbbbbbbbbbbbbbbbbbbbbbbbbbbbbbbbbbbbbbbbbbbbbbbbbbbbbbbbbbbbbbbbbbbbbbbbbbbbbbbbbbbbbbbbbbbbbbbbbbbbbbbbbbbbbbbbbbbbbbbbbbbbbbbbbbbbbbbbbbbbbbbbbbbbbbbbbbbbbbbbbbbbbbbbbbbbbbbbbbbbbbbbbbbbbbbbbbbbbbbbbbbbbbbbbbbbbbbbbbbbbbbbbbbbbbbbbbbbbbbbbbbbbbbbbbbbbbbbbbbbbbbbbbbbbbbbbbbbbbbbbbbbbbbbbbbbbbbbbbbbbbbbbbbbbbbbbbbbbbbbbbbbbbbbbbbbbbbbbbbbbbbbbbbbbbbbbbbbbbbbbbbbbbbbbbbbbbbbbbbbbbbbbbbbbbbbbbbbbbbbbbbbbbbbbbbbbbbbbbbbbbbbbbbbbbbbbbbbbbbbbbbbbbbbbbbbbbbbbbbbbbbbbbbbbbbbbbbbbbbbbbbbbbbbbbbbbbbbbbbbbbbbbbbbbbbbbbbbbbbbbbbbbbbbbbbbbbbbbbbbbbbbbbbbbbbbbbbbbbbbbbbbbbbbbbbbbbbbbbbbbbbbbbbbbbbbbbbbbbbbbbbbbbbbbbbbbbbbbbbbbbbbbbbbbbbbbbbbbbbbbbbbbbbbbbbbbbbbbbbbbbbbbbbbbbbbbbbbbbbbbbbbbbbbbbbbbbbbbbbbbbbbbbbbbbbbbbbbbbbbbbbbbbbbbbbbbbbbbbbbbbbbbbbbbbbbbbbbbbbbbbbbbbbbbbbbbbbbbbbbbbbbbbbbbbbbbbbbbbbbbbbbbbbbbbbbbbbbbbbbbbbbbbbbbbbbbbbbbbbbbbbbbbbbbbbbbbbbbbbbbbbbbbbbbbbbbbbbbbbbbbbbbbbbbbbbbbbbbbbbbbbbbbbbbbbbbbbbbbbbbbbbbbbbbbbbbbbbbbbbbbbbbbbbbbbbbbbbbbbbbbbbbbbbbbbbbbbbbbbbbbbbbbbbbbbbbbbbbbbbbbbbbbbbbbbbbbbbbbbbbbbbbbbbbbbbbbbbbbbbbbbbbbbbbbbbbbbbbbbbbbbbbbbbbbbbbbbbbbbbbbbbbbbbbbbbbbbbbbbbbbbbbbbbbbbbbbbbbbbbbbbbbbbbbbbbbbbbbbbbbbbbbbbbbbbbbbbbbbbbbbbbbbbbbbbbbbbbbbbbbbbbbbbbbbbbbbbbbbbbbbbbbbbbbbbbbbbbbbbbbbbbbbbbbbbbbbbbbbbbbbbbbbbbbbbbbbbbbbbbbbbbbbbbbbbbbbbbbbbbbbbbbbbbbbbbbbbbbbbbbbbbbbbbbbbbbbbbbbbbbbbbbbbbbbbbbbbbbbbbbbbbbbbbbbbbbbbbbbbbbbbbbbbbbbbbbbbbbbbbbbbbbbbbbbbbbbbbbbbbbbbbbbbbbbbbbbbbbbbbbbbbbbbbbbbbbbbbbbbbbbbbbbbbbbbbbbbbbbbbbbbbbbbbbbbbbbbbbbbbbbbbbbbbbbbbbbbbbbbbbbbbbbbbbbbbbbbbbbbbbbbbbbbbbbbbbbbbbbbbbbbbbbbbbbbbbbbbbbbbbbbbbbbbbbbbbbbbbbbbbbbbbbbbbbbbbbbbbbbbbbbbbbbbbbbbbbbbbbbbbbbbbbbbbbbbbbbbbbbbbbbbbbbbbbbbbbbbbbbbbbbbbbbbbbbbbbbbbbbbbbbbbbbbbbbbbbbbbbbbbbbbbbbbbbbbbbbbbbbbbbbbbbbbbbbbbbbbbbbbbbbbbbbbbbbbbbbbbbbbbbbbbbbbbbbbbbbbbbbbbbbbbbbbbbbbbbbbbbbbbbbbbbbbbbbbbbbbbbbbbbbbbbbbbbbbbbbbbbbbbbbbbbbbbbbbbbbbbbbbbbbbbbbbbbbbbbbbbbbbbbbbbbbbbbbbbbbbbbbbbbbbbbbbbbbbbbbbbbbbbbbbbbbbbbbbbbbbbbbbbbbbbbbbbbbbbbbbbbbbbbbbbbbbbbbbbbbbbbbbbbbbbbbbbbbbbbbbbbbbbbbbbbbbbbbbbbbbbbbbbbbbbbbbbbbbbbbbbbbbbbbbbbbbbbbbbbbbbbbbbbbbbbbbbbbbbbbbbbbbbbbbbbbbbbbbbbbbbbbbbbbbbbbbbbbbbbbbbbbbbbbbbbbbbbbbbbbbbbbbbbbbbbbbbbbbbbbbbbbbbbbbbbbbbbbbbbbbbbbbbbbbbbbbbbbbbbbbbbbbbbbbbbbbbbbbbbbbbbbbbbbbbbbbbbbbbbbbbbbbbbbbbbbbbbbbbbbbbbbbbbbbbbbbbbbbbbbbbbbbbbbbbbbbbbbbbbbbbbbbbbbbbbbbbbbbbbbbbbbbbbbbbbbbbbbbbbbbbbbbbbbbbbbbbbbbbbbbbbbbbbbbbbbbbbbbbbbbbbbbbbbbbbbbbbbbbbbbbbbbbbbbbbbbbbbbbbbbbbbbbbbbbbbbbbbbbbbbbbbbbbbbbbbbbbbbbbbbbbbbbbbbbbbbbbbbbbbbbbbbbbbbbbbbbbbbbbbbbbbbbbbbbbbbbbbbbbbbbbbbbbbbbbbbbbbbbbbbbbbbbbbbbbbbbbbbbbbbbbbbbbbbbbbbbbbbbbbbbbbbbbbbbbbbbbbbbbbbbbbbbbbbbbbbbbbbbbbbbbbbbbbbbbbbbbbbbbbbbbbbbbbbbbbbbbbbbbbbbbbbbbbbbbbbbbbbbbbbbbbbbbbbbbbbbbbbbbbbbbbbbbbbbbbbbbbbbbbbbbbbbbbbbbbbbbbbbbbbbbbbbbbbbbbbbbbbbbbbbbbbbbbbbbbbbbbbbbbbbbbbbbbbbbbbbbbbbbbbbbbbbbbbbbbbbbbbbbbbbbbbbbbbbbbbbbbbbbbbbbbbbbbbbbbbbbbbbbbbbbbbbbbbbbbbbbbbbbbbbbbbbbbbbbbbbbbbbbbbbbbbbbbbbbbbbbbbbbbbbbbbbbbbbbbbbbbbbbbbbbbbbbbbbbbbbbbbbbbbbbbbbbbbbbbbbbbbbbbbbbbbbbbbbbbbbbbbbbbbbbbbbbbbbbbbbbbbbbbbbbbbbbbbbbbbbbbbbbbbbbbbbbbbbbbbbbbbbbbbbbbbbbbbbbbbbbbbbbbbbbbbbbbbbbbbbbbbbbbbbbbbbbbbbbbbbbbbbbbbbbbbbbbbbbbbbbbbbbbbbbbbbbbbbbbbbbbbbbbbbbbbbbbbbbbbbbbbbbbbbbbbbbbbbbbbbbbbbbbbbbbbbbbbbbbbbbbbbbbbbbbbbbbbbbbbbbbbbbbbbbbbbbbbbbbbbbbbbbbbbbbbbbbbbbbbbbbbbbbbbbbbbbbbbbbbbbbbbbbbbbbbbbbbbbbbbbbbbbbbbbbbbbbbbbbbbbbbbbbbbbbbbbbbbbbbbbbbbbbbbbbbbbbbbbbbbbbbbbbbbbbbbbbbbbbbbbbbbbbbbbbbbbbbbbbbbbbbbbbbbbbbbbbbbbbbbbbbbbbbbbbbbbbbbbbbbbbbbbbbbbbbbbbbbbbbbbbbbbbbbbbbbbbbbbbbbbbbbbbbbbbbbbbbbbbbbbbbbbbbbbbbbbbbbbbbbbbbbbbbbbbbbbbbbbbbbbbbbbbbbbbbbbbbbbbbbbbbbbbbbbbbbbbbbbbbbbbbbbbbbbbbbbbbbbbbbbbbbbbbbbbbbbbbbbbbbbbbbbbbbbbbbbbbbbbbbbbbbbbbbbbbbbbbbbbbbbbbbbbbbbbbbbbbbbbbbbbbbbbbbbbbbbbbbbbbbbbbbbbbbbbbbbbbbbbbbbbbbbbbbbbbbbbbbbbbbbbbbbbbbbbbbbbbbbbbbbbbbbbbbbbbbbbbbbbbbbbbbbbbbbbbbbbbbbbbbbbbbbbbbbbbbbbbbbbbbbbbbbbbbbbbbbbbbbbbbbbbbbbbbbbbbbbbbbbbbbbbbbbbbbbbbbbbbbbbbbbbbbbbbbbbbbbbbbbbbbbbbbbbbbbbbbbbbbbbbbbbbbbbbbbbbbbbbbbbbbbbbbbbbbbbbbbbbbbbbbbbbbbbbbbbbbbbbbbbbbbbbbbbbbbbbbbbbbbbbbbbbbbbbbbbbbbbbbbbbbbbbbbbbbbbbbbbbbbbbbbbbbbbbbbbbbbbbbbbbbbbbbbbbbbbbbbbbbbbbbbbbbbbbbbbbbbbbbbbbbbbbbbbbbbbbbbbbbbbbbbbbbbbbbbbbbbbbbbbbbbbbbbbbbbbbbbbbbbbbbbbbbbbbbbbbbbbbbbbbbbbbbbbbbbbbbbbbbbbbbbbbbbbbbbbbbbbbbbbbbbbbbbbbbbbbbbbbbbbbbbbbbbbbbbbbbbbbbbbbbbbbbbbbbbbbbbbbbbbbbbbbbbbbbbbbbbbbbbbbbbbbbbbbbbbbbbbbbbbbbbbbbbbbbbbbbbbbbbbbbbbbbbbbbbbbbbbbbbbbbbbbbbbbbbbbbbbbbbbbbbbbbbbbbbbbbbbbbbbbbbbbbbbbbbbbbbbbbbbbbbbbbbbbbbbbbbbbbbbbbbbbbbbbbbbbbbbbbbbbbbbbbbbbbbbbbbbbbbbbbbbbbbbbbbbbbbbbbbbbbbbbbbbbbbbbbbbbbbbbbbbbbbbbbbbbbbbbbbbbbbbbbbbbbbbbbbbbbbbbbbbbbbbbbbbbbbbbbbbbbbbbbbbbbbbbbbbbbbbbbbbbbbbbbbbbbbbbbbbbbbbbbbbbbbbbbbbbbbbbbbbbbbbbbbbbbbbbbbbbbbbbbbbbbbbbbbbbbbbbbbbbbbbbbbbbbbbbbbbbbbbbbbbbbbbbbbbbbbbbbbbbbbbbbbbbbbbbbbbbbbbbbbbbbbbbbbbbbbbbbbbbbbbbbbbbbbbbbbbbbbbbbbbbbbbbbbbbbbbbbbbbbbbbbbbbbbbbbbbbbbbbbbbbbbbbbbbbbbbbbbbbbbbbbbbbbbbbbbbbbbbbbbbbbbbbbbbbbbbbbbbbbbbbbbbbbbbbbbbbbbbbbbbbbbbbbbbbbbbbbbbbbbbbbbbbbbbbbbbbbbbbbbbbbbbbbbbbbbbbbbbbbbbbbbbbbbbbbbbbbbbbbbbbbbbbbbbbbbbbbbbbbbbbbbbbbbbbbbbbbbbbbbbbbbbbbbbbbbbbbbbbbbbbbbbbbbbbbbbbbbbbbbbbbbbbbbbbbbbbbbbbbbbbbbbbbbbbbbbbbbbbbbbbbbbbbbbbbbbbbbbbbbbbbbbbbbbbbbbbbbbbbbbbbbbbbbbbbbbbbbbbbbbbbbbbbbbbbbbbbbbbbbbbbbbbbbbbbbbbbbbbbbbbbbbbbbbbbbbbbbbbbbbbbbbbbbbbbbbbbbbbbbbbbbbbbbbbbbbbbbbbbbbbbbbbbbbbbbbbbbbbbbbbbbbbbbbbbbbbbbbbbbbbbbbbbbbbbbbbbbbbbbbbbbbbbbbbbbbbbbbbbbbbbbbbbbbbbbbbbbbbbbbbbbbbbbbbbbbbbbbbbbbbbbbbbbbbbbbbbbbbbbbbbbbbbbbbbbbbbbbbbbbbbbbbbbbbbbbbbbbbbbbbbbbbbbbbbbbbbbbbbbbbbbbbbbbbbbbbbbbbbbbbbbbbbbbbbbbbbbbbbbbbbbbbbbbbbbbbbbbbbbbbbbbbbbbbbbbbbbbbbbbbbbbbbbbbbbbbbbbbbbbbbbbbbbbbbbbbbbbbbbbbbbbbbbbbbbbbbbbbbbbbbbbbbbbbbbbbbbbbbbbbbbbbbbbbbbbbbbbbbbbbbbbbbbbbbbbbbbbbbbbbbbbbbbbbbbbbbbbbbbbbbbbbbbbbbbbbbbbbbbbbbbbbbbbbbbbbbbbbbbbbbbbbbbbbbbbbbbbbbbbbbbbbbbbbbbbbbbbbbbbbbbbbbbbbbbbbbbbbbbbbbbbbbbbbbbbbbbbbbbbbbbbbbbbbbbbbbbbbbbbbbbbbbbbbbbbbbbbbbbbbbbbbbbbbbbbbbbbbbbbbbbbbbbbbbbbbbbbbbbbbbbbbbbbbbbbbbbbbbbbbbbbbbbbbbbbbbbbbbbbbbbbbbbbbbbbbbbbbbbbbbbbbbbbbbbbbbbbbbbbbbbbbbbbbbbbbbbbbbbbbbbbbbbbbbbbbbbbbbbbbbbbbbbbbbbbbbbbbbbbbbbbbbbbbbbbbbbbbbbbbbbbbbbbbbbbbbbbbbbbbbbbbbbbbbbbbbbbbbbbbbbbbbbbbbbbbbbbbbbbbbbbbbbbbbbbbbbbbbbbbbbbbbbbbbbbbbbbbbbbbbbbbbbbbbbbbbbbbbbbbbbbbbbbbbbbbbbbbbbbbbbbbbbbbbbbbbbbbbbbbbbbbbbbbbbbbbbbbbbbbbbbbbbbbbbbbbbbbbbbbbbbbbbbbbbbbbbbbbbbbbbbbbbbbbbbbbbbbbbbbbbbbbbbbbbbbbbbbbbbbbbbbbbbbbbbbbbbbbbbbbbbbbbbbbbbbbbbbbbbbbbbbbbbbbbbbbbbbbbbbbbbbbbbbbbbbbbbbbbbbbbbbbbbbbbbbbbbbbbbbbbbbbbbbbbbbbbbbbbbbbbbbbbbbbbbbbbbbbbbbbbbbbbbbbbbbbbbbbbbbbbbbbbbbbbbbbbbbbbbbbbbbbbbbbbbbbbbbbbbbbbbbbbbbbbbbbbbbbbbbbbbbbbbbbbbbbbbbbbbbbbbbbbbbbbbbbbbbbbbbbbbbbbbbbbbbbbbbbbbbbbbbbbbbbbbbbbbbbbbbbbbbbbbbbbbbbbbbbbbbbbbbbbbbbbbbbbbbbbbbbbbbbbbbbbbbbbbbbbbbbbbbbbbbbbbbbbbbbbbbbbbbbbbbbbbbbbbbbbbbbbbbbbbbbbbbbbbbbbbbbbbbbbbbbbbbbbbbbbbbbbbbbbbbbbbbbbbbbbbbbbbbbbbbbbbbbbbbbbbbbbbbbbbbbbbbbbbbbbbbbbbbbbbbbbbbbbbbbbbbbbbbbbbbbbbbbbbbbbbbbbbbbbbbbbbbbbbbbbbbbbbbbbbbbbbbbbbbbbbbbbbbbbbbbbbbbbbbbbbbbbbbbbbbbbbbbbbbbbbbbbbbbbbbbbbbbbbbbbbbbbbbbbbbbbbbbbbbbbbbbbbbbbbbbbbbbbbbbbbbbbbbbbbbbbbbbbbbbbbbbbbbbbbbbbbbbbbbbbbbbbbbbbbbbbbbbbbbbbbbbbbbbbbbbbbbbbbbbbbbbbbbbbbbbbbbbbbbbbbbbbbbbbbbbbbbbbbbbbbbbbbbbbbbbbbbbbbbbbbbbbbbbbbbbbbbbbbbbbbbbbbbbbbbbbbbbbbbbbbbbbbbbbbbbbbbbbbbbbbbbbbbbbbbbbbbbbbbbbbbbbbbbbbbbbbbbbbbbbbbbbbbbbbbbbbbbbbbbbbbbbbbbbbbbbbbbbbbbbbbbbbbbbbbbbbbbbbbbbbbbbbbbbbbbbbbbbbbbbbbbbbbbbbbbbbbbbbbbbbbbbbbbbbbbbbbbbbbbbbbbbbbbbbbbbbbbbbbbbbbbbbbbbbbbbbbbbbbbbbbbbbbbbbbbbbbbbbbbbbbbbbbbbbbbbbbbbbbbbbbbbbbbbbbbbbbbbbbbbbbbbbbbbbbbbbbbbbbbbbbbbbbbbbbbbbbbbbbbbbbbbbbbbbbbbbbbbbbbbbbbbbbbbbbbbbbbbbbbbbbbbbbbbbbbbbbbbbbbbbbbbbbbbbbbbbbbbbbbbbbbbbbbbbbbbbbbbbbbbbbbbbbbbbbbbbbbbbbbbbbbbbbbbbbbbbbbbbbbbbbbbbbbbbbbbbbbbbbbbbbbbbbbbbbbbbbbbbbbbbbbbbbbbbbbbbbbbbbbbbbbbbbbbbbbbbbbbbbbbbbbbbbbbbbbbbbbbbbbbbbbbbbbbbbbbbbbbbbbbbbbbbbbbbbbbbbbbbbbbbbbbbbbbbbbbbbbbbbbbbbbbbbbbbbbbbbbbbbbbbbbbbbbbbbbbbbbbbbbbbbbbbbbbbbbbbbbbbbbbbbbbbbbbbbbbbbbbbbbbbbbbbbbbbbbbbbbbbbbbbbbbbbbbbbbbbbbbbbbbbbbbbbbbbbbbbbbbbbbbbbbbbbbbbbbbbbbbbbbbbbbbbbbbbbbbbbbbbbbbbbbbbbbbbbbbbbbbbbbbbbbbbbbbbbbbbbbbbbbbbbbbbbbbbbbbbbbbbbbbbbbbbbbbbbbbbbbbbbbbbbbbbbbbbbbbbbbbbbbbbbbbbbbbbbbbbbbbbbbbbbbbbbbbbbbbbbbbbbbbbbbbbbbbbbbbbbbbbbbbbbbbbbbbbbbbbbbbbbbbbbbbbbbbbbbbbbbbbbbbbbbbbbbbbbbbbbbbbbbbbbbbbbbbbbbbbbbbbbbbbbbbbbbbbbbbbbbbbbbbbbbbbbbbbbbbbbbbbbbbbbbbbbbbbbbbbbbbbbbbbbbbbbbbbbbbbbbbbbbbbbbbbbbbbbbbbbbbbbbbbbbbbbbbbbbbbbbbbbbbbbbbbbbbbbbbbbbbbbbbbbbbbbbbbbbbbbbbbbbbbbbbbbbbbbbbbbbbbbbbbbbbbbbbbbbbbbbbbbbbbbbbbbbbbbbbbbbbbbbbbbbbbbbbbbbbbbbbbbbbbbbbbbbbbbbbbbbbbbbbbbbbbbbbbbbbbbbbbbbbbbbbbbbbbbbbbbbbbbbbbbbbbbbbbbbbbbbbbbbb]
newEventCount: 1
processWriteEvent currEventident : 8 filter : WRITE flags : 0x8009 data: 146988

write buffer size: 146988
0x607000007170 = SendEventBean::runBeanEvent
WRITE RETURN: -1
[bbbbbbbbbbbbbbbbbbbbbbbbbbbbbbbbbbbbbbbbbbbbbbbbbbbbbbbbbbbbbbbbbbbbbbbbbbbbbbbbbbbbbbbbbbbbbbbbbbbbbbbbbbbbbbbbbbbbbbbbbbbbbbbbbbbbbbbbbbbbbbbbbbbbbbbbbbbbbbbbbbbbbbbbbbbbbbbbbbbbbbbbbbbbbbbbbbbbbbbbbbbbbbbbbbbbbbbbbbbbbbbbbbbbbbbbbbbbbbbbbbbbbbbbbbbbbbbbbbbbbbbbbbbbbbbbbbbbbbbbbbbbbbbbbbbbbbbbbbbbbbbbbbbbbbbbbbbbbbbbbbbbbbbbbbbbbbbbbbbbbbbbbbbbbbbbbbbbbbbbbbbbbbbbbbbbbbbbbbbbbbbbbbbbbbbbbbbbbbbbbbbbbbbbbbbbbbbbbbbbbbbbbbbbbbbbbbbbbbbbbbbbbbbbbbbbbbbbbbbbbbbbbbbbbbbbbbbbbbbbbbbbbbbbbbbbbbbbbbbbbbbbbbbbbbbbbbbbbbbbbbbbbbbbbbbbbbbbbbbbbbbbbbbbbbbbbbbbbbbbbbbbbbbbbbbbbbbbbbbbbbbbbbbbbbbbbbbbbbbbbbbbbbbbbbbbbbbbbbbbbbbbbbbbbbbbbbbbbbbbbbbbbbbbbbbbbbbbbbbbbbbbbbbbbbbbbbbbbbbbbbbbbbbbbbbbbbbbbbbbbbbbbbbbbbbbbbbbbbbbbbbbbbbbbbbbbbbbbbbbbbbbbbbbbbbbbbbbbbbbbbbbbbbbbbbbbbbbbbbbbbbbbbbbbbbbbbbbbbbbbbbbbbbbbbbbbbbbbbbbbbbbbbbbbbbbbbbbbbbbbbbbbbbbbbbbbbbbbbbbbbbbbbbbbbbbbbbbbbbbbbbbbbbbbbbbbbbbbbbbbbbbbbbbbbbbbbbbbbbbbbbbbbbbbbbbbbbbbbbbbbbbbbbbbbbbbbbbbbbbbbbbbbbbbbbbbbbbbbbbbbbbbbbbbbbbbbbbbbbbbbbbbbbbbbbbbbbbbbbbbbbbbbbbbbbbbbbbbbbbbbbbbbbbbbbbbbbbbbbbbbbbbbbbbbbbbbbbbbbbbbbbbbbbbbbbbbbbbbbbbbbbbbbbbbbbbbbbbbbbbbbbbbbbbbbbbbbbbbbbbbbbbbbbbbbbbbbbbbbbbbbbbbbbbbbbbbbbbbbbbbbbbbbbbbbbbbbbbbbbbbbbbbbbbbbbbbbbbbbbbbbbbbbbbbbbbbbbbbbbbbbbbbbbbbbbbbbbbbbbbbbbbbbbbbbbbbbbbbbbbbbbbbbbbbbbbbbbbbbbbbbbbbbbbbbbbbbbbbbbbbbbbbbbbbbbbbbbbbbbbbbbbbbbbbbbbbbbbbbbbbbbbbbbbbbbbbbbbbbbbbbbbbbbbbbbbbbbbbbbbbbbbbbbbbbbbbbbbbbbbbbbbbbbbbbbbbbbbbbbbbbbbbbbbbbbbbbbbbbbbbbbbbbbbbbbbbbbbbbbbbbbbbbbbbbbbbbbbbbbbbbbbbbbbbbbbbbbbbbbbbbbbbbbbbbbbbbbbbbbbbbbbbbbbbbbbbbbbbbbbbbbbbbbbbbbbbbbbbbbbbbbbbbbbbbbbbbbbbbbbbbbbbbbbbbbbbbbbbbbbbbbbbbbbbbbbbbbbbbbbbbbbbbbbbbbbbbbbbbbbbbbbbbbbbbbbbbbbbbbbbbbbbbbbbbbbbbbbbbbbbbbbbbbbbbbbbbbbbbbbbbbbbbbbbbbbbbbbbbbbbbbbbbbbbbbbbbbbbbbbbbbbbbbbbbbbbbbbbbbbbbbbbbbbbbbbbbbbbbbbbbbbbbbbbbbbbbbbbbbbbbbbbbbbbbbbbbbbbbbbbbbbbbbbbbbbbbbbbbbbbbbbbbbbbbbbbbbbbbbbbbbbbbbbbbbbbbbbbbbbbbbbbbbbbbbbbbbbbbbbbbbbbbbbbbbbbbbbbbbbbbbbbbbbbbbbbbbbbbbbbbbbbbbbbbbbbbbbbbbbbbbbbbbbbbbbbbbbbbbbbbbbbbbbbbbbbbbbbbbbbbbbbbbbbbbbbbbbbbbbbbbbbbbbbbbbbbbbbbbbbbbbbbbbbbbbbbbbbbbbbbbbbbbbbbbbbbbbbbbbbbbbbbbbbbbbbbbbbbbbbbbbbbbbbbbbbbbbbbbbbbbbbbbbbbbbbbbbbbbbbbbbbbbbbbbbbbbbbbbbbbbbbbbbbbbbbbbbbbbbbbbbbbbbbbbbbbbbbbbbbbbbbbbbbbbbbbbbbbbbbbbbbbbbbbbbbbbbbbbbbbbbbbbbbbbbbbbbbbbbbbbbbbbbbbbbbbbbbbbbbbbbbbbbbbbbbbbbbbbbbbbbbbbbbbbbbbbbbbbbbbbbbbbbbbbbbbbbbbbbbbbbbbbbbbbbbbbbbbbbbbbbbbbbbbbbbbbbbbbbbbbbbbbbbbbbbbbbbbbbbbbbbbbbbbbbbbbbbbbbbbbbbbbbbbbbbbbbbbbbbbbbbbbbbbbbbbbbbbbbbbbbbbbbbbbbbbbbbbbbbbbbbbbbbbbbbbbbbbbbbbbbbbbbbbbbbbbbbbbbbbbbbbbbbbbbbbbbbbbbbbbbbbbbbbbbbbbbbbbbbbbbbbbbbbbbbbbbbbbbbbbbbbbbbbbbbbbbbbbbbbbbbbbbbbbbbbbbbbbbbbbbbbbbbbbbbbbbbbbbbbbbbbbbbbbbbbbbbbbbbbbbbbbbbbbbbbbbbbbbbbbbbbbbbbbbbbbbbbbbbbbbbbbbbbbbbbbbbbbbbbbbbbbbbbbbbbbbbbbbbbbbbbbbbbbbbbbbbbbbbbbbbbbbbbbbbbbbbbbbbbbbbbbbbbbbbbbbbbbbbbbbbbbbbbbbbbbbbbbbbbbbbbbbbbbbbbbbbbbbbbbbbbbbbbbbbbbbbbbbbbbbbbbbbbbbbbbbbbbbbbbbbbbbbbbbbbbbbbbbbbbbbbbbbbbbbbbbbbbbbbbbbbbbbbbbbbbbbbbbbbbbbbbbbbbbbbbbbbbbbbbbbbbbbbbbbbbbbbbbbbbbbbbbbbbbbbbbbbbbbbbbbbbbbbbbbbbbbbbbbbbbbbbbbbbbbbbbbbbbbbbbbbbbbbbbbbbbbbbbbbbbbbbbbbbbbbbbbbbbbbbbbbbbbbbbbbbbbbbbbbbbbbbbbbbbbbbbbbbbbbbbbbbbbbbbbbbbbbbbbbbbbbbbbbbbbbbbbbbbbbbbbbbbbbbbbbbbbbbbbbbbbbbbbbbbbbbbbbbbbbbbbbbbbbbbbbbbbbbbbbbbbbbbbbbbbbbbbbbbbbbbbbbbbbbbbbbbbbbbbbbbbbbbbbbbbbbbbbbbbbbbbbbbbbbbbbbbbbbbbbbbbbbbbbbbbbbbbbbbbbbbbbbbbbbbbbbbbbbbbbbbbbbbbbbbbbbbbbbbbbbbbbbbbbbbbbbbbbbbbbbbbbbbbbbbbbbbbbbbbbbbbbbbbbbbbbbbbbbbbbbbbbbbbbbbbbbbbbbbbbbbbbbbbbbbbbbbbbbbbbbbbbbbbbbbbbbbbbbbbbbbbbbbbbbbbbbbbbbbbbbbbbbbbbbbbbbbbbbbbbbbbbbbbbbbbbbbbbbbbbbbbbbbbbbbbbbbbbbbbbbbbbbbbbbbbbbbbbbbbbbbbbbbbbbbbbbbbbbbbbbbbbbbbbbbbbbbbbbbbbbbbbbbbbbbbbbbbbbbbbbbbbbbbbbbbbbbbbbbbbbbbbbbbbbbbbbbbbbbbbbbbbbbbbbbbbbbbbbbbbbbbbbbbbbbbbbbbbbbbbbbbbbbbbbbbbbbbbbbbbbbbbbbbbbbbbbbbbbbbbbbbbbbbbbbbbbbbbbbbbbbbbbbbbbbbbbbbbbbbbbbbbbbbbbbbbbbbbbbbbbbbbbbbbbbbbbbbbbbbbbbbbbbbbbbbbbbbbbbbbbbbbbbbbbbbbbbbbbbbbbbbbbbbbbbbbbbbbbbbbbbbbbbbbbbbbbbbbbbbbbbbbbbbbbbbbbbbbbbbbbbbbbbbbbbbbbbbbbbbbbbbbbbbbbbbbbbbbbbbbbbbbbbbbbbbbbbbbbbbbbbbbbbbbbbbbbbbbbbbbbbbbbbbbbbbbbbbbbbbbbbbbbbbbbbbbbbbbbbbbbbbbbbbbbbbbbbbbbbbbbbbbbbbbbbbbbbbbbbbbbbbbbbbbbbbbbbbbbbbbbbbbbbbbbbbbbbbbbbbbbbbbbbbbbbbbbbbbbbbbbbbbbbbbbbbbbbbbbbbbbbbbbbbbbbbbbbbbbbbbbbbbbbbbbbbbbbbbbbbbbbbbbbbbbbbbbbbbbbbbbbbbbbbbbbbbbbbbbbbbbbbbbbbbbbbbbbbbbbbbbbbbbbbbbbbbbbbbbbbbbbbbbbbbbbbbbbbbbbbbbbbbbbbbbbbbbbbbbbbbbbbbbbbbbbbbbbbbbbbbbbbbbbbbbbbbbbbbbbbbbbbbbbbbbbbbbbbbbbbbbbbbbbbbbbbbbbbbbbbbbbbbbbbbbbbbbbbbbbbbbbbbbbbbbbbbbbbbbbbbbbbbbbbbbbbbbbbbbbbbbbbbbbbbbbbbbbbbbbbbbbbbbbbbbbbbbbbbbbbbbbbbbbbbbbbbbbbbbbbbbbbbbbbbbbbbbbbbbbbbbbbbbbbbbbbbbbbbbbbbbbbbbbbbbbbbbbbbbbbbbbbbbbbbbbbbbbbbbbbbbbbbbbbbbbbbbbbbbbbbbbbbbbbbbbbbbbbbbbbbbbbbbbbbbbbbbbbbbbbbbbbbbbbbbbbbbbbbbbbbbbbbbbbbbbbbbbbbbbbbbbbbbbbbbbbbbbbbbbbbbbbbbbbbbbbbbbbbbbbbbbbbbbbbbbbbbbbbbbbbbbbbbbbbbbbbbbbbbbbbbbbbbbbbbbbbbbbbbbbbbbbbbbbbbbbbbbbbbbbbbbbbbbbbbbbbbbbbbbbbbbbbbbbbbbbbbbbbbbbbbbbbbbbbbbbbbbbbbbbbbbbbbbbbbbbbbbbbbbbbbbbbbbbbbbbbbbbbbbbbbbbbbbbbbbbbbbbbbbbbbbbbbbbbbbbbbbbbbbbbbbbbbbbbbbbbbbbbbbbbbbbbbbbbbbbbbbbbbbbbbbbbbbbbbbbbbbbbbbbbbbbbbbbbbbbbbbbbbbbbbbbbbbbbbbbbbbbbbbbbbbbbbbbbbbbbbbbbbbbbbbbbbbbbbbbbbbbbbbbbbbbbbbbbbbbbbbbbbbbbbbbbbbbbbbbbbbbbbbbbbbbbbbbbbbbbbbbbbbbbbbbbbbbbbbbbbbbbbbbbbbbbbbbbbbbbbbbbbbbbbbbbbbbbbbbbbbbbbbbbbbbbbbbbbbbbbbbbbbbbbbbbbbbbbbbbbbbbbbbbbbbbbbbbbbbbbbbbbbbbbbbbbbbbbbbbbbbbbbbbbbbbbbbbbbbbbbbbbbbbbbbbbbbbbbbbbbbbbbbbbbbbbbbbbbbbbbbbbbbbbbbbbbbbbbbbbbbbbbbbbbbbbbbbbbbbbbbbbbbbbbbbbbbbbbbbbbbbbbbbbbbbbbbbbbbbbbbbbbbbbbbbbbbbbbbbbbbbbbbbbbbbbbbbbbbbbbbbbbbbbbbbbbbbbbbbbbbbbbbbbbbbbbbbbbbbbbbbbbbbbbbbbbbbbbbbbbbbbbbbbbbbbbbbbbbbbbbbbbbbbbbbbbbbbbbbbbbbbbbbbbbbbbbbbbbbbbbbbbbbbbbbbbbbbbbbbbbbbbbbbbbbbbbbbbbbbbbbbbbbbbbbbbbbbbbbbbbbbbbbbbbbbbbbbbbbbbbbbbbbbbbbbbbbbbbbbbbbbbbbbbbbbbbbbbbbbbbbbbbbbbbbbbbbbbbbbbbbbbbbbbbbbbbbbbbbbbbbbbbbbbbbbbbbbbbbbbbbbbbbbbbbbbbbbbbbbbbbbbbbbbbbbbbbbbbbbbbbbbbbbbbbbbbbbbbbbbbbbbbbbbbbbbbbbbbbbbbbbbbbbbbbbbbbbbbbbbbbbbbbbbbbbbbbbbbbbbbbbbbbbbbbbbbbbbbbbbbbbbbbbbbbbbbbbbbbbbbbbbbbbbbbbbbbbbbbbbbbbbbbbbbbbbbbbbbbbbbbbbbbbbbbbbbbbbbbbbbbbbbbbbbbbbbbbbbbbbbbbbbbbbbbbbbbbbbbbbbbbbbbbbbbbbbbbbbbbbbbbbbbbbbbbbbbbbbbbbbbbbbbbbbbbbbbbbbbbbbbbbbbbbbbbbbbbbbbbbbbbbbbbbbbbbbbbbbbbbbbbbbbbbbbbbbbbbbbbbbbbbbbbbbbbbbbbbbbbbbbbbbbbbbbbbbbbbbbbbbbbbbbbbbbbbbbbbbbbbbbbbbbbbbbbbbbbbbbbbbbbbbbbbbbbbbbbbbbbbbbbbbbbbbbbbbbbbbbbbbbbbbbbbbbbbbbbbbbbbbbbbbbbbbbbbbbbbbbbbbbbbbbbbbbbbbbbbbbbbbbbbbbbbbbbbbbbbbbbbbbbbbbbbbbbbbbbbbbbbbbbbbbbbbbbbbbbbbbbbbbbbbbbbbbbbbbbbbbbbbbbbbbbbbbbbbbbbbbbbbbbbbbbbbbbbbbbbbbbbbbbbbbbbbbbbbbbbbbbbbbbbbbbbbbbbbbbbbbbbbbbbbbbbbbbbbbbbbbbbbbbbbbbbbbbbbbbbbbbbbbbbbbbbbbbbbbbbbbbbbbbbbbbbbbbbbbbbbbbbbbbbbbbbbbbbbbbbbbbbbbbbbbbbbbbbbbbbbbbbbbbbbbbbbbbbbbbbbbbbbbbbbbbbbbbbbbbbbbbbbbbbbbbbbbbbbbbbbbbbbbbbbbbbbbbbbbbbbbbbbbbbbbbbbbbbbbbbbbbbbbbbbbbbbbbbbbbbbbbbbbbbbbbbbbbbbbbbbbbbbbbbbbbbbbbbbbbbbbbbbbbbbbbbbbbbbbbbbbbbbbbbbbbbbbbbbbbbbbbbbbbbbbbbbbbbbbbbbbbbbbbbbbbbbbbbbbbbbbbbbbbbbbbbbbbbbbbbbbbbbbbbbbbbbbbbbbbbbbbbbbbbbbbbbbbbbbbbbbbbbbbbbbbbbbbbbbbbbbbbbbbbbbbbbbbbbbbbbbbbbbbbbbbbbbbbbbbbbbbbbbbbbbbbbbbbbbbbbbbbbbbbbbbbbbbbbbbbbbbbbbbbbbbbbbbbbbbbbbbbbbbbbbbbbbbbbbbbbbbbbbbbbbbbbbbbbbbbbbbbbbbbbbbbbbbbbbbbbbbbbbbbbbbbbbbbbbbbbbbbbbbbbbbbbbbbbbbbbbbbbbbbbbbbbbbbbbbbbbbbbbbbbbbbbbbbbbbbbbbbbbbbbbbbbbbbbbbbbbbbbbbbbbbbbbbbbbbbbbbbbbbbbbbbbbbbbbbbbbbbbbbbbbbbbbbbbbbbbbbbbbbbbbbbbbbbbbbbbbbbbbbbbbbbbbbbbbbbbbbbbbbbbbbbbbbbbbbbbbbbbbbbbbbbbbbbbbbbbbbbbbbbbbbbbbbbbbbbbbbbbbbbbbbbbbbbbbbbbbbbbbbbbbbbbbbbbbbbbbbbbbbbbbbbbbbbbbbbbbbbbbbbbbbbbbbbbbbbbbbbbbbbbbbbbbbbbbbbbbbbbbbbbbbbbbbbbbbbbbbbbbbbbbbbbbbbbbbbbbbbbbbbbbbbbbbbbbbbbbbbbbbbbbbbbbbbbbbbbbbbbbbbbbbbbbbbbbbbbbbbbbbbbbbbbbbbbbbbbbbbbbbbbbbbbbbbbbbbbbbbbbbbbbbbbbbbbbbbbbbbbbbbbbbbbbbbbbbbbbbbbbbbbbbbbbbbbbbbbbbbbbbbbbbbbbbbbbbbbbbbbbbbbbbbbbbbbbbbbbbbbbbbbbbbbbbbbbbbbbbbbbbbbbbbbbbbbbbbbbbbbbbbbbbbbbbbbbbbbbbbbbbbbbbbbbbbbbbbbbbbbbbbbbbbbbbbbbbbbbbbbbbbbbbbbbbbbbbbbbbbbbbbbbbbbbbbbbbbbbbbbbbbbbbbbbbbbbbbbbbbbbbbbbbbbbbbbbbbbbbbbbbbbbbbbbbbbbbbbbbbbbbbbbbbbbbbbbbbbbbbbbbbbbbbbbbbbbbbbbbbbbbbbbbbbbbbbbbbbbbbbbbbbbbbbbbbbbbbbbbbbbbbbbbbbbbbbbbbbbbbbbbbbbbbbbbbbbbbbbbbbbbbbbbbbbbbbbbbbbbbbbbbbbbbbbbbbbbbbbbbbbbbbbbbbbbbbbbbbbbbbbbbbbbbbbbbbbbbbbbbbbbbbbbbbbbbbbbbbbbbbbbbbbbbbbbbbbbbbbbbbbbbbbbbbbbbbbbbbbbbbbbbbbbbbbbbbbbbbbbbbbbbbbbbbbbbbbbbbbbbbbbbbbbbbbbbbbbbbbbbbbbbbbbbbbbbbbbbbbbbbbbbbbbbbbbbbbbbbbbbbbbbbbbbbbbbbbbbbbbbbbbbbbbbbbbbbbbbbbbbbbbbbbbbbbbbbbbbbbbbbbbbbbbbbbbbbbbbbbbbbbbbbbbbbbbbbbbbbbbbbbbbbbbbbbbbbbbbbbbbbbbbbbbbbbbbbbbbbbbbbbbbbbbbbbbbbbbbbbbbbbbbbbbbbbbbbbbbbbbbbbbbbbbbbbbbbbbbbbbbbbbbbbbbbbbbbbbbbbbbbbbbbbbbbbbbbbbbbbbbbbbbbbbbbbbbbbbbbbbbbbbbbbbbbbbbbbbbbbbbbbbbbbbbbbbbbbbbbbbbbbbbbbbbbbbbbbbbbbbbbbbbbbbbbbbbbbbbbbbbbbbbbbbbbbbbbbbbbbbbbbbbbbbbbbbbbbbbbbbbbbbbbbbbbbbbbbbbbbbbbbbbbbbbbbbbbbbbbbbbbbbbbbbbbbbbbbbbbbbbbbbbbbbbbbbbbbbbbbbbbbbbbbbbbbbbbbbbbbbbbbbbbbbbbbbbbbbbbbbbbbbbbbbbbbbbbbbbbbbbbbbbbbbbbbbbbbbbbbbbbbbbbbbbbbbbbbbbbbbbbbbbbbbbbbbbbbbbbbbbbbbbbbbbbbbbbbbbbbbbbbbbbbbbbbbbbbbbbbbbbbbbbbbbbbbbbbbbbbbbbbbbbbbbbbbbbbbbbbbbbbbbbbbbbbbbbbbbbbbbbbbbbbbbbbbbbbbbbbbbbbbbbbbbbbbbbbbbbbbbbbbbbbbbbbbbbbbbbbbbbbbbbbbbbbbbbbbbbbbbbbbbbbbbbbbbbbbbbbbbbbbbbbbbbbbbbbbbbbbbbbbbbbbbbbbbbbbbbbbbbbbbbbbbbbbbbbbbbbbbbbbbbbbbbbbbbbbbbbbbbbbbbbbbbbbbbbbbbbbbbbbbbbbbbbbbbbbbbbbbbbbbbbbbbbbbbbbbbbbbbbbbbbbbbbbbbbbbbbbbbbbbbbbbbbbbbbbbbbbbbbbbbbbbbbbbbbbbbbbbbbbbbbbbbbbbbbbbbbbbbbbbbbbbbbbbbbbbbbbbbbbbbbbbbbbbbbbbbbbbbbbbbbbbbbbbbbbbbbbbbbbbbbbbbbbbbbbbbbbbbbbbbbbbbbbbbbbbbbbbbbbbbbbbbbbbbbbbbbbbbbbbbbbbbbbbbbbbbbbbbbbbbbbbbbbbbbbbbbbbbbbbbbbbbbbbbbbbbbbbbbbbbbbbbbbbbbbbbbbbbbbbbbbbbbbbbbbbbbbbbbbbbbbbbbbbbbbbbbbbbbbbbbbbbbbbbbbbbbbbbbbbbbbbbbbbbbbbbbbbbbbbbbbbbbbbbbbbbbbbbbbbbbbbbbbbbbbbbbbbbbbbbbbbbbbbbbbbbbbbbbbbbbbbbbbbbbbbbbbbbbbbbbbbbbbbbbbbbbbbbbbbbbbbbbbbbbbbbbbbbbbbbbbbbbbbbbbbbbbbbbbbbbbbbbbbbbbbbbbbbbbbbbbbbbbbbbbbbbbbbbbbbbbbbbbbbbbbbbbbbbbbbbbbbbbbbbbbbbbbbbbbbbbbbbbbbbbbbbbbbbbbbbbbbbbbbbbbbbbbbbbbbbbbbbbbbbbbbbbbbbbbbbbbbbbbbbbbbbbbbbbbbbbbbbbbbbbbbbbbbbbbbbbbbbbbbbbbbbbbbbbbbbbbbbbbbbbbbbbbbbbbbbbbbbbbbbbbbbbbbbbbbbbbbbbbbbbbbbbbbbbbbbbbbbbbbbbbbbbbbbbbbbbbbbbbbbbbbbbbbbbbbbbbbbbbbbbbbbbbbbbbbbbbbbbbbbbbbbbbbbbbbbbbbbbbbbbbbbbbbbbbbbbbbbbbbbbbbbbbbbbbbbbbbbbbbbbbbbbbbbbbbbbbbbbbbbbbbbbbbbbbbbbbbbbbbbbbbbbbbbbbbbbbbbbbbbbbbbbbbbbbbbbbbbbbbbbbbbbbbbbbbbbbbbbbbbbbbbbbbbbbbbbbbbbbbbbbbbbbbbbbbbbbbbbbbbbbbbbbbbbbbbbbbbbbbbbbbbbbbbbbbbbbbbbbbbbbbbbbbbbbbbbbbbbbbbbbbbbbbbbbbbbbbbbbbbbbbbbbbbbbbbbbbbbbbbbbbbbbbbbbbbbbbbbbbbbbbbbbbbbbbbbbbbbbbbbbbbbbbbbbbbbbbbbbbbbbbbbbbbbbbbbbbbbbbbbbbbbbbbbbbbbbbbbbbbbbbbbbbbbbbbbbbbbbbbbbbbbbbbbbbbbbbbbbbbbbbbbbbbbbbbbbbbbbbbbbbbbbbbbbbbbbbbbbbbbbbbbbbbbbbbbbbbbbbbbbbbbbbbbbbbbbbbbbbbbbbbbbbbbbbbbbbbbbbbbbbbbbbbbbbbbbbbbbbbbbbbbbbbbbbbbbbbbbbbbbbbbbbbbbbbbbbbbbbbbbbbbbbbbbbbbbbbbbbbbbbbbbbbbbbbbbbbbbbbbbbbbbbbbbbbbbbbbbbbbbbbbbbbbbbbbbbbbbbbbbbbbbbbbbbbbbbbbbbbbbbbbbbbbbbbbbbbbbbbbbbbbbbbbbbbbbbbbbbbbbbbbbbbbbbbbbbbbbbbbbbbbbbbbbbbbbbbbbbbbbbbbbbbbbbbbbbbbbbbbbbbbbbbbbbbbbbbbbbbbbbbbbbbbbbbbbbbbbbbbbbbbbbbbbbbbbbbbbbbbbbbbbbbbbbbbbbbbbbbbbbbbbbbbbbbbbbbbbbbbbbbbbbbbbbbbbbbbbbbbbbbbbbbbbbbbbbbbbbbbbbbbbbbbbbbbbbbbbbbbbbbbbbbbbbbbbbbbbbbbbbbbbbbbbbbbbbbbbbbbbbbbbbbbbbbbbbbbbbbbbbbbbbbbbbbbbbbbbbbbbbbbbbbbbbbbbbbbbbbbbbbbbbbbbbbbbbbbbbbbbbbbbbbbbbbbbbbbbbbbbbbbbbbbbbbbbbbbbbbbbbbbbbbbbbbbbbbbbbbbbbbbbbbbbbbbbbbbbbbbbbbbbbbbbbbbbbbbbbbbbbbbbbbbbbbbbbbbbbbbbbbbbbbbbbbbbbbbbbbbbbbbbbbbbbbbbbbbbbbbbbbbbbbbbbbbbbbbbbbbbbbbbbbbbbbbbbbbbbbbbbbbbbbbbbbbbbbbbbbbbbbbbbbbbbbbbbbbbbbbbbbbbbbbbbbbbbbbbbbbbbbbbbbbbbbbbbbbbbbbbbbbbbbbbbbbbbbbbbbbbbbbbbbbbbbbbbbbbbbbbbbbbbbbbbbbbbbbbbbbbbbbbbbbbbbbbbbbbbbbbbbbbbbbbbbbbbbbbbbbbbbbbbbbbbbbbbbbbbbbbbbbbbbbbbbbbbbbbbbbbbbbbbbbbbbbbbbbbbbbbbbbbbbbbbbbbbbbbbbbbbbbbbbbbbbbbbbbbbbbbbbbbbbbbbbbbbbbbbbbbbbbbbbbbbbbbbbbbbbbbbbbbbbbbbbbbbbbbbbbbbbbbbbbbbbbbbbbbbbbbbbbbbbbbbbbbbbbbbbbbbbbbbbbbbbbbbbbbbbbbbbbbbbbbbbbbbbbbbbbbbbbbbbbbbbbbbbbbbbbbbbbbbbbbbbbbbbbbbbbbbbbbbbbbbbbbbbbbbbbbbbbbbbbbbbbbbbbbbbbbbbbbbbbbbbbbbbbbbbbbbbbbbbbbbbbbbbbbbbbbbbbbbbbbbbbbbbbbbbbbbbbbbbbbbbbbbbbbbbbbbbbbbbbbbbbbbbbbbbbbbbbbbbbbbbbbbbbbbbbbbbbbbbbbbbbbbbbbbbbbbbbbbbbbbbbbbbbbbbbbbbbbbbbbbbbbbbbbbbbbbbbbbbbbbbbbbbbbbbbbbbbbbbbbbbbbbbbbbbbbbbbbbbbbbbbbbbbbbbbbbbbbbbbbbbbbbbbbbbbbbbbbbbbbbbbbbbbbbbbbbbbbbbbbbbbbbbbbbbbbbbbbbbbbbbbbbbbbbbbbbbbbbbbbbbbbbbbbbbbbbbbbbbbbbbbbbbbbbbbbbbbbbbbbbbbbbbbbbbbbbbbbbbbbbbbbbbbbbbbbbbbbbbbbbbbbbbbbbbbbbbbbbbbbbbbbbbbbbbbbbbbbbbbbbbbbbbbbbbbbbbbbbbbbbbbbbbbbbbbbbbbbbbbbbbbbbbbbbbbbbbbbbbbbbbbbbbbbbbbbbbbbbbbbbbbbbbbbbbbbbbbbbbbbbbbbbbbbbbbbbbbbbbbbbbbbbbbbbbbbbbbbbbbbbbbbbbbbbbbbbbbbbbbbbbbbbbbbbbbbbbbbbbbbbbbbbbbbbbbbbbbbbbbbbbbbbbbbbbbbbbbbbbbbbbbbbbbbbbbbbbbbbbbbbbbbbbbbbbbbbbbbbbbbbbbbbbbbbbbbbbbbbbbbbbbbbbbbbbbbbbbbbbbbbbbbbbbbbbbbbbbbbbbbbbbbbbbbbbbbbbbbbbbbbbbbbbbbbbbbbbbbbbbbbbbbbbbbbbbbbbbbbbbbbbbbbbbbbbbbbbbbbbbbbbbbbbbbbbbbbbbbbbbbbbbbbbbbbbbbbbbbbbbbbbbbbbbbbbbbbbbbbbbbbbbbbbbbbbbbbbbbbbbbbbbbbbbbbbbbbbbbbbbbbbbbbbbbbbbbbbbbbbbbbbbbbbbbbbbbbbbbbbbbbbbbbbbbbbbbbbbbbbbbbbbbbbbbbbbbbbbbbbbbbbbbbbbbbbbbbbbbbbbbbbbbbbbbbbbbbbbbbbbbbbbbbbbbbbbbbbbbbbbbbbbbbbbbbbbbbbbbbbbbbbbbbbbbbbbbbbbbbbbbbbbbbbbbbbbbbbbbbbbbbbbbbbbbbbbbbbbbbbbbbbbbbbbbbbbbbbbbbbbbbbbbbbbbbbbbbbbbbbbbbbbbbbbbbbbbbbbbbbbbbbbbbbbbbbbbbbbbbbbbbbbbbbbbbbbbbbbbbbbbbbbbbbbbbbbbbbbbbbbbbbbbbbbbbbbbbbbbbbbbbbbbbbbbbbbbbbbbbbbbbbbbbbbbbbbbbbbbbbbbbbbbbbbbbbbbbbbbbbbbbbbbbbbbbbbbbbbbbbbbbbbbbbbbbbbbbbbbbbbbbbbbbbbbbbbbbbbbbbbbbbbbbbbbbbbbbbbbbbbbbbbbbbbbbbbbbbbbbbbbbbbbbbbbbbbbbbbbbbbbbbbbbbbbbbbbbbbbbbbbbbbbbbbbbbbbbbbbbbbbbbbbbbbbbbbbbbbbbbbbbbbbbbbbbbbbbbbbbbbbbbbbbbbbbbbbbbbbbbbbbbbbbbbbbbbbbbbbbbbbbbbbbbbbbbbbbbbbbbbbbbbbbbbbbbbbbbbbbbbbbbbbbbbbbbbbbbbbbbbbbbbbbbbbbbbbbbbbbbbbbbbbbbbbbbbbbbbbbbbbbbbbbbbbbbbbbbbbbbbbbbbbbbbbbbbbbbbbbbbbbbbbbbbbbbbbbbbbbbbbbbbbbbbbbbbbbbbbbbbbbbbbbbbbbbbbbbbbbbbbbbbbbbbbbbbbbbbbbbbbbbbbbbbbbbbbbbbbbbbbbbbbbbbbbbbbbbbbbbbbbbbbbbbbbbbbbbbbbbbbbbbbbbbbbbbbbbbbbbbbbbbbbbbbbbbbbbbbbbbbbbbbbbbbbbbbbbbbbbbbbbbbbbbbbbbbbbbbbbbbbbbbbbbbbbbbbbbbbbbbbbbbbbbbbbbbbbbbbbbbbbbbbbbbbbbbbbbbbbbbbbbbbbbbbbbbbbbbbbbbbbbbbbbbbbbbbbbbbbbbbbbbbbbbbbbbbbbbbbbbbbbbbbbbbbbbbbbbbbbbbbbbbbbbbbbbbbbbbbbbbbbbbbbbbbbbbbbbbbbbbbbbbbbbbbbbbbbbbbbbbbbbbbbbbbbbbbbbbbbbbbbbbbbbbbbbbbbbbbbbbbbbbbbbbbbbbbbbbbbbbbbbbbbbbbbbbbbbbbbbbbbbbbbbbbbbbbbbbbbbbbbbbbbbbbbbbbbbbbbbbbbbbbbbbbbbbbbbbbbbbbbbbbbbbbbbbbbbbbbbbbbbbbbbbbbbbbbbbbbbbbbbbbbbbbbbbbbbbbbbbbbbbbbbbbbbbbbbbbbbbbbbbbbbbbbbbbbbbbbbbbbbbbbbbbbbbbbbbbbbbbbbbbbbbbbbbbbbbbbbbbbbbbbbbbbbbbbbbbbbbbbbbbbbbbbbbbbbbbbbbbbbbbbbbbbbbbbbbbbbbbbbbbbbbbbbbbbbbbbbbbbbbbbbbbbbbbbbbbbbbbbbbbbbbbbbbbbbbbbbbbbbbbbbbbbbbbbbbbbbbbbbbbbbbbbbbbbbbbbbbbbbbbbbbbbbbbbbbbbbbbbbbbbbbbbbbbbbbbbbbbbbbbbbbbbbbbbbbbbbbbbbbbbbbbbbbbbbbbbbbbbbbbbbbbbbbbbbbbbbbbbbbbbbbbbbbbbbbbbbbbbbbbbbbbbbbbbbbbbbbbbbbbbbbbbbbbbbbbbbbbbbbbbbbbbbbbbbbbbbbbbbbbbbbbbbbbbbbbbbbbbbbbbbbbbbbbbbbbbbbbbbbbbbbbbbbbbbbbbbbbbbbbbbbbbbbbbbbbbbbbbbbbbbbbbbbbbbbbbbbbbbbbbbbbbbbbbbbbbbbbbbbbbbbbbbbbbbbbbbbbbbbbbbbbbbbbbbbbbbbbbbbbbbbbbbbbbbbbbbbbbbbbbbbbbbbbbbbbbbbbbbbbbbbbbbbbbbbbbbbbbbbbbbbbbbbbbbbbbbbbbbbbbbbbbbbbbbbbbbbbbbbbbbbbbbbbbbbbbbbbbbbbbbbbbbbbbbbbbbbbbbbbbbbbbbbbbbbbbbbbbbbbbbbbbbbbbbbbbbbbbbbbbbbbbbbbbbbbbbbbbbbbbbbbbbbbbbbbbbbbbbbbbbbbbbbbbbbbbbbbbbbbbbbbbbbbbbbbbbbbbbbbbbbbbbbbbbbbbbbbbbbbbbbbbbbbbbbbbbbbbbbbbbbbbbbbbbbbbbbbbbbbbbbbbbbbbbbbbbbbbbbbbbbbbbbbbbbbbbbbbbbbbbbbbbbbbbbbbbbbbbbbbbbbbbbbbbbbbbbbbbbbbbbbbbbbbbbbbbbbbbbbbbbbbbbbbbbbbbbbbbbbbbbbbbbbbbbbbbbbbbbbbbbbbbbbbbbbbbbbbbbbbbbbbbbbbbbbbbbbbbbbbbbbbbbbbbbbbbbbbbbbbbbbbbbbbbbbbbbbbbbbbbbbbbbbbbbbbbbbbbbbbbbbbbbbbbbbbbbbbbbbbbbbbbbbbbbbbbbbbbbbbbbbbbbbbbbbbbbbbbbbbbbbbbbbbbbbbbbbbbbbbbbbbbbbbbbbbbbbbbbbbbbbbbbbbbbbbbbbbbbbbbbbbbbbbbbbbbbbbbbbbbbbbbbbbbbbbbbbbbbbbbbbbbbbbbbbbbbbbbbbbbbbbbbbbbbbbbbbbbbbbbbbbbbbbbbbbbbbbbbbbbbbbbbbbbbbbbbbbbbbbbbbbbbbbbbbbbbbbbbbbbbbbbbbbbbbbbbbbbbbbbbbbbbbbbbbbbbbbbbbbbbbbbbbbbbbbbbbbbbbbbbbbbbbbbbbbbbbbbbbbbbbbbbbbbbbbbbbbbbbbbbbbbbbbbbbbbbbbbbbbbbbbbbbbbbbbbbbbbbbbbbbbbbbbbbbbbbbbbbbbbbbbbbbbbbbbbbbbbbbbbbbbbbbbbbbbbbbbbbbbbbbbbbbbbbbbbbbbbbbbbbbbbbbbbbbbbbbbbbbbbbbbbbbbbbbbbbbbbbbbbbbbbbbbbbbbbbbbbbbbbbbbbbbbbbbbbbbbbbbbbbbbbbbbbbbbbbbbbbbbbbbbbbbbbbbbbbbbbbbbbbbbbbbbbbbbbbbbbbbbbbbbbbbbbbbbbbbbbbbbbbbbbbbbbbbbbbbbbbbbbbbbbbbbbbbbbbbbbbbbbbbbbbbbbbbbbbbbbbbbbbbbbbbbbbbbbbbbbbbbbbbbbbbbbbbbbbbbbbbbbbbbbbbbbbbbbbbbbbbbbbbbbbbbbbbbbbbbbbbbbbbbbbbbbbbbbbbbbbbbbbbbbbbbbbbbbbbbbbbbbbbbbbbbbbbbbbbbbbbbbbbbbbbbbbbbbbbbbbbbbbbbbbbbbbbbbbbbbbbbbbbbbbbbbbbbbbbbbbbbbbbbbbbbbbbbbbbbbbbbbbbbbbbbbbbbbbbbbbbbbbbbbbbbbbbbbbbbbbbbbbbbbbbbbbbbbbbbbbbbbbbbbbbbbbbbbbbbbbbbbbbbbbbbbbbbbbbbbbbbbbbbbbbbbbbbbbbbbbbbbbbbbbbbbbbbbbbbbbbbbbbbbbbbbbbbbbbbbbbbbbbbbbbbbbbbbbbbbbbbbbbbbbbbbbbbbbbbbbbbbbbbbbbbbbbbbbbbbbbbbbbbbbbbbbbbbbbbbbbbbbbbbbbbbbbbbbbbbbbbbbbbbbbbbbbbbbbbbbbbbbbbbbbbbbbbbbbbbbbbbbbbbbbbbbbbbbbbbbbbbbbbbbbbbbbbbbbbbbbbbbbbbbbbbbbbbbbbbbbbbbbbbbbbbbbbbbbbbbbbbbbbbbbbbbbbbbbbbbbbbbbbbbbbbbbbbbbbbbbbbbbbbbbbbbbbbbbbbbbbbbbbbbbbbbbbbbbbbbbbbbbbbbbbbbbbbbbbbbbbbbbbbbbbbbbbbbbbbbbbbbbbbbbbbbbbbbbbbbbbbbbbbbbbbbbbbbbbbbbbbbbbbbbbbbbbbbbbbbbbbbbbbbbbbbbbbbbbbbbbbbbbbbbbbbbbbbbbbbbbbbbbbbbbbbbbbbbbbbbbbbbbbbbbbbbbbbbbbbbbbbbbbbbbbbbbbbbbbbbbbbbbbbbbbbbbbbbbbbbbbbbbbbbbbbbbbbbbbbbbbbbbbbbbbbbbbbbbbbbbbbbbbbbbbbbbbbbbbbbbbbbbbbbbbbbbbbbbbbbbbbbbbbbbbbbbbbbbbbbbbbbbbbbbbbbbbbbbbbbbbbbbbbbbbbbbbbbbbbbbbbbbbbbbbbbbbbbbbbbbbbbbbbbbbbbbbbbbbbbbbbbbbbbbbbbbbbbbbbbbbbbbbbbbbbbbbbbbbbbbbbbbbbbbbbbbbbbbbbbbbbbbbbbbbbbbbbbbbbbbbbbbbbbbbbbbbbbbbbbbbbbbbbbbbbbbbbbbbbbbbbbbbbbbbbbbbbbbbbbbbbbbbbbbbbbbbbbbbbbbbbbbbbbbbbbbbbbbbbbbbbbbbbbbbbbbbbbbbbbbbbbbbbbbbbbbbbbbbbbbbbbbbbbbbbbbbbbbbbbbbbbbbbbbbbbbbbbbbbbbbbbbbbbbbbbbbbbbbbbbbbbbbbbbbbbbbbbbbbbbbbbbbbbbbbbbbbbbbbbbbbbbbbbbbbbbbbbbbbbbbbbbbbbbbbbbbbbbbbbbbbbbbbbbbbbbbbbbbbbbbbbbbbbbbbbbbbbbbbbbbbbbbbbbbbbbbbbbbbbbbbbbbbbbbbbbbbbbbbbbbbbbbbbbbbbbbbbbbbbbbbbbbbbbbbbbbbbbbbbbbbbbbbbbbbbbbbbbbbbbbbbbbbbbbbbbbbbbbbbbbbbbbbbbbbbbbbbbbbbbbbbbbbbbbbbbbbbbbbbbbbbbbbbbbbbbbbbbbbbbbbbbbbbbbbbbbbbbbbbbbbbbbbbbbbbbbbbbbbbbbbbbbbbbbbbbbbbbbbbbbbbbbbbbbbbbbbbbbbbbbbbbbbbbbbbbbbbbbbbbbbbbbbbbbbbbbbbbbbbbbbbbbbbbbbbbbbbbbbbbbbbbbbbbbbbbbbbbbbbbbbbbbbbbbbbbbbbbbbbbbbbbbbbbbbbbbbbbbbbbbbbbbbbbbbbbbbbbbbbbbbbbbbbbbbbbbbbbbbbbbbbbbbbbbbbbbbbbbbbbbbbbbbbbbbbbbbbbbbbbbbbbbbbbbbbbbbbbbbbbbbbbbbbbbbbbbbbbbbbbbbbbbbbbbbbbbbbbbbbbbbbbbbbbbbbbbbbbbbbbbbbbbbbbbbbbbbbbbbbbbbbbbbbbbbbbbbbbbbbbbbbbbbbbbbbbbbbbbbbbbbbbbbbbbbbbbbbbbbbbbbbbbbbbbbbbbbbbbbbbbbbbbbbbbbbbbbbbbbbbbbbbbbbbbbbbbbbbbbbbbbbbbbbbbbbbbbbbbbbbbbbbbbbbbbbbbbbbbbbbbbbbbbbbbbbbbbbbbbbbbbbbbbbbbbbbbbbbbbbbbbbbbbbbbbbbbbbbbbbbbbbbbbbbbbbbbbbbbbbbbbbbbbbbbbbbbbbbbbbbbbbbbbbbbbbbbbbbbbbbbbbbbbbbbbbbbbbbbbbbbbbbbbbbbbbbbbbbbbbbbbbbbbbbbbbbbbbbbbbbbbbbbbbbbbbbbbbbbbbbbbbbbbbbbbbbbbbbbbbbbbbbbbbbbbbbbbbbbbbbbbbbbbbbbbbbbbbbbbbbbbbbbbbbbbbbbbbbbbbbbbbbbbbbbbbbbbbbbbbbbbbbbbbbbbbbbbbbbbbbbbbbbbbbbbbbbbbbbbbbbbbbbbbbbbbbbbbbbbbbbbbbbbbbbbbbbbbbbbbbbbbbbbbbbbbbbbbbbbbbbbbbbbbbbbbbbbbbbbbbbbbbbbbbbbbbbbbbbbbbbbbbbbbbbbbbbbbbbbbbbbbbbbbbbbbbbbbbbbbbbbbbbbbbbbbbbbbbbbbbbbbbbbbbbbbbbbbbbbbbbbbbbbbbbbbbbbbbbbbbbbbbbbbbbbbbbbbbbbbbbbbbbbbbbbbbbbbbbbbbbbbbbbbbbbbbbbbbbbbbbbbbbbbbbbbbbbbbbbbbbbbbbbbbbbbbbbbbbbbbbbbbbbbbbbbbbbbbbbbbbbbbbbbbbbbbbbbbbbbbbbbbbbbbbbbbbbbbbbbbbbbbbbbbbbbbbbbbbbbbbbbbbbbbbbbbbbbbbbbbbbbbbbbbbbbbbbbbbbbbbbbbbbbbbbbbbbbbbbbbbbbbbbbbbbbbbbbbbbbbbbbbbbbbbbbbbbbbbbbbbbbbbbbbbbbbbbbbbbbbbbbbbbbbbbbbbbbbbbbbbbbbbbbbbbbbbbbbbbbbbbbbbbbbbbbbbbbbbbbbbbbbbbbbbbbbbbbbbbbbbbbbbbbbbbbbbbbbbbbbbbbbbbbbbbbbbbbbbbbbbbbbbbbbbbbbbbbbbbbbbbbbbbbbbbbbbbbbbbbbbbbbbbbbbbbbbbbbbbbbbbbbbbbbbbbbbbbbbbbbbbbbbbbbbbbbbbbbbbbbbbbbbbbbbbbbbbbbbbbbbbbbbbbbbbbbbbbbbbbbbbbbbbbbbbbbbbbbbbbbbbbbbbbbbbbbbbbbbbbbbbbbbbbbbbbbbbbbbbbbbbbbbbbbbbbbbbbbbbbbbbbbbbbbbbbbbbbbbbbbbbbbbbbbbbbbbbbbbbbbbbbbbbbbbbbbbbbbbbbbbbbbbbbbbbbbbbbbbbbbbbbbbbbbbbbbbbbbbbbbbbbbbbbbbbbbbbbbbbbbbbbbbbbbbbbbbbbbbbbbbbbbbbbbbbbbbbbbbbbbbbbbbbbbbbbbbbbbbbbbbbbbbbbbbbbbbbbbbbbbbbbbbbbbbbbbbbbbbbbbbbbbbbbbbbbbbbbbbbbbbbbbbbbbbbbbbbbbbbbbbbbbbbbbbbbbbbbbbbbbbbbbbbbbbbbbbbbbbbbbbbbbbbbbbbbbbbbbbbbbbbbbbbbbbbbbbbbbbbbbbbbbbbbbbbbbbbbbbbbbbbbbbbbbbbbbbbbbbbbbbbbbbbbbbbbbbbbbbbbbbbbbbbbbbbbbbbbbbbbbbbbbbbbbbbbbbbbbbbbbbbbbbbbbbbbbbbbbbbbbbbbbbbbbbbbbbbbbbbbbbbbbbbbbbbbbbbbbbbbbbbbbbbbbbbbbbbbbbbbbbbbbbbbbbbbbbbbbbbbbbbbbbbbbbbbbbbbbbbbbbbbbbbbbbbbbbbbbbbbbbbbbbbbbbbbbbbbbbbbbbbbbbbbbbbbbbbbbbbbbbbbbbbbbbbbbbbbbbbbbbbbbbbbbbbbbbbbbbbbbbbbbbbbbbbbbbbbbbbbbbbbbbbbbbbbbbbbbbbbbbbbbbbbbbbbbbbbbbbbbbbbbbbbbbbbbbbbbbbbbbbbbbbbbbbbbbbbbbbbbbbbbbbbbbbbbbbbbbbbbbbbbbbbbbbbbbbbbbbbbbbbbbbbbbbbbbbbbbbbbbbbbbbbbbbbbbbbbbbbbbbbbbbbbbbbbbbbbbbbbbbbbbbbbbbbbbbbbbbbbbbbbbbbbbbbbbbbbbbbbbbbbbbbbbbbbbbbbbbbbbbbbbbbbbbbbbbbbbbbbbbbbbbbbbbbbbbbbbbbbbbbbbbbbbbbbbbbbbbbbbbbbbbbbbbbbbbbbbbbbbbbbbbbbbbbbbbbbbbbbbbbbbbbbbbbbbbbbbbbbbbbbbbbbbbbbbbbbbbbbbbbbbbbbbbbbbbbbbbbbbbbbbbbbbbbbbbbbbbbbbbbbbbbbbbbbbbbbbbbbbbbbbbbbbbbbbbbbbbbbbbbbbbbbbbbbbbbbbbbbbbbbbbbbbbbbbbbbbbbbbbbbbbbbbbbbbbbbbbbbbbbbbbbbbbbbbbbbbbbbbbbbbbbbbbbbbbbbbbbbbbbbbbbbbbbbbbbbbbbbbbbbbbbbbbbbbbbbbbbbbbbbbbbbbbbbbbbbbbbbbbbbbbbbbbbbbbbbbbbbbbbbbbbbbbbbbbbbbbbbbbbbbbbbbbbbbbbbbbbbbbbbbbbbbbbbbbbbbbbbbbbbbbbbbbbbbbbbbbbbbbbbbbbbbbbbbbbbbbbbbbbbbbbbbbbbbbbbbbbbbbbbbbbbbbbbbbbbbbbbbbbbbbbbbbbbbbbbbbbbbbbbbbbbbbbbbbbbbbbbbbbbbbbbbbbbbbbbbbbbbbbbbbbbbbbbbbbbbbbbbbbbbbbbbbbbbbbbbbbbbbbbbbbbbbbbbbbbbbbbbbbbbbbbbbbbbbbbbbbbbbbbbbbbbbbbbbbbbbbbbbbbbbbbbbbbbbbbbbbbbbbbbbbbbbbbbbbbbbbbbbbbbbbbbbbbbbbbbbbbbbbbbbbbbbbbbbbbbbbbbbbbbbbbbbbbbbbbbbbbbbbbbbbbbbbbbbbbbbbbbbbbbbbbbbbbbbbbbbbbbbbbbbbbbbbbbbbbbbbbbbbbbbbbbbbbbbbbbbbbbbbbbbbbbbbbbbbbbbbbbbbbbbbbbbbbbbbbbbbbbbbbbbbbbbbbbbbbbbbbbbbbbbbbbbbbbbbbbbbbbbbbbbbbbbbbbbbbbbbbbbbbbbbbbbbbbbbbbbbbbbbbbbbbbbbbbbbbbbbbbbbbbbbbbbbbbbbbbbbbbbbbbbbbbbbbbbbbbbbbbbbbbbbbbbbbbbbbbbbbbbbbbbbbbbbbbbbbbbbbbbbbbbbbbbbbbbbbbbbbbbbbbbbbbbbbbbbbbbbbbbbbbbbbbbbbbbbbbbbbbbbbbbbbbbbbbbbbbbbbbbbbbbbbbbbbbbbbbbbbbbbbbbbbbbbbbbbbbbbbbbbbbbbbbbbbbbbbbbbbbbbbbbbbbbbbbbbbbbbbbbbbbbbbbbbbbbbbbbbbbbbbbbbbbbbbbbbbbbbbbbbbbbbbbbbbbbbbbbbbbbbbbbbbbbbbbbbbbbbbbbbbbbbbbbbbbbbbbbbbbbbbbbbbbbbbbbbbbbbbbbbbbbbbbbbbbbbbbbbbbbbbbbbbbbbbbbbbbbbbbbbbbbbbbbbbbbbbbbbbbbbbbbbbbbbbbbbbbbbbbbbbbbbbbbbbbbbbbbbbbbbbbbbbbbbbbbbbbbbbbbbbbbbbbbbbbbbbbbbbbbbbbbbbbbbbbbbbbbbbbbbbbbbbbbbbbbbbbbbbbbbbbbbbbbbbbbbbbbbbbbbbbbbbbbbbbbbbbbbbbbbbbbbbbbbbbbbbbbbbbbbbbbbbbbbbbbbbbbbbbbbbbbbbbbbbbbbbbbbbbbbbbbbbbbbbbbbbbbbbbbbbbbbbbbbbbbbbbbbbbbbbbbbbbbbbbbbbbbbbbbbbbbbbbbbbbbbbbbbbbbbbbbbbbbbbbbbbbbbbbbbbbbbbbbbbbbbbbbbbbbbbbbbbbbbbbbbbbbbbbbbbbbbbbbbbbbbbbbbbbbbbbbbbbbbbbbbbbbbbbbbbbbbbbbbbbbbbbbbbbbbbbbbbbbbbbbbbbbbbbbbbbbbbbbbbbbbbbbbbbbbbbbbbbbbbbbbbbbbbbbbbbbbbbbbbbbbbbbbbbbbbbbbbbbbbbbbbbbbbbbbbbbbbbbbbbbbbbbbbbbbbbbbbbbbbbbbbbbbbbbbbbbbbbbbbbbbbbbbbbbbbbbbbbbbbbbbbbbbbbbbbbbbbbbbbbbbbbbbbbbbbbbbbbbbbbbbbbbbbbbbbbbbbbbbbbbbbbbbbbbbbbbbbbbbbbbbbbbbbbbbbbbbbbbbbbbbbbbbbbbbbbbbbbbbbbbbbbbbbbbbbbbbbbbbbbbbbbbbbbbbbbbbbbbbbbbbbbbbbbbbbbbbbbbbbbbbbbbbbbbbbbbbbbbbbbbbbbbbbbbbbbbbbbbbbbbbbbbbbbbbbbbbbbbbbbbbbbbbbbbbbbbbbbbbbbbbbbbbbbbbbbbbbbbbbbbbbbbbbbbbbbbbbbbbbbbbbbbbbbbbbbbbbbbbbbbbbbbbbbbbbbbbbbbbbbbbbbbbbbbbbbbbbbbbbbbbbbbbbbbbbbbbbbbbbbbbbbbbbbbbbbbbbbbbbbbbbbbbbbbbbbbbbbbbbbbbbbbbbbbbbbbbbbbbbbbbbbbbbbbbbbbbbbbbbbbbbbbbbbbbbbbbbbbbbbbbbbbbbbbbbbbbbbbbbbbbbbbbbbbbbbbbbbbbbbbbbbbbbbbbbbbbbbbbbbbbbbbbbbbbbbbbbbbbbbbbbbbbbbbbbbbbbbbbbbbbbbbbbbbbbbbbbbbbbbbbbbbbbbbbbbbbbbbbbbbbbbbbbbbbbbbbbbbbbbbbbbbbbbbbbbbbbbbbbbbbbbbbbbbbbbbbbbbbbbbbbbbbbbbbbbbbbbbbbbbbbbbbbbbbbbbbbbbbbbbbbbbbbbbbbbbbbbbbbbbbbbbbbbbbbbbbbbbbbbbbbbbbbbbbbbbbbbbbbbbbbbbbbbbbbbbbbbbbbbbbbbbbbbbbbbbbbbbbbbbbbbbbbbbbbbbbbbbbbbbbbbbbbbbbbbbbbbbbbbbbbbbbbbbbbbbbbbbbbbbbbbbbbbbbbbbbbbbbbbbbbbbbbbbbbbbbbbbbbbbbbbbbbbbbbbbbbbbbbbbbbbbbbbbbbbbbbbbbbbbbbbbbbbbbbbbbbbbbbbbbbbbbbbbbbbbbbbbbbbbbbbbbbbbbbbbbbbbbbbbbbbbbbbbbbbbbbbbbbbbbbbbbbbbbbbbbbbbbbbbbbbbbbbbbbbbbbbbbbbbbbbbbbbbbbbbbbbbbbbbbbbbbbbbbbbbbbbbbbbbbbbbbbbbbbbbbbbbbbbbbbbbbbbbbbbbbbbbbbbbbbbbbbbbbbbbbbbbbbbbbbbbbbbbbbbbbbbbbbbbbbbbbbbbbbbbbbbbbbbbbbbbbbbbbbbbbbbbbbbbbbbbbbbbbbbbbbbbbbbbbbbbbbbbbbbbbbbbbbbbbbbbbbbbbbbbbbbbbbbbbbbbbbbbbbbbbbbbbbbbbbbbbbbbbbbbbbbbbbbbbbbbbbbbbbbbbbbbbbbbbbbbbbbbbbbbbbbbbbbbbbbbbbbbbbbbbbbbbbbbbbbbbbbbbbbbbbbbbbbbbbbbbbbbbbbbbbbbbbbbbbbbbbbbbbbbbbbbbbbbbbbbbbbbbbbbbbbbbbbbbbbbbbbbbbbbbbbbbbbbbbbbbbbbbbbbbbbbbbbbbbbbbbbbbbbbbbbbbbbbbbbbbbbbbbbbbbbbbbbbbbbbbbbbbbbbbbbbbbbbbbbbbbbbbbbbbbbbbbbbbbbbbbbbbbbbbbbbbbbbbbbbbbbbbbbbbbbbbbbbbbbbbbbbbbbbbbbbbbbbbbbbbbbbbbbbbbbbbbbbbbbbbbbbbbbbbbbbbbbbbbbbbbbbbbbbbbbbbbbbbbbbbbbbbbbbbbbbbbbbbbbbbbbbbbbbbbbbbbbbbbbbbbbbbbbbbbbbbbbbbbbbbbbbbbbbbbbbbbbbbbbbbbbbbbbbbbbbbbbbbbbbbbbbbbbbbbbbbbbbbbbbbbbbbbbbbbbbbbbbbbbbbbbbbbbbbbbbbbbbbbbbbbbbbbbbbbbbbbbbbbbbbbbbbbbbbbbbbbbbbbbbbbbbbbbbbbbbbbbbbbbbbbbbbbbbbbbbbbbbbbbbbbbbbbbbbbbbbbbbbbbbbbbbbbbbbbbbbbbbbbbbbbbbbbbbbbbbbbbbbbbbbbbbbbbbbbbbbbbbbbbbbbbbbbbbbbbbbbbbbbbbbbbbbbbbbbbbbbbbbbbbbbbbbbbbbbbbbbbbbbbbbbbbbbbbbbbbbbbbbbbbbbbbbbbbbbbbbbbbbbbbbbbbbbbbbbbbbbbbbbbbbbbbbbbbbbbbbbbbbbbbbbbbbbbbbbbbbbbbbbbbbbbbbbbbbbbbbbbbbbbbbbbbbbbbbbbbbbbbbbbbbbbbbbbbbbbbbbbbbbbbbbbbbbbbbbbbbbbbbbbbbbbbbbbbbbbbbbbbbbbbbbbbbbbbbbbbbbbbbbbbbbbbbbbbbbbbbbbbbbbbbbbbbbbbbbbbbbbbbbbbbbbbbbbbbbbbbbbbbbbbbbbbbbbbbbbbbbbbbbbbbbbbbbbbbbbbbbbbbbbbbbbbbbbbbbbbbbbbbbbbbbbbbbbbbbbbbbbbbbbbbbbbbbbbbbbbbbbbbbbbbbbbbbbbbbbbbbbbbbbbbbbbbbbbbbbbbbbbbbbbbbbbbbbbbbbbbbbbbbbbbbbbbbbbbbbbbbbbbbbbbbbbbbbbbbbbbbbbbbbbbbbbbbbbbbbbbbbbbbbbbbbbbbbbbbbbbbbbbbbbbbbbbbbbbbbbbbbbbbbbbbbbbbbbbbbbbbbbbbbbbbbbbbbbbbbbbbbbbbbbbbbbbbbbbbbbbbbbbbbbbbbbbbbbbbbbbbbbbbbbbbbbbbbbbbbbbbbbbbbbbbbbbbbbbbbbbbbbbbbbbbbbbbbbbbbbbbbbbbbbbbbbbbbbbbbbbbbbbbbbbbbbbbbbbbbbbbbbbbbbbbbbbbbbbbbbbbbbbbbbbbbbbbbbbbbbbbbbbbbbbbbbbbbbbbbbbbbbbbbbbbbbbbbbbbbbbbbbbbbbbbbbbbbbbbbbbbbbbbbbbbbbbbbbbbbbbbbbbbbbbbbbbbbbbbbbbbbbbbbbbbbbbbbbbbbbbbbbbbbbbbbbbbbbbbbbbbbbbbbbbbbbbbbbbbbbbbbbbbbbbbbbbbbbbbbbbbbbbbbbbbbbbbbbbbbbbbbbbbbbbbbbbbbbbbbbbbbbbbbbbbbbbbbbbbbbbbbbbbbbbbbbbbbbbbbbbbbbbbbbbbbbbbbbbbbbbbbbbbbbbbbbbbbbbbbbbbbbbbbbbbbbbbbbbbbbbbbbbbbbbbbbbbbbbbbbbbbbbbbbbbbbbbbbbbbbbbbbbbbbbbbbbbbbbbbbbbbbbbbbbbbbbbbbbbbbbbbbbbbbbbbbbbbbbbbbbbbbbbbbbbbbbbbbbbbbbbbbbbbbbbbbbbbbbbbbbbbbbbbbbbbbbbbbbbbbbbbbbbbbbbbbbbbbbbbbbbbbbbbbbbbbbbbbbbbbbbbbbbbbbbbbbbbbbbbbbbbbbbbbbbbbbbbbbbbbbbbbbbbbbbbbbbbbbbbbbbbbbbbbbbbbbbbbbbbbbbbbbbbbbbbbbbbbbbbbbbbbbbbbbbbbbbbbbbbbbbbbbbbbbbbbbbbbbbbbbbbbbbbbbbbbbbbbbbbbbbbbbbbbbbbbbbbbbbbbbbbbbbbbbbbbbbbbbbbbbbbbbbbbbbbbbbbbbbbbbbbbbbbbbbbbbbbbbbbbbbbbbbbbbbbbbbbbbbbbbbbbbbbbbbbbbbbbbbbbbbbbbbbbbbbbbbbbbbbbbbbbbbbbbbbbbbbbbbbbbbbbbbbbbbbbbbbbbbbbbbbbbbbbbbbbbbbbbbbbbbbbbbbbbbbbbbbbbbbbbbbbbbbbbbbbbbbbbbbbbbbbbbbbbbbbbbbbbbbbbbbbbbbbbbbbbbbbbbbbbbbbbbbbbbbbbbbbbbbbbbbbbbbbbbbbbbbbbbbbbbbbbbbbbbbbbbbbbbbbbbbbbbbbbbbbbbbbbbbbbbbbbbbbbbbbbbbbbbbbbbbbbbbbbbbbbbbbbbbbbbbbbbbbbbbbbbbbbbbbbbbbbbbbbbbbbbbbbbbbbbbbbbbbbbbbbbbbbbbbbbbbbbbbbbbbbbbbbbbbbbbbbbbbbbbbbbbbbbbbbbbbbbbbbbbbbbbbbbbbbbbbbbbbbbbbbbbbbbbbbbbbbbbbbbbbbbbbbbbbbbbbbbbbbbbbbbbbbbbbbbbbbbbbbbbbbbbbbbbbbbbbbbbbbbbbbbbbbbbbbbbbbbbbbbbbbbbbbbbbbbbbbbbbbbbbbbbbbbbbbbbbbbbbbbbbbbbbbbbbbbbbbbbbbbbbbbbbbbbbbbbbbbbbbbbbbbbbbbbbbbbbbbbbbbbbbbbbbbbbbbbbbbbbbbbbbbbbbbbbbbbbbbbbbbbbbbbbbbbbbbbbbbbbbbbbbbbbbbbbbbbbbbbbbbbbbbbbbbbbbbbbbbbbbbbbbbbbbbbbbbbbbbbbbbbbbbbbbbbbbbbbbbbbbbbbbbbbbbbbbbbbbbbbbbbbbbbbbbbbbbbbbbbbbbbbbbbbbbbbbbbbbbbbbbbbbbbbbbbbbbbbbbbbbbbbbbbbbbbbbbbbbbbbbbbbbbbbbbbbbbbbbbbbbbbbbbbbbbbbbbbbbbbbbbbbbbbbbbbbbbbbbbbbbbbbbbbbbbbbbbbbbbbbbbbbbbbbbbbbbbbbbbbbbbbbbbbbbbbbbbbbbbbbbbbbbbbbbbbbbbbbbbbbbbbbbbbbbbbbbbbbbbbbbbbbbbbbbbbbbbbbbbbbbbbbbbbbbbbbbbbbbbbbbbbbbbbbbbbbbbbbbbbbbbbbbbbbbbbbbbbbbbbbbbbbbbbbbbbbbbbbbbbbbbbbbbbbbbbbbbbbbbbbbbbbbbbbbbbbbbbbbbbbbbbbbbbbbbbbbbbbbbbbbbbbbbbbbbbbbbbbbbbbbbbbbbbbbbbbbbbbbbbbbbbbbbbbbbbbbbbbbbbbbbbbbbbbbbbbbbbbbbbbbbbbbbbbbbbbbbbbbbbbbbbbbbbbbbbbbbbbbbbbbbbbbbbbbbbbbbbbbbbbbbbbbbbbbbbbbbbbbbbbbbbbbbbbbbbbbbbbbbbbbbbbbbbbbbbbbbbbbbbbbbbbbbbbbbbbbbbbbbbbbbbbbbbbbbbbbbbbbbbbbbbbbbbbbbbbbbbbbbbbbbbbbbbbbbbbbbbbbbbbbbbbbbbbbbbbbbbbbbbbbbbbbbbbbbbbbbbbbbbbbbbbbbbbbbbbbbbbbbbbbbbbbbbbbbbbbbbbbbbbbbbbbbbbbbbbbbbbbbbbbbbbbbbbbbbbbbbbbbbbbbbbbbbbbbbbbbbbbbbbbbbbbbbbbbbbbbbbbbbbbbbbbbbbbbbbbbbbbbbbbbbbbbbbbbbbbbbbbbbbbbbbbbbbbbbbbbbbbbbbbbbbbbbbbbbbbbbbbbbbbbbbbbbbbbbbbbbbbbbbbbbbbbbbbbbbbbbbbbbbbbbbbbbbbbbbbbbbbbbbbbbbbbbbbbbbbbbbbbbbbbbbbbbbbbbbbbbbbbbbbbbbbbbbbbbbbbbbbbbbbbbbbbbbbbbbbbbbbbbbbbbbbbbbbbbbbbbbbbbbbbbbbbbbbbbbbbbbbbbbbbbbbbbbbbbbbbbbbbbbbbbbbbbbbbbbbbbbbbbbbbbbbbbbbbbbbbbbbbbbbbbbbbbbbbbbbbbbbbbbbbbbbbbbbbbbbbbbbbbbbbbbbbbbbbbbbbbbbbbbbbbbbbbbbbbbbbbbbbbbbbbbbbbbbbbbbbbbbbbbbbbbbbbbbbbbbbbbbbbbbbbbbbbbbbbbbbbbbbbbbbbbbbbbbbbbbbbbbbbbbbbbbbbbbbbbbbbbbbbbbbbbbbbbbbbbbbbbbbbbbbbbbbbbbbbbbbbbbbbbbbbbbbbbbbbbbbbbbbbbbbbbbbbbbbbbbbbbbbbbbbbbbbbbbbbbbbbbbbbbbbbbbbbbbbbbbbbbbbbbbbbbbbbbbbbbbbbbbbbbbbbbbbbbbbbbbbbbbbbbbbbbbbbbbbbbbbbbbbbbbbbbbbbbbbbbbbbbbbbbbbbbbbbbbbbbbbbbbbbbbbbbbbbbbbbbbbbbbbbbbbbbbbbbbbbbbbbbbbbbbbbbbbbbbbbbbbbbbbbbbbbbbbbbbbbbbbbbbbbbbbbbbbbbbbbbbbbbbbbbbbbbbbbbbbbbbbbbbbbbbbbbbbbbbbbbbbbbbbbbbbbbbbbbbbbbbbbbbbbbbbbbbbbbbbbbbbbbbbbbbbbbbbbbbbbbbbbbbbbbbbbbbbbbbbbbbbbbbbbbbbbbbbbbbbbbbbbbbbbbbbbbbbbbbbbbbbbbbbbbbbbbbbbbbbbbbbbbbbbbbbbbbbbbbbbbbbbbbbbbbbbbbbbbbbbbbbbbbbbbbbbbbbbbbbbbbbbbbbbbbbbbbbbbbbbbbbbbbbbbbbbbbbbbbbbbbbbbbbbbbbbbbbbbbbbbbbbbbbbbbbbbbbbbbbbbbbbbbbbbbbbbbbbbbbbbbbbbbbbbbbbbbbbbbbbbbbbbbbbbbbbbbbbbbbbbbbbbbbbbbbbbbbbbbbbbbbbbbbbbbbbbbbbbbbbbbbbbbbbbbbbbbbbbbbbbbbbbbbbbbbbbbbbbbbbbbbbbbbbbbbbbbbbbbbbbbbbbbbbbbbbbbbbbbbbbbbbbbbbbbbbbbbbbbbbbbbbbbbbbbbbbbbbbbbbbbbbbbbbbbbbbbbbbbbbbbbbbbbbbbbbbbbbbbbbbbbbbbbbbbbbbbbbbbbbbbbbbbbbbbbbbbbbbbbbbbbbbbbbbbbbbbbbbbbbbbbbbbbbbbbbbbbbbbbbbbbbbbbbbbbbbbbbbbbbbbbbbbbbbbbbbbbbbbbbbbbbbbbbbbbbbbbbbbbbbbbbbbbbbbbbbbbbbbbbbbbbbbbbbbbbbbbbbbbbbbbbbbbbbbbbbbbbbbbbbbbbbbbbbbbbbbbbbbbbbbbbbbbbbbbbbbbbbbbbbbbbbbbbbbbbbbbbbbbbbbbbbbbbbbbbbbbbbbbbbbbbbbbbbbbbbbbbbbbbbbbbbbbbbbbbbbbbbbbbbbbbbbbbbbbbbbbbbbbbbbbbbbbbbbbbbbbbbbbbbbbbbbbbbbbbbbbbbbbbbbbbbbbbbbbbbbbbbbbbbbbbbbbbbbbbbbbbbbbbbbbbbbbbbbbbbbbbbbbbbbbbbbbbbbbbbbbbbbbbbbbbbbbbbbbbbbbbbbbbbbbbbbbbbbbbbbbbbbbbbbbbbbbbbbbbbbbbbbbbbbbbbbbbbbbbbbbbbbbbbbbbbbbbbbbbbbbbbbbbbbbbbbbbbbbbbbbbbbbbbbbbbbbbbbbbbbbbbbbbbbbbbbbbbbbbbbbbbbbbbbbbbbbbbbbbbbbbbbbbbbbbbbbbbbbbbbbbbbbbbbbbbbbbbbbbbbbbbbbbbbbbbbbbbbbbbbbbbbbbbbbbbbbbbbbbbbbbbbbbbbbbbbbbbbbbbbbbbbbbbbbbbbbbbbbbbbbbbbbbbbbbbbbbbbbbbbbbbbbbbbbbbbbbbbbbbbbbbbbbbbbbbbbbbbbbbbbbbbbbbbbbbbbbbbbbbbbbbbbbbbbbbbbbbbbbbbbbbbbbbbbbbbbbbbbbbbbbbbbbbbbbbbbbbbbbbbbbbbbbbbbbbbbbbbbbbbbbbbbbbbbbbbbbbbbbbbbbbbbbbbbbbbbbbbbbbbbbbbbbbbbbbbbbbbbbbbbbbbbbbbbbbbbbbbbbbbbbbbbbbbbbbbbbbbbbbbbbbbbbbbbbbbbbbbbbbbbbbbbbbbbbbbbbbbbbbbbbbbbbbbbbbbbbbbbbbbbbbbbbbbbbbbbbbbbbbbbbbbbbbbbbbbbbbbbbbbbbbbbbbbbbbbbbbbbbbbbbbbbbbbbbbbbbbbbbbbbbbbbbbbbbbbbbbbbbbbbbbbbbbbbbbbbbbbbbbbbbbbbbbbbbbbbbbbbbbbbbbbbbbbbbbbbbbbbbbbbbbbbbbbbbbbbbbbbbbbbbbbbbbbbbbbbbbbbbbbbbbbbbbbbbbbbbbbbbbbbbbbbbbbbbbbbbbbbbbbbbbbbbbbbbbbbbbbbbbbbbbbbbbbbbbbbbbbbbbbbbbbbbbbbbbbbbbbbbbbbbbbbbbbbbbbbbbbbbbbbbbbbbbbbbbbbbbbbbbbbbbbbbbbbbbbbbbbbbbbbbbbbbbbbbbbbbbbbbbbbbbbbbbbbbbbbbbbbbbbbbbbbbbbbbbbbbbbbbbbbbbbbbbbbbbbbbbbbbbbbbbbbbbbbbbbbbbbbbbbbbbbbbbbbbbbbbbbbbbbbbbbbbbbbbbbbbbbbbbbbbbbbbbbbbbbbbbbbbbbbbbbbbbbbbbbbbbbbbbbbbbbbbbbbbbbbbbbbbbbbbbbbbbbbbbbbbbbbbbbbbbbbbbbbbbbbbbbbbbbbbbbbbbbbbbbbbbbbbbbbbbbbbbbbbbbbbbbbbbbbbbbbbbbbbbbbbbbbbbbbbbbbbbbbbbbbbbbbbbbbbbbbbbbbbbbbbbbbbbbbbbbbbbbbbbbbbbbbbbbbbbbbbbbbbbbbbbbbbbbbbbbbbbbbbbbbbbbbbbbbbbbbbbbbbbbbbbbbbbbbbbbbbbbbbbbbbbbbbbbbbbbbbbbbbbbbbbbbbbbbbbbbbbbbbbbbbbbbbbbbbbbbbbbbbbbbbbbbbbbbbbbbbbbbbbbbbbbbbbbbbbbbbbbbbbbbbbbbbbbbbbbbbbbbbbbbbbbbbbbbbbbbbbbbbbbbbbbbbbbbbbbbbbbbbbbbbbbbbbbbbbbbbbbbbbbbbbbbbbbbbbbbbbbbbbbbbbbbbbbbbbbbbbbbbbbbbbbbbbbbbbbbbbbbbbbbbbbbbbbbbbbbbbbbbbbbbbbbbbbbbbbbbbbbbbbbbbbbbbbbbbbbbbbbbbbbbbbbbbbbbbbbbbbbbbbbbbbbbbbbbbbbbbbbbbbbbbbbbbbbbbbbbbbbbbbbbbbbbbbbbbbbbbbbbbbbbbbbbbbbbbbbbbbbbbbbbbbbbbbbbbbbbbbbbbbbbbbbbbbbbbbbbbbbbbbbbbbbbbbbbbbbbbbbbbbbbbbbbbbbbbbbbbbbbbbbbbbbbbbbbbbbbbbbbbbbbbbbbbbbbbbbbbbbbbbbbbbbbbbbbbbbbbbbbbbbbbbbbbbbbbbbbbbbbbbbbbbbbbbbbbbbbbbbbbbbbbbbbbbbbbbbbbbbbbbbbbbbbbbbbbbbbbbbbbbbbbbbbbbbbbbbbbbbbbbbbbbbbbbbbbbbbbbbbbbbbbbbbbbbbbbbbbbbbbbbbbbbbbbbbbbbbbbbbbbbbbbbbbbbbbbbbbbbbbbbbbbbbbbbbbbbbbbbbbbbbbbbbbbbbbbbbbbbbbbbbbbbbbbbbbbbbbbbbbbbbbbbbbbbbbbbbbbbbbbbbbbbbbbbbbbbbbbbbbbbbbbbbbbbbbbbbbbbbbbbbbbbbbbbbbbbbbbbbbbbbbbbbbbbbbbbbbbbbbbbbbbbbbbbbbbbbbbbbbbbbbbbbbbbbbbbbbbbbbbbbbbbbbbbbbbbbbbbbbbbbbbbbbbbbbbbbbbbbbbbbbbbbbbbbbbbbbbbbbbbbbbbbbbbbbbbbbbbbbbbbbbbbbbbbbbbbbbbbbbbbbbbbbbbbbbbbbbbbbbbbbbbbbbbbbbbbbbbbbbbbbbbbbbbbbbbbbbbbbbbbbbbbbbbbbbbbbbbbbbbbbbbbbbbbbbbbbbbbbbbbbbbbbbbbbbbbbbbbbbbbbbbbbbbbbbbbbbbbbbbbbbbbbbbbbbbbbbbbbbbbbbbbbbbbbbbbbbbbbbbbbbbbbbbbbbbbbbbbbbbbbbbbbbbbbbbbbbbbbbbbbbbbbbbbbbbbbbbbbbbbbbbbbbbbbbbbbbbbbbbbbbbbbbbbbbbbbbbbbbbbbbbbbbbbbbbbbbbbbbbbbbbbbbbbbbbbbbbbbbbbbbbbbbbbbbbbbbbbbbbbbbbbbbbbbbbbbbbbbbbbbbbbbbbbbbbbbbbbbbbbbbbbbbbbbbbbbbbbbbbbbbbbbbbbbbbbbbbbbbbbbbbbbbbbbbbbbbbbbbbbbbbbbbbbbbbbbbbbbbbbbbbbbbbbbbbbbbbbbbbbbbbbbbbbbbbbbbbbbbbbbbbbbbbbbbbbbbbbbbbbbbbbbbbbbbbbbbbbbbbbbbbbbbbbbbbbbbbbbbbbbbbbbbbbbbbbbbbbbbbbbbbbbbbbbbbbbbbbbbbbbbbbbbbbbbbbbbbbbbbbbbbbbbbbbbbbbbbbbbbbbbbbbbbbbbbbbbbbbbbbbbbbbbbbbbbbbbbbbbbbbbbbbbbbbbbbbbbbbbbbbbbbbbbbbbbbbbbbbbbbbbbbbbbbbbbbbbbbbbbbbbbbbbbbbbbbbbbbbbbbbbbbbbbbbbbbbbbbbbbbbbbbbbbbbbbbbbbbbbbbbbbbbbbbbbbbbbbbbbbbbbbbbbbbbbbbbbbbbbbbbbbbbbbbbbbbbbbbbbbbbbbbbbbbbbbbbbbbbbbbbbbbbbbbbbbbbbbbbbbbbbbbbbbbbbbbbbbbbbbbbbbbbbbbbbbbbbbbbbbbbbbbbbbbbbbbbbbbbbbbbbbbbbbbbbbbbbbbbbbbbbbbbbbbbbbbbbbbbbbbbbbbbbbbbbbbbbbbbbbbbbbbbbbbbbbbbbbbbbbbbbbbbbbbbbbbbbbbbbbbbbbbbbbbbbbbbbbbbbbbbbbbbbbbbbbbbbbbbbbbbbbbbbbbbbbbbbbbbbbbbbbbbbbbbbbbbbbbbbbbbbbbbbbbbbbbbbbbbbbbbbbbbbbbbbbbbbbbbbbbbbbbbbbbbbbbbbbbbbbbbbbbbbbbbbbbbbbbbbbbbbbbbbbbbbbbbbbbbbbbbbbbbbbbbbbbbbbbbbbbbbbbbbbbbbbbbbbbbbbbbbbbbbbbbbbbbbbbbbbbbbbbbbbbbbbbbbbbbbbbbbbbbbbbbbbbbbbbbbbbbbbbbbbbbbbbbbbbbbbbbbbbbbbbbbbbbbbbbbbbbbbbbbbbbbbbbbbbbbbbbbbbbbbbbbbbbbbbbbbbbbbbbbbbbbbbbbbbbbbbbbbbbbbbbbbbbbbbbbbbbbbbbbbbbbbbbbbbbbbbbbbbbbbbbbbbbbbbbbbbbbbbbbbbbbbbbbbbbbbbbbbbbbbbbbbbbbbbbbbbbbbbbbbbbbbbbbbbbbbbbbbbbbbbbbbbbbbbbbbbbbbbbbbbbbbbbbbbbbbbbbbbbbbbbbbbbbbbbbbbbbbbbbbbbbbbbbbbbbbbbbbbbbbbbbbbbbbbbbbbbbbbbbbbbbbbbbbbbbbbbbbbbbbbbbbbbbbbbbbbbbbbbbbbbbbbbbbbbbbbbbbbbbbbbbbbbbbbbbbbbbbbbbbbbbbbbbbbbbbbbbbbbbbbbbbbbbbbbbbbbbbbbbbbbbbbbbbbbbbbbbbbbbbbbbbbbbbbbbbbbbbbbbbbbbbbbbbbbbbbbbbbbbbbbbbbbbbbbbbbbbbbbbbbbbbbbbbbbbbbbbbbbbbbbbbbbbbbbbbbbbbbbbbbbbbbbbbbbbbbbbbbbbbbbbbbbbbbbbbbbbbbbbbbbbbbbbbbbbbbbbbbbbbbbbbbbbbbbbbbbbbbbbbbbbbbbbbbbbbbbbbbbbbbbbbbbbbbbbbbbbbbbbbbbbbbbbbbbbbbbbbbbbbbbbbbbbbbbbbbbbbbbbbbbbbbbbbbbbbbbbbbbbbbbbbbbbbbbbbbbbbbbbbbbbbbbbbbbbbbbbbbbbbbbbbbbbbbbbbbbbbbbbbbbbbbbbbbbbbbbbbbbbbbbbbbbbbbbbbbbbbbbbbbbbbbbbbbbbbbbbbbbbbbbbbbbbbbbbbbbbbbbbbbbbbbbbbbbbbbbbbbbbbbbbbbbbbbbbbbbbbbbbbbbbbbbbbbbbbbbbbbbbbbbbbbbbbbbbbbbbbbbbbbbbbbbbbbbbbbbbbbbbbbbbbbbbbbbbbbbbbbbbbbbbbbbbbbbbbbbbbbbbbbbbbbbbbbbbbbbbbbbbbbbbbbbbbbbbbbbbbbbbbbbbbbbbbbbbbbbbbbbbbbbbbbbbbbbbbbbbbbbbbbbbbbbbbbbbbbbbbbbbbbbbbbbbbbbbbbbbbbbbbbbbbbbbbbbbbbbbbbbbbbbbbbbbbbbbbbbbbbbbbbbbbbbbbbbbbbbbbbbbbbbbbbbbbbbbbbbbbbbbbbbbbbbbbbbbbbbbbbbbbbbbbbbbbbbbbbbbbbbbbbbbbbbbbbbbbbbbbbbbbbbbbbbbbbbbbbbbbbbbbbbbbbbbbbbbbbbbbbbbbbbbbbbbbbbbbbbbbbbbbbbbbbbbbbbbbbbbbbbbbbbbbbbbbbbbbbbbbbbbbbbbbbbbbbbbbbbbbbbbbbbbbbbbbbbbbbbbbbbbbbbbbbbbbbbbbbbbbbbbbbbbbbbbbbbbbbbbbbbbbbbbbbbbbbbbbbbbbbbbbbbbbbbbbbbbbbbbbbbbbbbbbbbbbbbbbbbbbbbbbbbbbbbbbbbbbbbbbbbbbbbbbbbbbbbbbbbbbbbbbbbbbbbbbbbbbbbbbbbbbbbbbbbbbbbbbbbbbbbbbbbbbbbbbbbbbbbbbbbbbbbbbbbbbbbbbbbbbbbbbbbbbbbbbbbbbbbbbbbbbbbbbbbbbbbbbbbbbbbbbbbbbbbbbbbbbbbbbbbbbbbbbbbbbbbbbbbbbbbbbbbbbbbbbbbbbbbbbbbbbbbbbbbbbbbbbbbbbbbbbbbbbbbbbbbbbbbbbbbbbbbbbbbbbbbbbbbbbbbbbbbbbbbbbbbbbbbbbbbbbbbbbbbbbbbbbbbbbbbbbbbbbbbbbbbbbbbbbbbbbbbbbbbbbbbbbbbbbbbbbbbbbbbbbbbbbbbbbbbbbbbbbbbbbbbbbbbbbbbbbbbbbbbbbbbbbbbbbbbbbbbbbbbbbbbbbbbbbbbbbbbbbbbbbbbbbbbbbbbbbbbbbbbbbbbbbbbbbbbbbbbbbbbbbbbbbbbbbbbbbbbbbbbbbbbbbbbbbbbbbbbbbbbbbbbbbbbbbbbbbbbbbbbbbbbbbbbbbbbbbbbbbbbbbbbbbbbbbbbbbbbbbbbbbbbbbbbbbbbbbbbbbbbbbbbbbbbbbbbbbbbbbbbbbbbbbbbbbbbbbbbbbbbbbbbbbbbbbbbbbbbbbbbbbbbbbbbbbbbbbbbbbbbbbbbbbbbbbbbbbbbbbbbbbbbbbbbbbbbbbbbbbbbbbbbbbbbbbbbbbbbbbbbbbbbbbbbbbbbbbbbbbbbbbbbbbbbbbbbbbbbbbbbbbbbbbbbbbbbbbbbbbbbbbbbbbbbbbbbbbbbbbbbbbbbbbbbbbbbbbbbbbbbbbbbbbbbbbbbbbbbbbbbbbbbbbbbbbbbbbbbbbbbbbbbbbbbbbbbbbbbbbbbbbbbbbbbbbbbbbbbbbbbbbbbbbbbbbbbbbbbbbbbbbbbbbbbbbbbbbbbbbbbbbbbbbbbbbbbbbbbbbbbbbbbbbbbbbbbbbbbbbbbbbbbbbbbbbbbbbbbbbbbbbbbbbbbbbbbbbbbbbbbbbbbbbbbbbbbbbbbbbbbbbbbbbbbbbbbbbbbbbbbbbbbbbbbbbbbbbbbbbbbbbbbbbbbbbbbbbbbbbbbbbbbbbbbbbbbbbbbbbbbbbbbbbbbbbbbbbbbbbbbbbbbbbbbbbbbbbbbbbbbbbbbbbbbbbbbbbbbbbbbbbbbbbbbbbbbbbbbbbbbbbbbbbbbbbbbbbbbbbbbbbbbbbbbbbbbbbbbbbbbbbbbbbbbbbbbbbbbbbbbbbbbbbbbbbbbbbbbbbbbbbbbbbbbbbbbbbbbbbbbbbbbbbbbbbbbbbbbbbbbbbbbbbbbbbbbbbbbbbbbbbbbbbbbbbbbbbbbbbbbbbbbbbbbbbbbbbbbbbbbbbbbbbbbbbbbbbbbbbbbbbbbbbbbbbbbbbbbbbbbbbbbbbbbbbbbbbbbbbbbbbbbbbbbbbbbbbbbbbbbbbbbbbbbbbbbbbbbbbbbbbbbbbbbbbbbbbbbbbbbbbbbbbbbbbbbbbbbbbbbbbbbbbbbbbbbbbbbbbbbbbbbbbbbbbbbbbbbbbbbbbbbbbbbbbbbbbbbbbbbbbbbbbbbbbbbbbbbbbbbbbbbbbbbbbbbbbbbbbbbbbbbbbbbbbbbbbbbbbbbbbbbbbbbbbbbbbbbbbbbbbbbbbbbbbbbbbbbbbbbbbbbbbbbbbbbbbbbbbbbbbbbbbbbbbbbbbbbbbbbbbbbbbbbbbbbbbbbbbbbbbbbbbbbbbbbbbbbbbbbbbbbbbbbbbbbbbbbbbbbbbbbbbbbbbbbbbbbbbbbbbbbbbbbbbbbbbbbbbbbbbbbbbbbbbbbbbbbbbbbbbbbbbbbbbbbbbbbbbbbbbbbbbbbbbbbbbbbbbbbbbbbbbbbbbbbbbbbbbbbbbbbbbbbbbbbbbbbbbbbbbbbbbbbbbbbbbbbbbbbbbbbbbbbbbbbbbbbbbbbbbbbbbbbbbbbbbbbbbbbbbbbbbbbbbbbbbbbbbbbbbbbbbbbbbbbbbbbbbbbbbbbbbbbbbbbbbbbbbbbbbbbbbbbbbbbbbbbbbbbbbbbbbbbbbbbbbbbbbbbbbbbbbbbbbbbbbbbbbbbbbbbbbbbbbbbbbbbbbbbbbbbbbbbbbbbbbbbbbbbbbbbbbbbbbbbbbbbbbbbbbbbbbbbbbbbbbbbbbbbbbbbbbbbbbbbbbbbbbbbbbbbbbbbbbbbbbbbbbbbbbbbbbbbbbbbbbbbbbbbbbbbbbbbbbbbbbbbbbbbbbbbbbbbbbbbbbbbbbbbbbbbbbbbbbbbbbbbbbbbbbbbbbbbbbbbbbbbbbbbbbbbbbbbbbbbbbbbbbbbbbbbbbbbbbbbbbbbbbbbbbbbbbbbbbbbbbbbbbbbbbbbbbbbbbbbbbbbbbbbbbbbbbbbbbbbbbbbbbbbbbbbbbbbbbbbbbbbbbbbbbbbbbbbbbbbbbbbbbbbbbbbbbbbbbbbbbbbbbbbbbbbbbbbbbbbbbbbbbbbbbbbbbbbbbbbbbbbbbbbbbbbbbbbbbbbbbbbbbbbbbbbbbbbbbbbbbbbbbbbbbbbbbbbbbbbbbbbbbbbbbbbbbbbbbbbbbbbbbbbbbbbbbbbbbbbbbbbbbbbbbbbbbbbbbbbbbbbbbbbbbbbbbbbbbbbbbbbbbbbbbbbbbbbbbbbbbbbbbbbbbbbbbbbbbbbbbbbbbbbbbbbbbbbbbbbbbbbbbbbbbbbbbbbbbbbbbbbbbbbbbbbbbbbbbbbbbbbbbbbbbbbbbbbbbbbbbbbbbbbbbbbbbbbbbbbbbbbbbbbbbbbbbbbbbbbbbbbbbbbbbbbbbbbbbbbbbbbbbbbbbbbbbbbbbbbbbbbbbbbbbbbbbbbbbbbbbbbbbbbbbbbbbbbbbbbbbbbbbbbbbbbbbbbbbbbbbbbbbbbbbbbbbbbbbbbbbbbbbbbbbbbbbbbbbbbbbbbbbbbbbbbbbbbbbbbbbbbbbbbbbbbbbbbbbbbbbbbbbbbbbbbbbbbbbbbbbbbbbbbbbbbbbbbbbbbbbbbbbbbbbbbbbbbbbbbbbbbbbbbbbbbbbbbbbbbbbbbbbbbbbbbbbbbbbbbbbbbbbbbbbbbbbbbbbbbbbbbbbbbbbbbbbbbbbbbbbbbbbbbbbbbbbbbbbbbbbbbbbbbbbbbbbbbbbbbbbbbbbbbbbbbbbbbbbbbbbbbbbbbbbbbbbbbbbbbbbbbbbbbbbbbbbbbbbbbbbbbbbbbbbbbbbbbbbbbbbbbbbbbbbbbbbbbbbbbbbbbbbbbbbbbbbbbbbbbbbbbbbbbbbbbbbbbbbbbbbbbbbbbbbbbbbbbbbbbbbbbbbbbbbbbbbbbbbbbbbbbbbbbbbbbbbbbbbbbbbbbbbbbbbbbbbbbbbbbbbbbbbbbbbbbbbbbbbbbbbbbbbbbbbbbbbbbbbbbbbbbbbbbbbbbbbbbbbbbbbbbbbbbbbbbbbbbbbbbbbbbbbbbbbbbbbbbbbbbbbbbbbbbbbbbbbbbbbbbbbbbbbbbbbbbbbbbbbbbbbbbbbbbbbbbbbbbbbbbbbbbbbbbbbbbbbbbbbbbbbbbbbbbbbbbbbbbbbbbbbbbbbbbbbbbbbbbbbbbbbbbbbbbbbbbbbbbbbbbbbbbbbbbbbbbbbbbbbbbbbbbbbbbbbbbbbbbbbbbbbbbbbbbbbbbbbbbbbbbbbbbbbbbbbbbbbbbbbbbbbbbbbbbbbbbbbbbbbbbbbbbbbbbbbbbbbbbbbbbbbbbbbbbbbbbbbbbbbbbbbbbbbbbbbbbbbbbbbbbbbbbbbbbbbbbbbbbbbbbbbbbbbbbbbbbbbbbbbbbbbbbbbbbbbbbbbbbbbbbbbbbbbbbbbbbbbbbbbbbbbbbbbbbbbbbbbbbbbbbbbbbbbbbbbbbbbbbbbbbbbbbbbbbbbbbbbbbbbbbbbbbbbbbbbbbbbbbbbbbbbbbbbbbbbbbbbbbbbbbbbbbbbbbbbbbbbbbbbbbbbbbbbbbbbbbbbbbbbbbbbbbbbbbbbbbbbbbbbbbbbbbbbbbbbbbbbbbbbbbbbbbbbbbbbbbbbbbbbbbbbbbbbbbbbbbbbbbbbbbbbbbbbbbbbbbbbbbbbbbbbbbbbbbbbbbbbbbbbbbbbbbbbbbbbbbbbbbbbbbbbbbbbbbbbbbbbbbbbbbbbbbbbbbbbbbbbbbbbbbbbbbbbbbbbbbbbbbbbbbbbbbbbbbbbbbbbbbbbbbbbbbbbbbbbbbbbbbbbbbbbbbbbbbbbbbbbbbbbbbbbbbbbbbbbbbbbbbbbbbbbbbbbbbbbbbbbbbbbbbbbbbbbbbbbbbbbbbbbbbbbbbbbbbbbbbbbbbbbbbbbbbbbbbbbbbbbbbbbbbbbbbbbbbbbbbbbbbbbbbbbbbbbbbbbbbbbbbbbbbbbbbbbbbbbbbbbbbbbbbbbbbbbbbbbbbbbbbbbbbbbbbbbbbbbbbbbbbbbbbbbbbbbbbbbbbbbbbbbbbbbbbbbbbbbbbbbbbbbbbbbbbbbbbbbbbbbbbbbbbbbbbbbbbbbbbbbbbbbbbbbbbbbbbbbbbbbbbbbbbbbbbbbbbbbbbbbbbbbbbbbbbbbbbbbbbbbbbbbbbbbbbbbbbbbbbbbbbbbbbbbbbbbbbbbbbbbbbbbbbbbbbbbbbbbbbbbbbbbbbbbbbbbbbbbbbbbbbbbbbbbbbbbbbbbbbbbbbbbbbbbbbbbbbbbbbbbbbbbbbbbbbbbbbbbbbbbbbbbbbbbbbbbbbbbbbbbbbbbbbbbbbbbbbbbbbbbbbbbbbbbbbbbbbbbbbbbbbbbbbbbbbbbbbbbbbbbbbbbbbbbbbbbbbbbbbbbbbbbbbbbbbbbbbbbbbbbbbbbbbbbbbbbbbbbbbbbbbbbbbbbbbbbbbbbbbbbbbbbbbbbbbbbbbbbbbbbbbbbbbbbbbbbbbbbbbbbbbbbbbbbbbbbbbbbbbbbbbbbbbbbbbbbbbbbbbbbbbbbbbbbbbbbbbbbbbbbbbbbbbbbbbbbbbbbbbbbbbbbbbbbbbbbbbbbbbbbbbbbbbbbbbbbbbbbbbbbbbbbbbbbbbbbbbbbbbbbbbbbbbbbbbbbbbbbbbbbbbbbbbbbbbbbbbbbbbbbbbbbbbbbbbbbbbbbbbbbbbbbbbbbbbbbbbbbbbbbbbbbbbbbbbbbbbbbbbbbbbbbbbbbbbbbbbbbbbbbbbbbbbbbbbbbbbbbbbbbbbbbbbbbbbbbbbbbbbbbbbbbbbbbbbbbbbbbbbbbbbbbbbbbbbbbbbbbbbbbbbbbbbbbbbbbbbbbbbbbbbbbbbbbbbbbbbbbbbbbbbbbbbbbbbbbbbbbbbbbbbbbbbbbbbbbbbbbbbbbbbbbbbbbbbbbbbbbbbbbbbbbbbbbbbbbbbbbbbbbbbbbbbbbbbbbbbbbbbbbbbbbbbbbbbbbbbbbbbbbbbbbbbbbbbbbbbbbbbbbbbbbbbbbbbbbbbbbbbbbbbbbbbbbbbbbbbbbbbbbbbbbbbbbbbbbbbbbbbbbbbbbbbbbbbbbbbbbbbbbbbbbbbbbbbbbbbbbbbbbbbbbbbbbbbbbbbbbbbbbbbbbbbbbbbbbbbbbbbbbbbbbbbbbbbbbbbbbbbbbbbbbbbbbbbbbbbbbbbbbbbbbbbbbbbbbbbbbbbbbbbbbbbbbbbbbbbbbbbbbbbbbbbbbbbbbbbbbbbbbbbbbbbbbbbbbbbbbbbbbbbbbbbbbbbbbbbbbbbbbbbbbbbbbbbbbbbbbbbbbbbbbbbbbbbbbbbbbbbbbbbbbbbbbbbbbbbbbbbbbbbbbbbbbbbbbbbbbbbbbbbbbbbbbbbbbbbbbbbbbbbbbbbbbbbbbbbbbbbbbbbbbbbbbbbbbbbbbbbbbbbbbbbbbbbbbbbbbbbbbbbbbbbbbbbbbbbbbbbbbbbbbbbbbbbbbbbbbbbbbbbbbbbbbbbbbbbbbbbbbbbbbbbbbbbbbbbbbbbbbbbbbbbbbbbbbbbbbbbbbbbbbbbbbbbbbbbbbbbbbbbbbbbbbbbbbbbbbbbbbbbbbbbbbbbbbbbbbbbbbbbbbbbbbbbbbbbbbbbbbbbbbbbbbbbbbbbbbbbbbbbbbbbbbbbbbbbbbbbbbbbbbbbbbbbbbbbbbbbbbbbbbbbbbbbbbbbbbbbbbbbbbbbbbbbbbbbbbbbbbbbbbbbbbbbbbbbbbbbbbbbbbbbbbbbbbbbbbbbbbbbbbbbbbbbbbbbbbbbbbbbbbbbbbbbbbbbbbbbbbbbbbbbbbbbbbbbbbbbbbbbbbbbbbbbbbbbbbbbbbbbbbbbbbbbbbbbbbbbbbbbbbbbbbbbbbbbbbbbbbbbbbbbbbbbbbbbbbbbbbbbbbbbbbbbbbbbbbbbbbbbbbbbbbbbbbbbbbbbbbbbbbbbbbbbbbbbbbbbbbbbbbbbbbbbbbbbbbbbbbbbbbbbbbbbbbbbbbbbbbbbbbbbbbbbbbbbbbbbbbbbbbbbbbbbbbbbbbbbbbbbbbbbbbbbbbbbbbbbbbbbbbbbbbbbbbbbbbbbbbbbbbbbbbbbbbbbbbbbbbbbbbbbbbbbbbbbbbbbbbbbbbbbbbbbbbbbbbbbbbbbbbbbbbbbbbbbbbbbbbbbbbbbbbbbbbbbbbbbbbbbbbbbbbbbbbbbbbbbbbbbbbbbbbbbbbbbbbbbbbbbbbbbbbbbbbbbbbbbbbbbbbbbbbbbbbbbbbbbbbbbbbbbbbbbbbbbbbbbbbbbbbbbbbbbbbbbbbbbbbbbbbbbbbbbbbbbbbbbbbbbbbbbbbbbbbbbbbbbbbbbbbbbbbbbbbbbbbbbbbbbbbbbbbbbbbbbbbbbbbbbbbbbbbbbbbbbbbbbbbbbbbbbbbbbbbbbbbbbbbbbbbbbbbbbbbbbbbbbbbbbbbbbbbbbbbbbbbbbbbbbbbbbbbbbbbbbbbbbbbbbbbbbbbbbbbbbbbbbbbbbbbbbbbbbbbbbbbbbbbbbbbbbbbbbbbbbbbbbbbbbbbbbbbbbbbbbbbbbbbbbbbbbbbbbbbbbbbbbbbbbbbbbbbbbbbbbbbbbbbbbbbbbbbbbbbbbbbbbbbbbbbbbbbbbbbbbbbbbbbbbbbbbbbbbbbbbbbbbbbbbbbbbbbbbbbbbbbbbbbbbbbbbbbbbbbbbbbbbbbbbbbbbbbbbbbbbbbbbbbbbbbbbbbbbbbbbbbbbbbbbbbbbbbbbbbbbbbbbbbbbbbbbbbbbbbbbbbbbbbbbbbbbbbbbbbbbbbbbbbbbbbbbbbbbbbbbbbbbbbbbbbbbbbbbbbbbbbbbbbbbbbbbbbbbbbbbbbbbbbbbbbbbbbbbbbbbbbbbbbbbbbbbbbbbbbbbbbbbbbbbbbbbbbbbbbbbbbbbbbbbbbbbbbbbbbbbbbbbbbbbbbbbbbbbbbbbbbbbbbbbbbbbbbbbbbbbbbbbbbbbbbbbbbbbbbbbbbbbbbbbbbbbbbbbbbbbbbbbbbbbbbbbbbbbbbbbbbbbbbbbbbbbbbbbbbbbbbbbbbbbbbbbbbbbbbbbbbbbbbbbbbbbbbbbbbbbbbbbbbbbbbbbbbbbbbbbbbbbbbbbbbbbbbbbbbbbbbbbbbbbbbbbbbbbbbbbbbbbbbbbbbbbbbbbbbbbbbbbbbbbbbbbbbbbbbbbbbbbbbbbbbbbbbbbbbbbbbbbbbbbbbbbbbbbbbbbbbbbbbbbbbbbbbbbbbbbbbbbbbbbbbbbbbbbbbbbbbbbbbbbbbbbbbbbbbbbbbbbbbbbbbbbbbbbbbbbbbbbbbbbbbbbbbbbbbbbbbbbbbbbbbbbbbbbbbbbbbbbbbbbbbbbbbbbbbbbbbbbbbbbbbbbbbbbbbbbbbbbbbbbbbbbbbbbbbbbbbbbbbbbbbbbbbbbbbbbbbbbbbbbbbbbbbbbbbbbbbbbbbbbbbbbbbbbbbbbbbbbbbbbbbbbbbbbbbbbbbbbbbbbbbbbbbbbbbbbbbbbbbbbbbbbbbbbbbbbbbbbbbbbbbbbbbbbbbbbbbbbbbbbbbbbbbbbbbbbbbbbbbbbbbbbbbbbbbbbbbbbbbbbbbbbbbbbbbbbbbbbbbbbbbbbbbbbbbbbbbbbbbbbbbbbbbbbbbbbbbbbbbbbbbbbbbbbbbbbbbbbbbbbbbbbbbbbbbbbbbbbbbbbbbbbbbbbbbbbbbbbbbbbbbbbbbbbbbbbbbbbbbbbbbbbbbbbbbbbbbbbbbbbbbbbbbbbbbbbbbbbbbbbbbbbbbbbbbbbbbbbbbbbbbbbbbbbbbbbbbbbbbbbbbbbbbbbbbbbbbbbbbbbbbbbbbbbbbbbbbbbbbbbbbbbbbbbbbbbbbbbbbbbbbbbbbbbbbbbbbbbbbbbbbbbbbbbbbbbbbbbbbbbbbbbbbbbbbbbbbbbbbbbbbbbbbbbbbbbbbbbbbbbbbbbbbbbbbbbbbbbbbbbbbbbbbbbbbbbbbbbbbbbbbbbbbbbbbbbbbbbbbbbbbbbbbbbbbbbbbbbbbbbbbbbbbbbbbbbbbbbbbbbbbbbbbbbbbbbbbbbbbbbbbbbbbbbbbbbbbbbbbbbbbbbbbbbbbbbbbbbbbbbbbbbbbbbbbbbbbbbbbbbbbbbbbbbbbbbbbbbbbbbbbbbbbbbbbbbbbbbbbbbbbbbbbbbbbbbbbbbbbbbbbbbbbbbbbbbbbbbbbbbbbbbbbbbbbbbbbbbbbbbbbbbbbbbbbbbbbbbbbbbbbbbbbbbbbbbbbbbbbbbbbbbbbbbbbbbbbbbbbbbbbbbbbbbbbbbbbbbbbbbbbbbbbbbbbbbbbbbbbbbbbbbbbbbbbbbbbbbbbbbbbbbbbbbbbbbbbbbbbbbbbbbbbbbbbbbbbbbbbbbbbbbbbbbbbbbbbbbbbbbbbbbbbbbbbbbbbbbbbbbbbbbbbbbbbbbbbbbbbbbbbbbbbbbbbbbbbbbbbbbbbbbbbbbbbbbbbbbbbbbbbbbbbbbbbbbbbbbbbbbbbbbbbbbbbbbbbbbbbbbbbbbbbbbbbbbbbbbbbbbbbbbbbbbbbbbbbbbbbbbbbbbbbbbbbbbbbbbbbbbbbbbbbbbbbbbbbbbbbbbbbbbbbbbbbbbbbbbbbbbbbbbbbbbbbbbbbbbbbbbbbbbbbbbbbbbbbbbbbbbbbbbbbbbbbbbbbbbbbbbbbbbbbbbbbbbbbbbbbbbbbbbbbbbbbbbbbbbbbbbbbbbbbbbbbbbbbbbbbbbbbbbbbbbbbbbbbbbbbbbbbbbbbbbbbbbbbbbbbbbbbbbbbbbbbbbbbbbbbbbbbbbbbbbbbbbbbbbbbbbbbbbbbbbbbbbbbbbbbbbbbbbbbbbbbbbbbbbbbbbbbbbbbbbbbbbbbbbbbbbbbbbbbbbbbbbbbbbbbbbbbbbbbbbbbbbbbbbbbbbbbbbbbbbbbbbbbbbbbbbbbbbbbbbbbbbbbbbbbbbbbbbbbbbbbbbbbbbbbbbbbbbbbbbbbbbbbbbbbbbbbbbbbbbbbbbbbbbbbbbbbbbbbbbbbbbbbbbbbbbbbbbbbbbbbbbbbbbbbbbbbbbbbbbbbbbbbbbbbbbbbbbbbbbbbbbbbbbbbbbbbbbbbbbbbbbbbbbbbbbbbbbbbbbbbbbbbbbbbbbbbbbbbbbbbbbbbbbbbbbbbbbbbbbbbbbbbbbbbbbbbbbbbbbbbbbbbbbbbbbbbbbbbbbbbbbbbbbbbbbbbbbbbbbbbbbbbbbbbbbbbbbbbbbbbbbbbbbbbbbbbbbbbbbbbbbbbbbbbbbbbbbbbbbbbbbbbbbbbbbbbbbbbbbbbbbbbbbbbbbbbbbbbbbbbbbbbbbbbbbbbbbbbbbbbbbbbbbbbbbbbbbbbbbbbbbbbbbbbbbbbbbbbbbbbbbbbbbbbbbbbbbbbbbbbbbbbbbbbbbbbbbbbbbbbbbbbbbbbbbbbbbbbbbbbbbbbbbbbbbbbbbbbbbbbbbbbbbbbbbbbbbbbbbbbbbbbbbbbbbbbbbbbbbbbbbbbbbbbbbbbbbbbbbbbbbbbbbbbbbbbbbbbbbbbbbbbbbbbbbbbbbbbbbbbbbbbbbbbbbbbbbbbbbbbbbbbbbbbbbbbbbbbbbbbbbbbbbbbbbbbbbbbbbbbbbbbbbbbbbbbbbbbbbbbbbbbbbbbbbbbbbbbbbbbbbbbbbbbbbbbbbbbbbbbbbbbbbbbbbbbbbbbbbbbbbbbbbbbbbbbbbbbbbbbbbbbbbbbbbbbbbbbbbbbbbbbbbbbbbbbbbbbbbbbbbbbbbbbbbbbbbbbbbbbbbbbbbbbbbbbbbbbbbbbbbbbbbbbbbbbbbbbbbbbbbbbbbbbbbbbbbbbbbbbbbbbbbbbbbbbbbbbbbbbbbbbbbbbbbbbbbbbbbbbbbbbbbbbbbbbbbbbbbbbbbbbbbbbbbbbbbbbbbbbbbbbbbbbbbbbbbbbbbbbbbbbbbbbbbbbbbbbbbbbbbbbbbbbbbbbbbbbbbbbbbbbbbbbbbbbbbbbbbbbbbbbbbbbbbbbbbbbbbbbbbbbbbbbbbbbbbbbbbbbbbbbbbbbbbbbbbbbbbbbbbbbbbbbbbbbbbbbbbbbbbbbbbbbbbbbbbbbbbbbbbbbbbbbbbbbbbbbbbbbbbbbbbbbbbbbbbbbbbbbbbbbbbbbbbbbbbbbbbbbbbbbbbbbbbbbbbbbbbbbbbbbbbbbbbbbbbbbbbbbbbbbbbbbbbbbbbbbbbbbbbbbbbbbbbbbbbbbbbbbbbbbbbbbbbbbbbbbbbbbbbbbbbbbbbbbbbbbbbbbbbbbbbbbbbbbbbbbbbbbbbbbbbbbbbbbbbbbbbbbbbbbbbbbbbbbbbbbbbbbbbbbbbbbbbbbbbbbbbbbbbbbbbbbbbbbbbbbbbbbbbbbbbbbbbbbbbbbbbbbbbbbbbbbbbbbbbbbbbbbbbbbbbbbbbbbbbbbbbbbbbbbbbbbbbbbbbbbbbbbbbbbbbbbbbbbbbbbbbbbbbbbbbbbbbbbbbbbbbbbbbbbbbbbbbbbbbbbbbbbbbbbbbbbbbbbbbbbbbbbbbbbbbbbbbbbbbbbbbbbbbbbbbbbbbbbbbbbbbbbbbbbbbbbbbbbbbbbbbbbbbbbbbbbbbbbbbbbbbbbbbbbbbbbbbbbbbbbbbbbbbbbbbbbbbbbbbbbbbbbbbbbbbbbbbbbbbbbbbbbbbbbbbbbbbbbbbbbbbbbbbbbbbbbbbbbbbbbbbbbbbbbbbbbbbbbbbbbbbbbbbbbbbbbbbbbbbbbbbbbbbbbbbbbbbbbbbbbbbbbbbbbbbbbbbbbbbbbbbbbbbbbbbbbbbbbbbbbbbbbbbbbbbbbbbbbbbbbbbbbbbbbbbbbbbbbbbbbbbbbbbbbbbbbbbbbbbbbbbbbbbbbbbbbbbbbbbbbbbbbbbbbbbbbbbbbbbbbbbbbbbbbbbbbbbbbbbbbbbbbbbbbbbbbbbbbbbbbbbbbbbbbbbbbbbbbbbbbbbbbbbbbbbbbbbbbbbbbbbbbbbbbbbbbbbbbbbbbbbbbbbbbbbbbbbbbbbbbbbbbbbbbbbbbbbbbbbbbbbbbbbbbbbbbbbbbbbbbbbbbbbbbbbbbbbbbbbbbbbbbbbbbbbbbbbbbbbbbbbbbbbbbbbbbbbbbbbbbbbbbbbbbbbbbbbbbbbbbbbbbbbbbbbbbbbbbbbbbbbbbbbbbbbbbbbbbbbbbbbbbbbbbbbbbbbbbbbbbbbbbbbbbbbbbbbbbbbbbbbbbbbbbbbbbbbbbbbbbbbbbbbbbbbbbbbbbbbbbbbbbbbbbbbbbbbbbbbbbbbbbbbbbbbbbbbbbbbbbbbbbbbbbbbbbbbbbbbbbbbbbbbbbbbbbbbbbbbbbbbbbbbbbbbbbbbbbbbbbbbbbbbbbbbbbbbbbbbbbbbbbbbbbbbbbbbbbbbbbbbbbbbbbbbbbbbbbbbbbbbbbbbbbbbbbbbbbbbbbbbbbbbbbbbbbbbbbbbbbbbbbbbbbbbbbbbbbbbbbbbbbbbbbbbbbbbbbbbbbbbbbbbbbbbbbbbbbbbbbbbbbbbbbbbbbbbbbbbbbbbbbbbbbbbbbbbbbbbbbbbbbbbbbbbbbbbbbbbbbbbbbbbbbbbbbbbbbbbbbbbbbbbbbbbbbbbbbbbbbbbbbbbbbbbbbbbbbbbbbbbbbbbbbbbbbbbbbbbbbbbbbbbbbbbbbbbbbbbbbbbbbbbbbbbbbbbbbbbbbbbbbbbbbbbbbbbbbbbbbbbbbbbbbbbbbbbbbbbbbbbbbbbbbbbbbbbbbbbbbbbbbbbbbbbbbbbbbbbbbbbbbbbbbbbbbbbbbbbbbbbbbbbbbbbbbbbbbbbbbbbbbbbbbbbbbbbbbbbbbbbbbbbbbbbbbbbbbbbbbbbbbbbbbbbbbbbbbbbbbbbbbbbbbbbbbbbbbbbbbbbbbbbbbbbbbbbbbbbbbbbbbbbbbbbbbbbbbbbbbbbbbbbbbbbbbbbbbbbbbbbbbbbbbbbbbbbbbbbbbbbbbbbbbbbbbbbbbbbbbbbbbbbbbbbbbbbbbbbbbbbbbbbbbbbbbbbbbbbbbbbbbbbbbbbbbbbbbbbbbbbbbbbbbbbbbbbbbbbbbbbbbbbbbbbbbbbbbbbbbbbbbbbbbbbbbbbbbbbbbbbbbbbbbbbbbbbbbbbbbbbbbbbbbbbbbbbbbbbbbbbbbbbbbbbbbbbbbbbbbbbbbbbbbbbbbbbbbbbbbbbbbbbbbbbbbbbbbbbbbbbbbbbbbbbbbbbbbbbbbbbbbbbbbbbbbbbbbbbbbbbbbbbbbbbbbbbbbbbbbbbbbbbbbbbbbbbbbbbbbbbbbbbbbbbbbbbbbbbbbbbbbbbbbbbbbbbbbbbbbbbbbbbbbbbbbbbbbbbbbbbbbbbbbbbbbbbbbbbbbbbbbbbbbbbbbbbbbbbbbbbbbbbbbbbbbbbbbbbbbbbbbbbbbbbbbbbbbbbbbbbbbbbbbbbbbbbbbbbbbbbbbbbbbbbbbbbbbbbbbbbbbbbbbbbbbbbbbbbbbbbbbbbbbbbbbbbbbbbbbbbbbbbbbbbbbbbbbbbbbbbbbbbbbbbbbbbbbbbbbbbbbbbbbbbbbbbbbbbbbbbbbbbbbbbbbbbbbbbbbbbbbbbbbbbbbbbbbbbbbbbbbbbbbbbbbbbbbbbbbbbbbbbbbbbbbbbbbbbbbbbbbbbbbbbbbbbbbbbbbbbbbbbbbbbbbbbbbbbbbbbbbbbbbbbbbbbbbbbbbbbbbbbbbbbbbbbbbbbbbbbbbbbbbbbbbbbbbbbbbbbbbbbbbbbbbbbbbbbbbbbbbbbbbbbbbbbbbbbbbbbbbbbbbbbbbbbbbbbbbbbbbbbbbbbbbbbbbbbbbbbbbbbbbbbbbbbbbbbbbbbbbbbbbbbbbbbbbbbbbbbbbbbbbbbbbbbbbbbbbbbbbbbbbbbbbbbbbbbbbbbbbbbbbbbbbbbbbbbbbbbbbbbbbbbbbbbbbbbbbbbbbbbbbbbbbbbbbbbbbbbbbbbbbbbbbbbbbbbbbbbbbbbbbbbbbbbbbbbbbbbbbbbbbbbbbbbbbbbbbbbbbbbbbbbbbbbbbbbbbbbbbbbbbbbbbbbbbbbbbbbbbbbbbbbbbbbbbbbbbbbbbbbbbbbbbbbbbbbbbbbbbbbbbbbbbbbbbbbbbbbbbbbbbbbbbbbbbbbbbbbbbbbbbbbbbbbbbbbbbbbbbbbbbbbbbbbbbbbbbbbbbbbbbbbbbbbbbbbbbbbbbbbbbbbbbbbbbbbbbbbbbbbbbbbbbbbbbbbbbbbbbbbbbbbbbbbbbbbbbbbbbbbbbbbbbbbbbbbbbbbbbbbbbbbbbbbbbbbbbbbbbbbbbbbbbbbbbbbbbbbbbbbbbbbbbbbbbbbbbbbbbbbbbbbbbbbbbbbbbbbbbbbbbbbbbbbbbbbbbbbbbbbbbbbbbbbbbbbbbbbbbbbbbbbbbbbbbbbbbbbbbbbbbbbbbbbbbbbbbbbbbbbbbbbbbbbbbbbbbbbbbbbbbbbbbbbbbbbbbbbbbbbbbbbbbbbbbbbbbbbbbbbbbbbbbbbbbbbbbbbbbbbbbbbbbbbbbbbbbbbbbbbbbbbbbbbbbbbbbbbbbbbbbbbbbbbbbbbbbbbbbbbbbbbbbbbbbbbbbbbbbbbbbbbbbbbbbbbbbbbbbbbbbbbbbbbbbbbbbbbbbbbbbbbbbbbbbbbbbbbbbbbbbbbbbbbbbbbbbbbbbbbbbbbbbbbbbbbbbbbbbbbbbbbbbbbbbbbbbbbbbbbbbbbbbbbbbbbbbbbbbbbbbbbbbbbbbbbbbbbbbbbbbbbbbbbbbbbbbbbbbbbbbbbbbbbbbbbbbbbbbbbbbbbbbbbbbbbbbbbbbbbbbbbbbbbbbbbbbbbbbbbbbbbbbbbbbbbbbbbbbbbbbbbbbbbbbbbbbbbbbbbbbbbbbbbbbbbbbbbbbbbbbbbbbbbbbbbbbbbbbbbbbbbbbbbbbbbbbbbbbbbbbbbbbbbbbbbbbbbbbbbbbbbbbbbbbbbbbbbbbbbbbbbbbbbbbbbbbbbbbbbbbbbbbbbbbbbbbbbbbbbbbbbbbbbbbbbbbbbbbbbbbbbbbbbbbbbbbbbbbbbbbbbbbbbbbbbbbbbbbbbbbbbbbbbbbbbbbbbbbbbbbbbbbbbbbbbbbbbbbbbbbbbbbbbbbbbbbbbbbbbbbbbbbbbbbbbbbbbbbbbbbbbbbbbbbbbbbbbbbbbbbbbbbbbbbbbbbbbbbbbbbbbbbbbbbbbbbbbbbbbbbbbbbbbbbbbbbbbbbbbbbbbbbbbbbbbbbbbbbbbbbbbbbbbbbbbbbbbbbbbbbbbbbbbbbbbbbbbbbbbbbbbbbbbbbbbbbbbbbbbbbbbbbbbbbbbbbbbbbbbbbbbbbbbbbbbbbbbbbbbbbbbbbbbbbbbbbbbbbbbbbbbbbbbbbbbbbbbbbbbbbbbbbbbbbbbbbbbbbbbbbbbbbbbbbbbbbbbbbbbbbbbbbbbbbbbbbbbbbbbbbbbbbbbbbbbbbbbbbbbbbbbbbbbbbbbbbbbbbbbbbbbbbbbbbbbbbbbbbbbbbbbbbbbbbbbbbbbbbbbbbbbbbbbbbbbbbbbbbbbbbbbbbbbbbbbbbbbbbbbbbbbbbbbbbbbbbbbbbbbbbbbbbbbbbbbbbbbbbbbbbbbbbbbbbbbbbbbbbbbbbbbbbbbbbbbbbbbbbbbbbbbbbbbbbbbbbbbbbbbbbbbbbbbbbbbbbbbbbbbbbbbbbbbbbbbbbbbbbbbbbbbbbbbbbbbbbbbbbbbbbbbbbbbbbbbbbbbbbbbbbbbbbbbbbbbbbbbbbbbbbbbbbbbbbbbbbbbbbbbbbbbbbbbbbbbbbbbbbbbbbbbbbbbbbbbbbbbbbbbbbbbbbbbbbbbbbbbbbbbbbbbbbbbbbbbbbbbbbbbbbbbbbbbbbbbbbbbbbbbbbbbbbbbbbbbbbbbbbbbbbbbbbbbbbbbbbbbbbbbbbbbbbbbbbbbbbbbbbbbbbbbbbbbbbbbbbbbbbbbbbbbbbbbbbbbbbbbbbbbbbbbbbbbbbbbbbbbbbbbbbbbbbbbbbbbbbbbbbbbbbbbbbbbbbbbbbbbbbbbbbbbbbbbbbbbbbbbbbbbbbbbbbbbbbbbbbbbbbbbbbbbbbbbbbbbbbbbbbbbbbbbbbbbbbbbbbbbbbbbbbbbbbbbbbbbbbbbbbbbbbbbbbbbbbbbbbbbbbbbbbbbbbbbbbbbbbbbbbbbbbbbbbbbbbbbbbbbbbbbbbbbbbbbbbbbbbbbbbbbbbbbbbbbbbbbbbbbbbbbbbbbbbbbbbbbbbbbbbbbbbbbbbbbbbbbbbbbbbbbbbbbbbbbbbbbbbbbbbbbbbbbbbbbbbbbbbbbbbbbbbbbbbbbbbbbbbbbbbbbbbbbbbbbbbbbbbbbbbbbbbbbbbbbbbbbbbbbbbbbbbbbbbbbbbbbbbbbbbbbbbbbbbbbbbbbbbbbbbbbbbbbbbbbbbbbbbbbbbbbbbbbbbbbbbbbbbbbbbbbbbbbbbbbbbbbbbbbbbbbbbbbbbbbbbbbbbbbbbbbbbbbbbbbbbbbbbbbbbbbbbbbbbbbbbbbbbbbbbbbbbbbbbbbbbbbbbbbbbbbbbbbbbbbbbbbbbbbbbbbbbbbbbbbbbbbbbbbbbbbbbbbbbbbbbbbbbbbbbbbbbbbbbbbbbbbbbbbbbbbbbbbbbbbbbbbbbbbbbbbbbbbbbbbbbbbbbbbbbbbbbbbbbbbbbbbbbbbbbbbbbbbbbbbbbbbbbbbbbbbbbbbbbbbbbbbbbbbbbbbbbbbbbbbbbbbbbbbbbbbbbbbbbbbbbbbbbbbbbbbbbbbbbbbbbbbbbbbbbbbbbbbbbbbbbbbbbbbbbbbbbbbbbbbbbbbbbbbbbbbbbbbbbbbbbbbbbbbbbbbbbbbbbbbbbbbbbbbbbbbbbbbbbbbbbbbbbbbbbbbbbbbbbbbbbbbbbbbbbbbbbbbbbbbbbbbbbbbbbbbbbbbbbbbbbbbbbbbbbbbbbbbbbbbbbbbbbbbbbbbbbbbbbbbbbbbbbbbbbbbbbbbbbbbbbbbbbbbbbbbbbbbbbbbbbbbbbbbbbbbbbbbbbbbbbbbbbbbbbbbbbbbbbbbbbbbbbbbbbbbbbbbbbbbbbbbbbbbbbbbbbbbbbbbbbbbbbbbbbbbbbbbbbbbbbbbbbbbbbbbbbbbbbbbbbbbbbbbbbbbbbbbbbbbbbbbbbbbbbbbbbbbbbbbbbbbbbbbbbbbbbbbbbbbbbbbbbbbbbbbbbbbbbbbbbbbbbbbbbbbbbbbbbbbbbbbbbbbbbbbbbbbbbbbbbbbbbbbbbbbbbbbbbbbbbbbbbbbbbbbbbbbbbbbbbbbbbbbbbbbbbbbbbbbbbbbbbbbbbbbbbbbbbbbbbbbbbbbbbbbbbbbbbbbbbbbbbbbbbbbbbbbbbbbbbbbbbbbbbbbbbbbbbbbbbbbbbbbbbbbbbbbbbbbbbbbbbbbbbbbbbbbbbbbbbbbbbbbbbbbbbbbbbbbbbbbbbbbbbbbbbbbbbbbbbbbbbbbbbbbbbbbbbbbbbbbbbbbbbbbbbbbbbbbbbbbbbbbbbbbbbbbbbbbbbbbbbbbbbbbbbbbbbbbbbbbbbbbbbbbbbbbbbbbbbbbbbbbbbbbbbbbbbbbbbbbbbbbbbbbbbbbbbbbbbbbbbbbbbbbbbbbbbbbbbbbbbbbbbbbbbbbbbbbbbbbbbbbbbbbbbbbbbbbbbbbbbbbbbbbbbbbbbbbbbbbbbbbbbbbbbbbbbbbbbbbbbbbbbbbbbbbbbbbbbbbbbbbbbbbbbbbbbbbbbbbbbbbbbbbbbbbbbbbbbbbbbbbbbbbbbbbbbbbbbbbbbbbbbbbbbbbbbbbbbbbbbbbbbbbbbbbbbbbbbbbbbbbbbbbbbbbbbbbbbbbbbbbbbbbbbbbbbbbbbbbbbbbbbbbbbbbbbbbbbbbbbbbbbbbbbbbbbbbbbbbbbbbbbbbbbbbbbbbbbbbbbbbbbbbbbbbbbbbbbbbbbbbbbbbbbbbbbbbbbbbbbbbbbbbbbbbbbbbbbbbbbbbbbbbbbbbbbbbbbbbbbbbbbbbbbbbbbbbbbbbbbbbbbbbbbbbbbbbbbbbbbbbbbbbbbbbbbbbbbbbbbbbbbbbbbbbbbbbbbbbbbbbbbbbbbbbbbbbbbbbbbbbbbbbbbbbbbbbbbbbbbbbbbbbbbbbbbbbbbbbbbbbbbbbbbbbbbbbbbbbbbbbbbbbbbbbbbbbbbbbbbbbbbbbbbbbbbbbbbbbbbbbbbbbbbbbbbbbbbbbbbbbbbbbbbbbbbbbbbbbbbbbbbbbbbbbbbbbbbbbbbbbbbbbbbbbbbbbbbbbbbbbbbbbbbbbbbbbbbbbbbbbbbbbbbbbbbbbbbbbbbbbbbbbbbbbbbbbbbbbbbbbbbbbbbbbbbbbbbbbbbbbbbbbbbbbbbbbbbbbbbbbbbbbbbbbbbbbbbbbbbbbbbbbbbbbbbbbbbbbbbbbbbbbbbbbbbbbbbbbbbbbbbbbbbbbbbbbbbbbbbbbbbbbbbbbbbbbbbbbbbbbbbbbbbbbbbbbbbbbbbbbbbbbbbbbbbbbbbbbbbbbbbbbbbbbbbbbbbbbbbbbbbbbbbbbbbbbbbbbbbbbbbbbbbbbbbbbbbbbbbbbbbbbbbbbbbbbbbbbbbbbbbbbbbbbbbbbbbbbbbbbbbbbbbbbbbbbbbbbbbbbbbbbbbbbbbbbbbbbbbbbbbbbbbbbbbbbbbbbbbbbbbbbbbbbbbbbbbbbbbbbbbbbbbbbbbbbbbbbbbbbbbbbbbbbbbbbbbbbbbbbbbbbbbbbbbbbbbbbbbbbbbbbbbbbbbbbbbbbbbbbbbbbbbbbbbbbbbbbbbbbbbbbbbbbbbbbbbbbbbbbbbbbbbbbbbbbbbbbbbbbbbbbbbbbbbbbbbbbbbbbbbbbbbbbbbbbbbbbbbbbbbbbbbbbbbbbbbbbbbbbbbbbbbbbbbbbbbbbbbbbbbbbbbbbbbbbbbbbbbbbbbbbbbbbbbbbbbbbbbbbbbbbbbbbbbbbbbbbbbbbbbbbbbbbbbbbbbbbbbbbbbbbbbbbbbbbbbbbbbbbbbbbbbbbbbbbbbbbbbbbbbbbbbbbbbbbbbbbbbbbbbbbbbbbbbbbbbbbbbbbbbbbbbbbbbbbbbbbbbbbbbbbbbbbbbbbbbbbbbbbbbbbbbbbbbbbbbbbbbbbbbbbbbbbbbbbbbbbbbbbbbbbbbbbbbbbbbbbbbbbbbbbbbbbbbbbbbbbbbbbbbbbbbbbbbbbbbbbbbbbbbbbbbbbbbbbbbbbbbbbbbbbbbbbbbbbbbbbbbbbbbbbbbbbbbbbbbbbbbbbbbbbbbbbbbbbbbbbbbbbbbbbbbbbbbbbbbbbbbbbbbbbbbbbbbbbbbbbbbbbbbbbbbbbbbbbbbbbbbbbbbbbbbbbbbbbbbbbbbbbbbbbbbbbbbbbbbbbbbbbbbbbbbbbbbbbbbbbbbbbbbbbbbbbbbbbbbbbbbbbbbbbbbbbbbbbbbbbbbbbbbbbbbbbbbbbbbbbbbbbbbbbbbbbbbbbbbbbbbbbbbbbbbbbbbbbbbbbbbbbbbbbbbbbbbbbbbbbbbbbbbbbbbbbbbbbbbbbbbbbbbbbbbbbbbbbbbbbbbbbbbbbbbbbbbbbbbbbbbbbbbbbbbbbbbbbbbbbbbbbbbbbbbbbbbbbbbbbbbbbbbbbbbbbbbbbbbbbbbbbbbbbbbbbbbbbbbbbbbbbbbbbbbbbbbbbbbbbbbbbbbbbbbbbbbbbbbbbbbbbbbbbbbbbbbbbbbbbbbbbbbbbbbbbbbbbbbbbbbbbbbbbbbbbbbbbbbbbbbbbbbbbbbbbbbbbbbbbbbbbbbbbbbbbbbbbbbbbbbbbbbbbbbbbbbbbbbbbbbbbbbbbbbbbbbbbbbbbbbbbbbbbbbbbbbbbbbbbbbbbbbbbbbbbbbbbbbbbbbbbbbbbbbbbbbbbbbbbbbbbbbbbbbbbbbbbbbbbbbbbbbbbbbbbbbbbbbbbbbbbbbbbbbbbbbbbbbbbbbbbbbbbbbbbbbbbbbbbbbbbbbbbbbbbbbbbbbbbbbbbbbbbbbbbbbbbbbbbbbbbbbbbbbbbbbbbbbbbbbbbbbbbbbbbbbbbbbbbbbbbbbbbbbbbbbbbbbbbbbbbbbbbbbbbbbbbbbbbbbbbbbbbbbbbbbbbbbbbbbbbbbbbbbbbbbbbbbbbbbbbbbbbbbbbbbbbbbbbbbbbbbbbbbbbbbbbbbbbbbbbbbbbbbbbbbbbbbbbbbbbbbbbbbbbbbbbbbbbbbbbbbbbbbbbbbbbbbbbbbbbbbbbbbbbbbbbbbbbbbbbbbbbbbbbbbbbbbbbbbbbbbbbbbbbbbbbbbbbbbbbbbbbbbbbbbbbbbbbbbbbbbbbbbbbbbbbbbbbbbbbbbbbbbbbbbbbbbbbbbbbbbbbbbbbbbbbbbbbbbbbbbbbbbbbbbbbbbbbbbbbbbbbbbbbbbbbbbbbbbbbbbbbbbbbbbbbbbbbbbbbbbbbbbbbbbbbbbbbbbbbbbbbbbbbbbbbbbbbbbbbbbbbbbbbbbbbbbbbbbbbbbbbbbbbbbbbbbbbbbbbbbbbbbbbbbbbbbbbbbbbbbbbbbbbbbbbbbbbbbbbbbbbbbbbbbbbbbbbbbbbbbbbbbbbbbbbbbbbbbbbbbbbbbbbbbbbbbbbbbbbbbbbbbbbbbbbbbbbbbbbbbbbbbbbbbbbbbbbbbbbbbbbbbbbbbbbbbbbbbbbbbbbbbbbbbbbbbbbbbbbbbbbbbbbbbbbbbbbbbbbbbbbbbbbbbbbbbbbbbbbbbbbbbbbbbbbbbbbbbbbbbbbbbbbbbbbbbbbbbbbbbbbbbbbbbbbbbbbbbbbbbbbbbbbbbbbbbbbbbbbbbbbbbbbbbbbbbbbbbbbbbbbbbbbbbbbbbbbbbbbbbbbbbbbbbbbbbbbbbbbbbbbbbbbbbbbbbbbbbbbbbbbbbbbbbbbbbbbbbbbbbbbbbbbbbbbbbbbbbbbbbbbbbbbbbbbbbbbbbbbbbbbbbbbbbbbbbbbbbbbbbbbbbbbbbbbbbbbbbbbbbbbbbbbbbbbbbbbbbbbbbbbbbbbbbbbbbbbbbbbbbbbbbbbbbbbbbbbbbbbbbbbbbbbbbbbbbbbbbbbbbbbbbbbbbbbbbbbbbbbbbbbbbbbbbbbbbbbbbbbbbbbbbbbbbbbbbbbbbbbbbbbbbbbbbbbbbbbbbbbbbbbbbbbbbbbbbbbbbbbbbbbbbbbbbbbbbbbbbbbbbbbbbbbbbbbbbbbbbbbbbbbbbbbbbbbbbbbbbbbbbbbbbbbbbbbbbbbbbbbbbbbbbbbbbbbbbbbbbbbbbbbbbbbbbbbbbbbbbbbbbbbbbbbbbbbbbbbbbbbbbbbbbbbbbbbbbbbbbbbbbbbbbbbbbbbbbbbbbbbbbbbbbbbbbbbbbbbbbbbbbbbbbbbbbbbbbbbbbbbbbbbbbbbbbbbbbbbbbbbbbbbbbbbbbbbbbbbbbbbbbbbbbbbbbbbbbbbbbbbbbbbbbbbbbbbbbbbbbbbbbbbbbbbbbbbbbbbbbbbbbbbbbbbbbbbbbbbbbbbbbbbbbbbbbbbbbbbbbbbbbbbbbbbbbbbbbbbbbbbbbbbbbbbbbbbbbbbbbbbbbbbbbbbbbbbbbbbbbbbbbbbbbbbbbbbbbbbbbbbbbbbbbbbbbbbbbbbbbbbbbbbbbbbbbbbbbbbbbbbbbbbbbbbbbbbbbbbbbbbbbbbbbbbbbbbbbbbbbbbbbbbbbbbbbbbbbbbbbbbbbbbbbbbbbbbbbbbbbbbbbbbbbbbbbbbbbbbbbbbbbbbbbbbbbbbbbbbbbbbbbbbbbbbbbbbbbbbbbbbbbbbbbbbbbbbbbbbbbbbbbbbbbbbbbbbbbbbbbbbbbbbbbbbbbbbbbbbbbbbbbbbbbbbbbbbbbbbbbbbbbbbbbbbbbbbbbbbbbbbbbbbbbbbbbbbbbbbbbbbbbbbbbbbbbbbbbbbbbbbbbbbbbbbbbbbbbbbbbbbbbbbbbbbbbbbbbbbbbbbbbbbbbbbbbbbbbbbbbbbbbbbbbbbbbbbbbbbbbbbbbbbbbbbbbbbbbbbbbbbbbbbbbbbbbbbbbbbbbbbbbbbbbbbbbbbbbbbbbbbbbbbbbbbbbbbbbbbbbbbbbbbbbbbbbbbbbbbbbbbbbbbbbbbbbbbbbbbbbbbbbbbbbbbbbbbbbbbbbbbbbbbbbbbbbbbbbbbbbbbbbbbbbbbbbbbbbbbbbbbbbbbbbbbbbbbbbbbbbbbbbbbbbbbbbbbbbbbbbbbbbbbbbbbbbbbbbbbbbbbbbbbbbbbbbbbbbbbbbbbbbbbbbbbbbbbbbbbbbbbbbbbbbbbbbbbbbbbbbbbbbbbbbbbbbbbbbbbbbbbbbbbbbbbbbbbbbbbbbbbbbbbbbbbbbbbbbbbbbbbbbbbbbbbbbbbbbbbbbbbbbbbbbbbbbbbbbbbbbbbbbbbbbbbbbbbbbbbbbbbbbbbbbbbbbbbbbbbbbbbbbbbbbbbbbbbbbbbbbbbbbbbbbbbbbbbbbbbbbbbbbbbbbbbbbbbbbbbbbbbbbbbbbbbbbbbbbbbbbbbbbbbbbbbbbbbbbbbbbbbbbbbbbbbbbbbbbbbbbbbbbbbbbbbbbbbbbbbbbbbbbbbbbbbbbbbbbbbbbbbbbbbbbbbbbbbbbbbbbbbbbbbbbbbbbbbbbbbbbbbbbbbbbbbbbbbbbbbbbbbbbbbbbbbbbbbbbbbbbbbbbbbbbbbbbbbbbbbbbbbbbbbbbbbbbbbbbbbbbbbbbbbbbbbbbbbbbbbbbbbbbbbbbbbbbbbbbbbbbbbbbbbbbbbbbbbbbbbbbbbbbbbbbbbbbbbbbbbbbbbbbbbbbbbbbbbbbbbbbbbbbbbbbbbbbbbbbbbbbbbbbbbbbbbbbbbbbbbbbbbbbbbbbbbbbbbbbbbbbbbbbbbbbbbbbbbbbbbbbbbbbbbbbbbbbbbbbbbbbbbbbbbbbbbbbbbbbbbbbbbbbbbbbbbbbbbbbbbbbbbbbbbbbbbbbbbbbbbbbbbbbbbbbbbbbbbbbbbbbbbbbbbbbbbbbbbbbbbbbbbbbbbbbbbbbbbbbbbbbbbbbbbbbbbbbbbbbbbbbbbbbbbbbbbbbbbbbbbbbbbbbbbbbbbbbbbbbbbbbbbbbbbbbbbbbbbbbbbbbbbbbbbbbbbbbbbbbbbbbbbbbbbbbbbbbbbbbbbbbbbbbbbbbbbbbbbbbbbbbbbbbbbbbbbbbbbbbbbbbbbbbbbbbbbbbbbbbbbbbbbbbbbbbbbbbbbbbbbbbbbbbbbbbbbbbbbbbbbbbbbbbbbbbbbbbbbbbbbbbbbbbbbbbbbbbbbbbbbbbbbbbbbbbbbbbbbbbbbbbbbbbbbbbbbbbbbbbbbbbbbbbbbbbbbbbbbbbbbbbbbbbbbbbbbbbbbbbbbbbbbbbbbbbbbbbbbbbbbbbbbbbbbbbbbbbbbbbbbbbbbbbbbbbbbbbbbbbbbbbbbbbbbbbbbbbbbbbbbbbbbbbbbbbbbbbbbbbbbbbbbbbbbbbbbbbbbbbbbbbbbbbbbbbbbbbbbbbbbbbbbbbbbbbbbbbbbbbbbbbbbbbbbbbbbbbbbbbbbbbbbbbbbbbbbbbbbbbbbbbbbbbbbbbbbbbbbbbbbbbbbbbbbbbbbbbbbbbbbbbbbbbbbbbbbbbbbbbbbbbbbbbbbbbbbbbbbbbbbbbbbbbbbbbbbbbbbbbbbbbbbbbbbbbbbbbbbbbbbbbbbbbbbbbbbbbbbbbbbbbbbbbbbbbbbbbbbbbbbbbbbbbbbbbbbbbbbbbbbbbbbbbbbbbbbbbbbbbbbbbbbbbbbbbbbbbbbbbbbbbbbbbbbbbbbbbbbbbbbbbbbbbbbbbbbbbbbbbbbbbbbbbbbbbbbbbbbbbbbbbbbbbbbbbbbbbbbbbbbbbbbbbbbbbbbbbbbbbbbbbbbbbbbbbbbbbbbbbbbbbbbbbbbbbbbbbbbbbbbbbbbbbbbbbbbbbbbbbbbbbbbbbbbbbbbbbbbbbbbbbbbbbbbbbbbbbbbbbbbbbbbbbbbbbbbbbbbbbbbbbbbbbbbbbbbbbbbbbbbbbbbbbbbbbbbbbbbbbbbbbbbbbbbbbbbbbbbbbbbbbbbbbbbbbbbbbbbbbbbbbbbbbbbbbbbbbbbbbbbbbbbbbbbbbbbbbbbbbbbbbbbbbbbbbbbbbbbbbbbbbbbbbbbbbbbbbbbbbbbbbbbbbbbbbbbbbbbbbbbbbbbbbbbbbbbbbbbbbbbbbbbbbbbbbbbbbbbbbbbbbbbbbbbbbbbbbbbbbbbbbbbbbbbbbbbbbbbbbbbbbbbbbbbbbbbbbbbbbbbbbbbbbbbbbbbbbbbbbbbbbbbbbbbbbbbbbbbbbbbbbbbbbbbbbbbbbbbbbbbbbbbbbbbbbbbbbbbbbbbbbbbbbbbbbbbbbbbbbbbbbbbbbbbbbbbbbbbbbbbbbbbbbbbbbbbbbbbbbbbbbbbbbbbbbbbbbbbbbbbbbbbbbbbbbbbbbbbbbbbbbbbbbbbbbbbbbbbbbbbbbbbbbbbbbbbbbbbbbbbbbbbbbbbbbbbbbbbbbbbbbbbbbbbbbbbbbbbbbbbbbbbbbbbbbbbbbbbbbbbbbbbbbbbbbbbbbbbbbbbbbbbbbbbbbbbbbbbbbbbbbbbbbbbbbbbbbbbbbbbbbbbbbbbbbbbbbbbbbbbbbbbbbbbbbbbbbbbbbbbbbbbbbbbbbbbbbbbbbbbbbbbbbbbbbbbbbbbbbbbbbbbbbbbbbbbbbbbbbbbbbbbbbbbbbbbbbbbbbbbbbbbbbbbbbbbbbbbbbbbbbbbbbbbbbbbbbbbbbbbbbbbbbbbbbbbbbbbbbbbbbbbbbbbbbbbbbbbbbbbbbbbbbbbbbbbbbbbbbbbbbbbbbbbbbbbbbbbbbbbbbbbbbbbbbbbbbbbbbbbbbbbbbbbbbbbbbbbbbbbbbbbbbbbbbbbbbbbbbbbbbbbbbbbbbbbbbbbbbbbbbbbbbbbbbbbbbbbbbbbbbbbbbbbbbbbbbbbbbbbbbbbbbbbbbbbbbbbbbbbbbbbbbbbbbbbbbbbbbbbbbbbbbbbbbbbbbbbbbbbbbbbbbbbbbbbbbbbbbbbbbbbbbbbbbbbbbbbbbbbbbbbbbbbbbbbbbbbbbbbbbbbbbbbbbbbbbbbbbbbbbbbbbbbbbbbbbbbbbbbbbbbbbbbbbbbbbbbbbbbbbbbbbbbbbbbbbbbbbbbbbbbbbbbbbbbbbbbbbbbbbbbbbbbbbbbbbbbbbbbbbbbbbbbbbbbbbbbbbbbbbbbbbbbbbbbbbbbbbbbbbbbbbbbbbbbbbbbbbbbbbbbbbbbbbbbbbbbbbbbbbbbbbbbbbbbbbbbbbbbbbbbbbbbbbbbbbbbbbbbbbbbbbbbbbbbbbbbbbbbbbbbbbbbbbbbbbbbbbbbbbbbbbbbbbbbbbbbbbbbbbbbbbbbbbbbbbbbbbbbbbbbbbbbbbbbbbbbbbbbbbbbbbbbbbbbbbbbbbbbbbbbbbbbbbbbbbbbbbbbbbbbbbbbbbbbbbbbbbbbbbbbbbbbbbbbbbbbbbbbbbbbbbbbbbbbbbbbbbbbbbbbbbbbbbbbbbbbbbbbbbbbbbbbbbbbbbbbbbbbbbbbbbbbbbbbbbbbbbbbbbbbbbbbbbbbbbbbbbbbbbbbbbbbbbbbbbbbbbbbbbbbbbbbbbbbbbbbbbbbbbbbbbbbbbbbbbbbbbbbbbbbbbbbbbbbbbbbbbbbbbbbbbbbbbbbbbbbbbbbbbbbbbbbbbbbbbbbbbbbbbbbbbbbbbbbbbbbbbbbbbbbbbbbbbbbbbbbbbbbbbbbbbbbbbbbbbbbbbbbbbbbbbbbbbbbbbbbbbbbbbbbbbbbbbbbbbbbbbbbbbbbbbbbbbbbbbbbbbbbbbbbbbbbbbbbbbbbbbbbbbbbbbbbbbbbbbbbbbbbbbbbbbbbbbbbbbbbbbbbbbbbbbbbbbbbbbbbbbbbbbbbbbbbbbbbbbbbbbbbbbbbbbbbbbbbbbbbbbbbbbbbbbbbbbbbbbbbbbbbbbbbbbbbbbbbbbbbbbbbbbbbbbbbbbbbbbbbbbbbbbbbbbbbbbbbbbbbbbbbbbbbbbbbbbbbbbbbbbbbbbbbbbbbbbbbbbbbbbbbbbbbbbbbbbbbbbbbbbbbbbbbbbbbbbbbbbbbbbbbbbbbbbbbbbbbbbbbbbbbbbbbbbbbbbbbbbbbbbbbbbbbbbbbbbbbbbbbbbbbbbbbbbbbbbbbbbbbbbbbbbbbbbbbbbbbbbbbbbbbbbbbbbbbbbbbbbbbbbbbbbbbbbbbbbbbbbbbbbbbbbbbbbbbbbbbbbbbbbbbbbbbbbbbbbbbbbbbbbbbbbbbbbbbbbbbbbbbbbbbbbbbbbbbbbbbbbbbbbbbbbbbbbbbbbbbbbbbbbbbbbbbbbbbbbbbbbbbbbbbbbbbbbbbbbbbbbbbbbbbbbbbbbbbbbbbbbbbbbbbbbbbbbbbbbbbbbbbbbbbbbbbbbbbbbbbbbbbbbbbbbbbbbbbbbbbbbbbbbbbbbbbbbbbbbbbbbbbbbbbbbbbbbbbbbbbbbbbbbbbbbbbbbbbbbbbbbbbbbbbbbbbbbbbbbbbbbbbbbbbbbbbbbbbbbbbbbbbbbbbbbbbbbbbbbbbbbbbbbbbbbbbbbbbbbbbbbbbbbbbbbbbbbbbbbbbbbbbbbbbbbbbbbbbbbbbbbbbbbbbbbbbbbbbbbbbbbbbbbbbbbbbbbbbbbbbbbbbbbbbbbbbbbbbbbbbbbbbbbbbbbbbbbbbbbbbbbbbbbbbbbbbbbbbbbbbbbbbbbbbbbbbbbbbbbbbbbbbbbbbbbbbbbbbbbbbbbbbbbbbbbbbbbbbbbbbbbbbbbbbbbbbbbbbbbbbbbbbbbbbbbbbbbbbbbbbbbbbbbbbbbbbbbbbbbbbbbbbbbbbbbbbbbbbbbbbbbbbbbbbbbbbbbbbbbbbbbbbbbbbbbbbbbbbbbbbbbbbbbbbbbbbbbbbbbbbbbbbbbbbbbbbbbbbbbbbbbbbbbbbbbbbbbbbbbbbbbbbbbbbbbbbbbbbbbbbbbbbbbbbbbbbbbbbbbbbbbbbbbbbbbbbbbbbbbbbbbbbbbbbbbbbbbbbbbbbbbbbbbbbbbbbbbbbbbbbbbbbbbbbbbbbbbbbbbbbbbbbbbbbbbbbbbbbbbbbbbbbbbbbbbbbbbbbbbbbbbbbbbbbbbbbbbbbbbbbbbbbbbbbbbbbbbbbbbbbbbbbbbbbbbbbbbbbbbbbbbbbbbbbbbbbbbbbbbbbbbbbbbbbbbbbbbbbbbbbbbbbbbbbbbbbbbbbbbbbbbbbbbbbbbbbbbbbbbbbbbbbbbbbbbbbbbbbbbbbbbbbbbbbbbbbbbbbbbbbbbbbbbbbbbbbbbbbbbbbbbbbbbbbbbbbbbbbbbbbbbbbbbbbbbbbbbbbbbbbbbbbbbbbbbbbbbbbbbbbbbbbbbbbbbbbbbbbbbbbbbbbbbbbbbbbbbbbbbbbbbbbbbbbbbbbbbbbbbbbbbbbbbbbbbbbbbbbbbbbbbbbbbbbbbbbbbbbbbbbbbbbbbbbbbbbbbbbbbbbbbbbbbbbbbbbbbbbbbbbbbbbbbbbbbbbbbbbbbbbbbbbbbbbbbbbbbbbbbbbbbbbbbbbbbbbbbbbbbbbbbbbbbbbbbbbbbbbbbbbbbbbbbbbbbbbbbbbbbbbbbbbbbbbbbbbbbbbbbbbbbbbbbbbbbbbbbbbbbbbbbbbbbbbbbbbbbbbbbbbbbbbbbbbbbbbbbbbbbbbbbbbbbbbbbbbbbbbbbbbbbbbbbbbbbbbbbbbbbbbbbbbbbbbbbbbbbbbbbbbbbbbbbbbbbbbbbbbbbbbbbbbbbbbbbbbbbbbbbbbbbbbbbbbbbbbbbbbbbbbbbbbbbbbbbbbbbbbbbbbbbbbbbbbbbbbbbbbbbbbbbbbbbbbbbbbbbbbbbbbbbbbbbbbbbbbbbbbbbbbbbbbbbbbbbbbbbbbbbbbbbbbbbbbbbbbbbbbbbbbbbbbbbbbbbbbbbbbbbbbbbbbbbbbbbbbbbbbbbbbbbbbbbbbbbbbbbbbbbbbbbbbbbbbbbbbbbbbbbbbbbbbbbbbbbbbbbbbbbbbbbbbbbbbbbbbbbbbbbbbbbbbbbbbbbbbbbbbbbbbbbbbbbbbbbbbbbbbbbbbbbbbbbbbbbbbbbbbbbbbbbbbbbbbbbbbbbbbbbbbbbbbbbbbbbbbbbbbbbbbbbbbbbbbbbbbbbbbbbbbbbbbbbbbbbbbbbbbbbbbbbbbbbbbbbbbbbbbbbbbbbbbbbbbbbbbbbbbbbbbbbbbbbbbbbbbbbbbbbbbbbbbbbbbbbbbbbbbbbbbbbbbbbbbbbbbbbbbbbbbbbbbbbbbbbbbbbbbbbbbbbbbbbbbbbbbbbbbbbbbbbbbbbbbbbbbbbbbbbbbbbbbbbbbbbbbbbbbbbbbbbbbbbbbbbbbbbbbbbbbbbbbbbbbbbbbbbbbbbbbbbbbbbbbbbbbbbbbbbbbbbbbbbbbbbbbbbbbbbbbbbbbbbbbbbbbbbbbbbbbbbbbbbbbbbbbbbbbbbbbbbbbbbbbbbbbbbbbbbbbbbbbbbbbbbbbbbbbbbbbbbbbbbbbbbbbbbbbbbbbbbbbbbbbbbbbbbbbbbbbbbbbbbbbbbbbbbbbbbbbbbbbbbbbbbbbbbbbbbbbbbbbbbbbbbbbbbbbbbbbbbbbbbbbbbbbbbbbbbbbbbbbbbbbbbbbbbbbbbbbbbbbbbbbbbbbbbbbbbbbbbbbbbbbbbbbbbbbbbbbbbbbbbbbbbbbbbbbbbbbbbbbbbbbbbbbbbbbbbbbbbbbbbbbbbbbbbbbbbbbbbbbbbbbbbbbbbbbbbbbbbbbbbbbbbbbbbbbbbbbbbbbbbbbbbbbbbbbbbbbbbbbbbbbbbbbbbbbbbbbbbbbbbbbbbbbbbbbbbbbbbbbbbbbbbbbbbbbbbbbbbbbbbbbbbbbbbbbbbbbbbbbbbbbbbbbbbbbbbbbbbbbbbbbbbbbbbbbbbbbbbbbbbbbbbbbbbbbbbbbbbbbbbbbbbbbbbbbbbbbbbbbbbbbbbbbbbbbbbbbbbbbbbbbbbbbbbbbbbbbbbbbbbbbbbbbbbbbbbbbbbbbbbbbbbbbbbbbbbbbbbbbbbbbbbbbbbbbbbbbbbbbbbbbbbbbbbbbbbbbbbbbbbbbbbbbbbbbbbbbbbbbbbbbbbbbbbbbbbbbbbbbbbbbbbbbbbbbbbbbbbbbbbbbbbbbbbbbbbbbbbbbbbbbbbbbbbbbbbbbbbbbbbbbbbbbbbbbbbbbbbbbbbbbbbbbbbbbbbbbbbbbbbbbbbbbbbbbbbbbbbbbbbbbbbbbbbbbbbbbbbbbbbbbbbbbbbbbbbbbbbbbbbbbbbbbbbbbbbbbbbbbbbbbbbbbbbbbbbbbbbbbbbbbbbbbbbbbbbbbbbbbbbbbbbbbbbbbbbbbbbbbbbbbbbbbbbbbbbbbbbbbbbbbbbbbbbbbbbbbbbbbbbbbbbbbbbbbbbbbbbbbbbbbbbbbbbbbbbbbbbbbbbbbbbbbbbbbbbbbbbbbbbbbbbbbbbbbbbbbbbbbbbbbbbbbbbbbbbbbbbbbbbbbbbbbbbbbbbbbbbbbbbbbbbbbbbbbbbbbbbbbbbbbbbbbbbbbbbbbbbbbbbbbbbbbbbbbbbbbbbbbbbbbbbbbbbbbbbbbbbbbbbbbbbbbbbbbbbbbbbbbbbbbbbbbbbbbbbbbbbbbbbbbbbbbbbbbbbbbbbbbbbbbbbbbbbbbbbbbbbbbbbbbbbbbbbbbbbbbbbbbbbbbbbbbbbbbbbbbbbbbbbbbbbbbbbbbbbbbbbbbbbbbbbbbbbbbbbbbbbbbbbbbbbbbbbbbbbbbbbbbbbbbbbbbbbbbbbbbbbbbbbbbbbbbbbbbbbbbbbbbbbbbbbbbbbbbbbbbbbbbbbbbbbbbbbbbbbbbbbbbbbbbbbbbbbbbbbbbbbbbbbbbbbbbbbbbbbbbbbbbbbbbbbbbbbbbbbbbbbbbbbbbbbbbbbbbbbbbbbbbbbbbbbbbbbbbbbbbbbbbbbbbbbbbbbbbbbbbbbbbbbbbbbbbbbbbbbbbbbbbbbbbbbbbbbbbbbbbbbbbbbbbbbbbbbbbbbbbbbbbbbbbbbbbbbbbbbbbbbbbbbbbbbbbbbbbbbbbbbbbbbbbbbbbbbbbbbbbbbbbbbbbbbbbbbbbbbbbbbbbbbbbbbbbbbbbbbbbbbbbbbbbbbbbbbbbbbbbbbbbbbbbbbbbbbbbbbbbbbbbbbbbbbbbbbbbbbbbbbbbbbbbbbbbbbbbbbbbbbbbbbbbbbbbbbbbbbbbbbbbbbbbbbbbbbbbbbbbbbbbbbbbbbbbbbbbbbbbbbbbbbbbbbbbbbbbbbbbbbbbbbbbbbbbbbbbbbbbbbbbbbbbbbbbbbbbbbbbbbbbbbbbbbbbbbbbbbbbbbbbbbbbbbbbbbbbbbbbbbbbbbbbbbbbbbbbbbbbbbbbbbbbbbbbbbbbbbbbbbbbbbbbbbbbbbbbbbbbbbbbbbbbbbbbbbbbbbbbbbbbbbbbbbbbbbbbbbbbbbbbbbbbbbbbbbbbbbbbbbbbbbbbbbbbbbbbbbbbbbbbbbbbbbbbbbbbbbbbbbbbbbbbbbbbbbbbbbbbbbbbbbbbbbbbbbbbbbbbbbbbbbbbbbbbbbbbbbbbbbbbbbbbbbbbbbbbbbbbbbbbbbbbbbbbbbbbbbbbbbbbbbbbbbbbbbbbbbbbbbbbbbbbbbbbbbbbbbbbbbbbbbbbbbbbbbbbbbbbbbbbbbbbbbbbbbbbbbbbbbbbbbbbbbbbbbbbbbbbbbbbbbbbbbbbbbbbbbbbbbbbbbbbbbbbbbbbbbbbbbbbbbbbbbbbbbbbbbbbbbbbbbbbbbbbbbbbbbbbbbbbbbbbbbbbbbbbbbbbbbbbbbbbbbbbbbbbbbbbbbbbbbbbbbbbbbbbbbbbbbbbb